No EFI environment detected.
early console in extract_kernel
input_data: 0x0000000002be92c4
input_len: 0x0000000000b456ad
output: 0x0000000001000000
output_len: 0x00000000026e765c
kernel_total_size: 0x0000000002430000
needed_size: 0x0000000002800000
trampoline_32bit: 0x0000000000000000
Physical KASLR using RDRAND RDTSC...
Virtual KASLR using RDRAND RDTSC...

Decompressing Linux... Parsing ELF... Performing relocations... done.
Booting the kernel (entry_offset: 0x0000000000000000).
[    0.000000] Linux version 6.10.0-rc5-virtme (root@d584c24934fd) (gcc (Alpine 13.2.1_git20240309) 13.2.1 20240309, GNU ld (GNU Binutils) 2.42) #1 SMP PREEMPT_DYNAMIC Mon Jul  1 03:06:18 UTC 2024
[    0.000000] Command line: virtme_hostname=virtme-ng nr_open=1048576 virtme_link_mods=/nipa-data/kernel/.virtme_mods/lib/modules/0.0.0 virtme_initmount0=nipa-data/kernel virtme_rw_overlay0=/etc virtme_rw_overlay1=/lib virtme_rw_overlay2=/home virtme_rw_overlay3=/opt virtme_rw_overlay4=/srv virtme_rw_overlay5=/usr virtme_rw_overlay6=/var console=hvc0 earlyprintk=serial,ttyS0,115200 virtme_console=ttyS0 psmouse.proto=exps TERM=xterm virtme_chdir=nipa-data/kernel virtme_root_user=1 rootfstype=9p rootflags=version=9p2000.L,trans=virtio,access=any raid=noautodetect ro init=/usr/lib/python3.12/site-packages/virtme/guest/virtme-init
[    0.000000] BIOS-provided physical RAM map:
[    0.000000] BIOS-e820: [mem 0x0000000000000000-0x000000000009fbff] usable
[    0.000000] BIOS-e820: [mem 0x000000000009fc00-0x000000000009ffff] reserved
[    0.000000] BIOS-e820: [mem 0x00000000000f0000-0x00000000000fffff] reserved
[    0.000000] BIOS-e820: [mem 0x0000000000100000-0x000000003ffdffff] usable
[    0.000000] BIOS-e820: [mem 0x000000003ffe0000-0x000000003fffffff] reserved
[    0.000000] BIOS-e820: [mem 0x00000000feffc000-0x00000000feffffff] reserved
[    0.000000] BIOS-e820: [mem 0x00000000fffc0000-0x00000000ffffffff] reserved
[    0.000000] BIOS-e820: [mem 0x000000fd00000000-0x000000ffffffffff] reserved
[    0.000000] printk: legacy bootconsole [earlyser0] enabled
[    0.000000] NX (Execute Disable) protection: active
[    0.000000] APIC: Static calls initialized
[    0.000000] SMBIOS 2.8 present.
[    0.000000] DMI: QEMU Standard PC (i440FX + PIIX, 1996), BIOS rel-1.16.3-0-ga6ed6b701f0a-prebuilt.qemu.org 04/01/2014
[    0.000000] DMI: Memory slots populated: 1/1
[    0.000000] Hypervisor detected: KVM
[    0.000000] kvm-clock: Using msrs 4b564d01 and 4b564d00
[    0.000000] kvm-clock: using sched offset of 218383749 cycles
[    0.000411] clocksource: kvm-clock: mask: 0xffffffffffffffff max_cycles: 0x1cd42e4dffb, max_idle_ns: 881590591483 ns
[    0.001683] tsc: Detected 4491.560 MHz processor
[    0.002326] last_pfn = 0x3ffe0 max_arch_pfn = 0x400000000
[    0.002769] MTRR map: 4 entries (3 fixed + 1 variable; max 19), built from 8 variable MTRRs
[    0.003426] x86/PAT: Configuration [0-7]: WB  WC  UC- UC  WB  WP  UC- WT  
Memory KASLR using RDRAND RDTSC...
[    0.005630] found SMP MP-table at [mem 0x000f5470-0x000f547f]
[    0.006097] Using GB pages for direct mapping
[    0.006497] ACPI: Early table checksum verification disabled
[    0.006942] ACPI: RSDP 0x00000000000F5290 000014 (v00 BOCHS )
[    0.007400] ACPI: RSDT 0x000000003FFE27BC 000034 (v01 BOCHS  BXPC     00000001 BXPC 00000001)
[    0.008086] ACPI: FACP 0x000000003FFE2578 000074 (v01 BOCHS  BXPC     00000001 BXPC 00000001)
[    0.008756] ACPI: DSDT 0x000000003FFE0040 002538 (v01 BOCHS  BXPC     00000001 BXPC 00000001)
[    0.009430] ACPI: FACS 0x000000003FFE0000 000040
[    0.009789] ACPI: APIC 0x000000003FFE25EC 000170 (v03 BOCHS  BXPC     00000001 BXPC 00000001)
[    0.010463] ACPI: HPET 0x000000003FFE275C 000038 (v01 BOCHS  BXPC     00000001 BXPC 00000001)
[    0.011133] ACPI: WAET 0x000000003FFE2794 000028 (v01 BOCHS  BXPC     00000001 BXPC 00000001)
[    0.011793] ACPI: Reserving FACP table memory at [mem 0x3ffe2578-0x3ffe25eb]
[    0.012360] ACPI: Reserving DSDT table memory at [mem 0x3ffe0040-0x3ffe2577]
[    0.012912] ACPI: Reserving FACS table memory at [mem 0x3ffe0000-0x3ffe003f]
[    0.013472] ACPI: Reserving APIC table memory at [mem 0x3ffe25ec-0x3ffe275b]
[    0.014033] ACPI: Reserving HPET table memory at [mem 0x3ffe275c-0x3ffe2793]
[    0.014578] ACPI: Reserving WAET table memory at [mem 0x3ffe2794-0x3ffe27bb]
[    0.015280] No NUMA configuration found
[    0.015578] Faking a node at [mem 0x0000000000000000-0x000000003ffdffff]
[    0.016119] NODE_DATA(0) allocated [mem 0x3ffdb000-0x3ffdffff]
[    0.016585] Zone ranges:
[    0.016781]   DMA      [mem 0x0000000000001000-0x0000000000ffffff]
[    0.017276]   DMA32    [mem 0x0000000001000000-0x000000003ffdffff]
[    0.017754]   Normal   empty
[    0.017987]   Device   empty
[    0.018209] Movable zone start for each node
[    0.018538] Early memory node ranges
[    0.018814]   node   0: [mem 0x0000000000001000-0x000000000009efff]
[    0.019330]   node   0: [mem 0x0000000000100000-0x000000003ffdffff]
[    0.019815] Initmem setup node 0 [mem 0x0000000000001000-0x000000003ffdffff]
[    0.020382] On node 0, zone DMA: 1 pages in unavailable ranges
[    0.020847] On node 0, zone DMA: 97 pages in unavailable ranges
[    0.022353] On node 0, zone DMA32: 32 pages in unavailable ranges
[    0.023050] ACPI: PM-Timer IO Port: 0x608
[    0.023369] ACPI: LAPIC_NMI (acpi_id[0xff] dfl dfl lint[0x1])
[    0.023826] IOAPIC[0]: apic_id 0, version 17, address 0xfec00000, GSI 0-23
[    0.024377] ACPI: INT_SRC_OVR (bus 0 bus_irq 0 global_irq 2 dfl dfl)
[    0.024872] ACPI: INT_SRC_OVR (bus 0 bus_irq 5 global_irq 5 high level)
[    0.025396] ACPI: INT_SRC_OVR (bus 0 bus_irq 9 global_irq 9 high level)
[    0.025907] ACPI: INT_SRC_OVR (bus 0 bus_irq 10 global_irq 10 high level)
[    0.026442] ACPI: INT_SRC_OVR (bus 0 bus_irq 11 global_irq 11 high level)
[    0.026981] ACPI: Using ACPI (MADT) for SMP configuration information
[    0.027489] ACPI: HPET id: 0x8086a201 base: 0xfed00000
[    0.027887] TSC deadline timer available
[    0.028214] CPU topo: Max. logical packages:   1
[    0.028576] CPU topo: Max. logical dies:       1
[    0.028937] CPU topo: Max. dies per package:   1
[    0.029303] CPU topo: Max. threads per core:   1
[    0.029659] CPU topo: Num. cores per package:    32
[    0.030044] CPU topo: Num. threads per package:  32
[    0.030419] CPU topo: Allowing 32 present CPUs plus 0 hotplug CPUs
[    0.030905] kvm-guest: APIC: eoi() replaced with kvm_guest_apic_eoi_write()
[    0.031460] kvm-guest: KVM setup pv remote TLB flush
[    0.031845] kvm-guest: setup PV sched yield
[    0.032192] PM: hibernation: Registered nosave memory: [mem 0x00000000-0x00000fff]
[    0.032782] PM: hibernation: Registered nosave memory: [mem 0x0009f000-0x0009ffff]
[    0.033382] PM: hibernation: Registered nosave memory: [mem 0x000a0000-0x000effff]
[    0.033979] PM: hibernation: Registered nosave memory: [mem 0x000f0000-0x000fffff]
[    0.034561] [mem 0x40000000-0xfeffbfff] available for PCI devices
[    0.035058] Booting paravirtualized kernel on KVM
[    0.035501] clocksource: refined-jiffies: mask: 0xffffffff max_cycles: 0xffffffff, max_idle_ns: 1910969940391419 ns
[    0.039536] setup_percpu: NR_CPUS:64 nr_cpumask_bits:32 nr_cpu_ids:32 nr_node_ids:1
[    0.040796] percpu: Embedded 58 pages/cpu s198872 r8192 d30504 u262144
[    0.041343] Kernel command line: virtme_hostname=virtme-ng nr_open=1048576 virtme_link_mods=/nipa-data/kernel/.virtme_mods/lib/modules/0.0.0 virtme_initmount0=nipa-data/kernel virtme_rw_overlay0=/etc virtme_rw_overlay1=/lib virtme_rw_overlay2=/home virtme_rw_overlay3=/opt virtme_rw_overlay4=/srv virtme_rw_overlay5=/usr virtme_rw_overlay6=/var console=hvc0 earlyprintk=serial,ttyS0,115200 virtme_console=ttyS0 psmouse.proto=exps TERM=xterm virtme_chdir=nipa-data/kernel virtme_root_user=1 rootfstype=9p rootflags=version=9p2000.L,trans=virtio,access=any raid=noautodetect ro init=/usr/lib/python3.12/site-packages/virtme/guest/virtme-init
[    0.045967] Unknown kernel command line parameters "virtme_hostname=virtme-ng nr_open=1048576 virtme_link_mods=/nipa-data/kernel/.virtme_mods/lib/modules/0.0.0 virtme_initmount0=nipa-data/kernel virtme_rw_overlay0=/etc virtme_rw_overlay1=/lib virtme_rw_overlay2=/home virtme_rw_overlay3=/opt virtme_rw_overlay4=/srv virtme_rw_overlay5=/usr virtme_rw_overlay6=/var virtme_console=ttyS0 virtme_chdir=nipa-data/kernel virtme_root_user=1", will be passed to user space.
[    0.049451] random: crng init done
[    0.049751] Dentry cache hash table entries: 131072 (order: 8, 1048576 bytes, linear)
[    0.050400] Inode-cache hash table entries: 65536 (order: 7, 524288 bytes, linear)
[    0.051123] Fallback order for Node 0: 0 
[    0.051127] Built 1 zonelists, mobility grouping on.  Total pages: 262014
[    0.052177] Policy zone: DMA32
[    0.052488] mem auto-init: stack:all(zero), heap alloc:off, heap free:off
[    0.053943] Memory: 984560K/1048056K available (16384K kernel code, 2423K rwdata, 6176K rodata, 3092K init, 1992K bss, 63236K reserved, 0K cma-reserved)
[    0.055078] SLUB: HWalign=64, Order=0-3, MinObjects=0, CPUs=32, Nodes=1
Poking KASLR using RDRAND RDTSC...
[    0.055868] ftrace: allocating 47885 entries in 188 pages
[    0.063226] ftrace: allocated 188 pages with 5 groups
[    0.064274] Dynamic Preempt: voluntary
[    0.064731] rcu: Preemptible hierarchical RCU implementation.
[    0.065206] rcu: RCU event tracing is enabled.
[    0.065565] rcu: RCU restricting CPUs from NR_CPUS=64 to nr_cpu_ids=32.
[    0.066110] Trampoline variant of Tasks RCU enabled.
[    0.066510] Rude variant of Tasks RCU enabled.
[    0.066869] Tracing variant of Tasks RCU enabled.
[    0.067325] rcu: RCU calculated value of scheduler-enlistment delay is 100 jiffies.
[    0.068068] rcu: Adjusting geometry for rcu_fanout_leaf=16, nr_cpu_ids=32
[    0.068740] RCU Tasks: Setting shift to 5 and lim to 1 rcu_task_cb_adjust=1.
[    0.069341] RCU Tasks Rude: Setting shift to 5 and lim to 1 rcu_task_cb_adjust=1.
[    0.069938] RCU Tasks Trace: Setting shift to 5 and lim to 1 rcu_task_cb_adjust=1.
[    0.072155] NR_IRQS: 4352, nr_irqs: 680, preallocated irqs: 16
[    0.072790] rcu: srcu_init: Setting srcu_struct sizes based on contention.
[    0.073479] Console: colour *CGA 80x25
[    0.073775] ACPI: Core revision 20240322
[    0.074168] clocksource: hpet: mask: 0xffffffff max_cycles: 0xffffffff, max_idle_ns: 19112604467 ns
[    0.074923] APIC: Switch to symmetric I/O mode setup
[    0.075330] APIC: Switched APIC routing to: physical flat
[    0.075741] kvm-guest: APIC: send_IPI_mask() replaced with kvm_send_ipi_mask()
[    0.076291] kvm-guest: APIC: send_IPI_mask_allbutself() replaced with kvm_send_ipi_mask_allbutself()
[    0.077016] kvm-guest: setup PV IPIs
[    0.078095] ..TIMER: vector=0x30 apic1=0 pin1=2 apic2=-1 pin2=-1
[    0.078916] tsc: Marking TSC unstable due to TSCs unsynchronized
[    0.079741] Calibrating delay loop (skipped) preset value.. 8983.12 BogoMIPS (lpj=4491560)
[    0.081748] x86/cpu: User Mode Instruction Prevention (UMIP) activated
[    0.082673] Last level iTLB entries: 4KB 512, 2MB 255, 4MB 127
[    0.082741] Last level dTLB entries: 4KB 512, 2MB 255, 4MB 127, 1GB 0
[    0.083744] Spectre V1 : Mitigation: usercopy/swapgs barriers and __user pointer sanitization
[    0.084744] Spectre V2 : Mitigation: Enhanced / Automatic IBRS
[    0.085740] Spectre V2 : Spectre v2 / SpectreRSB mitigation: Filling RSB on context switch
[    0.086742] Spectre V2 : mitigation: Enabling conditional Indirect Branch Prediction Barrier
[    0.087741] Speculative Store Bypass: Mitigation: Speculative Store Bypass disabled via prctl
[    0.088741] Speculative Return Stack Overflow: IBPB-extending microcode not applied!
[    0.089740] Speculative Return Stack Overflow: WARNING: See https://kernel.org/doc/html/latest/admin-guide/hw-vuln/srso.html for mitigation options.
[    0.089741] Speculative Return Stack Overflow: Vulnerable: Safe RET, no microcode
[    0.092759] x86/fpu: Supporting XSAVE feature 0x001: 'x87 floating point registers'
[    0.093740] x86/fpu: Supporting XSAVE feature 0x002: 'SSE registers'
[    0.094578] x86/fpu: Supporting XSAVE feature 0x004: 'AVX registers'
[    0.094740] x86/fpu: Supporting XSAVE feature 0x020: 'AVX-512 opmask'
[    0.095740] x86/fpu: Supporting XSAVE feature 0x040: 'AVX-512 Hi256'
[    0.096740] x86/fpu: Supporting XSAVE feature 0x080: 'AVX-512 ZMM_Hi256'
[    0.097740] x86/fpu: Supporting XSAVE feature 0x200: 'Protection Keys User registers'
[    0.098740] x86/fpu: xstate_offset[2]:  576, xstate_sizes[2]:  256
[    0.099740] x86/fpu: xstate_offset[5]:  832, xstate_sizes[5]:   64
[    0.100740] x86/fpu: xstate_offset[6]:  896, xstate_sizes[6]:  512
[    0.101548] x86/fpu: xstate_offset[7]: 1408, xstate_sizes[7]: 1024
[    0.101740] x86/fpu: xstate_offset[9]: 2432, xstate_sizes[9]:    8
[    0.102740] x86/fpu: Enabled xstate features 0x2e7, context size is 2440 bytes, using 'compacted' format.
[    0.119979] Freeing SMP alternatives memory: 40K
[    0.120594] pid_max: default: 32768 minimum: 301
[    0.120770] Mount-cache hash table entries: 2048 (order: 2, 16384 bytes, linear)
[    0.121742] Mountpoint-cache hash table entries: 2048 (order: 2, 16384 bytes, linear)
[    0.122904] smpboot: CPU0: AMD Ryzen 9 7950X 16-Core Processor (family: 0x19, model: 0x61, stepping: 0x2)
[    0.123885] Performance Events: Fam17h+ core perfctr, AMD PMU driver.
[    0.124745] ... version:                0
[    0.125419] ... bit width:              48
[    0.125742] ... generic registers:      6
[    0.126265] ... value mask:             0000ffffffffffff
[    0.126742] ... max period:             00007fffffffffff
[    0.127447] ... fixed-purpose events:   0
[    0.127742] ... event mask:             000000000000003f
[    0.128543] signal: max sigframe size: 3376
[    0.128765] rcu: Hierarchical SRCU implementation.
[    0.129581] rcu: Max phase no-delay instances is 400.
[    0.132176] smp: Bringing up secondary CPUs ...
[    0.132804] smpboot: x86: Booting SMP configuration:
[    0.133456] .... node  #0, CPUs:        #1  #2  #3  #4  #5  #6  #7  #8  #9 #10 #11 #12 #13 #14 #15 #16 #17 #18 #19 #20 #21 #22 #23 #24 #25 #26 #27 #28 #29 #30 #31
[    0.155831] smp: Brought up 1 node, 32 CPUs
[    0.157470] smpboot: Total of 32 processors activated (287459.84 BogoMIPS)
[    0.160813] devtmpfs: initialized
[    0.161355] x86/mm: Memory block size: 128MB
[    0.162803] clocksource: jiffies: mask: 0xffffffff max_cycles: 0xffffffff, max_idle_ns: 1911260446275000 ns
[    0.163750] futex hash table entries: 8192 (order: 7, 524288 bytes, linear)
[    0.164940] PM: RTC time: 03:06:49, date: 2024-07-01
[    0.166162] NET: Registered PF_NETLINK/PF_ROUTE protocol family
[    0.166905] thermal_sys: Registered thermal governor 'step_wise'
[    0.166907] thermal_sys: Registered thermal governor 'user_space'
[    0.167760] cpuidle: using governor menu
[    0.170017] PCI: Using configuration type 1 for base access
[    0.170744] PCI: Using configuration type 1 for extended access
[    0.171834] kprobes: kprobe jump-optimization is enabled. All kprobes are optimized if possible.
[    0.191562] HugeTLB: registered 1.00 GiB page size, pre-allocated 0 pages
[    0.191742] HugeTLB: 16380 KiB vmemmap can be freed for a 1.00 GiB page
[    0.192649] HugeTLB: registered 2.00 MiB page size, pre-allocated 0 pages
[    0.192742] HugeTLB: 28 KiB vmemmap can be freed for a 2.00 MiB page
[    0.193791] Demotion targets for Node 0: null
[    0.194599] ACPI: Added _OSI(Module Device)
[    0.194743] ACPI: Added _OSI(Processor Device)
[    0.195512] ACPI: Added _OSI(3.0 _SCP Extensions)
[    0.195742] ACPI: Added _OSI(Processor Aggregator Device)
[    0.197646] ACPI: 1 ACPI AML tables successfully acquired and loaded
[    0.198765] ACPI: _OSC evaluation for CPUs failed, trying _PDC
[    0.199926] ACPI: Interpreter enabled
[    0.200573] ACPI: PM: (supports S0 S3 S4 S5)
[    0.200742] ACPI: Using IOAPIC for interrupt routing
[    0.201606] PCI: Using host bridge windows from ACPI; if necessary, use "pci=nocrs" and report a bug
[    0.201742] PCI: Using E820 reservations for host bridge windows
[    0.202856] ACPI: Enabled 2 GPEs in block 00 to 0F
[    0.207057] ACPI: PCI Root Bridge [PCI0] (domain 0000 [bus 00-ff])
[    0.207745] acpi PNP0A03:00: _OSC: OS supports [ExtendedConfig ASPM ClockPM Segments MSI HPX-Type3]
[    0.208854] PCI host bridge to bus 0000:00
[    0.209560] pci_bus 0000:00: root bus resource [io  0x0000-0x0cf7 window]
[    0.209743] pci_bus 0000:00: root bus resource [io  0x0d00-0xffff window]
[    0.210742] pci_bus 0000:00: root bus resource [mem 0x000a0000-0x000bffff window]
[    0.211743] pci_bus 0000:00: root bus resource [mem 0x40000000-0xfebfffff window]
[    0.212743] pci_bus 0000:00: root bus resource [mem 0x100000000-0x17fffffff window]
[    0.213742] pci_bus 0000:00: root bus resource [bus 00-ff]
[    0.214820] pci 0000:00:00.0: [8086:1237] type 00 class 0x060000 conventional PCI endpoint
[    0.216073] pci 0000:00:01.0: [8086:7000] type 00 class 0x060100 conventional PCI endpoint
[    0.217160] pci 0000:00:01.1: [8086:7010] type 00 class 0x010180 conventional PCI endpoint
[    0.221743] pci 0000:00:01.1: BAR 4 [io  0xc0c0-0xc0cf]
[    0.223758] pci 0000:00:01.1: BAR 0 [io  0x01f0-0x01f7]: legacy IDE quirk
[    0.224742] pci 0000:00:01.1: BAR 1 [io  0x03f6]: legacy IDE quirk
[    0.225742] pci 0000:00:01.1: BAR 2 [io  0x0170-0x0177]: legacy IDE quirk
[    0.226742] pci 0000:00:01.1: BAR 3 [io  0x0376]: legacy IDE quirk
[    0.227862] pci 0000:00:01.3: [8086:7113] type 00 class 0x068000 conventional PCI endpoint
[    0.229061] pci 0000:00:01.3: quirk: [io  0x0600-0x063f] claimed by PIIX4 ACPI
[    0.229747] pci 0000:00:01.3: quirk: [io  0x0700-0x070f] claimed by PIIX4 SMB
[    0.230920] pci 0000:00:02.0: [1af4:1009] type 00 class 0x000200 conventional PCI endpoint
[    0.232742] pci 0000:00:02.0: BAR 0 [io  0xc000-0xc03f]
[    0.234432] pci 0000:00:02.0: BAR 1 [mem 0xfebfc000-0xfebfcfff]
[    0.238297] pci 0000:00:02.0: BAR 4 [mem 0xfebf0000-0xfebf3fff 64bit pref]
[    0.240379] pci 0000:00:03.0: [1af4:1009] type 00 class 0x000200 conventional PCI endpoint
[    0.241742] pci 0000:00:03.0: BAR 0 [io  0xc040-0xc07f]
[    0.243430] pci 0000:00:03.0: BAR 1 [mem 0xfebfd000-0xfebfdfff]
[    0.247742] pci 0000:00:03.0: BAR 4 [mem 0xfebf4000-0xfebf7fff 64bit pref]
[    0.250019] pci 0000:00:04.0: [8086:25ab] type 00 class 0x088000 conventional PCI endpoint
[    0.251289] pci 0000:00:04.0: BAR 0 [mem 0xfebfe000-0xfebfe00f]
[    0.255165] pci 0000:00:05.0: [1af4:1003] type 00 class 0x078000 conventional PCI endpoint
[    0.256742] pci 0000:00:05.0: BAR 0 [io  0xc080-0xc0bf]
[    0.258471] pci 0000:00:05.0: BAR 1 [mem 0xfebff000-0xfebfffff]
[    0.262272] pci 0000:00:05.0: BAR 4 [mem 0xfebf8000-0xfebfbfff 64bit pref]
[    0.264513] ACPI: PCI: Interrupt link LNKA configured for IRQ 10
[    0.264853] ACPI: PCI: Interrupt link LNKB configured for IRQ 10
[    0.265759] ACPI: PCI: Interrupt link LNKC configured for IRQ 11
[    0.266647] ACPI: PCI: Interrupt link LNKD configured for IRQ 11
[    0.266815] ACPI: PCI: Interrupt link LNKS configured for IRQ 9
[    0.268504] iommu: Default domain type: Translated
[    0.268742] iommu: DMA domain TLB invalidation policy: lazy mode
[    0.269796] SCSI subsystem initialized
[    0.270321] pps_core: LinuxPPS API ver. 1 registered
[    0.270742] pps_core: Software ver. 5.3.6 - Copyright 2005-2007 Rodolfo Giometti <giometti@linux.it>
[    0.271743] PTP clock support registered
[    0.272284] Advanced Linux Sound Architecture Driver Initialized.
[    0.273128] NET: Registered PF_ATMPVC protocol family
[    0.273742] NET: Registered PF_ATMSVC protocol family
[    0.274411] PCI: Using ACPI for IRQ routing
[    0.274827] vgaarb: loaded
[    0.275115] hpet0: at MMIO 0xfed00000, IRQs 2, 8, 0
[    0.275742] hpet0: 3 comparators, 64-bit 100.000000 MHz counter
[    0.279644] clocksource: Switched to clocksource kvm-clock
[    0.280064] VFS: Disk quotas dquot_6.6.0
[    0.280757] VFS: Dquot-cache hash table entries: 512 (order 0, 4096 bytes)
[    0.281955] pnp: PnP ACPI init
[    0.282699] pnp: PnP ACPI: found 5 devices
[    0.291217] clocksource: acpi_pm: mask: 0xffffff max_cycles: 0xffffff, max_idle_ns: 2085701024 ns
[    0.292747] NET: Registered PF_INET protocol family
[    0.293588] IP idents hash table entries: 16384 (order: 5, 131072 bytes, linear)
[    0.295031] tcp_listen_portaddr_hash hash table entries: 512 (order: 1, 8192 bytes, linear)
[    0.296438] Table-perturb hash table entries: 65536 (order: 6, 262144 bytes, linear)
[    0.297737] TCP established hash table entries: 8192 (order: 4, 65536 bytes, linear)
[    0.299047] TCP bind hash table entries: 8192 (order: 6, 262144 bytes, linear)
[    0.300274] TCP: Hash tables configured (established 8192 bind 8192)
[    0.301478] UDP hash table entries: 512 (order: 2, 16384 bytes, linear)
[    0.302593] UDP-Lite hash table entries: 512 (order: 2, 16384 bytes, linear)
[    0.303806] NET: Registered PF_UNIX/PF_LOCAL protocol family
[    0.304774] pci_bus 0000:00: resource 4 [io  0x0000-0x0cf7 window]
[    0.305811] pci_bus 0000:00: resource 5 [io  0x0d00-0xffff window]
[    0.306852] pci_bus 0000:00: resource 6 [mem 0x000a0000-0x000bffff window]
[    0.308002] pci_bus 0000:00: resource 7 [mem 0x40000000-0xfebfffff window]
[    0.309156] pci_bus 0000:00: resource 8 [mem 0x100000000-0x17fffffff window]
[    0.310368] pci 0000:00:01.0: PIIX3: Enabling Passive Release
[    0.311351] pci 0000:00:00.0: Limiting direct PCI/PCI transfers
[    0.312413] PCI: CLS 0 bytes, default 64
[    0.313167] kvm_intel: VMX not supported by CPU 0
[    0.313990] kvm_amd: TSC scaling supported
[    0.314690] kvm_amd: Nested Virtualization enabled
[    0.315504] kvm_amd: Nested Paging enabled
[    0.316198] kvm_amd: LBR virtualization supported
[    0.317011] kvm_amd: Virtual VMLOAD VMSAVE supported
[    0.317854] kvm_amd: Virtual GIF supported
[    0.318550] kvm_amd: Virtual NMI enabled
[    0.402034] Initialise system trusted keyrings
[    0.402889] workingset: timestamp_bits=56 max_order=18 bucket_order=0
[    0.404036] squashfs: version 4.0 (2009/01/31) Phillip Lougher
[    0.405047] fuse: init (API version 7.40)
[    0.405766] 9p: Installing v9fs 9p2000 file system support
[    0.415704] Key type asymmetric registered
[    0.416407] Asymmetric key parser 'x509' registered
[    0.417240] Block layer SCSI generic (bsg) driver version 0.4 loaded (major 249)
[    0.418487] io scheduler mq-deadline registered
[    0.419244] io scheduler kyber registered
[    0.421167] input: Power Button as /devices/LNXSYSTM:00/LNXPWRBN:00/input/input0
[    0.422485] ACPI: button: Power Button [PWRF]
[    0.423244] Warning: Processor Platform Limit event detected, but not handled.
[    0.424473] Consider compiling CPUfreq support into your kernel.
[    0.444084] ACPI: \_SB_.LNKB: Enabled at IRQ 10
[    0.461390] ACPI: \_SB_.LNKC: Enabled at IRQ 11
[    0.481164] ACPI: \_SB_.LNKA: Enabled at IRQ 10
[    0.482552] Serial: 8250/16550 driver, 4 ports, IRQ sharing enabled
[    0.483541] 00:03: ttyS0 at I/O 0x3f8 (irq = 4, base_baud = 115200) is a 16550A
[    0.546963] Non-volatile memory driver v1.3
[    0.547710] Linux agpgart interface v0.103
[    0.548426] printk: legacy console [hvc0] enabled
[    0.548471] ACPI: bus type drm_connector registered
          _      _                                    
   __   _(_)_ __| |_ _ __ ___   ___       _ __   __ _ 
   \ \ / / |  __| __|  _   _ \ / _ \_____|  _ \ / _  |
    \ V /| | |  | |_| | | | | |  __/_____| | | | (_| |
     \_/ |_|_|   \__|_| |_| |_|\___|     |_| |_|\__  |
                                                |___/ 
   kernel version: 6.10.0-rc5-virtme x86_64
   (CTRL+d to exit)

virtme-ng:/nipa-data/kernel# PS1='xx__-> '
xx__-> env
PWD=/nipa-data/kernel
nr_open=1048576
HOME=/root
TERM=xterm
SHLVL=2
XDG_RUNTIME_DIR=/run/user/0
PATH=/bin:/sbin:/usr/bin:/usr/sbin:/usr/local/bin
OLDPWD=/
_=/usr/bin/env
xx__-> 