No EFI environment detected.
early console in extract_kernel
input_data: 0x0000000004cb72c4
input_len: 0x000000000186fe26
output: 0x0000000001000000
output_len: 0x00000000054b18b8
kernel_total_size: 0x0000000005030000
needed_size: 0x0000000005600000
trampoline_32bit: 0x000000000009d000
Physical KASLR using RDRAND RDTSC...
Virtual KASLR using RDRAND RDTSC...

Decompressing Linux... Parsing ELF... Performing relocations... done.
Booting the kernel (entry_offset: 0x0000000000000000).
[    0.000000] Linux version 6.10.0-rc7-virtme (root@3895b43d6aee) (gcc (Ubuntu 13.2.0-23ubuntu4) 13.2.0, GNU ld (GNU Binutils for Ubuntu) 2.42) #1 SMP PREEMPT_DYNAMIC Tue Jul 16 09:27:33 UTC 2024
[    0.000000] Command line: virtme_hostname=virtme-ng nr_open=1048576 virtme_link_mods=/nipa-data/kernel/.virtme_mods/lib/modules/0.0.0 virtme_initmount0=nipa-data/kernel virtme_rw_overlay0=/etc virtme_rw_overlay1=/lib virtme_rw_overlay2=/home virtme_rw_overlay3=/opt virtme_rw_overlay4=/srv virtme_rw_overlay5=/usr virtme_rw_overlay6=/var console=hvc0 earlyprintk=serial,ttyS0,115200 virtme_console=ttyS0 psmouse.proto=exps TERM=xterm virtme_chdir=nipa-data/kernel virtme_root_user=1 rootfstype=9p rootflags=version=9p2000.L,trans=virtio,access=any raid=noautodetect ro init=/usr/lib/python3/dist-packages/virtme/guest/virtme-init
[    0.000000] x86/split lock detection: #DB: warning on user-space bus_locks
[    0.000000] BIOS-provided physical RAM map:
[    0.000000] BIOS-e820: [mem 0x0000000000000000-0x000000000009fbff] usable
[    0.000000] BIOS-e820: [mem 0x000000000009fc00-0x000000000009ffff] reserved
[    0.000000] BIOS-e820: [mem 0x00000000000f0000-0x00000000000fffff] reserved
[    0.000000] BIOS-e820: [mem 0x0000000000100000-0x000000003ffdffff] usable
[    0.000000] BIOS-e820: [mem 0x000000003ffe0000-0x000000003fffffff] reserved
[    0.000000] BIOS-e820: [mem 0x00000000feffc000-0x00000000feffffff] reserved
[    0.000000] BIOS-e820: [mem 0x00000000fffc0000-0x00000000ffffffff] reserved
[    0.000000] printk: legacy bootconsole [earlyser0] enabled
[    0.000000] NX (Execute Disable) protection: active
[    0.000000] APIC: Static calls initialized
[    0.000000] SMBIOS 3.0.0 present.
[    0.000000] DMI: QEMU Ubuntu 24.04 PC (i440FX + PIIX, 1996), BIOS 1.16.3-debian-1.16.3-2 04/01/2014
[    0.000000] DMI: Memory slots populated: 1/1
[    0.000000] Hypervisor detected: KVM
[    0.000000] kvm-clock: Using msrs 4b564d01 and 4b564d00
[    0.000001] kvm-clock: using sched offset of 1325452813 cycles
[    0.000769] clocksource: kvm-clock: mask: 0xffffffffffffffff max_cycles: 0x1cd42e4dffb, max_idle_ns: 881590591483 ns
[    0.003160] tsc: Detected 2000.000 MHz processor
[    0.004498] last_pfn = 0x3ffe0 max_arch_pfn = 0x10000000000
[    0.005374] MTRR map: 4 entries (3 fixed + 1 variable; max 19), built from 8 variable MTRRs
[    0.006599] x86/PAT: Configuration [0-7]: WB  WC  UC- UC  WB  WP  UC- WT  
[    0.015307] found SMP MP-table at [mem 0x000f5470-0x000f547f]
[    0.016165] Using GB pages for direct mapping
[    0.017029] ACPI: Early table checksum verification disabled
[    0.017861] ACPI: RSDP 0x00000000000F5290 000014 (v00 BOCHS )
[    0.018712] ACPI: RSDT 0x000000003FFE308E 000034 (v01 BOCHS  BXPC     00000001 BXPC 00000001)
[    0.019986] ACPI: FACP 0x000000003FFE2D8A 000074 (v01 BOCHS  BXPC     00000001 BXPC 00000001)
[    0.021243] ACPI: DSDT 0x000000003FFE0040 002D4A (v01 BOCHS  BXPC     00000001 BXPC 00000001)
[    0.022495] ACPI: FACS 0x000000003FFE0000 000040
[    0.023176] ACPI: APIC 0x000000003FFE2DFE 000230 (v03 BOCHS  BXPC     00000001 BXPC 00000001)
[    0.024431] ACPI: HPET 0x000000003FFE302E 000038 (v01 BOCHS  BXPC     00000001 BXPC 00000001)
[    0.025682] ACPI: WAET 0x000000003FFE3066 000028 (v01 BOCHS  BXPC     00000001 BXPC 00000001)
[    0.026933] ACPI: Reserving FACP table memory at [mem 0x3ffe2d8a-0x3ffe2dfd]
[    0.027968] ACPI: Reserving DSDT table memory at [mem 0x3ffe0040-0x3ffe2d89]
[    0.028999] ACPI: Reserving FACS table memory at [mem 0x3ffe0000-0x3ffe003f]
[    0.030029] ACPI: Reserving APIC table memory at [mem 0x3ffe2dfe-0x3ffe302d]
[    0.031059] ACPI: Reserving HPET table memory at [mem 0x3ffe302e-0x3ffe3065]
[    0.032095] ACPI: Reserving WAET table memory at [mem 0x3ffe3066-0x3ffe308d]
[    0.033631] No NUMA configuration found
[    0.034192] Faking a node at [mem 0x0000000000000000-0x000000003ffdffff]
[    0.035175] NODE_DATA(0) allocated [mem 0x3ffdb000-0x3ffdffff]
[    0.036185] Zone ranges:
[    0.036561]   DMA      [mem 0x0000000000001000-0x0000000000ffffff]
[    0.037469]   DMA32    [mem 0x0000000001000000-0x000000003ffdffff]
[    0.038374]   Normal   empty
[    0.038799]   Device   empty
[    0.039222] Movable zone start for each node
[    0.039857] Early memory node ranges
[    0.040381]   node   0: [mem 0x0000000000001000-0x000000000009efff]
[    0.041298]   node   0: [mem 0x0000000000100000-0x000000003ffdffff]
[    0.042214] Initmem setup node 0 [mem 0x0000000000001000-0x000000003ffdffff]
[    0.043252] On node 0, zone DMA: 1 pages in unavailable ranges
[    0.044212] On node 0, zone DMA: 97 pages in unavailable ranges
[    0.053728] On node 0, zone DMA32: 32 pages in unavailable ranges
[    0.086659] kasan: KernelAddressSanitizer initialized
[    0.087971] ACPI: PM-Timer IO Port: 0x608
[    0.088589] ACPI: LAPIC_NMI (acpi_id[0xff] dfl dfl lint[0x1])
[    0.089485] IOAPIC[0]: apic_id 0, version 17, address 0xfec00000, GSI 0-23
[    0.090494] ACPI: INT_SRC_OVR (bus 0 bus_irq 0 global_irq 2 dfl dfl)
[    0.091427] ACPI: INT_SRC_OVR (bus 0 bus_irq 5 global_irq 5 high level)
[    0.092394] ACPI: INT_SRC_OVR (bus 0 bus_irq 9 global_irq 9 high level)
[    0.093358] ACPI: INT_SRC_OVR (bus 0 bus_irq 10 global_irq 10 high level)
[    0.094350] ACPI: INT_SRC_OVR (bus 0 bus_irq 11 global_irq 11 high level)
[    0.095348] ACPI: Using ACPI (MADT) for SMP configuration information
[    0.096288] ACPI: HPET id: 0x8086a201 base: 0xfed00000
[    0.097041] TSC deadline timer available
[    0.097618] CPU topo: Max. logical packages:   1
[    0.098292] CPU topo: Max. logical dies:       1
[    0.098966] CPU topo: Max. dies per package:   1
[    0.099645] CPU topo: Max. threads per core:   1
[    0.100320] CPU topo: Num. cores per package:    56
[    0.101033] CPU topo: Num. threads per package:  56
[    0.101745] CPU topo: Allowing 56 present CPUs plus 0 hotplug CPUs
[    0.102676] kvm-guest: APIC: eoi() replaced with kvm_guest_apic_eoi_write()
[    0.103798] kvm-guest: KVM setup pv remote TLB flush
[    0.104529] kvm-guest: setup PV sched yield
[    0.105150] PM: hibernation: Registered nosave memory: [mem 0x00000000-0x00000fff]
[    0.106259] PM: hibernation: Registered nosave memory: [mem 0x0009f000-0x0009ffff]
[    0.107368] PM: hibernation: Registered nosave memory: [mem 0x000a0000-0x000effff]
[    0.108472] PM: hibernation: Registered nosave memory: [mem 0x000f0000-0x000fffff]
[    0.109578] [mem 0x40000000-0xfeffbfff] available for PCI devices
[    0.110468] Booting paravirtualized kernel on KVM
[    0.111164] clocksource: refined-jiffies: mask: 0xffffffff max_cycles: 0xffffffff, max_idle_ns: 1910969940391419 ns
[    0.133946] setup_percpu: NR_CPUS:64 nr_cpumask_bits:56 nr_cpu_ids:56 nr_node_ids:1
[    0.144363] percpu: Embedded 70 pages/cpu s248536 r8192 d29992 u524288
[    0.145534] Kernel command line: virtme_hostname=virtme-ng nr_open=1048576 virtme_link_mods=/nipa-data/kernel/.virtme_mods/lib/modules/0.0.0 virtme_initmount0=nipa-data/kernel virtme_rw_overlay0=/etc virtme_rw_overlay1=/lib virtme_rw_overlay2=/home virtme_rw_overlay3=/opt virtme_rw_overlay4=/srv virtme_rw_overlay5=/usr virtme_rw_overlay6=/var console=hvc0 earlyprintk=serial,ttyS0,115200 virtme_console=ttyS0 psmouse.proto=exps TERM=xterm virtme_chdir=nipa-data/kernel virtme_root_user=1 rootfstype=9p rootflags=version=9p2000.L,trans=virtio,access=any raid=noautodetect ro init=/usr/lib/python3/dist-packages/virtme/guest/virtme-init
[    0.154066] Unknown kernel command line parameters "virtme_hostname=virtme-ng nr_open=1048576 virtme_link_mods=/nipa-data/kernel/.virtme_mods/lib/modules/0.0.0 virtme_initmount0=nipa-data/kernel virtme_rw_overlay0=/etc virtme_rw_overlay1=/lib virtme_rw_overlay2=/home virtme_rw_overlay3=/opt virtme_rw_overlay4=/srv virtme_rw_overlay5=/usr virtme_rw_overlay6=/var virtme_console=ttyS0 virtme_chdir=nipa-data/kernel virtme_root_user=1", will be passed to user space.
[    0.160127] random: crng init done
[    0.160632] printk: log_buf_len individual max cpu contribution: 4096 bytes
[    0.161663] printk: log_buf_len total cpu_extra contributions: 225280 bytes
[    0.162691] printk: log_buf_len min size: 262144 bytes
[    0.164272] printk: log_buf_len: 524288 bytes
[    0.164945] printk: early log buf free: 253864(96%)
[    0.166113] Dentry cache hash table entries: 131072 (order: 8, 1048576 bytes, linear)
[    0.167361] Inode-cache hash table entries: 65536 (order: 7, 524288 bytes, linear)
[    0.171137] Fallback order for Node 0: 0 
[    0.171152] Built 1 zonelists, mobility grouping on.  Total pages: 262014
[    0.172714] Policy zone: DMA32
[    0.173144] mem auto-init: stack:all(zero), heap alloc:off, heap free:off
[    0.174096] stackdepot: allocating hash table via alloc_large_system_hash
[    0.175048] stackdepot hash table entries: 1048576 (order: 12, 16777216 bytes, linear)
[    0.199072] Memory: 767448K/1048056K available (45056K kernel code, 11218K rwdata, 9856K rodata, 5920K init, 2128K bss, 280408K reserved, 0K cma-reserved)
[    0.201562] SLUB: HWalign=64, Order=0-3, MinObjects=0, CPUs=56, Nodes=1
Poking KASLR using RDRAND RDTSC...
[    0.203090] ftrace: allocating 48042 entries in 188 pages
[    0.222589] ftrace: allocated 188 pages with 5 groups
[    0.225159] Dynamic Preempt: voluntary
[    0.227737] rcu: Preemptible hierarchical RCU implementation.
[    0.228546] rcu: RCU event tracing is enabled.
[    0.229181] rcu: RCU restricting CPUs from NR_CPUS=64 to nr_cpu_ids=56.
[    0.230122] Trampoline variant of Tasks RCU enabled.
[    0.230829] Rude variant of Tasks RCU enabled.
[    0.231466] Tracing variant of Tasks RCU enabled.
[    0.232136] rcu: RCU calculated value of scheduler-enlistment delay is 100 jiffies.
[    0.233208] rcu: Adjusting geometry for rcu_fanout_leaf=16, nr_cpu_ids=56
[    0.234485] RCU Tasks: Setting shift to 6 and lim to 1 rcu_task_cb_adjust=1.
[    0.235485] RCU Tasks Rude: Setting shift to 6 and lim to 1 rcu_task_cb_adjust=1.
[    0.236538] RCU Tasks Trace: Setting shift to 6 and lim to 1 rcu_task_cb_adjust=1.
[    0.257749] NR_IRQS: 4352, nr_irqs: 872, preallocated irqs: 16
[    0.259127] rcu: srcu_init: Setting srcu_struct sizes based on contention.
[    0.260564] Console: colour *CGA 80x25
[    0.261202] ACPI: Core revision 20240322
[    0.262120] clocksource: hpet: mask: 0xffffffff max_cycles: 0xffffffff, max_idle_ns: 19112604467 ns
[    0.263543] APIC: Switch to symmetric I/O mode setup
[    0.264434] APIC: Switched APIC routing to: physical flat
[    0.265253] kvm-guest: APIC: send_IPI_mask() replaced with kvm_send_ipi_mask()
[    0.266280] kvm-guest: APIC: send_IPI_mask_allbutself() replaced with kvm_send_ipi_mask_allbutself()
[    0.267663] kvm-guest: setup PV IPIs
[    0.269847] ..TIMER: vector=0x30 apic1=0 pin1=2 apic2=-1 pin2=-1
[    0.271193] clocksource: tsc-early: mask: 0xffffffffffffffff max_cycles: 0x39a85c9bff6, max_idle_ns: 881590591483 ns
[    0.273553] Calibrating delay loop (skipped) preset value.. 4000.00 BogoMIPS (lpj=2000000)
[    0.275619] x86/cpu: User Mode Instruction Prevention (UMIP) activated
[    0.276692] Last level iTLB entries: 4KB 0, 2MB 0, 4MB 0
[    0.277548] Last level dTLB entries: 4KB 0, 2MB 0, 4MB 0, 1GB 0
[    0.278570] Spectre V1 : Mitigation: usercopy/swapgs barriers and __user pointer sanitization
[    0.279557] Spectre V2 : Spectre BHI mitigation: SW BHB clearing on vm exit
[    0.280547] Spectre V2 : Spectre BHI mitigation: SW BHB clearing on syscall
[    0.281548] Spectre V2 : Mitigation: Enhanced / Automatic IBRS
[    0.282547] Spectre V2 : Spectre v2 / SpectreRSB mitigation: Filling RSB on context switch
[    0.283548] Spectre V2 : Spectre v2 / PBRSB-eIBRS: Retire a single CALL on VMEXIT
[    0.284550] Spectre V2 : mitigation: Enabling conditional Indirect Branch Prediction Barrier
[    0.285552] Speculative Store Bypass: Mitigation: Speculative Store Bypass disabled via prctl
[    0.286548] TAA: Mitigation: TSX disabled
[    0.287632] x86/fpu: Supporting XSAVE feature 0x001: 'x87 floating point registers'
[    0.288547] x86/fpu: Supporting XSAVE feature 0x002: 'SSE registers'
[    0.289547] x86/fpu: Supporting XSAVE feature 0x004: 'AVX registers'
[    0.290548] x86/fpu: Supporting XSAVE feature 0x020: 'AVX-512 opmask'
[    0.291547] x86/fpu: Supporting XSAVE feature 0x040: 'AVX-512 Hi256'
[    0.292547] x86/fpu: Supporting XSAVE feature 0x080: 'AVX-512 ZMM_Hi256'
[    0.293547] x86/fpu: Supporting XSAVE feature 0x200: 'Protection Keys User registers'
[    0.294548] x86/fpu: Supporting XSAVE feature 0x20000: 'AMX Tile config'
[    0.295547] x86/fpu: Supporting XSAVE feature 0x40000: 'AMX Tile data'
[    0.296548] x86/fpu: xstate_offset[2]:  576, xstate_sizes[2]:  256
[    0.297548] x86/fpu: xstate_offset[5]:  832, xstate_sizes[5]:   64
[    0.298548] x86/fpu: xstate_offset[6]:  896, xstate_sizes[6]:  512
[    0.299547] x86/fpu: xstate_offset[7]: 1408, xstate_sizes[7]: 1024
[    0.300547] x86/fpu: xstate_offset[9]: 2432, xstate_sizes[9]:    8
[    0.301548] x86/fpu: xstate_offset[17]: 2496, xstate_sizes[17]:   64
[    0.302548] x86/fpu: xstate_offset[18]: 2560, xstate_sizes[18]: 8192
[    0.303547] x86/fpu: Enabled xstate features 0x602e7, context size is 10752 bytes, using 'compacted' format.
[    0.348166] Freeing SMP alternatives memory: 40K
[    0.348549] pid_max: default: 57344 minimum: 448
[    0.350559] Mount-cache hash table entries: 2048 (order: 2, 16384 bytes, linear)
[    0.351550] Mountpoint-cache hash table entries: 2048 (order: 2, 16384 bytes, linear)
[    0.353927] smpboot: CPU0: Intel(R) Xeon(R) Platinum 8480+ (family: 0x6, model: 0x8f, stepping: 0x6)
[    0.355350] Performance Events: PEBS fmt0-, Sapphire Rapids events, full-width counters, Intel PMU driver.
[    0.355554] ... version:                2
[    0.356364] ... bit width:              48
[    0.356550] ... generic registers:      8
[    0.357356] ... value mask:             0000ffffffffffff
[    0.357550] ... max period:             00007fffffffffff
[    0.358550] ... fixed-purpose events:   3
[    0.359351] ... event mask:             00000007000000ff
[    0.359879] signal: max sigframe size: 11952
[    0.360622] rcu: Hierarchical SRCU implementation.
[    0.361550] rcu: Max phase no-delay instances is 400.
[    0.365272] smp: Bringing up secondary CPUs ...
[    0.365852] smpboot: x86: Booting SMP configuration:
[    0.366554] .... node  #0, CPUs:        #1  #2  #3  #4  #5  #6  #7  #8  #9 #10 #11 #12 #13 #14 #15 #16 #17 #18 #19 #20 #21 #22 #23 #24 #25 #26 #27 #28 #29 #30 #31 #32 #33 #34 #35 #36 #37 #38 #39 #40 #41 #42 #43 #44 #45 #46 #47 #48 #49 #50 #51 #52 #53 #54 #55
[    0.434004] smp: Brought up 1 node, 56 CPUs
[    0.435424] smpboot: Total of 56 processors activated (224000.00 BogoMIPS)
[    0.451729] devtmpfs: initialized
[    0.452820] x86/mm: Memory block size: 128MB
[    0.462957] clocksource: jiffies: mask: 0xffffffff max_cycles: 0xffffffff, max_idle_ns: 1911260446275000 ns
[    0.463589] futex hash table entries: 16384 (order: 8, 1048576 bytes, linear)
[    0.465723] PM: RTC time: 09:28:18, date: 2024-07-16
[    0.469709] NET: Registered PF_NETLINK/PF_ROUTE protocol family
[    0.471728] thermal_sys: Registered thermal governor 'step_wise'
[    0.471733] thermal_sys: Registered thermal governor 'user_space'
[    0.472623] cpuidle: using governor menu
[    0.476997] PCI: Using configuration type 1 for base access
[    0.477738] kprobes: kprobe jump-optimization is enabled. All kprobes are optimized if possible.
[    0.526748] HugeTLB: registered 1.00 GiB page size, pre-allocated 0 pages
[    0.528553] HugeTLB: 16380 KiB vmemmap can be freed for a 1.00 GiB page
[    0.529552] HugeTLB: registered 2.00 MiB page size, pre-allocated 0 pages
[    0.531550] HugeTLB: 28 KiB vmemmap can be freed for a 2.00 MiB page
[    0.533580] Demotion targets for Node 0: null
[    0.536141] ACPI: Added _OSI(Module Device)
[    0.536551] ACPI: Added _OSI(Processor Device)
[    0.537551] ACPI: Added _OSI(3.0 _SCP Extensions)
[    0.538551] ACPI: Added _OSI(Processor Aggregator Device)
[    0.570380] ACPI: 1 ACPI AML tables successfully acquired and loaded
[    0.577780] ACPI: _OSC evaluation for CPUs failed, trying _PDC
[    0.583631] ACPI: Interpreter enabled
[    0.584477] ACPI: PM: (supports S0 S3 S4 S5)
[    0.584551] ACPI: Using IOAPIC for interrupt routing
[    0.585621] PCI: Using host bridge windows from ACPI; if necessary, use "pci=nocrs" and report a bug
[    0.587550] PCI: Using E820 reservations for host bridge windows
[    0.590016] ACPI: Enabled 2 GPEs in block 00 to 0F
[    0.652908] ACPI: PCI Root Bridge [PCI0] (domain 0000 [bus 00-ff])
[    0.653567] acpi PNP0A03:00: _OSC: OS supports [ASPM ClockPM Segments MSI HPX-Type3]
[    0.655551] acpi PNP0A03:00: _OSC: not requesting OS control; OS requires [ExtendedConfig ASPM ClockPM MSI]
[    0.656684] acpi PNP0A03:00: fail to add MMCONFIG information, can't access extended configuration space under this bridge
[    0.660005] PCI host bridge to bus 0000:00
[    0.660554] pci_bus 0000:00: root bus resource [io  0x0000-0x0cf7 window]
[    0.661554] pci_bus 0000:00: root bus resource [io  0x0d00-0xffff window]
[    0.662553] pci_bus 0000:00: root bus resource [mem 0x000a0000-0x000bffff window]
[    0.664553] pci_bus 0000:00: root bus resource [mem 0x40000000-0xfebfffff window]
[    0.665553] pci_bus 0000:00: root bus resource [mem 0x100000000-0x17fffffff window]
[    0.666554] pci_bus 0000:00: root bus resource [bus 00-ff]
[    0.667678] pci 0000:00:00.0: [8086:1237] type 00 class 0x060000 conventional PCI endpoint
[    0.670801] pci 0000:00:01.0: [8086:7000] type 00 class 0x060100 conventional PCI endpoint
[    0.672929] pci 0000:00:01.1: [8086:7010] type 00 class 0x010180 conventional PCI endpoint
[    0.677897] pci 0000:00:01.1: BAR 4 [io  0xc0c0-0xc0cf]
[    0.679906] pci 0000:00:01.1: BAR 0 [io  0x01f0-0x01f7]: legacy IDE quirk
[    0.681550] pci 0000:00:01.1: BAR 1 [io  0x03f6]: legacy IDE quirk
[    0.682550] pci 0000:00:01.1: BAR 2 [io  0x0170-0x0177]: legacy IDE quirk
[    0.683550] pci 0000:00:01.1: BAR 3 [io  0x0376]: legacy IDE quirk
[    0.686545] pci 0000:00:01.3: [8086:7113] type 00 class 0x068000 conventional PCI endpoint
[    0.689158] pci 0000:00:01.3: quirk: [io  0x0600-0x063f] claimed by PIIX4 ACPI
[    0.690560] pci 0000:00:01.3: quirk: [io  0x0700-0x070f] claimed by PIIX4 SMB
[    0.692579] pci 0000:00:02.0: [1af4:1009] type 00 class 0x000200 conventional PCI endpoint
[    0.696324] pci 0000:00:02.0: BAR 0 [io  0xc000-0xc03f]
[    0.698554] pci 0000:00:02.0: BAR 1 [mem 0xfebfc000-0xfebfcfff]
[    0.703553] pci 0000:00:02.0: BAR 4 [mem 0xfebf0000-0xfebf3fff 64bit pref]
[    0.719651] pci 0000:00:03.0: [1af4:1009] type 00 class 0x000200 conventional PCI endpoint
[    0.721489] pci 0000:00:03.0: BAR 0 [io  0xc040-0xc07f]
[    0.723430] pci 0000:00:03.0: BAR 1 [mem 0xfebfd000-0xfebfdfff]
[    0.728556] pci 0000:00:03.0: BAR 4 [mem 0xfebf4000-0xfebf7fff 64bit pref]
[    0.742563] pci 0000:00:04.0: [8086:25ab] type 00 class 0x088000 conventional PCI endpoint
[    0.745217] pci 0000:00:04.0: BAR 0 [mem 0xfebfe000-0xfebfe00f]
[    0.760588] pci 0000:00:05.0: [1af4:1003] type 00 class 0x078000 conventional PCI endpoint
[    0.762541] pci 0000:00:05.0: BAR 0 [io  0xc080-0xc0bf]
[    0.764552] pci 0000:00:05.0: BAR 1 [mem 0xfebff000-0xfebfffff]
[    0.768553] pci 0000:00:05.0: BAR 4 [mem 0xfebf8000-0xfebfbfff 64bit pref]
[    0.786980] ACPI: PCI: Interrupt link LNKA configured for IRQ 10
[    0.789631] ACPI: PCI: Interrupt link LNKB configured for IRQ 10
[    0.791611] ACPI: PCI: Interrupt link LNKC configured for IRQ 11
[    0.793591] ACPI: PCI: Interrupt link LNKD configured for IRQ 11
[    0.794989] ACPI: PCI: Interrupt link LNKS configured for IRQ 9
[    0.826579] iommu: Default domain type: Translated
[    0.827546] iommu: DMA domain TLB invalidation policy: lazy mode
[    0.829134] SCSI subsystem initialized
[    0.830835] pps_core: LinuxPPS API ver. 1 registered
[    0.832553] pps_core: Software ver. 5.3.6 - Copyright 2005-2007 Rodolfo Giometti <giometti@linux.it>
[    0.833567] PTP clock support registered
[    0.835707] Advanced Linux Sound Architecture Driver Initialized.
[    0.839444] NET: Registered PF_ATMPVC protocol family
[    0.840550] NET: Registered PF_ATMSVC protocol family
[    0.841580] PCI: Using ACPI for IRQ routing
[    0.842695] vgaarb: loaded
[    0.843759] hpet0: at MMIO 0xfed00000, IRQs 2, 8, 0
[    0.844550] hpet0: 3 comparators, 64-bit 100.000000 MHz counter
[    0.849081] clocksource: Switched to clocksource kvm-clock
[    0.851385] VFS: Disk quotas dquot_6.6.0
[    0.852253] VFS: Dquot-cache hash table entries: 512 (order 0, 4096 bytes)
[    0.858727] pnp: PnP ACPI init
[    0.864019] pnp: PnP ACPI: found 5 devices
[    0.895569] clocksource: acpi_pm: mask: 0xffffff max_cycles: 0xffffff, max_idle_ns: 2085701024 ns
[    0.897557] NET: Registered PF_INET protocol family
[    0.898652] IP idents hash table entries: 16384 (order: 5, 131072 bytes, linear)
[    0.900921] tcp_listen_portaddr_hash hash table entries: 512 (order: 1, 8192 bytes, linear)
[    0.902646] Table-perturb hash table entries: 65536 (order: 6, 262144 bytes, linear)
[    0.904278] TCP established hash table entries: 8192 (order: 4, 65536 bytes, linear)
[    0.905880] TCP bind hash table entries: 8192 (order: 6, 262144 bytes, linear)
[    0.907381] TCP: Hash tables configured (established 8192 bind 8192)
[    0.909375] UDP hash table entries: 512 (order: 2, 16384 bytes, linear)
[    0.910762] UDP-Lite hash table entries: 512 (order: 2, 16384 bytes, linear)
[    0.912652] NET: Registered PF_UNIX/PF_LOCAL protocol family
[    0.913847] pci_bus 0000:00: resource 4 [io  0x0000-0x0cf7 window]
[    0.915120] pci_bus 0000:00: resource 5 [io  0x0d00-0xffff window]
[    0.916382] pci_bus 0000:00: resource 6 [mem 0x000a0000-0x000bffff window]
[    0.917780] pci_bus 0000:00: resource 7 [mem 0x40000000-0xfebfffff window]
[    0.919179] pci_bus 0000:00: resource 8 [mem 0x100000000-0x17fffffff window]
[    0.920864] pci 0000:00:01.0: PIIX3: Enabling Passive Release
[    0.922047] pci 0000:00:00.0: Limiting direct PCI/PCI transfers
[    0.923355] PCI: CLS 0 bytes, default 64
[    0.939132] RAPL PMU: API unit is 2^-32 Joules, 1 fixed counters, 10737418240 ms ovfl timer
[    0.940847] RAPL PMU: hw unit of domain psys 2^-0 Joules
[    1.278161] kwatchdog (374) used greatest stack depth: 30696 bytes left
[    1.425132] kvm_amd: CPU 30 isn't AMD or Hygon
[    1.426063] clocksource: tsc: mask: 0xffffffffffffffff max_cycles: 0x39a85c9bff6, max_idle_ns: 881590591483 ns
[    1.576464] Initialise system trusted keyrings
[    1.578307] workingset: timestamp_bits=56 max_order=18 bucket_order=0
[    1.580133] squashfs: version 4.0 (2009/01/31) Phillip Lougher
[    1.581376] fuse: init (API version 7.40)
[    1.582902] 9p: Installing v9fs 9p2000 file system support
[    1.603183] Key type asymmetric registered
[    1.604040] Asymmetric key parser 'x509' registered
[    1.605125] Block layer SCSI generic (bsg) driver version 0.4 loaded (major 249)
[    1.606660] io scheduler mq-deadline registered
[    1.607586] io scheduler kyber registered
[    1.625247] input: Power Button as /devices/LNXSYSTM:00/LNXPWRBN:00/input/input0
[    1.627414] ACPI: button: Power Button [PWRF]
[    1.628545] Warning: Processor Platform Limit event detected, but not handled.
[    1.630014] Consider compiling CPUfreq support into your kernel.
[    2.512833] ACPI: \_SB_.LNKB: Enabled at IRQ 10
[    3.386916] ACPI: \_SB_.LNKC: Enabled at IRQ 11
[    4.130539] ACPI: \_SB_.LNKA: Enabled at IRQ 10
[    4.132280] Serial: 8250/16550 driver, 4 ports, IRQ sharing enabled
[    4.133249] 00:03: ttyS0 at I/O 0x3f8 (irq = 4, base_baud = 115200) is a 16550A
[    4.170971] Non-volatile memory driver v1.3
[    4.171459] Linux agpgart interface v0.103
[    4.172076] ACPI: bus type drm_connector registered
[    4.173908] printk: legacy console [hvc0] enabled
[    4.175192] printk: legacy bootconsole [earlyser0] disabled
          _      _                                    
   __   _(_)_ __| |_ _ __ ___   ___       _ __   __ _ 
   \ \ / / |  __| __|  _   _ \ / _ \_____|  _ \ / _  |
    \ V /| | |  | |_| | | | | |  __/_____| | | | (_| |
     \_/ |_|_|   \__|_| |_| |_|\___|     |_| |_|\__  |
                                                |___/ 
   kernel version: 6.10.0-rc7-virtme x86_64
   (CTRL+d to exit)

root@virtme-ng:/nipa-data/kernel# PS1='xx__-> '
xx__-> env
PWD=/nipa-data/kernel
nr_open=1048576
HOME=/
TERM=xterm
SHLVL=2
XDG_RUNTIME_DIR=/run/user/0
PATH=/bin:/sbin:/usr/bin:/usr/sbin:/usr/local/bin
OLDPWD=/
_=/bin/env
xx__-> 