No EFI environment detected.
early console in extract_kernel
input_data: 0x0000000004ab72c4
input_len: 0x00000000018f3da8
output: 0x0000000001000000
output_len: 0x0000000005337460
kernel_total_size: 0x0000000005030000
needed_size: 0x0000000005400000
trampoline_32bit: 0x0000000000000000
Physical KASLR using RDRAND RDTSC...
Virtual KASLR using RDRAND RDTSC...

Decompressing Linux... Parsing ELF... Performing relocations... done.
Booting the kernel (entry_offset: 0x0000000000000000).
[    0.000000] Linux version 6.12.0-virtme (root@aa0952abe06c) (gcc (Ubuntu 13.2.0-23ubuntu4) 13.2.0, GNU ld (GNU Binutils for Ubuntu) 2.42) #1 SMP PREEMPT_DYNAMIC Tue Dec  3 12:26:55 UTC 2024
[    0.000000] Command line: virtme_hostname=virtme-ng nr_open=1048576 virtme_link_mods=/nipa-data/kernel/.virtme_mods/lib/modules/0.0.0 virtme_initmount0=nipa-data/kernel virtme_rw_overlay0=/etc virtme_rw_overlay1=/lib virtme_rw_overlay2=/home virtme_rw_overlay3=/opt virtme_rw_overlay4=/srv virtme_rw_overlay5=/usr virtme_rw_overlay6=/var console=hvc0 earlyprintk=serial,ttyS0,115200 virtme_console=ttyS0 psmouse.proto=exps TERM=xterm virtme_chdir=nipa-data/kernel virtme_root_user=1 rootfstype=9p rootflags=version=9p2000.L,trans=virtio,access=any raid=noautodetect ro init=/usr/lib/python3/dist-packages/virtme/guest/virtme-init
[    0.000000] BIOS-provided physical RAM map:
[    0.000000] BIOS-e820: [mem 0x0000000000000000-0x000000000009fbff] usable
[    0.000000] BIOS-e820: [mem 0x000000000009fc00-0x000000000009ffff] reserved
[    0.000000] BIOS-e820: [mem 0x00000000000f0000-0x00000000000fffff] reserved
[    0.000000] BIOS-e820: [mem 0x0000000000100000-0x000000003ffdffff] usable
[    0.000000] BIOS-e820: [mem 0x000000003ffe0000-0x000000003fffffff] reserved
[    0.000000] BIOS-e820: [mem 0x00000000feffc000-0x00000000feffffff] reserved
[    0.000000] BIOS-e820: [mem 0x00000000fffc0000-0x00000000ffffffff] reserved
[    0.000000] BIOS-e820: [mem 0x000000fd00000000-0x000000ffffffffff] reserved
[    0.000000] printk: legacy bootconsole [earlyser0] enabled
[    0.000000] NX (Execute Disable) protection: active
[    0.000000] APIC: Static calls initialized
[    0.000000] SMBIOS 3.0.0 present.
[    0.000000] DMI: QEMU Ubuntu 24.04 PC (i440FX + PIIX, 1996), BIOS 1.16.3-debian-1.16.3-2 04/01/2014
[    0.000000] DMI: Memory slots populated: 1/1
[    0.000000] Hypervisor detected: KVM
[    0.000000] kvm-clock: Using msrs 4b564d01 and 4b564d00
[    0.000000] kvm-clock: using sched offset of 317674871 cycles
[    0.000371] clocksource: kvm-clock: mask: 0xffffffffffffffff max_cycles: 0x1cd42e4dffb, max_idle_ns: 881590591483 ns
[    0.001537] tsc: Detected 4491.556 MHz processor
[    0.002198] last_pfn = 0x3ffe0 max_arch_pfn = 0x400000000
[    0.002605] MTRR map: 4 entries (3 fixed + 1 variable; max 19), built from 8 variable MTRRs
[    0.003198] x86/PAT: Configuration [0-7]: WB  WC  UC- UC  WB  WP  UC- WT  
[    0.005136] found SMP MP-table at [mem 0x000f5470-0x000f547f]
[    0.005552] Using GB pages for direct mapping
[    0.006054] ACPI: Early table checksum verification disabled
[    0.006456] ACPI: RSDP 0x00000000000F5290 000014 (v00 BOCHS )
[    0.006867] ACPI: RSDT 0x000000003FFE27BC 000034 (v01 BOCHS  BXPC     00000001 BXPC 00000001)
[    0.007475] ACPI: FACP 0x000000003FFE2578 000074 (v01 BOCHS  BXPC     00000001 BXPC 00000001)
[    0.008084] ACPI: DSDT 0x000000003FFE0040 002538 (v01 BOCHS  BXPC     00000001 BXPC 00000001)
[    0.008692] ACPI: FACS 0x000000003FFE0000 000040
[    0.009021] ACPI: APIC 0x000000003FFE25EC 000170 (v03 BOCHS  BXPC     00000001 BXPC 00000001)
[    0.009629] ACPI: HPET 0x000000003FFE275C 000038 (v01 BOCHS  BXPC     00000001 BXPC 00000001)
[    0.010234] ACPI: WAET 0x000000003FFE2794 000028 (v01 BOCHS  BXPC     00000001 BXPC 00000001)
[    0.010840] ACPI: Reserving FACP table memory at [mem 0x3ffe2578-0x3ffe25eb]
[    0.011340] ACPI: Reserving DSDT table memory at [mem 0x3ffe0040-0x3ffe2577]
[    0.011839] ACPI: Reserving FACS table memory at [mem 0x3ffe0000-0x3ffe003f]
[    0.012337] ACPI: Reserving APIC table memory at [mem 0x3ffe25ec-0x3ffe275b]
[    0.012836] ACPI: Reserving HPET table memory at [mem 0x3ffe275c-0x3ffe2793]
[    0.013337] ACPI: Reserving WAET table memory at [mem 0x3ffe2794-0x3ffe27bb]
[    0.014028] No NUMA configuration found
[    0.014300] Faking a node at [mem 0x0000000000000000-0x000000003ffdffff]
[    0.014776] NODE_DATA(0) allocated [mem 0x3ffdb780-0x3ffdffff]
[    0.015204] Zone ranges:
[    0.015384]   DMA      [mem 0x0000000000001000-0x0000000000ffffff]
[    0.015823]   DMA32    [mem 0x0000000001000000-0x000000003ffdffff]
[    0.016261]   Normal   empty
[    0.016465]   Device   empty
[    0.016669] Movable zone start for each node
[    0.016972] Early memory node ranges
[    0.017224]   node   0: [mem 0x0000000000001000-0x000000000009efff]
[    0.017680]   node   0: [mem 0x0000000000100000-0x000000003ffdffff]
[    0.018124] Initmem setup node 0 [mem 0x0000000000001000-0x000000003ffdffff]
[    0.018627] On node 0, zone DMA: 1 pages in unavailable ranges
[    0.019094] On node 0, zone DMA: 97 pages in unavailable ranges
[    0.023636] On node 0, zone DMA32: 32 pages in unavailable ranges
[    0.032812] kasan: KernelAddressSanitizer initialized
[    0.033428] ACPI: PM-Timer IO Port: 0x608
[    0.033724] ACPI: LAPIC_NMI (acpi_id[0xff] dfl dfl lint[0x1])
[    0.034154] IOAPIC[0]: apic_id 0, version 17, address 0xfec00000, GSI 0-23
[    0.034643] ACPI: INT_SRC_OVR (bus 0 bus_irq 0 global_irq 2 dfl dfl)
[    0.035094] ACPI: INT_SRC_OVR (bus 0 bus_irq 5 global_irq 5 high level)
[    0.035564] ACPI: INT_SRC_OVR (bus 0 bus_irq 9 global_irq 9 high level)
[    0.036033] ACPI: INT_SRC_OVR (bus 0 bus_irq 10 global_irq 10 high level)
[    0.036513] ACPI: INT_SRC_OVR (bus 0 bus_irq 11 global_irq 11 high level)
[    0.036996] ACPI: Using ACPI (MADT) for SMP configuration information
[    0.037457] ACPI: HPET id: 0x8086a201 base: 0xfed00000
[    0.037823] TSC deadline timer available
[    0.038104] CPU topo: Max. logical packages:   1
[    0.038430] CPU topo: Max. logical dies:       1
[    0.038756] CPU topo: Max. dies per package:   1
[    0.039085] CPU topo: Max. threads per core:   1
[    0.039413] CPU topo: Num. cores per package:    32
[    0.039757] CPU topo: Num. threads per package:  32
[    0.040102] CPU topo: Allowing 32 present CPUs plus 0 hotplug CPUs
[    0.040554] kvm-guest: APIC: eoi() replaced with kvm_guest_apic_eoi_write()
[    0.041059] kvm-guest: KVM setup pv remote TLB flush
[    0.041415] kvm-guest: setup PV sched yield
[    0.041717] PM: hibernation: Registered nosave memory: [mem 0x00000000-0x00000fff]
[    0.042253] PM: hibernation: Registered nosave memory: [mem 0x0009f000-0x0009ffff]
[    0.042789] PM: hibernation: Registered nosave memory: [mem 0x000a0000-0x000effff]
[    0.043324] PM: hibernation: Registered nosave memory: [mem 0x000f0000-0x000fffff]
[    0.043861] [mem 0x40000000-0xfeffbfff] available for PCI devices
[    0.044293] Booting paravirtualized kernel on KVM
[    0.044627] clocksource: refined-jiffies: mask: 0xffffffff max_cycles: 0xffffffff, max_idle_ns: 1910969940391419 ns
[    0.053455] setup_percpu: NR_CPUS:64 nr_cpumask_bits:32 nr_cpu_ids:32 nr_node_ids:1
[    0.055248] percpu: Embedded 70 pages/cpu s247896 r8192 d30632 u524288
[    0.055777] Kernel command line: virtme_hostname=virtme-ng nr_open=1048576 virtme_link_mods=/nipa-data/kernel/.virtme_mods/lib/modules/0.0.0 virtme_initmount0=nipa-data/kernel virtme_rw_overlay0=/etc virtme_rw_overlay1=/lib virtme_rw_overlay2=/home virtme_rw_overlay3=/opt virtme_rw_overlay4=/srv virtme_rw_overlay5=/usr virtme_rw_overlay6=/var console=hvc0 earlyprintk=serial,ttyS0,115200 virtme_console=ttyS0 psmouse.proto=exps TERM=xterm virtme_chdir=nipa-data/kernel virtme_root_user=1 rootfstype=9p rootflags=version=9p2000.L,trans=virtio,access=any raid=noautodetect ro init=/usr/lib/python3/dist-packages/virtme/guest/virtme-init
[    0.059961] Unknown kernel command line parameters "virtme_hostname=virtme-ng nr_open=1048576 virtme_link_mods=/nipa-data/kernel/.virtme_mods/lib/modules/0.0.0 virtme_initmount0=nipa-data/kernel virtme_rw_overlay0=/etc virtme_rw_overlay1=/lib virtme_rw_overlay2=/home virtme_rw_overlay3=/opt virtme_rw_overlay4=/srv virtme_rw_overlay5=/usr virtme_rw_overlay6=/var virtme_console=ttyS0 virtme_chdir=nipa-data/kernel virtme_root_user=1", will be passed to user space.
[    0.063131] random: crng init done
[    0.063382] printk: log buffer data + meta data: 262144 + 917504 = 1179648 bytes
[    0.063942] Dentry cache hash table entries: 131072 (order: 8, 1048576 bytes, linear)
[    0.064527] Inode-cache hash table entries: 65536 (order: 7, 524288 bytes, linear)
[    0.065485] Fallback order for Node 0: 0 
[    0.065489] Built 1 zonelists, mobility grouping on.  Total pages: 262014
[    0.066277] Policy zone: DMA32
[    0.066501] mem auto-init: stack:all(zero), heap alloc:off, heap free:off
[    0.066996] stackdepot: allocating hash table via alloc_large_system_hash
[    0.067491] stackdepot hash table entries: 1048576 (order: 12, 16777216 bytes, linear)
[    0.075603] SLUB: HWalign=64, Order=0-3, MinObjects=0, CPUs=32, Nodes=1
Poking KASLR using RDRAND RDTSC...
[    0.076399] ftrace: allocating 48848 entries in 191 pages
[    0.094046] ftrace: allocated 191 pages with 7 groups
[    0.095288] Dynamic Preempt: voluntary
[    0.096010] rcu: Preemptible hierarchical RCU implementation.
[    0.096429] rcu: RCU event tracing is enabled.
[    0.096757] rcu: RCU restricting CPUs from NR_CPUS=64 to nr_cpu_ids=32.
[    0.097244] Trampoline variant of Tasks RCU enabled.
[    0.097627] Rude variant of Tasks RCU enabled.
[    0.097955] Tracing variant of Tasks RCU enabled.
[    0.098303] rcu: RCU calculated value of scheduler-enlistment delay is 100 jiffies.
[    0.098858] rcu: Adjusting geometry for rcu_fanout_leaf=16, nr_cpu_ids=32
[    0.099416] RCU Tasks: Setting shift to 5 and lim to 1 rcu_task_cb_adjust=1 rcu_task_cpu_ids=32.
[    0.100057] RCU Tasks Rude: Setting shift to 5 and lim to 1 rcu_task_cb_adjust=1 rcu_task_cpu_ids=32.
[    0.100728] RCU Tasks Trace: Setting shift to 5 and lim to 1 rcu_task_cb_adjust=1 rcu_task_cpu_ids=32.
[    0.109691] NR_IRQS: 4352, nr_irqs: 680, preallocated irqs: 16
[    0.110362] rcu: srcu_init: Setting srcu_struct sizes based on contention.
[    0.111077] Console: colour *CGA 80x25
[    0.111379] ACPI: Core revision 20240827
[    0.111815] clocksource: hpet: mask: 0xffffffff max_cycles: 0xffffffff, max_idle_ns: 19112604467 ns
[    0.112544] APIC: Switch to symmetric I/O mode setup
[    0.112926] kvm-guest: APIC: send_IPI_mask() replaced with kvm_send_ipi_mask()
[    0.113459] kvm-guest: APIC: send_IPI_mask_allbutself() replaced with kvm_send_ipi_mask_allbutself()
[    0.114096] kvm-guest: setup PV IPIs
[    0.115206] ..TIMER: vector=0x30 apic1=0 pin1=2 apic2=-1 pin2=-1
[    0.115997] clocksource: tsc-early: mask: 0xffffffffffffffff max_cycles: 0x40be400eb43, max_idle_ns: 440795366972 ns
[    0.117354] Calibrating delay loop (skipped) preset value.. 8983.11 BogoMIPS (lpj=4491556)
[    0.118422] x86/cpu: User Mode Instruction Prevention (UMIP) activated
[    0.119411] Last level iTLB entries: 4KB 512, 2MB 255, 4MB 127
[    0.120353] Last level dTLB entries: 4KB 512, 2MB 255, 4MB 127, 1GB 0
[    0.121357] Spectre V1 : Mitigation: usercopy/swapgs barriers and __user pointer sanitization
[    0.122357] Spectre V2 : Mitigation: Enhanced / Automatic IBRS
[    0.123353] Spectre V2 : Spectre v2 / SpectreRSB mitigation: Filling RSB on context switch
[    0.124355] Spectre V2 : mitigation: Enabling conditional Indirect Branch Prediction Barrier
[    0.125355] Speculative Store Bypass: Mitigation: Speculative Store Bypass disabled via prctl
[    0.126353] Speculative Return Stack Overflow: IBPB-extending microcode not applied!
[    0.127353] Speculative Return Stack Overflow: WARNING: See https://kernel.org/doc/html/latest/admin-guide/hw-vuln/srso.html for mitigation options.
[    0.127354] Speculative Return Stack Overflow: Vulnerable: Safe RET, no microcode
[    0.129368] x86/fpu: Supporting XSAVE feature 0x001: 'x87 floating point registers'
[    0.130353] x86/fpu: Supporting XSAVE feature 0x002: 'SSE registers'
[    0.131133] x86/fpu: Supporting XSAVE feature 0x004: 'AVX registers'
[    0.131353] x86/fpu: Supporting XSAVE feature 0x020: 'AVX-512 opmask'
[    0.132353] x86/fpu: Supporting XSAVE feature 0x040: 'AVX-512 Hi256'
[    0.133353] x86/fpu: Supporting XSAVE feature 0x080: 'AVX-512 ZMM_Hi256'
[    0.134353] x86/fpu: Supporting XSAVE feature 0x200: 'Protection Keys User registers'
[    0.135353] x86/fpu: xstate_offset[2]:  576, xstate_sizes[2]:  256
[    0.136111] x86/fpu: xstate_offset[5]:  832, xstate_sizes[5]:   64
[    0.136353] x86/fpu: xstate_offset[6]:  896, xstate_sizes[6]:  512
[    0.137353] x86/fpu: xstate_offset[7]: 1408, xstate_sizes[7]: 1024
[    0.138353] x86/fpu: xstate_offset[9]: 2432, xstate_sizes[9]:    8
[    0.139112] x86/fpu: Enabled xstate features 0x2e7, context size is 2440 bytes, using 'compacted' format.
[    0.160100] Freeing SMP alternatives memory: 40K
[    0.160355] pid_max: default: 32768 minimum: 301
[    0.161383] Mount-cache hash table entries: 2048 (order: 2, 16384 bytes, linear)
[    0.162294] Mountpoint-cache hash table entries: 2048 (order: 2, 16384 bytes, linear)
[    0.163898] smpboot: CPU0: AMD Ryzen 9 7950X 16-Core Processor (family: 0x19, model: 0x61, stepping: 0x2)
[    0.164811] Performance Events: Fam17h+ core perfctr, AMD PMU driver.
[    0.165358] ... version:                0
[    0.165850] ... bit width:              48
[    0.166354] ... generic registers:      6
[    0.166846] ... value mask:             0000ffffffffffff
[    0.167354] ... max period:             00007fffffffffff
[    0.168007] ... fixed-purpose events:   0
[    0.168354] ... event mask:             000000000000003f
[    0.169115] signal: max sigframe size: 3376
[    0.169399] rcu: Hierarchical SRCU implementation.
[    0.169988] rcu: Max phase no-delay instances is 400.
[    0.170429] Timer migration: 2 hierarchy levels; 8 children per group; 2 crossnode level
[    0.175106] smp: Bringing up secondary CPUs ...
[    0.175534] smpboot: x86: Booting SMP configuration:
[    0.176147] .... node  #0, CPUs:        #1  #2  #3  #4  #5  #6  #7  #8  #9 #10 #11 #12 #13 #14 #15 #16 #17 #18 #19 #20 #21 #22 #23 #24 #25 #26 #27 #28 #29 #30 #31
[    0.200457] smp: Brought up 1 node, 32 CPUs
[    0.201877] smpboot: Total of 32 processors activated (287459.58 BogoMIPS)
[    0.206378] Memory: 763408K/1048056K available (45056K kernel code, 11454K rwdata, 10072K rodata, 6040K init, 1656K bss, 269008K reserved, 0K cma-reserved)
[    0.207471] devtmpfs: initialized
[    0.207936] x86/mm: Memory block size: 128MB
[    0.214388] clocksource: jiffies: mask: 0xffffffff max_cycles: 0xffffffff, max_idle_ns: 1911260446275000 ns
[    0.215359] futex hash table entries: 8192 (order: 7, 524288 bytes, linear)
[    0.216576] PM: RTC time: 12:27:21, date: 2024-12-03
[    0.217920] NET: Registered PF_NETLINK/PF_ROUTE protocol family
[    0.219203] thermal_sys: Registered thermal governor 'step_wise'
[    0.219206] thermal_sys: Registered thermal governor 'user_space'
[    0.219382] cpuidle: using governor menu
[    0.221704] PCI: Using configuration type 1 for base access
[    0.222355] PCI: Using configuration type 1 for extended access
[    0.223224] kprobes: kprobe jump-optimization is enabled. All kprobes are optimized if possible.
[    0.239618] HugeTLB: registered 1.00 GiB page size, pre-allocated 0 pages
[    0.240355] HugeTLB: 16380 KiB vmemmap can be freed for a 1.00 GiB page
[    0.241356] HugeTLB: registered 2.00 MiB page size, pre-allocated 0 pages
[    0.242355] HugeTLB: 28 KiB vmemmap can be freed for a 2.00 MiB page
[    0.243690] ACPI: Added _OSI(Module Device)
[    0.244355] ACPI: Added _OSI(Processor Device)
[    0.244916] ACPI: Added _OSI(3.0 _SCP Extensions)
[    0.245355] ACPI: Added _OSI(Processor Aggregator Device)
[    0.268223] ACPI: 1 ACPI AML tables successfully acquired and loaded
[    0.273216] ACPI: Interpreter enabled
[    0.273413] ACPI: PM: (supports S0 S3 S4 S5)
[    0.273952] ACPI: Using IOAPIC for interrupt routing
[    0.274401] PCI: Using host bridge windows from ACPI; if necessary, use "pci=nocrs" and report a bug
[    0.275354] PCI: Using E820 reservations for host bridge windows
[    0.277117] ACPI: Enabled 2 GPEs in block 00 to 0F
[    0.323256] ACPI: PCI Root Bridge [PCI0] (domain 0000 [bus 00-ff])
[    0.324369] acpi PNP0A03:00: _OSC: OS supports [ExtendedConfig ASPM ClockPM Segments MSI HPX-Type3]
[    0.325828] PCI host bridge to bus 0000:00
[    0.326396] pci_bus 0000:00: root bus resource [io  0x0000-0x0cf7 window]
[    0.327243] pci_bus 0000:00: root bus resource [io  0x0d00-0xffff window]
[    0.327357] pci_bus 0000:00: root bus resource [mem 0x000a0000-0x000bffff window]
[    0.328288] pci_bus 0000:00: root bus resource [mem 0x40000000-0xfebfffff window]
[    0.329357] pci_bus 0000:00: root bus resource [mem 0x100000000-0x17fffffff window]
[    0.330320] pci_bus 0000:00: root bus resource [bus 00-ff]
[    0.331454] pci 0000:00:00.0: [8086:1237] type 00 class 0x060000 conventional PCI endpoint
[    0.333186] pci 0000:00:01.0: [8086:7000] type 00 class 0x060100 conventional PCI endpoint
[    0.335226] pci 0000:00:01.1: [8086:7010] type 00 class 0x010180 conventional PCI endpoint
[    0.338006] pci 0000:00:01.1: BAR 4 [io  0xc0c0-0xc0cf]
[    0.339055] pci 0000:00:01.1: BAR 0 [io  0x01f0-0x01f7]: legacy IDE quirk
[    0.340355] pci 0000:00:01.1: BAR 1 [io  0x03f6]: legacy IDE quirk
[    0.341127] pci 0000:00:01.1: BAR 2 [io  0x0170-0x0177]: legacy IDE quirk
[    0.341355] pci 0000:00:01.1: BAR 3 [io  0x0376]: legacy IDE quirk
[    0.342785] pci 0000:00:01.3: [8086:7113] type 00 class 0x068000 conventional PCI endpoint
[    0.344610] pci 0000:00:01.3: quirk: [io  0x0600-0x063f] claimed by PIIX4 ACPI
[    0.345360] pci 0000:00:01.3: quirk: [io  0x0700-0x070f] claimed by PIIX4 SMB
[    0.346954] pci 0000:00:02.0: [1af4:1009] type 00 class 0x000200 conventional PCI endpoint
[    0.348725] pci 0000:00:02.0: BAR 0 [io  0xc000-0xc03f]
[    0.349690] pci 0000:00:02.0: BAR 1 [mem 0xfebfc000-0xfebfcfff]
[    0.352355] pci 0000:00:02.0: BAR 4 [mem 0xfebf0000-0xfebf3fff 64bit pref]
[    0.365700] pci 0000:00:03.0: [1af4:1009] type 00 class 0x000200 conventional PCI endpoint
[    0.366674] pci 0000:00:03.0: BAR 0 [io  0xc040-0xc07f]
[    0.367484] pci 0000:00:03.0: BAR 1 [mem 0xfebfd000-0xfebfdfff]
[    0.369007] pci 0000:00:03.0: BAR 4 [mem 0xfebf4000-0xfebf7fff 64bit pref]
[    0.381537] pci 0000:00:04.0: [8086:25ab] type 00 class 0x088000 conventional PCI endpoint
[    0.382500] pci 0000:00:04.0: BAR 0 [mem 0xfebfe000-0xfebfe00f]
[    0.394535] pci 0000:00:05.0: [1af4:1003] type 00 class 0x078000 conventional PCI endpoint
[    0.395642] pci 0000:00:05.0: BAR 0 [io  0xc080-0xc0bf]
[    0.396468] pci 0000:00:05.0: BAR 1 [mem 0xfebff000-0xfebfffff]
[    0.397934] pci 0000:00:05.0: BAR 4 [mem 0xfebf8000-0xfebfbfff 64bit pref]
[    0.412721] ACPI: PCI: Interrupt link LNKA configured for IRQ 10
[    0.414253] ACPI: PCI: Interrupt link LNKB configured for IRQ 10
[    0.416240] ACPI: PCI: Interrupt link LNKC configured for IRQ 11
[    0.417233] ACPI: PCI: Interrupt link LNKD configured for IRQ 11
[    0.418723] ACPI: PCI: Interrupt link LNKS configured for IRQ 9
[    0.436809] iommu: Default domain type: Translated
[    0.437355] iommu: DMA domain TLB invalidation policy: lazy mode
[    0.438552] SCSI subsystem initialized
[    0.439451] pps_core: LinuxPPS API ver. 1 registered
[    0.440075] pps_core: Software ver. 5.3.6 - Copyright 2005-2007 Rodolfo Giometti <giometti@linux.it>
[    0.441368] PTP clock support registered
[    0.442470] Advanced Linux Sound Architecture Driver Initialized.
[    0.444399] NET: Registered PF_ATMPVC protocol family
[    0.445035] NET: Registered PF_ATMSVC protocol family
[    0.445391] PCI: Using ACPI for IRQ routing
[    0.446390] vgaarb: loaded
[    0.446473] hpet0: at MMIO 0xfed00000, IRQs 2, 8, 0
[    0.447084] hpet0: 3 comparators, 64-bit 100.000000 MHz counter
[    0.451354] clocksource: Switched to clocksource kvm-clock
[    0.452704] VFS: Disk quotas dquot_6.6.0
[    0.453206] VFS: Dquot-cache hash table entries: 512 (order 0, 4096 bytes)
[    0.458102] pnp: PnP ACPI init
[    0.460764] pnp: PnP ACPI: found 5 devices
[    0.472585] clocksource: acpi_pm: mask: 0xffffff max_cycles: 0xffffff, max_idle_ns: 2085701024 ns
[    0.473754] NET: Registered PF_INET protocol family
[    0.474400] IP idents hash table entries: 16384 (order: 5, 131072 bytes, linear)
[    0.475704] tcp_listen_portaddr_hash hash table entries: 512 (order: 1, 8192 bytes, linear)
[    0.476751] Table-perturb hash table entries: 65536 (order: 6, 262144 bytes, linear)
[    0.477729] TCP established hash table entries: 8192 (order: 4, 65536 bytes, linear)
[    0.478792] TCP bind hash table entries: 8192 (order: 6, 262144 bytes, linear)
[    0.479704] TCP: Hash tables configured (established 8192 bind 8192)
[    0.480645] UDP hash table entries: 512 (order: 3, 32768 bytes, linear)
[    0.481500] UDP-Lite hash table entries: 512 (order: 3, 32768 bytes, linear)
[    0.482584] NET: Registered PF_UNIX/PF_LOCAL protocol family
[    0.483302] pci_bus 0000:00: resource 4 [io  0x0000-0x0cf7 window]
[    0.484075] pci_bus 0000:00: resource 5 [io  0x0d00-0xffff window]
[    0.484841] pci_bus 0000:00: resource 6 [mem 0x000a0000-0x000bffff window]
[    0.485692] pci_bus 0000:00: resource 7 [mem 0x40000000-0xfebfffff window]
[    0.486545] pci_bus 0000:00: resource 8 [mem 0x100000000-0x17fffffff window]
[    0.487615] pci 0000:00:01.0: PIIX3: Enabling Passive Release
[    0.488330] pci 0000:00:00.0: Limiting direct PCI/PCI transfers
[    0.489110] PCI: CLS 0 bytes, default 64
[    0.489668] kvm_intel: VMX not supported by CPU 4
[    0.490271] kvm_amd: TSC scaling supported
[    0.490790] kvm_amd: Nested Virtualization enabled
[    0.491381] kvm_amd: Nested Paging enabled
[    0.491897] kvm_amd: LBR virtualization supported
[    0.492493] kvm_amd: Virtual GIF supported
[    0.492998] kvm_amd: Virtual NMI enabled
[    0.524685] clocksource: tsc: mask: 0xffffffffffffffff max_cycles: 0x40be400eb43, max_idle_ns: 440795366972 ns
[    0.543808] Initialise system trusted keyrings
[    0.544863] workingset: timestamp_bits=56 max_order=18 bucket_order=0
[    0.545780] squashfs: version 4.0 (2009/01/31) Phillip Lougher
[    0.546528] fuse: init (API version 7.41)
[    0.547166] 9p: Installing v9fs 9p2000 file system support
[    0.556992] Key type asymmetric registered
[    0.557516] Asymmetric key parser 'x509' registered
[    0.558185] Block layer SCSI generic (bsg) driver version 0.4 loaded (major 249)
[    0.559140] io scheduler mq-deadline registered
[    0.559713] io scheduler kyber registered
[    0.562329] input: Power Button as /devices/LNXSYSTM:00/LNXPWRBN:00/input/input0
[    0.563506] ACPI: button: Power Button [PWRF]
[    0.565426] Warning: Processor Platform Limit event detected, but not handled.
[    0.566344] Consider compiling CPUfreq support into your kernel.
[    1.365045] ACPI: \_SB_.LNKB: Enabled at IRQ 10
[    2.156743] ACPI: \_SB_.LNKC: Enabled at IRQ 11
[    2.948354] ACPI: \_SB_.LNKA: Enabled at IRQ 10
[    2.949708] Serial: 8250/16550 driver, 4 ports, IRQ sharing enabled
[    2.950808] 00:03: ttyS0 at I/O 0x3f8 (irq = 4, base_baud = 115200) is a 16550A
[    2.981879] Non-volatile memory driver v1.3
[    2.982414] Linux agpgart interface v0.103
[    2.983118] ACPI: bus type drm_connector registered
[    2.983762] printk: legacy console [hvc0] enabled
[    2.984364] printk: legacy bootconsole [earlyser0] disabled
          _      _                                    
   __   _(_)_ __| |_ _ __ ___   ___       _ __   __ _ 
   \ \ / / |  __| __|  _   _ \ / _ \_____|  _ \ / _  |
    \ V /| | |  | |_| | | | | |  __/_____| | | | (_| |
     \_/ |_|_|   \__|_| |_| |_|\___|     |_| |_|\__  |
                                                |___/ 
   kernel version: 6.12.0-virtme x86_64
   (CTRL+d to exit)

root@virtme-ng:/nipa-data/kernel# PS1='xx__-> '
xx__-> env
PWD=/nipa-data/kernel
nr_open=1048576
HOME=/
TERM=xterm
SHLVL=2
XDG_RUNTIME_DIR=/run/user/0
PATH=/bin:/sbin:/usr/bin:/usr/sbin:/usr/local/bin
OLDPWD=/
_=/bin/env
xx__-> 