No EFI environment detected.
early console in extract_kernel
input_data: 0x0000000004c852c4
input_len: 0x000000000197c0c9
output: 0x0000000001000000
output_len: 0x000000000558ab34
kernel_total_size: 0x0000000005230000
needed_size: 0x0000000005600000
trampoline_32bit: 0x0000000000000000
Physical KASLR using RDRAND RDTSC...
Virtual KASLR using RDRAND RDTSC...

Decompressing Linux... Parsing ELF... Performing relocations... done.
Booting the kernel (entry_offset: 0x0000000002bccf80).
[    0.000000] Linux version 6.15.0-rc5-virtme (root@b229c694b9eb) (gcc (Ubuntu 13.3.0-6ubuntu2~24.04) 13.3.0, GNU ld (GNU Binutils for Ubuntu) 2.42) #1 SMP PREEMPT_DYNAMIC Thu May 15 00:27:34 UTC 2025
[    0.000000] Command line: virtme_hostname=virtme-ng nr_open=1048576 virtme_link_mods=/nipa-data/kernel/.virtme_mods/lib/modules/0.0.0 virtme_initmount0=nipa-data/kernel virtme_rw_overlay0=/etc virtme_rw_overlay1=/lib virtme_rw_overlay2=/home virtme_rw_overlay3=/opt virtme_rw_overlay4=/srv virtme_rw_overlay5=/usr virtme_rw_overlay6=/var console=hvc0 earlyprintk=serial,ttyS0,115200 virtme_console=ttyS0 psmouse.proto=exps TERM=xterm virtme_chdir=nipa-data/kernel virtme_root_user=1 rootfstype=9p rootflags=version=9p2000.L,trans=virtio,access=any raid=noautodetect ro init=/usr/lib/python3/dist-packages/virtme/guest/virtme-init
[    0.000000] BIOS-provided physical RAM map:
[    0.000000] BIOS-e820: [mem 0x0000000000000000-0x000000000009fbff] usable
[    0.000000] BIOS-e820: [mem 0x000000000009fc00-0x000000000009ffff] reserved
[    0.000000] BIOS-e820: [mem 0x00000000000f0000-0x00000000000fffff] reserved
[    0.000000] BIOS-e820: [mem 0x0000000000100000-0x000000003ffdffff] usable
[    0.000000] BIOS-e820: [mem 0x000000003ffe0000-0x000000003fffffff] reserved
[    0.000000] BIOS-e820: [mem 0x00000000feffc000-0x00000000feffffff] reserved
[    0.000000] BIOS-e820: [mem 0x00000000fffc0000-0x00000000ffffffff] reserved
[    0.000000] BIOS-e820: [mem 0x000000fd00000000-0x000000ffffffffff] reserved
[    0.000000] printk: legacy bootconsole [earlyser0] enabled
[    0.000000] NX (Execute Disable) protection: active
[    0.000000] APIC: Static calls initialized
[    0.000000] SMBIOS 3.0.0 present.
[    0.000000] DMI: QEMU Ubuntu 24.04 PC (i440FX + PIIX, 1996), BIOS 1.16.3-debian-1.16.3-2 04/01/2014
[    0.000000] DMI: Memory slots populated: 1/1
[    0.000000] Hypervisor detected: KVM
[    0.000000] kvm-clock: Using msrs 4b564d01 and 4b564d00
[    0.000001] kvm-clock: using sched offset of 310687612 cycles
[    0.000368] clocksource: kvm-clock: mask: 0xffffffffffffffff max_cycles: 0x1cd42e4dffb, max_idle_ns: 881590591483 ns
[    0.001495] tsc: Detected 4491.560 MHz processor
[    0.002148] last_pfn = 0x3ffe0 max_arch_pfn = 0x400000000
[    0.002543] MTRR map: 4 entries (3 fixed + 1 variable; max 19), built from 8 variable MTRRs
[    0.003122] x86/PAT: Configuration [0-7]: WB  WC  UC- UC  WB  WP  UC- WT  
[    0.005009] found SMP MP-table at [mem 0x000f5470-0x000f547f]
[    0.005411] Using GB pages for direct mapping
[    0.005860] ACPI: Early table checksum verification disabled
[    0.006253] ACPI: RSDP 0x00000000000F5290 000014 (v00 BOCHS )
[    0.006652] ACPI: RSDT 0x000000003FFE27BC 000034 (v01 BOCHS  BXPC     00000001 BXPC 00000001)
[    0.007244] ACPI: FACP 0x000000003FFE2578 000074 (v01 BOCHS  BXPC     00000001 BXPC 00000001)
[    0.007836] ACPI: DSDT 0x000000003FFE0040 002538 (v01 BOCHS  BXPC     00000001 BXPC 00000001)
[    0.008428] ACPI: FACS 0x000000003FFE0000 000040
[    0.008751] ACPI: APIC 0x000000003FFE25EC 000170 (v03 BOCHS  BXPC     00000001 BXPC 00000001)
[    0.009341] ACPI: HPET 0x000000003FFE275C 000038 (v01 BOCHS  BXPC     00000001 BXPC 00000001)
[    0.009931] ACPI: WAET 0x000000003FFE2794 000028 (v01 BOCHS  BXPC     00000001 BXPC 00000001)
[    0.010521] ACPI: Reserving FACP table memory at [mem 0x3ffe2578-0x3ffe25eb]
[    0.011007] ACPI: Reserving DSDT table memory at [mem 0x3ffe0040-0x3ffe2577]
[    0.011493] ACPI: Reserving FACS table memory at [mem 0x3ffe0000-0x3ffe003f]
[    0.011978] ACPI: Reserving APIC table memory at [mem 0x3ffe25ec-0x3ffe275b]
[    0.012466] ACPI: Reserving HPET table memory at [mem 0x3ffe275c-0x3ffe2793]
[    0.012951] ACPI: Reserving WAET table memory at [mem 0x3ffe2794-0x3ffe27bb]
[    0.013622] No NUMA configuration found
[    0.013886] Faking a node at [mem 0x0000000000000000-0x000000003ffdffff]
[    0.014346] NODE_DATA(0) allocated [mem 0x3ffdb600-0x3ffdffff]
[    0.014763] Zone ranges:
[    0.014938]   DMA      [mem 0x0000000000001000-0x0000000000ffffff]
[    0.015363]   DMA32    [mem 0x0000000001000000-0x000000003ffdffff]
[    0.015789]   Normal   empty
[    0.015988]   Device   empty
[    0.016186] Movable zone start for each node
[    0.016479] Early memory node ranges
[    0.016727]   node   0: [mem 0x0000000000001000-0x000000000009efff]
[    0.017158]   node   0: [mem 0x0000000000100000-0x000000003ffdffff]
[    0.017590] Initmem setup node 0 [mem 0x0000000000001000-0x000000003ffdffff]
[    0.018078] On node 0, zone DMA: 1 pages in unavailable ranges
[    0.018564] On node 0, zone DMA: 97 pages in unavailable ranges
[    0.023308] On node 0, zone DMA32: 32 pages in unavailable ranges
[    0.032341] kasan: KernelAddressSanitizer initialized
[    0.032923] ACPI: PM-Timer IO Port: 0x608
[    0.033213] ACPI: LAPIC_NMI (acpi_id[0xff] dfl dfl lint[0x1])
[    0.033632] IOAPIC[0]: apic_id 0, version 17, address 0xfec00000, GSI 0-23
[    0.034107] ACPI: INT_SRC_OVR (bus 0 bus_irq 0 global_irq 2 dfl dfl)
[    0.034545] ACPI: INT_SRC_OVR (bus 0 bus_irq 5 global_irq 5 high level)
[    0.035000] ACPI: INT_SRC_OVR (bus 0 bus_irq 9 global_irq 9 high level)
[    0.035456] ACPI: INT_SRC_OVR (bus 0 bus_irq 10 global_irq 10 high level)
[    0.035923] ACPI: INT_SRC_OVR (bus 0 bus_irq 11 global_irq 11 high level)
[    0.036392] ACPI: Using ACPI (MADT) for SMP configuration information
[    0.036837] ACPI: HPET id: 0x8086a201 base: 0xfed00000
[    0.037192] TSC deadline timer available
[    0.037471] CPU topo: Max. logical packages:   1
[    0.037787] CPU topo: Max. logical dies:       1
[    0.038103] CPU topo: Max. dies per package:   1
[    0.038421] CPU topo: Max. threads per core:   1
[    0.038737] CPU topo: Num. cores per package:    32
[    0.039071] CPU topo: Num. threads per package:  32
[    0.039405] CPU topo: Allowing 32 present CPUs plus 0 hotplug CPUs
[    0.039843] kvm-guest: APIC: eoi() replaced with kvm_guest_apic_eoi_write()
[    0.040332] kvm-guest: KVM setup pv remote TLB flush
[    0.040674] kvm-guest: setup PV sched yield
[    0.040970] PM: hibernation: Registered nosave memory: [mem 0x00000000-0x00000fff]
[    0.041490] PM: hibernation: Registered nosave memory: [mem 0x0009f000-0x000fffff]
[    0.042009] [mem 0x40000000-0xfeffbfff] available for PCI devices
[    0.042428] Booting paravirtualized kernel on KVM
[    0.042751] clocksource: refined-jiffies: mask: 0xffffffff max_cycles: 0xffffffff, max_idle_ns: 1910969940391419 ns
[    0.051444] setup_percpu: NR_CPUS:64 nr_cpumask_bits:32 nr_cpu_ids:32 nr_node_ids:1
[    0.053176] percpu: Embedded 65 pages/cpu s228056 r8192 d29992 u524288
[    0.053699] Kernel command line: virtme_hostname=virtme-ng nr_open=1048576 virtme_link_mods=/nipa-data/kernel/.virtme_mods/lib/modules/0.0.0 virtme_initmount0=nipa-data/kernel virtme_rw_overlay0=/etc virtme_rw_overlay1=/lib virtme_rw_overlay2=/home virtme_rw_overlay3=/opt virtme_rw_overlay4=/srv virtme_rw_overlay5=/usr virtme_rw_overlay6=/var console=hvc0 earlyprintk=serial,ttyS0,115200 virtme_console=ttyS0 psmouse.proto=exps TERM=xterm virtme_chdir=nipa-data/kernel virtme_root_user=1 rootfstype=9p rootflags=version=9p2000.L,trans=virtio,access=any raid=noautodetect ro init=/usr/lib/python3/dist-packages/virtme/guest/virtme-init
[    0.057774] Unknown kernel command line parameters "virtme_hostname=virtme-ng nr_open=1048576 virtme_link_mods=/nipa-data/kernel/.virtme_mods/lib/modules/0.0.0 virtme_initmount0=nipa-data/kernel virtme_rw_overlay0=/etc virtme_rw_overlay1=/lib virtme_rw_overlay2=/home virtme_rw_overlay3=/opt virtme_rw_overlay4=/srv virtme_rw_overlay5=/usr virtme_rw_overlay6=/var virtme_console=ttyS0 virtme_chdir=nipa-data/kernel virtme_root_user=1", will be passed to user space.
[    0.060859] random: crng init done
[    0.061101] printk: log buffer data + meta data: 262144 + 917504 = 1179648 bytes
[    0.061647] Dentry cache hash table entries: 131072 (order: 8, 1048576 bytes, linear)
[    0.062210] Inode-cache hash table entries: 65536 (order: 7, 524288 bytes, linear)
[    0.063123] Fallback order for Node 0: 0 
[    0.063128] Built 1 zonelists, mobility grouping on.  Total pages: 262014
[    0.063890] Policy zone: DMA32
[    0.064106] mem auto-init: stack:all(zero), heap alloc:off, heap free:off
[    0.064589] stackdepot: allocating hash table via alloc_large_system_hash
[    0.065072] stackdepot hash table entries: 1048576 (order: 12, 16777216 bytes, linear)
[    0.073028] SLUB: HWalign=64, Order=0-3, MinObjects=0, CPUs=32, Nodes=1
Poking KASLR using RDRAND RDTSC...
[    0.082202] ftrace: allocating 48961 entries in 192 pages
[    0.082583] ftrace: allocated 192 pages with 2 groups
[    0.083808] Dynamic Preempt: voluntary
[    0.084532] rcu: Preemptible hierarchical RCU implementation.
[    0.084938] rcu: RCU event tracing is enabled.
[    0.085255] rcu: RCU restricting CPUs from NR_CPUS=64 to nr_cpu_ids=32.
[    0.085723] Trampoline variant of Tasks RCU enabled.
[    0.086075] Rude variant of Tasks RCU enabled.
[    0.086391] Tracing variant of Tasks RCU enabled.
[    0.086731] rcu: RCU calculated value of scheduler-enlistment delay is 100 jiffies.
[    0.087267] rcu: Adjusting geometry for rcu_fanout_leaf=16, nr_cpu_ids=32
[    0.087811] RCU Tasks: Setting shift to 5 and lim to 1 rcu_task_cb_adjust=1 rcu_task_cpu_ids=32.
[    0.088430] RCU Tasks Rude: Setting shift to 5 and lim to 1 rcu_task_cb_adjust=1 rcu_task_cpu_ids=32.
[    0.089081] RCU Tasks Trace: Setting shift to 5 and lim to 1 rcu_task_cb_adjust=1 rcu_task_cpu_ids=32.
[    0.099173] NR_IRQS: 4352, nr_irqs: 680, preallocated irqs: 16
[    0.099844] rcu: srcu_init: Setting srcu_struct sizes based on contention.
[    0.100783] Console: colour *CGA 80x25
[    0.101084] ACPI: Core revision 20240827
[    0.101514] clocksource: hpet: mask: 0xffffffff max_cycles: 0xffffffff, max_idle_ns: 19112604467 ns
[    0.102220] APIC: Switch to symmetric I/O mode setup
[    0.102705] x2apic enabled
[    0.103080] APIC: Switched APIC routing to: physical x2apic
[    0.103484] kvm-guest: APIC: send_IPI_mask() replaced with kvm_send_ipi_mask()
[    0.103994] kvm-guest: APIC: send_IPI_mask_allbutself() replaced with kvm_send_ipi_mask_allbutself()
[    0.104624] kvm-guest: setup PV IPIs
[    0.105708] ..TIMER: vector=0x30 apic1=0 pin1=2 apic2=-1 pin2=-1
[    0.106486] clocksource: tsc-early: mask: 0xffffffffffffffff max_cycles: 0x40be4320a4d, max_idle_ns: 440795288133 ns
[    0.107807] Calibrating delay loop (skipped) preset value.. 8983.12 BogoMIPS (lpj=4491560)
[    0.108871] x86/cpu: User Mode Instruction Prevention (UMIP) activated
[    0.109863] Last level iTLB entries: 4KB 512, 2MB 255, 4MB 127
[    0.110806] Last level dTLB entries: 4KB 512, 2MB 255, 4MB 127, 1GB 0
[    0.111811] Spectre V1 : Mitigation: usercopy/swapgs barriers and __user pointer sanitization
[    0.112810] Spectre V2 : Mitigation: Enhanced / Automatic IBRS
[    0.113534] Spectre V2 : mitigation: Enabling conditional Indirect Branch Prediction Barrier
[    0.113808] Speculative Store Bypass: Mitigation: Speculative Store Bypass disabled via prctl
[    0.115806] Speculative Return Stack Overflow: IBPB-extending microcode not applied!
[    0.116806] Speculative Return Stack Overflow: WARNING: See https://kernel.org/doc/html/latest/admin-guide/hw-vuln/srso.html for mitigation options.
[    0.116808] Speculative Return Stack Overflow: Vulnerable: Safe RET, no microcode
[    0.118821] x86/fpu: Supporting XSAVE feature 0x001: 'x87 floating point registers'
[    0.119806] x86/fpu: Supporting XSAVE feature 0x002: 'SSE registers'
[    0.120806] x86/fpu: Supporting XSAVE feature 0x004: 'AVX registers'
[    0.121806] x86/fpu: Supporting XSAVE feature 0x020: 'AVX-512 opmask'
[    0.122579] x86/fpu: Supporting XSAVE feature 0x040: 'AVX-512 Hi256'
[    0.122806] x86/fpu: Supporting XSAVE feature 0x080: 'AVX-512 ZMM_Hi256'
[    0.123806] x86/fpu: Supporting XSAVE feature 0x200: 'Protection Keys User registers'
[    0.124806] x86/fpu: xstate_offset[2]:  576, xstate_sizes[2]:  256
[    0.125806] x86/fpu: xstate_offset[5]:  832, xstate_sizes[5]:   64
[    0.126546] x86/fpu: xstate_offset[6]:  896, xstate_sizes[6]:  512
[    0.126806] x86/fpu: xstate_offset[7]: 1408, xstate_sizes[7]: 1024
[    0.127806] x86/fpu: xstate_offset[9]: 2432, xstate_sizes[9]:    8
[    0.128806] x86/fpu: Enabled xstate features 0x2e7, context size is 2440 bytes, using 'compacted' format.
[    0.151817] Freeing SMP alternatives memory: 40K
[    0.152377] pid_max: default: 32768 minimum: 301
[    0.152929] Mount-cache hash table entries: 2048 (order: 2, 16384 bytes, linear)
[    0.153807] Mountpoint-cache hash table entries: 2048 (order: 2, 16384 bytes, linear)
[    0.155462] smpboot: CPU0: AMD Ryzen 9 7950X 16-Core Processor (family: 0x19, model: 0x61, stepping: 0x2)
[    0.156246] Performance Events: Fam17h+ core perfctr, AMD PMU driver.
[    0.156810] ... version:                0
[    0.157292] ... bit width:              48
[    0.157784] ... generic registers:      6
[    0.157808] ... value mask:             0000ffffffffffff
[    0.158447] ... max period:             00007fffffffffff
[    0.158808] ... fixed-purpose events:   0
[    0.159294] ... event mask:             000000000000003f
[    0.159964] signal: max sigframe size: 3376
[    0.160510] rcu: Hierarchical SRCU implementation.
[    0.160808] rcu: Max phase no-delay instances is 400.
[    0.161510] Timer migration: 2 hierarchy levels; 8 children per group; 2 crossnode level
[    0.165643] smp: Bringing up secondary CPUs ...
[    0.165995] smpboot: x86: Booting SMP configuration:
[    0.166595] .... node  #0, CPUs:        #1  #2  #3  #4  #5  #6  #7  #8  #9 #10 #11 #12 #13 #14 #15 #16 #17 #18 #19 #20 #21 #22 #23 #24 #25 #26 #27 #28 #29 #30 #31
[    0.194906] smp: Brought up 1 node, 32 CPUs
[    0.196317] smpboot: Total of 32 processors activated (287459.84 BogoMIPS)
[    0.200018] Memory: 761596K/1048056K available (44852K kernel code, 11590K rwdata, 10272K rodata, 6160K init, 1312K bss, 270680K reserved, 0K cma-reserved)
[    0.200934] devtmpfs: initialized
[    0.201824] x86/mm: Memory block size: 128MB
[    0.208408] clocksource: jiffies: mask: 0xffffffff max_cycles: 0xffffffff, max_idle_ns: 1911260446275000 ns
[    0.208812] posixtimers hash table entries: 16384 (order: 6, 262144 bytes, linear)
[    0.209754] futex hash table entries: 8192 (order: 7, 524288 bytes, linear)
[    0.210178] PM: RTC time: 00:27:56, date: 2025-05-15
[    0.211533] NET: Registered PF_NETLINK/PF_ROUTE protocol family
[    0.212684] thermal_sys: Registered thermal governor 'step_wise'
[    0.212713] cpuidle: using governor menu
[    0.214520] PCI: Using configuration type 1 for base access
[    0.214809] PCI: Using configuration type 1 for extended access
[    0.215666] kprobes: kprobe jump-optimization is enabled. All kprobes are optimized if possible.
[    0.227940] HugeTLB: allocation took 0ms with hugepage_allocation_threads=8
[    0.228839] HugeTLB: registered 1.00 GiB page size, pre-allocated 0 pages
[    0.229698] HugeTLB: 16380 KiB vmemmap can be freed for a 1.00 GiB page
[    0.230809] HugeTLB: registered 2.00 MiB page size, pre-allocated 0 pages
[    0.231662] HugeTLB: 28 KiB vmemmap can be freed for a 2.00 MiB page
[    0.233190] ACPI: Added _OSI(Module Device)
[    0.233809] ACPI: Added _OSI(Processor Device)
[    0.234368] ACPI: Added _OSI(3.0 _SCP Extensions)
[    0.234808] ACPI: Added _OSI(Processor Aggregator Device)
[    0.260578] ACPI: 1 ACPI AML tables successfully acquired and loaded
[    0.265822] ACPI: Interpreter enabled
[    0.266349] ACPI: PM: (supports S0 S3 S4 S5)
[    0.266809] ACPI: Using IOAPIC for interrupt routing
[    0.267484] PCI: Using host bridge windows from ACPI; if necessary, use "pci=nocrs" and report a bug
[    0.267808] PCI: Using E820 reservations for host bridge windows
[    0.269694] ACPI: Enabled 2 GPEs in block 00 to 0F
[    0.320842] ACPI: PCI Root Bridge [PCI0] (domain 0000 [bus 00-ff])
[    0.321630] acpi PNP0A03:00: _OSC: OS supports [ExtendedConfig ASPM ClockPM Segments MSI HPX-Type3]
[    0.323337] PCI host bridge to bus 0000:00
[    0.323870] pci_bus 0000:00: root bus resource [io  0x0000-0x0cf7 window]
[    0.324710] pci_bus 0000:00: root bus resource [io  0x0d00-0xffff window]
[    0.325811] pci_bus 0000:00: root bus resource [mem 0x000a0000-0x000bffff window]
[    0.326738] pci_bus 0000:00: root bus resource [mem 0x40000000-0xfebfffff window]
[    0.327811] pci_bus 0000:00: root bus resource [mem 0x100000000-0x17fffffff window]
[    0.328765] pci_bus 0000:00: root bus resource [bus 00-ff]
[    0.328903] pci 0000:00:00.0: [8086:1237] type 00 class 0x060000 conventional PCI endpoint
[    0.330733] pci 0000:00:01.0: [8086:7000] type 00 class 0x060100 conventional PCI endpoint
[    0.332720] pci 0000:00:01.1: [8086:7010] type 00 class 0x010180 conventional PCI endpoint
[    0.334263] pci 0000:00:01.1: BAR 4 [io  0xc0c0-0xc0cf]
[    0.334826] pci 0000:00:01.1: BAR 0 [io  0x01f0-0x01f7]: legacy IDE quirk
[    0.335667] pci 0000:00:01.1: BAR 1 [io  0x03f6]: legacy IDE quirk
[    0.336808] pci 0000:00:01.1: BAR 2 [io  0x0170-0x0177]: legacy IDE quirk
[    0.337653] pci 0000:00:01.1: BAR 3 [io  0x0376]: legacy IDE quirk
[    0.339530] pci 0000:00:01.3: [8086:7113] type 00 class 0x068000 conventional PCI endpoint
[    0.340027] pci 0000:00:01.3: quirk: [io  0x0600-0x063f] claimed by PIIX4 ACPI
[    0.340812] pci 0000:00:01.3: quirk: [io  0x0700-0x070f] claimed by PIIX4 SMB
[    0.342468] pci 0000:00:02.0: [1af4:1009] type 00 class 0x000200 conventional PCI endpoint
[    0.344813] pci 0000:00:02.0: BAR 0 [io  0xc000-0xc03f]
[    0.345464] pci 0000:00:02.0: BAR 1 [mem 0xfebfc000-0xfebfcfff]
[    0.346822] pci 0000:00:02.0: BAR 4 [mem 0xfebf0000-0xfebf3fff 64bit pref]
[    0.359868] pci 0000:00:03.0: [1af4:1009] type 00 class 0x000200 conventional PCI endpoint
[    0.361813] pci 0000:00:03.0: BAR 0 [io  0xc040-0xc07f]
[    0.362468] pci 0000:00:03.0: BAR 1 [mem 0xfebfd000-0xfebfdfff]
[    0.362822] pci 0000:00:03.0: BAR 4 [mem 0xfebf4000-0xfebf7fff 64bit pref]
[    0.375835] pci 0000:00:04.0: [8086:25ab] type 00 class 0x088000 conventional PCI endpoint
[    0.377186] pci 0000:00:04.0: BAR 0 [mem 0xfebfe000-0xfebfe00f]
[    0.389802] pci 0000:00:05.0: [1af4:1003] type 00 class 0x078000 conventional PCI endpoint
[    0.391531] pci 0000:00:05.0: BAR 0 [io  0xc080-0xc0bf]
[    0.392812] pci 0000:00:05.0: BAR 1 [mem 0xfebff000-0xfebfffff]
[    0.393563] pci 0000:00:05.0: BAR 4 [mem 0xfebf8000-0xfebfbfff 64bit pref]
[    0.408402] ACPI: PCI: Interrupt link LNKA configured for IRQ 10
[    0.410808] ACPI: PCI: Interrupt link LNKB configured for IRQ 10
[    0.412534] ACPI: PCI: Interrupt link LNKC configured for IRQ 11
[    0.413779] ACPI: PCI: Interrupt link LNKD configured for IRQ 11
[    0.415213] ACPI: PCI: Interrupt link LNKS configured for IRQ 9
[    0.435351] iommu: Default domain type: Translated
[    0.435808] iommu: DMA domain TLB invalidation policy: lazy mode
[    0.437053] SCSI subsystem initialized
[    0.437982] pps_core: LinuxPPS API ver. 1 registered
[    0.438599] pps_core: Software ver. 5.3.6 - Copyright 2005-2007 Rodolfo Giometti <giometti@linux.it>
[    0.439824] PTP clock support registered
[    0.440937] Advanced Linux Sound Architecture Driver Initialized.
[    0.443001] NET: Registered PF_ATMPVC protocol family
[    0.443629] NET: Registered PF_ATMSVC protocol family
[    0.443846] PCI: Using ACPI for IRQ routing
[    0.444541] vgaarb: loaded
[    0.444934] hpet0: at MMIO 0xfed00000, IRQs 2, 8, 0
[    0.445547] hpet0: 3 comparators, 64-bit 100.000000 MHz counter
[    0.449936] clocksource: Switched to clocksource kvm-clock
[    0.454776] VFS: Disk quotas dquot_6.6.0
[    0.455277] VFS: Dquot-cache hash table entries: 512 (order 0, 4096 bytes)
[    0.456918] pnp: PnP ACPI init
[    0.460815] pnp: PnP ACPI: found 5 devices
[    0.471749] clocksource: acpi_pm: mask: 0xffffff max_cycles: 0xffffff, max_idle_ns: 2085701024 ns
[    0.472919] NET: Registered PF_INET protocol family
[    0.473569] IP idents hash table entries: 16384 (order: 5, 131072 bytes, linear)
[    0.474871] tcp_listen_portaddr_hash hash table entries: 512 (order: 1, 8192 bytes, linear)
[    0.475912] Table-perturb hash table entries: 65536 (order: 6, 262144 bytes, linear)
[    0.476892] TCP established hash table entries: 8192 (order: 4, 65536 bytes, linear)
[    0.477857] TCP bind hash table entries: 8192 (order: 6, 262144 bytes, linear)
[    0.478762] TCP: Hash tables configured (established 8192 bind 8192)
[    0.479709] UDP hash table entries: 512 (order: 3, 32768 bytes, linear)
[    0.480532] UDP-Lite hash table entries: 512 (order: 3, 32768 bytes, linear)
[    0.481628] NET: Registered PF_UNIX/PF_LOCAL protocol family
[    0.482342] pci_bus 0000:00: resource 4 [io  0x0000-0x0cf7 window]
[    0.483106] pci_bus 0000:00: resource 5 [io  0x0d00-0xffff window]
[    0.483868] pci_bus 0000:00: resource 6 [mem 0x000a0000-0x000bffff window]
[    0.484713] pci_bus 0000:00: resource 7 [mem 0x40000000-0xfebfffff window]
[    0.485563] pci_bus 0000:00: resource 8 [mem 0x100000000-0x17fffffff window]
[    0.486640] pci 0000:00:01.0: PIIX3: Enabling Passive Release
[    0.487352] pci 0000:00:00.0: Limiting direct PCI/PCI transfers
[    0.488123] PCI: CLS 0 bytes, default 64
[    0.488857] kvm_intel: VMX not supported by CPU 10
[    0.489484] kvm_amd: TSC scaling supported
[    0.489988] kvm_amd: Nested Virtualization enabled
[    0.490583] kvm_amd: Nested Paging enabled
[    0.491087] kvm_amd: LBR virtualization supported
[    0.491680] kvm_amd: Virtual GIF supported
[    0.492183] kvm_amd: Virtual NMI enabled
[    0.521138] clocksource: tsc: mask: 0xffffffffffffffff max_cycles: 0x40be4320a4d, max_idle_ns: 440795288133 ns
[    0.541133] Initialise system trusted keyrings
[    0.541863] workingset: timestamp_bits=56 max_order=18 bucket_order=0
[    0.542786] squashfs: version 4.0 (2009/01/31) Phillip Lougher
[    0.543536] fuse: init (API version 7.43)
[    0.544160] 9p: Installing v9fs 9p2000 file system support
[    0.554029] Key type asymmetric registered
[    0.554548] Asymmetric key parser 'x509' registered
[    0.555219] Block layer SCSI generic (bsg) driver version 0.4 loaded (major 249)
[    0.556175] io scheduler mq-deadline registered
[    0.556743] io scheduler kyber registered
[    0.559217] input: Power Button as /devices/LNXSYSTM:00/LNXPWRBN:00/input/input0
[    0.560395] ACPI: button: Power Button [PWRF]
[    0.562359] Warning: Processor Platform Limit event detected, but not handled.
[    0.563227] Consider compiling CPUfreq support into your kernel.
[    1.464110] ACPI: \_SB_.LNKB: Enabled at IRQ 10
[    2.359015] ACPI: \_SB_.LNKC: Enabled at IRQ 11
[    3.253287] ACPI: \_SB_.LNKA: Enabled at IRQ 10
[    3.254611] Serial: 8250/16550 driver, 4 ports, IRQ sharing enabled
[    3.255923] 00:03: ttyS0 at I/O 0x3f8 (irq = 4, base_baud = 115200) is a 16550A
[    3.279094] Non-volatile memory driver v1.3
[    3.279626] Linux agpgart interface v0.103
[    3.280365] ACPI: bus type drm_connector registered
[    3.281162] printk: legacy console [hvc0] enabled
[    3.281759] printk: legacy bootconsole [earlyser0] disabled
          _      _                                    
   __   _(_)_ __| |_ _ __ ___   ___       _ __   __ _ 
   \ \ / / |  __| __|  _   _ \ / _ \_____|  _ \ / _  |
    \ V /| | |  | |_| | | | | |  __/_____| | | | (_| |
     \_/ |_|_|   \__|_| |_| |_|\___|     |_| |_|\__  |
                                                |___/ 
   kernel version: 6.15.0-rc5-virtme x86_64
   (CTRL+d to exit)

root@virtme-ng:/nipa-data/kernel# PS1='xx__-> '
xx__-> env
PWD=/nipa-data/kernel
nr_open=1048576
HOME=/
TERM=xterm
SHLVL=2
XDG_RUNTIME_DIR=/run/user/0
PATH=/bin:/sbin:/usr/bin:/usr/sbin:/usr/local/bin
OLDPWD=/
_=/bin/env
xx__-> 