No EFI environment detected.
early console in extract_kernel
input_data: 0x0000000002be32c4
input_len: 0x0000000000b7133d
output: 0x0000000001000000
output_len: 0x000000000270cf08
kernel_total_size: 0x0000000002430000
needed_size: 0x0000000002800000
trampoline_32bit: 0x0000000000000000
Physical KASLR using RDRAND RDTSC...
Virtual KASLR using RDRAND RDTSC...

Decompressing Linux... Parsing ELF... Performing relocations... done.
Booting the kernel (entry_offset: 0x0000000000000000).
[    0.000000] Linux version 6.12.0-rc7-virtme (root@61b641c2c3dd) (gcc (Ubuntu 13.2.0-23ubuntu4) 13.2.0, GNU ld (GNU Binutils for Ubuntu) 2.42) #1 SMP PREEMPT_DYNAMIC Sat Nov 16 06:06:46 UTC 2024
[    0.000000] Command line: virtme_hostname=virtme-ng nr_open=1048576 virtme_link_mods=/nipa-data/kernel/.virtme_mods/lib/modules/0.0.0 virtme_initmount0=nipa-data/kernel virtme_rw_overlay0=/etc virtme_rw_overlay1=/lib virtme_rw_overlay2=/home virtme_rw_overlay3=/opt virtme_rw_overlay4=/srv virtme_rw_overlay5=/usr virtme_rw_overlay6=/var console=hvc0 earlyprintk=serial,ttyS0,115200 virtme_console=ttyS0 psmouse.proto=exps TERM=xterm virtme_chdir=nipa-data/kernel virtme_root_user=1 rootfstype=9p rootflags=version=9p2000.L,trans=virtio,access=any raid=noautodetect ro init=/usr/lib/python3/dist-packages/virtme/guest/virtme-init
[    0.000000] BIOS-provided physical RAM map:
[    0.000000] BIOS-e820: [mem 0x0000000000000000-0x000000000009fbff] usable
[    0.000000] BIOS-e820: [mem 0x000000000009fc00-0x000000000009ffff] reserved
[    0.000000] BIOS-e820: [mem 0x00000000000f0000-0x00000000000fffff] reserved
[    0.000000] BIOS-e820: [mem 0x0000000000100000-0x000000003ffdffff] usable
[    0.000000] BIOS-e820: [mem 0x000000003ffe0000-0x000000003fffffff] reserved
[    0.000000] BIOS-e820: [mem 0x00000000feffc000-0x00000000feffffff] reserved
[    0.000000] BIOS-e820: [mem 0x00000000fffc0000-0x00000000ffffffff] reserved
[    0.000000] BIOS-e820: [mem 0x000000fd00000000-0x000000ffffffffff] reserved
[    0.000000] printk: legacy bootconsole [earlyser0] enabled
[    0.000000] NX (Execute Disable) protection: active
[    0.000000] APIC: Static calls initialized
[    0.000000] SMBIOS 3.0.0 present.
[    0.000000] DMI: QEMU Ubuntu 24.04 PC (i440FX + PIIX, 1996), BIOS 1.16.3-debian-1.16.3-2 04/01/2014
[    0.000000] DMI: Memory slots populated: 1/1
[    0.000000] Hypervisor detected: KVM
[    0.000000] kvm-clock: Using msrs 4b564d01 and 4b564d00
[    0.000000] kvm-clock: using sched offset of 244637047 cycles
[    0.000369] clocksource: kvm-clock: mask: 0xffffffffffffffff max_cycles: 0x1cd42e4dffb, max_idle_ns: 881590591483 ns
[    0.001519] tsc: Detected 4491.556 MHz processor
[    0.002105] last_pfn = 0x3ffe0 max_arch_pfn = 0x400000000
[    0.002508] MTRR map: 4 entries (3 fixed + 1 variable; max 19), built from 8 variable MTRRs
[    0.003098] x86/PAT: Configuration [0-7]: WB  WC  UC- UC  WB  WP  UC- WT  
Memory KASLR using RDRAND RDTSC...
[    0.005076] found SMP MP-table at [mem 0x000f5470-0x000f547f]
[    0.005483] Using GB pages for direct mapping
[    0.005817] ACPI: Early table checksum verification disabled
[    0.006215] ACPI: RSDP 0x00000000000F5290 000014 (v00 BOCHS )
[    0.006622] ACPI: RSDT 0x000000003FFE27BC 000034 (v01 BOCHS  BXPC     00000001 BXPC 00000001)
[    0.007225] ACPI: FACP 0x000000003FFE2578 000074 (v01 BOCHS  BXPC     00000001 BXPC 00000001)
[    0.007827] ACPI: DSDT 0x000000003FFE0040 002538 (v01 BOCHS  BXPC     00000001 BXPC 00000001)
[    0.008428] ACPI: FACS 0x000000003FFE0000 000040
[    0.008754] ACPI: APIC 0x000000003FFE25EC 000170 (v03 BOCHS  BXPC     00000001 BXPC 00000001)
[    0.009359] ACPI: HPET 0x000000003FFE275C 000038 (v01 BOCHS  BXPC     00000001 BXPC 00000001)
[    0.009961] ACPI: WAET 0x000000003FFE2794 000028 (v01 BOCHS  BXPC     00000001 BXPC 00000001)
[    0.010562] ACPI: Reserving FACP table memory at [mem 0x3ffe2578-0x3ffe25eb]
[    0.011059] ACPI: Reserving DSDT table memory at [mem 0x3ffe0040-0x3ffe2577]
[    0.011555] ACPI: Reserving FACS table memory at [mem 0x3ffe0000-0x3ffe003f]
[    0.012051] ACPI: Reserving APIC table memory at [mem 0x3ffe25ec-0x3ffe275b]
[    0.012546] ACPI: Reserving HPET table memory at [mem 0x3ffe275c-0x3ffe2793]
[    0.013045] ACPI: Reserving WAET table memory at [mem 0x3ffe2794-0x3ffe27bb]
[    0.013678] No NUMA configuration found
[    0.013947] Faking a node at [mem 0x0000000000000000-0x000000003ffdffff]
[    0.014418] NODE_DATA(0) allocated [mem 0x3ffdb780-0x3ffdffff]
[    0.014841] Zone ranges:
[    0.015020]   DMA      [mem 0x0000000000001000-0x0000000000ffffff]
[    0.015457]   DMA32    [mem 0x0000000001000000-0x000000003ffdffff]
[    0.015896]   Normal   empty
[    0.016098]   Device   empty
[    0.016300] Movable zone start for each node
[    0.016599] Early memory node ranges
[    0.016852]   node   0: [mem 0x0000000000001000-0x000000000009efff]
[    0.017292]   node   0: [mem 0x0000000000100000-0x000000003ffdffff]
[    0.017732] Initmem setup node 0 [mem 0x0000000000001000-0x000000003ffdffff]
[    0.018229] On node 0, zone DMA: 1 pages in unavailable ranges
[    0.018677] On node 0, zone DMA: 97 pages in unavailable ranges
[    0.020283] On node 0, zone DMA32: 32 pages in unavailable ranges
[    0.020913] ACPI: PM-Timer IO Port: 0x608
[    0.021197] ACPI: LAPIC_NMI (acpi_id[0xff] dfl dfl lint[0x1])
[    0.021618] IOAPIC[0]: apic_id 0, version 17, address 0xfec00000, GSI 0-23
[    0.022103] ACPI: INT_SRC_OVR (bus 0 bus_irq 0 global_irq 2 dfl dfl)
[    0.022550] ACPI: INT_SRC_OVR (bus 0 bus_irq 5 global_irq 5 high level)
[    0.023017] ACPI: INT_SRC_OVR (bus 0 bus_irq 9 global_irq 9 high level)
[    0.023480] ACPI: INT_SRC_OVR (bus 0 bus_irq 10 global_irq 10 high level)
[    0.023955] ACPI: INT_SRC_OVR (bus 0 bus_irq 11 global_irq 11 high level)
[    0.024430] ACPI: Using ACPI (MADT) for SMP configuration information
[    0.024884] ACPI: HPET id: 0x8086a201 base: 0xfed00000
[    0.025244] TSC deadline timer available
[    0.025521] CPU topo: Max. logical packages:   1
[    0.025845] CPU topo: Max. logical dies:       1
[    0.026168] CPU topo: Max. dies per package:   1
[    0.026493] CPU topo: Max. threads per core:   1
[    0.026817] CPU topo: Num. cores per package:    32
[    0.027159] CPU topo: Num. threads per package:  32
[    0.027501] CPU topo: Allowing 32 present CPUs plus 0 hotplug CPUs
[    0.027942] kvm-guest: APIC: eoi() replaced with kvm_guest_apic_eoi_write()
[    0.028437] kvm-guest: KVM setup pv remote TLB flush
[    0.028790] kvm-guest: setup PV sched yield
[    0.029086] PM: hibernation: Registered nosave memory: [mem 0x00000000-0x00000fff]
[    0.029618] PM: hibernation: Registered nosave memory: [mem 0x0009f000-0x0009ffff]
[    0.030150] PM: hibernation: Registered nosave memory: [mem 0x000a0000-0x000effff]
[    0.030681] PM: hibernation: Registered nosave memory: [mem 0x000f0000-0x000fffff]
[    0.031214] [mem 0x40000000-0xfeffbfff] available for PCI devices
[    0.031642] Booting paravirtualized kernel on KVM
[    0.031972] clocksource: refined-jiffies: mask: 0xffffffff max_cycles: 0xffffffff, max_idle_ns: 1910969940391419 ns
[    0.035458] setup_percpu: NR_CPUS:64 nr_cpumask_bits:32 nr_cpu_ids:32 nr_node_ids:1
[    0.036588] percpu: Embedded 58 pages/cpu s198552 r8192 d30824 u262144
[    0.037082] Kernel command line: virtme_hostname=virtme-ng nr_open=1048576 virtme_link_mods=/nipa-data/kernel/.virtme_mods/lib/modules/0.0.0 virtme_initmount0=nipa-data/kernel virtme_rw_overlay0=/etc virtme_rw_overlay1=/lib virtme_rw_overlay2=/home virtme_rw_overlay3=/opt virtme_rw_overlay4=/srv virtme_rw_overlay5=/usr virtme_rw_overlay6=/var console=hvc0 earlyprintk=serial,ttyS0,115200 virtme_console=ttyS0 psmouse.proto=exps TERM=xterm virtme_chdir=nipa-data/kernel virtme_root_user=1 rootfstype=9p rootflags=version=9p2000.L,trans=virtio,access=any raid=noautodetect ro init=/usr/lib/python3/dist-packages/virtme/guest/virtme-init
[    0.041185] Unknown kernel command line parameters "virtme_hostname=virtme-ng nr_open=1048576 virtme_link_mods=/nipa-data/kernel/.virtme_mods/lib/modules/0.0.0 virtme_initmount0=nipa-data/kernel virtme_rw_overlay0=/etc virtme_rw_overlay1=/lib virtme_rw_overlay2=/home virtme_rw_overlay3=/opt virtme_rw_overlay4=/srv virtme_rw_overlay5=/usr virtme_rw_overlay6=/var virtme_console=ttyS0 virtme_chdir=nipa-data/kernel virtme_root_user=1", will be passed to user space.
[    0.044320] random: crng init done
[    0.044593] Dentry cache hash table entries: 131072 (order: 8, 1048576 bytes, linear)
[    0.045179] Inode-cache hash table entries: 65536 (order: 7, 524288 bytes, linear)
[    0.045808] Fallback order for Node 0: 0 
[    0.045811] Built 1 zonelists, mobility grouping on.  Total pages: 262014
[    0.046589] Policy zone: DMA32
[    0.046809] mem auto-init: stack:all(zero), heap alloc:off, heap free:off
[    0.047877] SLUB: HWalign=64, Order=0-3, MinObjects=0, CPUs=32, Nodes=1
Poking KASLR using RDRAND RDTSC...
[    0.048597] ftrace: allocating 48492 entries in 190 pages
[    0.055448] ftrace: allocated 190 pages with 6 groups
[    0.056387] Dynamic Preempt: voluntary
[    0.056792] rcu: Preemptible hierarchical RCU implementation.
[    0.057207] rcu: RCU event tracing is enabled.
[    0.057531] rcu: RCU restricting CPUs from NR_CPUS=64 to nr_cpu_ids=32.
[    0.058013] Trampoline variant of Tasks RCU enabled.
[    0.058375] Rude variant of Tasks RCU enabled.
[    0.058700] Tracing variant of Tasks RCU enabled.
[    0.059044] rcu: RCU calculated value of scheduler-enlistment delay is 100 jiffies.
[    0.059593] rcu: Adjusting geometry for rcu_fanout_leaf=16, nr_cpu_ids=32
[    0.060095] RCU Tasks: Setting shift to 5 and lim to 1 rcu_task_cb_adjust=1 rcu_task_cpu_ids=32.
[    0.060730] RCU Tasks Rude: Setting shift to 5 and lim to 1 rcu_task_cb_adjust=1 rcu_task_cpu_ids=32.
[    0.061399] RCU Tasks Trace: Setting shift to 5 and lim to 1 rcu_task_cb_adjust=1 rcu_task_cpu_ids=32.
[    0.063461] NR_IRQS: 4352, nr_irqs: 680, preallocated irqs: 16
[    0.064044] rcu: srcu_init: Setting srcu_struct sizes based on contention.
[    0.064672] Console: colour *CGA 80x25
[    0.064953] ACPI: Core revision 20240827
[    0.065299] clocksource: hpet: mask: 0xffffffff max_cycles: 0xffffffff, max_idle_ns: 19112604467 ns
[    0.066004] APIC: Switch to symmetric I/O mode setup
[    0.066371] kvm-guest: APIC: send_IPI_mask() replaced with kvm_send_ipi_mask()
[    0.066887] kvm-guest: APIC: send_IPI_mask_allbutself() replaced with kvm_send_ipi_mask_allbutself()
[    0.067515] kvm-guest: setup PV IPIs
[    0.068519] ..TIMER: vector=0x30 apic1=0 pin1=2 apic2=-1 pin2=-1
[    0.069305] clocksource: tsc-early: mask: 0xffffffffffffffff max_cycles: 0x40be400eb43, max_idle_ns: 440795366972 ns
[    0.070638] Calibrating delay loop (skipped) preset value.. 8983.11 BogoMIPS (lpj=4491556)
[    0.071696] x86/cpu: User Mode Instruction Prevention (UMIP) activated
[    0.072685] Last level iTLB entries: 4KB 512, 2MB 255, 4MB 127
[    0.073637] Last level dTLB entries: 4KB 512, 2MB 255, 4MB 127, 1GB 0
[    0.074641] Spectre V1 : Mitigation: usercopy/swapgs barriers and __user pointer sanitization
[    0.075640] Spectre V2 : Mitigation: Enhanced / Automatic IBRS
[    0.076368] Spectre V2 : Spectre v2 / SpectreRSB mitigation: Filling RSB on context switch
[    0.076638] Spectre V2 : mitigation: Enabling conditional Indirect Branch Prediction Barrier
[    0.077638] Speculative Store Bypass: Mitigation: Speculative Store Bypass disabled via prctl
[    0.078637] Speculative Return Stack Overflow: IBPB-extending microcode not applied!
[    0.079637] Speculative Return Stack Overflow: WARNING: See https://kernel.org/doc/html/latest/admin-guide/hw-vuln/srso.html for mitigation options.
[    0.079637] Speculative Return Stack Overflow: Vulnerable: Safe RET, no microcode
[    0.081651] x86/fpu: Supporting XSAVE feature 0x001: 'x87 floating point registers'
[    0.082637] x86/fpu: Supporting XSAVE feature 0x002: 'SSE registers'
[    0.083637] x86/fpu: Supporting XSAVE feature 0x004: 'AVX registers'
[    0.084637] x86/fpu: Supporting XSAVE feature 0x020: 'AVX-512 opmask'
[    0.085637] x86/fpu: Supporting XSAVE feature 0x040: 'AVX-512 Hi256'
[    0.086417] x86/fpu: Supporting XSAVE feature 0x080: 'AVX-512 ZMM_Hi256'
[    0.086637] x86/fpu: Supporting XSAVE feature 0x200: 'Protection Keys User registers'
[    0.087637] x86/fpu: xstate_offset[2]:  576, xstate_sizes[2]:  256
[    0.088637] x86/fpu: xstate_offset[5]:  832, xstate_sizes[5]:   64
[    0.089637] x86/fpu: xstate_offset[6]:  896, xstate_sizes[6]:  512
[    0.090637] x86/fpu: xstate_offset[7]: 1408, xstate_sizes[7]: 1024
[    0.091394] x86/fpu: xstate_offset[9]: 2432, xstate_sizes[9]:    8
[    0.091637] x86/fpu: Enabled xstate features 0x2e7, context size is 2440 bytes, using 'compacted' format.
[    0.107435] Freeing SMP alternatives memory: 40K
[    0.107638] pid_max: default: 32768 minimum: 301
[    0.108224] Mount-cache hash table entries: 2048 (order: 2, 16384 bytes, linear)
[    0.108637] Mountpoint-cache hash table entries: 2048 (order: 2, 16384 bytes, linear)
[    0.109791] smpboot: CPU0: AMD Ryzen 9 7950X 16-Core Processor (family: 0x19, model: 0x61, stepping: 0x2)
[    0.110745] Performance Events: Fam17h+ core perfctr, AMD PMU driver.
[    0.111563] ... version:                0
[    0.111639] ... bit width:              48
[    0.112140] ... generic registers:      6
[    0.112630] ... value mask:             0000ffffffffffff
[    0.112638] ... max period:             00007fffffffffff
[    0.113289] ... fixed-purpose events:   0
[    0.113638] ... event mask:             000000000000003f
[    0.114368] signal: max sigframe size: 3376
[    0.114654] rcu: Hierarchical SRCU implementation.
[    0.115241] rcu: Max phase no-delay instances is 400.
[    0.115659] Timer migration: 2 hierarchy levels; 8 children per group; 2 crossnode level
[    0.118700] smp: Bringing up secondary CPUs ...
[    0.119304] smpboot: x86: Booting SMP configuration:
[    0.119640] .... node  #0, CPUs:        #1  #2  #3  #4  #5  #6  #7  #8  #9 #10 #11 #12 #13 #14 #15 #16 #17 #18 #19 #20 #21 #22 #23 #24 #25 #26 #27 #28 #29 #30 #31
[    0.139729] smp: Brought up 1 node, 32 CPUs
[    0.141156] smpboot: Total of 32 processors activated (287459.58 BogoMIPS)
[    0.143654] Memory: 970444K/1048056K available (16384K kernel code, 2449K rwdata, 6284K rodata, 3128K init, 1856K bss, 63188K reserved, 0K cma-reserved)
[    0.144754] devtmpfs: initialized
[    0.145070] x86/mm: Memory block size: 128MB
[    0.146327] clocksource: jiffies: mask: 0xffffffff max_cycles: 0xffffffff, max_idle_ns: 1911260446275000 ns
[    0.146640] futex hash table entries: 8192 (order: 7, 524288 bytes, linear)
[    0.147568] PM: RTC time: 06:07:04, date: 2024-11-16
[    0.147973] NET: Registered PF_NETLINK/PF_ROUTE protocol family
[    0.148760] thermal_sys: Registered thermal governor 'step_wise'
[    0.148761] thermal_sys: Registered thermal governor 'user_space'
[    0.149518] cpuidle: using governor menu
[    0.150822] PCI: Using configuration type 1 for base access
[    0.151639] PCI: Using configuration type 1 for extended access
[    0.152444] kprobes: kprobe jump-optimization is enabled. All kprobes are optimized if possible.
[    0.158851] HugeTLB: registered 1.00 GiB page size, pre-allocated 0 pages
[    0.159639] HugeTLB: 16380 KiB vmemmap can be freed for a 1.00 GiB page
[    0.160442] HugeTLB: registered 2.00 MiB page size, pre-allocated 0 pages
[    0.161638] HugeTLB: 28 KiB vmemmap can be freed for a 2.00 MiB page
[    0.163952] ACPI: Added _OSI(Module Device)
[    0.164469] ACPI: Added _OSI(Processor Device)
[    0.164639] ACPI: Added _OSI(3.0 _SCP Extensions)
[    0.165211] ACPI: Added _OSI(Processor Aggregator Device)
[    0.167308] ACPI: 1 ACPI AML tables successfully acquired and loaded
[    0.168784] ACPI: Interpreter enabled
[    0.169100] ACPI: PM: (supports S0 S3 S4 S5)
[    0.169613] ACPI: Using IOAPIC for interrupt routing
[    0.170645] PCI: Using host bridge windows from ACPI; if necessary, use "pci=nocrs" and report a bug
[    0.171638] PCI: Using E820 reservations for host bridge windows
[    0.172443] ACPI: Enabled 2 GPEs in block 00 to 0F
[    0.175136] ACPI: PCI Root Bridge [PCI0] (domain 0000 [bus 00-ff])
[    0.175641] acpi PNP0A03:00: _OSC: OS supports [ExtendedConfig ASPM ClockPM Segments MSI HPX-Type3]
[    0.176725] PCI host bridge to bus 0000:00
[    0.177217] pci_bus 0000:00: root bus resource [io  0x0000-0x0cf7 window]
[    0.178639] pci_bus 0000:00: root bus resource [io  0x0d00-0xffff window]
[    0.179456] pci_bus 0000:00: root bus resource [mem 0x000a0000-0x000bffff window]
[    0.180639] pci_bus 0000:00: root bus resource [mem 0x40000000-0xfebfffff window]
[    0.181536] pci_bus 0000:00: root bus resource [mem 0x100000000-0x17fffffff window]
[    0.181639] pci_bus 0000:00: root bus resource [bus 00-ff]
[    0.182376] pci 0000:00:00.0: [8086:1237] type 00 class 0x060000 conventional PCI endpoint
[    0.183863] pci 0000:00:01.0: [8086:7000] type 00 class 0x060100 conventional PCI endpoint
[    0.184925] pci 0000:00:01.1: [8086:7010] type 00 class 0x010180 conventional PCI endpoint
[    0.188327] pci 0000:00:01.1: BAR 4 [io  0xc0c0-0xc0cf]
[    0.188955] pci 0000:00:01.1: BAR 0 [io  0x01f0-0x01f7]: legacy IDE quirk
[    0.189639] pci 0000:00:01.1: BAR 1 [io  0x03f6]: legacy IDE quirk
[    0.190381] pci 0000:00:01.1: BAR 2 [io  0x0170-0x0177]: legacy IDE quirk
[    0.191638] pci 0000:00:01.1: BAR 3 [io  0x0376]: legacy IDE quirk
[    0.192468] pci 0000:00:01.3: [8086:7113] type 00 class 0x068000 conventional PCI endpoint
[    0.193853] pci 0000:00:01.3: quirk: [io  0x0600-0x063f] claimed by PIIX4 ACPI
[    0.194642] pci 0000:00:01.3: quirk: [io  0x0700-0x070f] claimed by PIIX4 SMB
[    0.195642] pci 0000:00:02.0: [1af4:1009] type 00 class 0x000200 conventional PCI endpoint
[    0.197046] pci 0000:00:02.0: BAR 0 [io  0xc000-0xc03f]
[    0.198442] pci 0000:00:02.0: BAR 1 [mem 0xfebfc000-0xfebfcfff]
[    0.200639] pci 0000:00:02.0: BAR 4 [mem 0xfebf0000-0xfebf3fff 64bit pref]
[    0.202736] pci 0000:00:03.0: [1af4:1009] type 00 class 0x000200 conventional PCI endpoint
[    0.205580] pci 0000:00:03.0: BAR 0 [io  0xc040-0xc07f]
[    0.206527] pci 0000:00:03.0: BAR 1 [mem 0xfebfd000-0xfebfdfff]
[    0.209983] pci 0000:00:03.0: BAR 4 [mem 0xfebf4000-0xfebf7fff 64bit pref]
[    0.211440] pci 0000:00:04.0: [8086:25ab] type 00 class 0x088000 conventional PCI endpoint
[    0.212815] pci 0000:00:04.0: BAR 0 [mem 0xfebfe000-0xfebfe00f]
[    0.214742] pci 0000:00:05.0: [1af4:1003] type 00 class 0x078000 conventional PCI endpoint
[    0.216027] pci 0000:00:05.0: BAR 0 [io  0xc080-0xc0bf]
[    0.216956] pci 0000:00:05.0: BAR 1 [mem 0xfebff000-0xfebfffff]
[    0.220524] pci 0000:00:05.0: BAR 4 [mem 0xfebf8000-0xfebfbfff 64bit pref]
[    0.222660] ACPI: PCI: Interrupt link LNKA configured for IRQ 10
[    0.223500] ACPI: PCI: Interrupt link LNKB configured for IRQ 10
[    0.224733] ACPI: PCI: Interrupt link LNKC configured for IRQ 11
[    0.225555] ACPI: PCI: Interrupt link LNKD configured for IRQ 11
[    0.226706] ACPI: PCI: Interrupt link LNKS configured for IRQ 9
[    0.228237] iommu: Default domain type: Translated
[    0.228639] iommu: DMA domain TLB invalidation policy: lazy mode
[    0.229419] SCSI subsystem initialized
[    0.229670] pps_core: LinuxPPS API ver. 1 registered
[    0.230274] pps_core: Software ver. 5.3.6 - Copyright 2005-2007 Rodolfo Giometti <giometti@linux.it>
[    0.231640] PTP clock support registered
[    0.232130] Advanced Linux Sound Architecture Driver Initialized.
[    0.232906] NET: Registered PF_ATMPVC protocol family
[    0.233524] NET: Registered PF_ATMSVC protocol family
[    0.234644] PCI: Using ACPI for IRQ routing
[    0.235230] vgaarb: loaded
[    0.235659] hpet0: at MMIO 0xfed00000, IRQs 2, 8, 0
[    0.236254] hpet0: 3 comparators, 64-bit 100.000000 MHz counter
[    0.241948] clocksource: Switched to clocksource kvm-clock
[    0.242513] VFS: Disk quotas dquot_6.6.0
[    0.243001] VFS: Dquot-cache hash table entries: 512 (order 0, 4096 bytes)
[    0.243892] pnp: PnP ACPI init
[    0.244443] pnp: PnP ACPI: found 5 devices
[    0.251421] clocksource: acpi_pm: mask: 0xffffff max_cycles: 0xffffff, max_idle_ns: 2085701024 ns
[    0.252519] NET: Registered PF_INET protocol family
[    0.253142] IP idents hash table entries: 16384 (order: 5, 131072 bytes, linear)
[    0.254192] tcp_listen_portaddr_hash hash table entries: 512 (order: 1, 8192 bytes, linear)
[    0.255218] Table-perturb hash table entries: 65536 (order: 6, 262144 bytes, linear)
[    0.256167] TCP established hash table entries: 8192 (order: 4, 65536 bytes, linear)
[    0.257215] TCP bind hash table entries: 8192 (order: 6, 262144 bytes, linear)
[    0.258100] TCP: Hash tables configured (established 8192 bind 8192)
[    0.258900] UDP hash table entries: 512 (order: 3, 32768 bytes, linear)
[    0.259713] UDP-Lite hash table entries: 512 (order: 3, 32768 bytes, linear)
[    0.260604] NET: Registered PF_UNIX/PF_LOCAL protocol family
[    0.261304] pci_bus 0000:00: resource 4 [io  0x0000-0x0cf7 window]
[    0.262056] pci_bus 0000:00: resource 5 [io  0x0d00-0xffff window]
[    0.262816] pci_bus 0000:00: resource 6 [mem 0x000a0000-0x000bffff window]
[    0.263659] pci_bus 0000:00: resource 7 [mem 0x40000000-0xfebfffff window]
[    0.264502] pci_bus 0000:00: resource 8 [mem 0x100000000-0x17fffffff window]
[    0.265386] pci 0000:00:01.0: PIIX3: Enabling Passive Release
[    0.266092] pci 0000:00:00.0: Limiting direct PCI/PCI transfers
[    0.266854] PCI: CLS 0 bytes, default 64
[    0.267380] kvm_intel: VMX not supported by CPU 30
[    0.267976] kvm_amd: TSC scaling supported
[    0.268482] kvm_amd: Nested Virtualization enabled
[    0.269065] kvm_amd: Nested Paging enabled
[    0.269570] kvm_amd: LBR virtualization supported
[    0.270193] kvm_amd: Virtual VMLOAD VMSAVE supported
[    0.270797] kvm_amd: Virtual GIF supported
[    0.271474] kvm_amd: Virtual NMI enabled
[    0.309599] clocksource: tsc: mask: 0xffffffffffffffff max_cycles: 0x40be400eb43, max_idle_ns: 440795366972 ns
[    0.316749] Initialise system trusted keyrings
[    0.317381] workingset: timestamp_bits=56 max_order=18 bucket_order=0
[    0.318216] squashfs: version 4.0 (2009/01/31) Phillip Lougher
[    0.318945] fuse: init (API version 7.41)
[    0.319487] 9p: Installing v9fs 9p2000 file system support
[    0.326417] Key type asymmetric registered
[    0.326926] Asymmetric key parser 'x509' registered
[    0.327544] Block layer SCSI generic (bsg) driver version 0.4 loaded (major 249)
[    0.328475] io scheduler mq-deadline registered
[    0.329039] io scheduler kyber registered
[    0.331419] input: Power Button as /devices/LNXSYSTM:00/LNXPWRBN:00/input/input0
[    0.332420] ACPI: button: Power Button [PWRF]
[    0.333388] Warning: Processor Platform Limit event detected, but not handled.
[    0.334300] Consider compiling CPUfreq support into your kernel.
[    0.351668] ACPI: \_SB_.LNKB: Enabled at IRQ 10
[    0.367159] ACPI: \_SB_.LNKC: Enabled at IRQ 11
[    0.382582] ACPI: \_SB_.LNKA: Enabled at IRQ 10
[    0.383671] Serial: 8250/16550 driver, 4 ports, IRQ sharing enabled
[    0.384550] 00:03: ttyS0 at I/O 0x3f8 (irq = 4, base_baud = 115200) is a 16550A
[    0.404343] Non-volatile memory driver v1.3
[    0.404897] Linux agpgart interface v0.103
[    0.405413] printk: legacy console [hvc0] enabled
[    0.405448] ACPI: bus type drm_connector registered
[    0.405998] printk: legacy bootconsole [earlyser0] disabled
          _      _                                    
   __   _(_)_ __| |_ _ __ ___   ___       _ __   __ _ 
   \ \ / / |  __| __|  _   _ \ / _ \_____|  _ \ / _  |
    \ V /| | |  | |_| | | | | |  __/_____| | | | (_| |
     \_/ |_|_|   \__|_| |_| |_|\___|     |_| |_|\__  |
                                                |___/ 
   kernel version: 6.12.0-rc7-virtme x86_64
   (CTRL+d to exit)

root@virtme-ng:/nipa-data/kernel# PS1='xx__-> '
xx__-> env
PWD=/nipa-data/kernel
nr_open=1048576
HOME=/
TERM=xterm
SHLVL=2
XDG_RUNTIME_DIR=/run/user/0
PATH=/bin:/sbin:/usr/bin:/usr/sbin:/usr/local/bin
OLDPWD=/
_=/bin/env
xx__-> 