No EFI environment detected.
early console in extract_kernel
input_data: 0x00000000029eb2b9
input_len: 0x0000000000b22dc6
output: 0x0000000001000000
output_len: 0x00000000024c841c
kernel_total_size: 0x0000000002230000
needed_size: 0x0000000002600000
trampoline_32bit: 0x0000000000000000
Physical KASLR using RDRAND RDTSC...
Virtual KASLR using RDRAND RDTSC...

Decompressing Linux... Parsing ELF... Performing relocations... done.
Booting the kernel (entry_offset: 0x0000000000000000).
[    0.000000] Linux version 6.9.0-rc5-virtme (root@9f03afb06912) (gcc (Alpine 13.2.1_git20240309) 13.2.1 20240309, GNU ld (GNU Binutils) 2.42) #1 SMP PREEMPT_DYNAMIC Fri Apr 26 03:06:11 UTC 2024
[    0.000000] Command line: virtme_hostname=virtme-ng nr_open=1048576 virtme_link_mods=/nipa-data/kernel/.virtme_mods/lib/modules/0.0.0 virtme_initmount0=nipa-data/kernel virtme_rw_overlay0=/etc virtme_rw_overlay1=/lib virtme_rw_overlay2=/home virtme_rw_overlay3=/opt virtme_rw_overlay4=/srv virtme_rw_overlay5=/usr virtme_rw_overlay6=/var console=hvc0 earlyprintk=serial,ttyS0,115200 virtme_console=ttyS0 psmouse.proto=exps TERM=xterm virtme_chdir=nipa-data/kernel virtme_root_user=1 rootfstype=9p rootflags=version=9p2000.L,trans=virtio,access=any raid=noautodetect ro init=/usr/lib/python3.12/site-packages/virtme/guest/virtme-init
[    0.000000] BIOS-provided physical RAM map:
[    0.000000] BIOS-e820: [mem 0x0000000000000000-0x000000000009fbff] usable
[    0.000000] BIOS-e820: [mem 0x000000000009fc00-0x000000000009ffff] reserved
[    0.000000] BIOS-e820: [mem 0x00000000000f0000-0x00000000000fffff] reserved
[    0.000000] BIOS-e820: [mem 0x0000000000100000-0x000000003ffdffff] usable
[    0.000000] BIOS-e820: [mem 0x000000003ffe0000-0x000000003fffffff] reserved
[    0.000000] BIOS-e820: [mem 0x00000000feffc000-0x00000000feffffff] reserved
[    0.000000] BIOS-e820: [mem 0x00000000fffc0000-0x00000000ffffffff] reserved
[    0.000000] BIOS-e820: [mem 0x000000fd00000000-0x000000ffffffffff] reserved
[    0.000000] printk: legacy bootconsole [earlyser0] enabled
[    0.000000] NX (Execute Disable) protection: active
[    0.000000] APIC: Static calls initialized
[    0.000000] SMBIOS 3.0.0 present.
[    0.000000] DMI: QEMU Standard PC (i440FX + PIIX, 1996), BIOS rel-1.16.3-0-ga6ed6b701f0a-prebuilt.qemu.org 04/01/2014
[    0.000000] Hypervisor detected: KVM
[    0.000000] kvm-clock: Using msrs 4b564d01 and 4b564d00
[    0.000000] kvm-clock: using sched offset of 255820774 cycles
[    0.000388] clocksource: kvm-clock: mask: 0xffffffffffffffff max_cycles: 0x1cd42e4dffb, max_idle_ns: 881590591483 ns
[    0.001603] tsc: Detected 4491.556 MHz processor
[    0.002200] last_pfn = 0x3ffe0 max_arch_pfn = 0x400000000
[    0.002624] MTRR map: 4 entries (3 fixed + 1 variable; max 19), built from 8 variable MTRRs
[    0.003232] x86/PAT: Configuration [0-7]: WB  WC  UC- UC  WB  WP  UC- WT  
Memory KASLR using RDRAND RDTSC...
[    0.005274] found SMP MP-table at [mem 0x000f5470-0x000f547f]
[    0.005718] Using GB pages for direct mapping
[    0.006082] ACPI: Early table checksum verification disabled
[    0.006503] ACPI: RSDP 0x00000000000F5290 000014 (v00 BOCHS )
[    0.006921] ACPI: RSDT 0x000000003FFE27BC 000034 (v01 BOCHS  BXPC     00000001 BXPC 00000001)
[    0.007591] ACPI: FACP 0x000000003FFE2578 000074 (v01 BOCHS  BXPC     00000001 BXPC 00000001)
[    0.008336] ACPI: DSDT 0x000000003FFE0040 002538 (v01 BOCHS  BXPC     00000001 BXPC 00000001)
[    0.009093] ACPI: FACS 0x000000003FFE0000 000040
[    0.009502] ACPI: APIC 0x000000003FFE25EC 000170 (v03 BOCHS  BXPC     00000001 BXPC 00000001)
[    0.010245] ACPI: HPET 0x000000003FFE275C 000038 (v01 BOCHS  BXPC     00000001 BXPC 00000001)
[    0.010988] ACPI: WAET 0x000000003FFE2794 000028 (v01 BOCHS  BXPC     00000001 BXPC 00000001)
[    0.011737] ACPI: Reserving FACP table memory at [mem 0x3ffe2578-0x3ffe25eb]
[    0.012350] ACPI: Reserving DSDT table memory at [mem 0x3ffe0040-0x3ffe2577]
[    0.012965] ACPI: Reserving FACS table memory at [mem 0x3ffe0000-0x3ffe003f]
[    0.013580] ACPI: Reserving APIC table memory at [mem 0x3ffe25ec-0x3ffe275b]
[    0.014191] ACPI: Reserving HPET table memory at [mem 0x3ffe275c-0x3ffe2793]
[    0.014806] ACPI: Reserving WAET table memory at [mem 0x3ffe2794-0x3ffe27bb]
[    0.015598] No NUMA configuration found
[    0.015930] Faking a node at [mem 0x0000000000000000-0x000000003ffdffff]
[    0.016515] NODE_DATA(0) allocated [mem 0x3ffdb000-0x3ffdffff]
[    0.017032] Zone ranges:
[    0.017256]   DMA      [mem 0x0000000000001000-0x0000000000ffffff]
[    0.017795]   DMA32    [mem 0x0000000001000000-0x000000003ffdffff]
[    0.018333]   Normal   empty
[    0.018584]   Device   empty
[    0.018834] Movable zone start for each node
[    0.019209] Early memory node ranges
[    0.019522]   node   0: [mem 0x0000000000001000-0x000000000009efff]
[    0.020067]   node   0: [mem 0x0000000000100000-0x000000003ffdffff]
[    0.020614] Initmem setup node 0 [mem 0x0000000000001000-0x000000003ffdffff]
[    0.021229] On node 0, zone DMA: 1 pages in unavailable ranges
[    0.021749] On node 0, zone DMA: 97 pages in unavailable ranges
[    0.023432] On node 0, zone DMA32: 32 pages in unavailable ranges
[    0.024203] ACPI: PM-Timer IO Port: 0x608
[    0.024560] ACPI: LAPIC_NMI (acpi_id[0xff] dfl dfl lint[0x1])
[    0.025080] IOAPIC[0]: apic_id 0, version 17, address 0xfec00000, GSI 0-23
[    0.025684] ACPI: INT_SRC_OVR (bus 0 bus_irq 0 global_irq 2 dfl dfl)
[    0.026238] ACPI: INT_SRC_OVR (bus 0 bus_irq 5 global_irq 5 high level)
[    0.026816] ACPI: INT_SRC_OVR (bus 0 bus_irq 9 global_irq 9 high level)
[    0.027397] ACPI: INT_SRC_OVR (bus 0 bus_irq 10 global_irq 10 high level)
[    0.027989] ACPI: INT_SRC_OVR (bus 0 bus_irq 11 global_irq 11 high level)
[    0.028582] ACPI: Using ACPI (MADT) for SMP configuration information
[    0.029143] ACPI: HPET id: 0x8086a201 base: 0xfed00000
[    0.029592] TSC deadline timer available
[    0.029935] CPU topo: Max. logical packages:   1
[    0.030336] CPU topo: Max. logical dies:       1
[    0.030739] CPU topo: Max. dies per package:   1
[    0.031146] CPU topo: Max. threads per core:   1
[    0.031549] CPU topo: Num. cores per package:    32
[    0.031974] CPU topo: Num. threads per package:  32
[    0.032399] CPU topo: Allowing 32 present CPUs plus 0 hotplug CPUs
[    0.032948] kvm-guest: APIC: eoi() replaced with kvm_guest_apic_eoi_write()
[    0.033565] kvm-guest: KVM setup pv remote TLB flush
[    0.033999] kvm-guest: setup PV sched yield
[    0.034367] PM: hibernation: Registered nosave memory: [mem 0x00000000-0x00000fff]
[    0.035027] PM: hibernation: Registered nosave memory: [mem 0x0009f000-0x0009ffff]
[    0.035690] PM: hibernation: Registered nosave memory: [mem 0x000a0000-0x000effff]
[    0.036348] PM: hibernation: Registered nosave memory: [mem 0x000f0000-0x000fffff]
[    0.037008] [mem 0x40000000-0xfeffbfff] available for PCI devices
[    0.037540] Booting paravirtualized kernel on KVM
[    0.037951] clocksource: refined-jiffies: mask: 0xffffffff max_cycles: 0xffffffff, max_idle_ns: 1910969940391419 ns
[    0.042013] setup_percpu: NR_CPUS:64 nr_cpumask_bits:32 nr_cpu_ids:32 nr_node_ids:1
[    0.043423] percpu: Embedded 58 pages/cpu s198952 r8192 d30424 u262144
[    0.044033] Kernel command line: virtme_hostname=virtme-ng nr_open=1048576 virtme_link_mods=/nipa-data/kernel/.virtme_mods/lib/modules/0.0.0 virtme_initmount0=nipa-data/kernel virtme_rw_overlay0=/etc virtme_rw_overlay1=/lib virtme_rw_overlay2=/home virtme_rw_overlay3=/opt virtme_rw_overlay4=/srv virtme_rw_overlay5=/usr virtme_rw_overlay6=/var console=hvc0 earlyprintk=serial,ttyS0,115200 virtme_console=ttyS0 psmouse.proto=exps TERM=xterm virtme_chdir=nipa-data/kernel virtme_root_user=1 rootfstype=9p rootflags=version=9p2000.L,trans=virtio,access=any raid=noautodetect ro init=/usr/lib/python3.12/site-packages/virtme/guest/virtme-init
[    0.049203] Unknown kernel command line parameters "virtme_hostname=virtme-ng nr_open=1048576 virtme_link_mods=/nipa-data/kernel/.virtme_mods/lib/modules/0.0.0 virtme_initmount0=nipa-data/kernel virtme_rw_overlay0=/etc virtme_rw_overlay1=/lib virtme_rw_overlay2=/home virtme_rw_overlay3=/opt virtme_rw_overlay4=/srv virtme_rw_overlay5=/usr virtme_rw_overlay6=/var virtme_console=ttyS0 virtme_chdir=nipa-data/kernel virtme_root_user=1", will be passed to user space.
[    0.053066] random: crng init done
[    0.053408] Dentry cache hash table entries: 131072 (order: 8, 1048576 bytes, linear)
[    0.054132] Inode-cache hash table entries: 65536 (order: 7, 524288 bytes, linear)
[    0.054909] Fallback order for Node 0: 0 
[    0.054912] Built 1 zonelists, mobility grouping on.  Total pages: 257760
[    0.055895] Policy zone: DMA32
[    0.056173] mem auto-init: stack:all(zero), heap alloc:off, heap free:off
[    0.057646] Memory: 986620K/1048056K available (16384K kernel code, 2403K rwdata, 6104K rodata, 3052K init, 2108K bss, 61176K reserved, 0K cma-reserved)
[    0.058916] SLUB: HWalign=64, Order=0-3, MinObjects=0, CPUs=32, Nodes=1
Poking KASLR using RDRAND RDTSC...
[    0.059825] ftrace: allocating 47573 entries in 186 pages
[    0.066914] ftrace: allocated 186 pages with 5 groups
[    0.067919] Dynamic Preempt: voluntary
[    0.068339] rcu: Preemptible hierarchical RCU implementation.
[    0.068784] rcu: RCU event tracing is enabled.
[    0.069124] rcu: RCU restricting CPUs from NR_CPUS=64 to nr_cpu_ids=32.
[    0.069653] Trampoline variant of Tasks RCU enabled.
[    0.070031] Rude variant of Tasks RCU enabled.
[    0.070375] Tracing variant of Tasks RCU enabled.
[    0.070737] rcu: RCU calculated value of scheduler-enlistment delay is 100 jiffies.
[    0.071313] rcu: Adjusting geometry for rcu_fanout_leaf=16, nr_cpu_ids=32
[    0.071839] RCU Tasks: Setting shift to 5 and lim to 1 rcu_task_cb_adjust=1.
[    0.072372] RCU Tasks Rude: Setting shift to 5 and lim to 1 rcu_task_cb_adjust=1.
[    0.072942] RCU Tasks Trace: Setting shift to 5 and lim to 1 rcu_task_cb_adjust=1.
[    0.074908] NR_IRQS: 4352, nr_irqs: 680, preallocated irqs: 16
[    0.075524] rcu: srcu_init: Setting srcu_struct sizes based on contention.
[    0.076175] Console: colour *CGA 80x25
[    0.076480] ACPI: Core revision 20230628
[    0.076839] clocksource: hpet: mask: 0xffffffff max_cycles: 0xffffffff, max_idle_ns: 19112604467 ns
[    0.077592] APIC: Switch to symmetric I/O mode setup
[    0.077974] APIC: Switched APIC routing to: physical flat
[    0.078378] kvm-guest: APIC: send_IPI_mask() replaced with kvm_send_ipi_mask()
[    0.078914] kvm-guest: APIC: send_IPI_mask_allbutself() replaced with kvm_send_ipi_mask_allbutself()
[    0.079620] kvm-guest: setup PV IPIs
[    0.080667] ..TIMER: vector=0x30 apic1=0 pin1=2 apic2=-1 pin2=-1
[    0.081480] tsc: Marking TSC unstable due to TSCs unsynchronized
[    0.082275] Calibrating delay loop (skipped) preset value.. 8983.11 BogoMIPS (lpj=4491556)
[    0.083345] x86/cpu: User Mode Instruction Prevention (UMIP) activated
[    0.084324] Last level iTLB entries: 4KB 512, 2MB 255, 4MB 127
[    0.085274] Last level dTLB entries: 4KB 512, 2MB 255, 4MB 127, 1GB 0
[    0.086278] Spectre V1 : Mitigation: usercopy/swapgs barriers and __user pointer sanitization
[    0.087278] Spectre V2 : Mitigation: Enhanced / Automatic IBRS
[    0.088274] Spectre V2 : Spectre v2 / SpectreRSB mitigation: Filling RSB on context switch
[    0.089276] Spectre V2 : mitigation: Enabling conditional Indirect Branch Prediction Barrier
[    0.090276] Speculative Store Bypass: Mitigation: Speculative Store Bypass disabled via prctl
[    0.091274] Speculative Return Stack Overflow: IBPB-extending microcode not applied!
[    0.092274] Speculative Return Stack Overflow: WARNING: See https://kernel.org/doc/html/latest/admin-guide/hw-vuln/srso.html for mitigation options.
[    0.092275] Speculative Return Stack Overflow: Vulnerable: Safe RET, no microcode
[    0.094289] x86/fpu: Supporting XSAVE feature 0x001: 'x87 floating point registers'
[    0.095274] x86/fpu: Supporting XSAVE feature 0x002: 'SSE registers'
[    0.096274] x86/fpu: Supporting XSAVE feature 0x004: 'AVX registers'
[    0.097274] x86/fpu: Supporting XSAVE feature 0x020: 'AVX-512 opmask'
[    0.098274] x86/fpu: Supporting XSAVE feature 0x040: 'AVX-512 Hi256'
[    0.099092] x86/fpu: Supporting XSAVE feature 0x080: 'AVX-512 ZMM_Hi256'
[    0.099274] x86/fpu: Supporting XSAVE feature 0x200: 'Protection Keys User registers'
[    0.100275] x86/fpu: xstate_offset[2]:  576, xstate_sizes[2]:  256
[    0.101274] x86/fpu: xstate_offset[5]:  832, xstate_sizes[5]:   64
[    0.102274] x86/fpu: xstate_offset[6]:  896, xstate_sizes[6]:  512
[    0.103274] x86/fpu: xstate_offset[7]: 1408, xstate_sizes[7]: 1024
[    0.104274] x86/fpu: xstate_offset[9]: 2432, xstate_sizes[9]:    8
[    0.105086] x86/fpu: Enabled xstate features 0x2e7, context size is 2440 bytes, using 'compacted' format.
[    0.121178] Freeing SMP alternatives memory: 40K
[    0.121275] pid_max: default: 32768 minimum: 301
[    0.122307] Mount-cache hash table entries: 2048 (order: 2, 16384 bytes, linear)
[    0.123276] Mountpoint-cache hash table entries: 2048 (order: 2, 16384 bytes, linear)
[    0.125464] smpboot: CPU0: AMD Ryzen 9 7950X 16-Core Processor (family: 0x19, model: 0x61, stepping: 0x2)
[    0.126416] Performance Events: Fam17h+ core perfctr, AMD PMU driver.
[    0.127279] ... version:                0
[    0.127924] ... bit width:              48
[    0.128276] ... generic registers:      6
[    0.128925] ... value mask:             0000ffffffffffff
[    0.129276] ... max period:             00007fffffffffff
[    0.130134] ... fixed-purpose events:   0
[    0.130276] ... event mask:             000000000000003f
[    0.131231] signal: max sigframe size: 3376
[    0.131299] rcu: Hierarchical SRCU implementation.
[    0.132070] rcu: Max phase no-delay instances is 400.
[    0.135023] smp: Bringing up secondary CPUs ...
[    0.135342] smpboot: x86: Booting SMP configuration:
[    0.136145] .... node  #0, CPUs:        #1  #2  #3  #4  #5  #6  #7  #8  #9 #10 #11 #12 #13 #14 #15 #16 #17 #18 #19 #20 #21 #22 #23 #24 #25 #26 #27 #28 #29 #30 #31
[    0.154486] smp: Brought up 1 node, 32 CPUs
[    0.156011] smpboot: Total of 32 processors activated (287459.58 BogoMIPS)
[    0.158356] devtmpfs: initialized
[    0.159309] x86/mm: Memory block size: 128MB
[    0.161180] clocksource: jiffies: mask: 0xffffffff max_cycles: 0xffffffff, max_idle_ns: 1911260446275000 ns
[    0.161280] futex hash table entries: 8192 (order: 7, 524288 bytes, linear)
[    0.162369] PM: RTC time: 03:06:41, date: 2024-04-26
[    0.163664] NET: Registered PF_NETLINK/PF_ROUTE protocol family
[    0.164447] thermal_sys: Registered thermal governor 'step_wise'
[    0.164448] thermal_sys: Registered thermal governor 'user_space'
[    0.165289] cpuidle: using governor menu
[    0.167552] PCI: Using configuration type 1 for base access
[    0.168280] PCI: Using configuration type 1 for extended access
[    0.169363] kprobes: kprobe jump-optimization is enabled. All kprobes are optimized if possible.
[    0.186374] HugeTLB: registered 1.00 GiB page size, pre-allocated 0 pages
[    0.187277] HugeTLB: 16380 KiB vmemmap can be freed for a 1.00 GiB page
[    0.188277] HugeTLB: registered 2.00 MiB page size, pre-allocated 0 pages
[    0.189277] HugeTLB: 28 KiB vmemmap can be freed for a 2.00 MiB page
[    0.190163] Demotion targets for Node 0: null
[    0.190312] ACPI: Added _OSI(Module Device)
[    0.190872] ACPI: Added _OSI(Processor Device)
[    0.191277] ACPI: Added _OSI(3.0 _SCP Extensions)
[    0.191920] ACPI: Added _OSI(Processor Aggregator Device)
[    0.192987] ACPI: 1 ACPI AML tables successfully acquired and loaded
[    0.193892] ACPI: _OSC evaluation for CPUs failed, trying _PDC
[    0.194412] ACPI: Interpreter enabled
[    0.194926] ACPI: PM: (supports S0 S3 S4 S5)
[    0.195276] ACPI: Using IOAPIC for interrupt routing
[    0.195945] PCI: Using host bridge windows from ACPI; if necessary, use "pci=nocrs" and report a bug
[    0.196276] PCI: Using E820 reservations for host bridge windows
[    0.197167] ACPI: Enabled 2 GPEs in block 00 to 0F
[    0.199947] ACPI: PCI Root Bridge [PCI0] (domain 0000 [bus 00-ff])
[    0.200279] acpi PNP0A03:00: _OSC: OS supports [ExtendedConfig ASPM ClockPM Segments MSI HPX-Type3]
[    0.201369] PCI host bridge to bus 0000:00
[    0.201908] pci_bus 0000:00: root bus resource [io  0x0000-0x0cf7 window]
[    0.202276] pci_bus 0000:00: root bus resource [io  0x0d00-0xffff window]
[    0.203164] pci_bus 0000:00: root bus resource [mem 0x000a0000-0x000bffff window]
[    0.203276] pci_bus 0000:00: root bus resource [mem 0x40000000-0xfebfffff window]
[    0.204254] pci_bus 0000:00: root bus resource [mem 0x100000000-0x17fffffff window]
[    0.204276] pci_bus 0000:00: root bus resource [bus 00-ff]
[    0.205179] pci 0000:00:00.0: [8086:1237] type 00 class 0x060000 conventional PCI endpoint
[    0.205604] pci 0000:00:01.0: [8086:7000] type 00 class 0x060100 conventional PCI endpoint
[    0.206688] pci 0000:00:01.1: [8086:7010] type 00 class 0x010180 conventional PCI endpoint
[    0.210647] pci 0000:00:01.1: BAR 4 [io  0xc0c0-0xc0cf]
[    0.212686] pci 0000:00:01.1: BAR 0 [io  0x01f0-0x01f7]: legacy IDE quirk
[    0.213277] pci 0000:00:01.1: BAR 1 [io  0x03f6]: legacy IDE quirk
[    0.214277] pci 0000:00:01.1: BAR 2 [io  0x0170-0x0177]: legacy IDE quirk
[    0.215276] pci 0000:00:01.1: BAR 3 [io  0x0376]: legacy IDE quirk
[    0.216397] pci 0000:00:01.3: [8086:7113] type 00 class 0x068000 conventional PCI endpoint
[    0.217590] pci 0000:00:01.3: quirk: [io  0x0600-0x063f] claimed by PIIX4 ACPI
[    0.218282] pci 0000:00:01.3: quirk: [io  0x0700-0x070f] claimed by PIIX4 SMB
[    0.219491] pci 0000:00:02.0: [1af4:1009] type 00 class 0x000200 conventional PCI endpoint
[    0.222277] pci 0000:00:02.0: BAR 0 [io  0xc000-0xc03f]
[    0.224277] pci 0000:00:02.0: BAR 1 [mem 0xfebfc000-0xfebfcfff]
[    0.230277] pci 0000:00:02.0: BAR 4 [mem 0xfebf0000-0xfebf3fff 64bit pref]
[    0.232939] pci 0000:00:03.0: [1af4:1009] type 00 class 0x000200 conventional PCI endpoint
[    0.234277] pci 0000:00:03.0: BAR 0 [io  0xc040-0xc07f]
[    0.236024] pci 0000:00:03.0: BAR 1 [mem 0xfebfd000-0xfebfdfff]
[    0.240276] pci 0000:00:03.0: BAR 4 [mem 0xfebf4000-0xfebf7fff 64bit pref]
[    0.242551] pci 0000:00:04.0: [8086:25ab] type 00 class 0x088000 conventional PCI endpoint
[    0.243834] pci 0000:00:04.0: BAR 0 [mem 0xfebfe000-0xfebfe00f]
[    0.247598] pci 0000:00:05.0: [1af4:1003] type 00 class 0x078000 conventional PCI endpoint
[    0.249276] pci 0000:00:05.0: BAR 0 [io  0xc080-0xc0bf]
[    0.251006] pci 0000:00:05.0: BAR 1 [mem 0xfebff000-0xfebfffff]
[    0.254843] pci 0000:00:05.0: BAR 4 [mem 0xfebf8000-0xfebfbfff 64bit pref]
[    0.257059] ACPI: PCI: Interrupt link LNKA configured for IRQ 10
[    0.257389] ACPI: PCI: Interrupt link LNKB configured for IRQ 10
[    0.258296] ACPI: PCI: Interrupt link LNKC configured for IRQ 11
[    0.259226] ACPI: PCI: Interrupt link LNKD configured for IRQ 11
[    0.259363] ACPI: PCI: Interrupt link LNKS configured for IRQ 9
[    0.261318] iommu: Default domain type: Translated
[    0.262276] iommu: DMA domain TLB invalidation policy: lazy mode
[    0.263354] SCSI subsystem initialized
[    0.264025] pps_core: LinuxPPS API ver. 1 registered
[    0.264277] pps_core: Software ver. 5.3.6 - Copyright 2005-2007 Rodolfo Giometti <giometti@linux.it>
[    0.265278] PTP clock support registered
[    0.265967] Advanced Linux Sound Architecture Driver Initialized.
[    0.266745] NET: Registered PF_ATMPVC protocol family
[    0.267277] NET: Registered PF_ATMSVC protocol family
[    0.268144] PCI: Using ACPI for IRQ routing
[    0.268384] vgaarb: loaded
[    0.268751] hpet0: at MMIO 0xfed00000, IRQs 2, 8, 0
[    0.269277] hpet0: 3 comparators, 64-bit 100.000000 MHz counter
[    0.275093] clocksource: Switched to clocksource kvm-clock
[    0.275682] VFS: Disk quotas dquot_6.6.0
[    0.276381] VFS: Dquot-cache hash table entries: 512 (order 0, 4096 bytes)
[    0.277605] pnp: PnP ACPI init
[    0.279031] pnp: PnP ACPI: found 5 devices
[    0.286810] clocksource: acpi_pm: mask: 0xffffff max_cycles: 0xffffff, max_idle_ns: 2085701024 ns
[    0.288063] NET: Registered PF_INET protocol family
[    0.288748] IP idents hash table entries: 16384 (order: 5, 131072 bytes, linear)
[    0.289903] tcp_listen_portaddr_hash hash table entries: 512 (order: 1, 8192 bytes, linear)
[    0.291047] Table-perturb hash table entries: 65536 (order: 6, 262144 bytes, linear)
[    0.292123] TCP established hash table entries: 8192 (order: 4, 65536 bytes, linear)
[    0.293176] TCP bind hash table entries: 8192 (order: 6, 262144 bytes, linear)
[    0.294162] TCP: Hash tables configured (established 8192 bind 8192)
[    0.295149] UDP hash table entries: 512 (order: 2, 16384 bytes, linear)
[    0.296078] UDP-Lite hash table entries: 512 (order: 2, 16384 bytes, linear)
[    0.297061] NET: Registered PF_UNIX/PF_LOCAL protocol family
[    0.297843] pci_bus 0000:00: resource 4 [io  0x0000-0x0cf7 window]
[    0.298696] pci_bus 0000:00: resource 5 [io  0x0d00-0xffff window]
[    0.299544] pci_bus 0000:00: resource 6 [mem 0x000a0000-0x000bffff window]
[    0.300512] pci_bus 0000:00: resource 7 [mem 0x40000000-0xfebfffff window]
[    0.301445] pci_bus 0000:00: resource 8 [mem 0x100000000-0x17fffffff window]
[    0.302415] pci 0000:00:01.0: PIIX3: Enabling Passive Release
[    0.303193] pci 0000:00:00.0: Limiting direct PCI/PCI transfers
[    0.304031] PCI: CLS 0 bytes, default 64
[    0.304613] kvm_intel: VMX not supported by CPU 0
[    0.305257] kvm_amd: TSC scaling supported
[    0.305820] kvm_amd: Nested Virtualization enabled
[    0.306456] kvm_amd: Nested Paging enabled
[    0.307012] kvm_amd: Virtual VMLOAD VMSAVE supported
[    0.307685] kvm_amd: Virtual GIF supported
[    0.308223] kvm_amd: Virtual NMI enabled
[    0.308768] kvm_amd: LBR virtualization supported
[    0.407314] Initialise system trusted keyrings
[    0.408030] workingset: timestamp_bits=56 max_order=18 bucket_order=0
[    0.408953] squashfs: version 4.0 (2009/01/31) Phillip Lougher
[    0.409765] fuse: init (API version 7.40)
[    0.410360] 9p: Installing v9fs 9p2000 file system support
[    0.417999] Key type asymmetric registered
[    0.418563] Asymmetric key parser 'x509' registered
[    0.419254] Block layer SCSI generic (bsg) driver version 0.4 loaded (major 249)
[    0.420279] io scheduler mq-deadline registered
[    0.420893] io scheduler kyber registered
[    0.422501] input: Power Button as /devices/LNXSYSTM:00/LNXPWRBN:00/input/input0
[    0.423573] ACPI: button: Power Button [PWRF]
[    0.424186] Warning: Processor Platform Limit event detected, but not handled.
[    0.425174] Consider compiling CPUfreq support into your kernel.
[    0.443505] ACPI: \_SB_.LNKB: Enabled at IRQ 10
[    0.460991] ACPI: \_SB_.LNKC: Enabled at IRQ 11
[    0.478157] ACPI: \_SB_.LNKA: Enabled at IRQ 10
[    0.479404] Serial: 8250/16550 driver, 4 ports, IRQ sharing enabled
[    0.480348] 00:03: ttyS0 at I/O 0x3f8 (irq = 4, base_baud = 115200) is a 16550A
[    0.517810] Non-volatile memory driver v1.3
[    0.518415] Linux agpgart interface v0.103
[    0.518482] ACPI: bus type drm_connector registered
[    0.519661] printk: legacy console [hvc0] enabled
[    0.520299] printk: legacy bootconsole [earlyser0] disabled
          _      _                                    
   __   _(_)_ __| |_ _ __ ___   ___       _ __   __ _ 
   \ \ / / |  __| __|  _   _ \ / _ \_____|  _ \ / _  |
    \ V /| | |  | |_| | | | | |  __/_____| | | | (_| |
     \_/ |_|_|   \__|_| |_| |_|\___|     |_| |_|\__  |
                                                |___/ 
   kernel version: 6.9.0-rc5-virtme x86_64
   (CTRL+d to exit)

virtme-ng:/nipa-data/kernel# PS1='xx__-> '
xx__-> env
PWD=/nipa-data/kernel
nr_open=1048576
HOME=/root
TERM=xterm
SHLVL=2
XDG_RUNTIME_DIR=/run/user/0
PATH=/bin:/sbin:/usr/bin:/usr/sbin:/usr/local/bin
OLDPWD=/
_=/usr/bin/env
xx__-> 