No EFI environment detected.
early console in extract_kernel
input_data: 0x0000000002be52c4
input_len: 0x0000000000b6f301
output: 0x0000000001000000
output_len: 0x000000000270ce44
kernel_total_size: 0x0000000002430000
needed_size: 0x0000000002800000
trampoline_32bit: 0x0000000000000000
Physical KASLR using RDRAND RDTSC...
Virtual KASLR using RDRAND RDTSC...

Decompressing Linux... Parsing ELF... Performing relocations... done.
Booting the kernel (entry_offset: 0x0000000000000000).
[    0.000000] Linux version 6.12.0-rc5-virtme (root@7672e2f0f9c9) (gcc (Ubuntu 13.2.0-23ubuntu4) 13.2.0, GNU ld (GNU Binutils for Ubuntu) 2.42) #1 SMP PREEMPT_DYNAMIC Thu Nov  7 21:06:04 UTC 2024
[    0.000000] Command line: virtme_hostname=virtme-ng nr_open=1048576 virtme_link_mods=/nipa-data/kernel/.virtme_mods/lib/modules/0.0.0 virtme_initmount0=nipa-data/kernel virtme_rw_overlay0=/etc virtme_rw_overlay1=/lib virtme_rw_overlay2=/home virtme_rw_overlay3=/opt virtme_rw_overlay4=/srv virtme_rw_overlay5=/usr virtme_rw_overlay6=/var console=hvc0 earlyprintk=serial,ttyS0,115200 virtme_console=ttyS0 psmouse.proto=exps TERM=xterm virtme_chdir=nipa-data/kernel virtme_root_user=1 rootfstype=9p rootflags=version=9p2000.L,trans=virtio,access=any raid=noautodetect ro init=/usr/lib/python3/dist-packages/virtme/guest/virtme-init
[    0.000000] BIOS-provided physical RAM map:
[    0.000000] BIOS-e820: [mem 0x0000000000000000-0x000000000009fbff] usable
[    0.000000] BIOS-e820: [mem 0x000000000009fc00-0x000000000009ffff] reserved
[    0.000000] BIOS-e820: [mem 0x00000000000f0000-0x00000000000fffff] reserved
[    0.000000] BIOS-e820: [mem 0x0000000000100000-0x000000003ffdffff] usable
[    0.000000] BIOS-e820: [mem 0x000000003ffe0000-0x000000003fffffff] reserved
[    0.000000] BIOS-e820: [mem 0x00000000feffc000-0x00000000feffffff] reserved
[    0.000000] BIOS-e820: [mem 0x00000000fffc0000-0x00000000ffffffff] reserved
[    0.000000] BIOS-e820: [mem 0x000000fd00000000-0x000000ffffffffff] reserved
[    0.000000] printk: legacy bootconsole [earlyser0] enabled
[    0.000000] NX (Execute Disable) protection: active
[    0.000000] APIC: Static calls initialized
[    0.000000] SMBIOS 3.0.0 present.
[    0.000000] DMI: QEMU Ubuntu 24.04 PC (i440FX + PIIX, 1996), BIOS 1.16.3-debian-1.16.3-2 04/01/2014
[    0.000000] DMI: Memory slots populated: 1/1
[    0.000000] Hypervisor detected: KVM
[    0.000000] kvm-clock: Using msrs 4b564d01 and 4b564d00
[    0.000000] kvm-clock: using sched offset of 228933452 cycles
[    0.000342] clocksource: kvm-clock: mask: 0xffffffffffffffff max_cycles: 0x1cd42e4dffb, max_idle_ns: 881590591483 ns
[    0.001406] tsc: Detected 4491.560 MHz processor
[    0.001959] last_pfn = 0x3ffe0 max_arch_pfn = 0x400000000
[    0.002334] MTRR map: 4 entries (3 fixed + 1 variable; max 19), built from 8 variable MTRRs
[    0.002883] x86/PAT: Configuration [0-7]: WB  WC  UC- UC  WB  WP  UC- WT  
Memory KASLR using RDRAND RDTSC...
[    0.004771] found SMP MP-table at [mem 0x000f5470-0x000f547f]
[    0.005148] Using GB pages for direct mapping
[    0.005456] ACPI: Early table checksum verification disabled
[    0.005825] ACPI: RSDP 0x00000000000F5290 000014 (v00 BOCHS )
[    0.006200] ACPI: RSDT 0x000000003FFE27BC 000034 (v01 BOCHS  BXPC     00000001 BXPC 00000001)
[    0.006756] ACPI: FACP 0x000000003FFE2578 000074 (v01 BOCHS  BXPC     00000001 BXPC 00000001)
[    0.007315] ACPI: DSDT 0x000000003FFE0040 002538 (v01 BOCHS  BXPC     00000001 BXPC 00000001)
[    0.007870] ACPI: FACS 0x000000003FFE0000 000040
[    0.008171] ACPI: APIC 0x000000003FFE25EC 000170 (v03 BOCHS  BXPC     00000001 BXPC 00000001)
[    0.008731] ACPI: HPET 0x000000003FFE275C 000038 (v01 BOCHS  BXPC     00000001 BXPC 00000001)
[    0.009284] ACPI: WAET 0x000000003FFE2794 000028 (v01 BOCHS  BXPC     00000001 BXPC 00000001)
[    0.009836] ACPI: Reserving FACP table memory at [mem 0x3ffe2578-0x3ffe25eb]
[    0.010292] ACPI: Reserving DSDT table memory at [mem 0x3ffe0040-0x3ffe2577]
[    0.010749] ACPI: Reserving FACS table memory at [mem 0x3ffe0000-0x3ffe003f]
[    0.011206] ACPI: Reserving APIC table memory at [mem 0x3ffe25ec-0x3ffe275b]
[    0.011662] ACPI: Reserving HPET table memory at [mem 0x3ffe275c-0x3ffe2793]
[    0.012118] ACPI: Reserving WAET table memory at [mem 0x3ffe2794-0x3ffe27bb]
[    0.012700] No NUMA configuration found
[    0.012948] Faking a node at [mem 0x0000000000000000-0x000000003ffdffff]
[    0.013382] NODE_DATA(0) allocated [mem 0x3ffdb780-0x3ffdffff]
[    0.013768] Zone ranges:
[    0.013931]   DMA      [mem 0x0000000000001000-0x0000000000ffffff]
[    0.014332]   DMA32    [mem 0x0000000001000000-0x000000003ffdffff]
[    0.014732]   Normal   empty
[    0.014920]   Device   empty
[    0.015106] Movable zone start for each node
[    0.015382] Early memory node ranges
[    0.015613]   node   0: [mem 0x0000000000001000-0x000000000009efff]
[    0.016019]   node   0: [mem 0x0000000000100000-0x000000003ffdffff]
[    0.016425] Initmem setup node 0 [mem 0x0000000000001000-0x000000003ffdffff]
[    0.016883] On node 0, zone DMA: 1 pages in unavailable ranges
[    0.017269] On node 0, zone DMA: 97 pages in unavailable ranges
[    0.018561] On node 0, zone DMA32: 32 pages in unavailable ranges
[    0.019149] ACPI: PM-Timer IO Port: 0x608
[    0.019413] ACPI: LAPIC_NMI (acpi_id[0xff] dfl dfl lint[0x1])
[    0.019805] IOAPIC[0]: apic_id 0, version 17, address 0xfec00000, GSI 0-23
[    0.020253] ACPI: INT_SRC_OVR (bus 0 bus_irq 0 global_irq 2 dfl dfl)
[    0.020667] ACPI: INT_SRC_OVR (bus 0 bus_irq 5 global_irq 5 high level)
[    0.021098] ACPI: INT_SRC_OVR (bus 0 bus_irq 9 global_irq 9 high level)
[    0.021529] ACPI: INT_SRC_OVR (bus 0 bus_irq 10 global_irq 10 high level)
[    0.021973] ACPI: INT_SRC_OVR (bus 0 bus_irq 11 global_irq 11 high level)
[    0.022415] ACPI: Using ACPI (MADT) for SMP configuration information
[    0.022835] ACPI: HPET id: 0x8086a201 base: 0xfed00000
[    0.023168] TSC deadline timer available
[    0.023424] CPU topo: Max. logical packages:   1
[    0.023723] CPU topo: Max. logical dies:       1
[    0.024021] CPU topo: Max. dies per package:   1
[    0.024322] CPU topo: Max. threads per core:   1
[    0.024621] CPU topo: Num. cores per package:    32
[    0.024936] CPU topo: Num. threads per package:  32
[    0.025252] CPU topo: Allowing 32 present CPUs plus 0 hotplug CPUs
[    0.025658] kvm-guest: APIC: eoi() replaced with kvm_guest_apic_eoi_write()
[    0.026115] kvm-guest: KVM setup pv remote TLB flush
[    0.026438] kvm-guest: setup PV sched yield
[    0.026710] PM: hibernation: Registered nosave memory: [mem 0x00000000-0x00000fff]
[    0.027205] PM: hibernation: Registered nosave memory: [mem 0x0009f000-0x0009ffff]
[    0.027696] PM: hibernation: Registered nosave memory: [mem 0x000a0000-0x000effff]
[    0.028187] PM: hibernation: Registered nosave memory: [mem 0x000f0000-0x000fffff]
[    0.028677] [mem 0x40000000-0xfeffbfff] available for PCI devices
[    0.029072] Booting paravirtualized kernel on KVM
[    0.029377] clocksource: refined-jiffies: mask: 0xffffffff max_cycles: 0xffffffff, max_idle_ns: 1910969940391419 ns
[    0.032737] setup_percpu: NR_CPUS:64 nr_cpumask_bits:32 nr_cpu_ids:32 nr_node_ids:1
[    0.033809] percpu: Embedded 58 pages/cpu s198552 r8192 d30824 u262144
[    0.034263] Kernel command line: virtme_hostname=virtme-ng nr_open=1048576 virtme_link_mods=/nipa-data/kernel/.virtme_mods/lib/modules/0.0.0 virtme_initmount0=nipa-data/kernel virtme_rw_overlay0=/etc virtme_rw_overlay1=/lib virtme_rw_overlay2=/home virtme_rw_overlay3=/opt virtme_rw_overlay4=/srv virtme_rw_overlay5=/usr virtme_rw_overlay6=/var console=hvc0 earlyprintk=serial,ttyS0,115200 virtme_console=ttyS0 psmouse.proto=exps TERM=xterm virtme_chdir=nipa-data/kernel virtme_root_user=1 rootfstype=9p rootflags=version=9p2000.L,trans=virtio,access=any raid=noautodetect ro init=/usr/lib/python3/dist-packages/virtme/guest/virtme-init
[    0.038068] Unknown kernel command line parameters "virtme_hostname=virtme-ng nr_open=1048576 virtme_link_mods=/nipa-data/kernel/.virtme_mods/lib/modules/0.0.0 virtme_initmount0=nipa-data/kernel virtme_rw_overlay0=/etc virtme_rw_overlay1=/lib virtme_rw_overlay2=/home virtme_rw_overlay3=/opt virtme_rw_overlay4=/srv virtme_rw_overlay5=/usr virtme_rw_overlay6=/var virtme_console=ttyS0 virtme_chdir=nipa-data/kernel virtme_root_user=1", will be passed to user space.
[    0.040988] random: crng init done
[    0.041240] Dentry cache hash table entries: 131072 (order: 8, 1048576 bytes, linear)
[    0.041781] Inode-cache hash table entries: 65536 (order: 7, 524288 bytes, linear)
[    0.042367] Fallback order for Node 0: 0 
[    0.042369] Built 1 zonelists, mobility grouping on.  Total pages: 262014
[    0.043094] Policy zone: DMA32
[    0.043298] mem auto-init: stack:all(zero), heap alloc:off, heap free:off
[    0.044281] SLUB: HWalign=64, Order=0-3, MinObjects=0, CPUs=32, Nodes=1
Poking KASLR using RDRAND RDTSC...
[    0.044951] ftrace: allocating 48474 entries in 190 pages
[    0.051586] ftrace: allocated 190 pages with 6 groups
[    0.052450] Dynamic Preempt: voluntary
[    0.052825] rcu: Preemptible hierarchical RCU implementation.
[    0.053207] rcu: RCU event tracing is enabled.
[    0.053507] rcu: RCU restricting CPUs from NR_CPUS=64 to nr_cpu_ids=32.
[    0.053950] Trampoline variant of Tasks RCU enabled.
[    0.054285] Rude variant of Tasks RCU enabled.
[    0.054584] Tracing variant of Tasks RCU enabled.
[    0.054919] rcu: RCU calculated value of scheduler-enlistment delay is 100 jiffies.
[    0.055425] rcu: Adjusting geometry for rcu_fanout_leaf=16, nr_cpu_ids=32
[    0.055886] RCU Tasks: Setting shift to 5 and lim to 1 rcu_task_cb_adjust=1 rcu_task_cpu_ids=32.
[    0.056473] RCU Tasks Rude: Setting shift to 5 and lim to 1 rcu_task_cb_adjust=1 rcu_task_cpu_ids=32.
[    0.057088] RCU Tasks Trace: Setting shift to 5 and lim to 1 rcu_task_cb_adjust=1 rcu_task_cpu_ids=32.
[    0.059047] NR_IRQS: 4352, nr_irqs: 680, preallocated irqs: 16
[    0.059603] rcu: srcu_init: Setting srcu_struct sizes based on contention.
[    0.060189] Console: colour *CGA 80x25
[    0.060444] ACPI: Core revision 20240827
[    0.060766] clocksource: hpet: mask: 0xffffffff max_cycles: 0xffffffff, max_idle_ns: 19112604467 ns
[    0.061421] APIC: Switch to symmetric I/O mode setup
[    0.061774] kvm-guest: APIC: send_IPI_mask() replaced with kvm_send_ipi_mask()
[    0.062254] kvm-guest: APIC: send_IPI_mask_allbutself() replaced with kvm_send_ipi_mask_allbutself()
[    0.062857] kvm-guest: setup PV IPIs
[    0.063816] ..TIMER: vector=0x30 apic1=0 pin1=2 apic2=-1 pin2=-1
[    0.064555] clocksource: tsc-early: mask: 0xffffffffffffffff max_cycles: 0x40be4320a4d, max_idle_ns: 440795288133 ns
[    0.065828] Calibrating delay loop (skipped) preset value.. 8983.12 BogoMIPS (lpj=4491560)
[    0.066887] x86/cpu: User Mode Instruction Prevention (UMIP) activated
[    0.067874] Last level iTLB entries: 4KB 512, 2MB 255, 4MB 127
[    0.068564] Last level dTLB entries: 4KB 512, 2MB 255, 4MB 127, 1GB 0
[    0.068831] Spectre V1 : Mitigation: usercopy/swapgs barriers and __user pointer sanitization
[    0.069830] Spectre V2 : Mitigation: Enhanced / Automatic IBRS
[    0.070827] Spectre V2 : Spectre v2 / SpectreRSB mitigation: Filling RSB on context switch
[    0.071828] Spectre V2 : mitigation: Enabling conditional Indirect Branch Prediction Barrier
[    0.072829] Speculative Store Bypass: Mitigation: Speculative Store Bypass disabled via prctl
[    0.073828] Speculative Return Stack Overflow: IBPB-extending microcode not applied!
[    0.074827] Speculative Return Stack Overflow: WARNING: See https://kernel.org/doc/html/latest/admin-guide/hw-vuln/srso.html for mitigation options.
[    0.074828] Speculative Return Stack Overflow: Vulnerable: Safe RET, no microcode
[    0.076834] x86/fpu: Supporting XSAVE feature 0x001: 'x87 floating point registers'
[    0.077728] x86/fpu: Supporting XSAVE feature 0x002: 'SSE registers'
[    0.077827] x86/fpu: Supporting XSAVE feature 0x004: 'AVX registers'
[    0.078827] x86/fpu: Supporting XSAVE feature 0x020: 'AVX-512 opmask'
[    0.079827] x86/fpu: Supporting XSAVE feature 0x040: 'AVX-512 Hi256'
[    0.080568] x86/fpu: Supporting XSAVE feature 0x080: 'AVX-512 ZMM_Hi256'
[    0.080827] x86/fpu: Supporting XSAVE feature 0x200: 'Protection Keys User registers'
[    0.081828] x86/fpu: xstate_offset[2]:  576, xstate_sizes[2]:  256
[    0.082827] x86/fpu: xstate_offset[5]:  832, xstate_sizes[5]:   64
[    0.083827] x86/fpu: xstate_offset[6]:  896, xstate_sizes[6]:  512
[    0.084548] x86/fpu: xstate_offset[7]: 1408, xstate_sizes[7]: 1024
[    0.084827] x86/fpu: xstate_offset[9]: 2432, xstate_sizes[9]:    8
[    0.085827] x86/fpu: Enabled xstate features 0x2e7, context size is 2440 bytes, using 'compacted' format.
[    0.100349] Freeing SMP alternatives memory: 40K
[    0.100828] pid_max: default: 32768 minimum: 301
[    0.101386] Mount-cache hash table entries: 2048 (order: 2, 16384 bytes, linear)
[    0.101828] Mountpoint-cache hash table entries: 2048 (order: 2, 16384 bytes, linear)
[    0.102954] smpboot: CPU0: AMD Ryzen 9 7950X 16-Core Processor (family: 0x19, model: 0x61, stepping: 0x2)
[    0.103931] Performance Events: Fam17h+ core perfctr, AMD PMU driver.
[    0.104718] ... version:                0
[    0.104829] ... bit width:              48
[    0.105320] ... generic registers:      6
[    0.105796] ... value mask:             0000ffffffffffff
[    0.105829] ... max period:             00007fffffffffff
[    0.106460] ... fixed-purpose events:   0
[    0.106829] ... event mask:             000000000000003f
[    0.107529] signal: max sigframe size: 3376
[    0.107843] rcu: Hierarchical SRCU implementation.
[    0.108415] rcu: Max phase no-delay instances is 400.
[    0.108849] Timer migration: 2 hierarchy levels; 8 children per group; 2 crossnode level
[    0.111810] smp: Bringing up secondary CPUs ...
[    0.111876] smpboot: x86: Booting SMP configuration:
[    0.112469] .... node  #0, CPUs:        #1  #2  #3  #4  #5  #6  #7  #8  #9 #10 #11 #12 #13 #14 #15 #16 #17 #18 #19 #20 #21 #22 #23 #24 #25 #26 #27 #28 #29 #30 #31
[    0.128918] smp: Brought up 1 node, 32 CPUs
[    0.130342] smpboot: Total of 32 processors activated (287459.84 BogoMIPS)
[    0.132847] Memory: 970440K/1048056K available (16384K kernel code, 2449K rwdata, 6276K rodata, 3132K init, 1856K bss, 63192K reserved, 0K cma-reserved)
[    0.133938] devtmpfs: initialized
[    0.134249] x86/mm: Memory block size: 128MB
[    0.135492] clocksource: jiffies: mask: 0xffffffff max_cycles: 0xffffffff, max_idle_ns: 1911260446275000 ns
[    0.135831] futex hash table entries: 8192 (order: 7, 524288 bytes, linear)
[    0.136752] PM: RTC time: 21:06:22, date: 2024-11-07
[    0.137140] NET: Registered PF_NETLINK/PF_ROUTE protocol family
[    0.137939] thermal_sys: Registered thermal governor 'step_wise'
[    0.137940] thermal_sys: Registered thermal governor 'user_space'
[    0.138683] cpuidle: using governor menu
[    0.140006] PCI: Using configuration type 1 for base access
[    0.140830] PCI: Using configuration type 1 for extended access
[    0.141609] kprobes: kprobe jump-optimization is enabled. All kprobes are optimized if possible.
[    0.160006] HugeTLB: registered 1.00 GiB page size, pre-allocated 0 pages
[    0.160829] HugeTLB: 16380 KiB vmemmap can be freed for a 1.00 GiB page
[    0.161641] HugeTLB: registered 2.00 MiB page size, pre-allocated 0 pages
[    0.161829] HugeTLB: 28 KiB vmemmap can be freed for a 2.00 MiB page
[    0.163974] ACPI: Added _OSI(Module Device)
[    0.164494] ACPI: Added _OSI(Processor Device)
[    0.164830] ACPI: Added _OSI(3.0 _SCP Extensions)
[    0.165401] ACPI: Added _OSI(Processor Aggregator Device)
[    0.166471] ACPI: 1 ACPI AML tables successfully acquired and loaded
[    0.168289] ACPI: Interpreter enabled
[    0.168837] ACPI: PM: (supports S0 S3 S4 S5)
[    0.169353] ACPI: Using IOAPIC for interrupt routing
[    0.169836] PCI: Using host bridge windows from ACPI; if necessary, use "pci=nocrs" and report a bug
[    0.170829] PCI: Using E820 reservations for host bridge windows
[    0.171639] ACPI: Enabled 2 GPEs in block 00 to 0F
[    0.174233] ACPI: PCI Root Bridge [PCI0] (domain 0000 [bus 00-ff])
[    0.175831] acpi PNP0A03:00: _OSC: OS supports [ExtendedConfig ASPM ClockPM Segments MSI HPX-Type3]
[    0.176913] PCI host bridge to bus 0000:00
[    0.177411] pci_bus 0000:00: root bus resource [io  0x0000-0x0cf7 window]
[    0.177829] pci_bus 0000:00: root bus resource [io  0x0d00-0xffff window]
[    0.178654] pci_bus 0000:00: root bus resource [mem 0x000a0000-0x000bffff window]
[    0.179829] pci_bus 0000:00: root bus resource [mem 0x40000000-0xfebfffff window]
[    0.180742] pci_bus 0000:00: root bus resource [mem 0x100000000-0x17fffffff window]
[    0.181829] pci_bus 0000:00: root bus resource [bus 00-ff]
[    0.182573] pci 0000:00:00.0: [8086:1237] type 00 class 0x060000 conventional PCI endpoint
[    0.183065] pci 0000:00:01.0: [8086:7000] type 00 class 0x060100 conventional PCI endpoint
[    0.185124] pci 0000:00:01.1: [8086:7010] type 00 class 0x010180 conventional PCI endpoint
[    0.187494] pci 0000:00:01.1: BAR 4 [io  0xc0c0-0xc0cf]
[    0.189113] pci 0000:00:01.1: BAR 0 [io  0x01f0-0x01f7]: legacy IDE quirk
[    0.189829] pci 0000:00:01.1: BAR 1 [io  0x03f6]: legacy IDE quirk
[    0.190578] pci 0000:00:01.1: BAR 2 [io  0x0170-0x0177]: legacy IDE quirk
[    0.190829] pci 0000:00:01.1: BAR 3 [io  0x0376]: legacy IDE quirk
[    0.191664] pci 0000:00:01.3: [8086:7113] type 00 class 0x068000 conventional PCI endpoint
[    0.193055] pci 0000:00:01.3: quirk: [io  0x0600-0x063f] claimed by PIIX4 ACPI
[    0.193833] pci 0000:00:01.3: quirk: [io  0x0700-0x070f] claimed by PIIX4 SMB
[    0.194846] pci 0000:00:02.0: [1af4:1009] type 00 class 0x000200 conventional PCI endpoint
[    0.196201] pci 0000:00:02.0: BAR 0 [io  0xc000-0xc03f]
[    0.197578] pci 0000:00:02.0: BAR 1 [mem 0xfebfc000-0xfebfcfff]
[    0.199830] pci 0000:00:02.0: BAR 4 [mem 0xfebf0000-0xfebf3fff 64bit pref]
[    0.201851] pci 0000:00:03.0: [1af4:1009] type 00 class 0x000200 conventional PCI endpoint
[    0.203782] pci 0000:00:03.0: BAR 0 [io  0xc040-0xc07f]
[    0.205715] pci 0000:00:03.0: BAR 1 [mem 0xfebfd000-0xfebfdfff]
[    0.208976] pci 0000:00:03.0: BAR 4 [mem 0xfebf4000-0xfebf7fff 64bit pref]
[    0.210464] pci 0000:00:04.0: [8086:25ab] type 00 class 0x088000 conventional PCI endpoint
[    0.211964] pci 0000:00:04.0: BAR 0 [mem 0xfebfe000-0xfebfe00f]
[    0.213667] pci 0000:00:05.0: [1af4:1003] type 00 class 0x078000 conventional PCI endpoint
[    0.214193] pci 0000:00:05.0: BAR 0 [io  0xc080-0xc0bf]
[    0.215198] pci 0000:00:05.0: BAR 1 [mem 0xfebff000-0xfebfffff]
[    0.217830] pci 0000:00:05.0: BAR 4 [mem 0xfebf8000-0xfebfbfff 64bit pref]
[    0.219965] ACPI: PCI: Interrupt link LNKA configured for IRQ 10
[    0.220808] ACPI: PCI: Interrupt link LNKB configured for IRQ 10
[    0.221925] ACPI: PCI: Interrupt link LNKC configured for IRQ 11
[    0.222750] ACPI: PCI: Interrupt link LNKD configured for IRQ 11
[    0.223896] ACPI: PCI: Interrupt link LNKS configured for IRQ 9
[    0.225403] iommu: Default domain type: Translated
[    0.225829] iommu: DMA domain TLB invalidation policy: lazy mode
[    0.226602] SCSI subsystem initialized
[    0.226856] pps_core: LinuxPPS API ver. 1 registered
[    0.227461] pps_core: Software ver. 5.3.6 - Copyright 2005-2007 Rodolfo Giometti <giometti@linux.it>
[    0.228831] PTP clock support registered
[    0.229320] Advanced Linux Sound Architecture Driver Initialized.
[    0.230074] NET: Registered PF_ATMPVC protocol family
[    0.230695] NET: Registered PF_ATMSVC protocol family
[    0.231836] PCI: Using ACPI for IRQ routing
[    0.232423] vgaarb: loaded
[    0.232856] hpet0: at MMIO 0xfed00000, IRQs 2, 8, 0
[    0.233456] hpet0: 3 comparators, 64-bit 100.000000 MHz counter
[    0.237227] clocksource: Switched to clocksource kvm-clock
[    0.237619] VFS: Disk quotas dquot_6.6.0
[    0.238130] VFS: Dquot-cache hash table entries: 512 (order 0, 4096 bytes)
[    0.239009] pnp: PnP ACPI init
[    0.239543] pnp: PnP ACPI: found 5 devices
[    0.247153] clocksource: acpi_pm: mask: 0xffffff max_cycles: 0xffffff, max_idle_ns: 2085701024 ns
[    0.248247] NET: Registered PF_INET protocol family
[    0.248854] IP idents hash table entries: 16384 (order: 5, 131072 bytes, linear)
[    0.249897] tcp_listen_portaddr_hash hash table entries: 512 (order: 1, 8192 bytes, linear)
[    0.250919] Table-perturb hash table entries: 65536 (order: 6, 262144 bytes, linear)
[    0.251864] TCP established hash table entries: 8192 (order: 4, 65536 bytes, linear)
[    0.252812] TCP bind hash table entries: 8192 (order: 6, 262144 bytes, linear)
[    0.253681] TCP: Hash tables configured (established 8192 bind 8192)
[    0.254446] UDP hash table entries: 512 (order: 2, 16384 bytes, linear)
[    0.255225] UDP-Lite hash table entries: 512 (order: 2, 16384 bytes, linear)
[    0.256081] NET: Registered PF_UNIX/PF_LOCAL protocol family
[    0.256746] pci_bus 0000:00: resource 4 [io  0x0000-0x0cf7 window]
[    0.257474] pci_bus 0000:00: resource 5 [io  0x0d00-0xffff window]
[    0.258202] pci_bus 0000:00: resource 6 [mem 0x000a0000-0x000bffff window]
[    0.259009] pci_bus 0000:00: resource 7 [mem 0x40000000-0xfebfffff window]
[    0.259817] pci_bus 0000:00: resource 8 [mem 0x100000000-0x17fffffff window]
[    0.260664] pci 0000:00:01.0: PIIX3: Enabling Passive Release
[    0.261344] pci 0000:00:00.0: Limiting direct PCI/PCI transfers
[    0.262072] PCI: CLS 0 bytes, default 64
[    0.262572] kvm_intel: VMX not supported by CPU 16
[    0.263165] kvm_amd: TSC scaling supported
[    0.263646] kvm_amd: Nested Virtualization enabled
[    0.264220] kvm_amd: Nested Paging enabled
[    0.264710] kvm_amd: LBR virtualization supported
[    0.265267] kvm_amd: Virtual VMLOAD VMSAVE supported
[    0.265853] kvm_amd: Virtual GIF supported
[    0.266331] kvm_amd: Virtual NMI enabled
[    0.304091] clocksource: tsc: mask: 0xffffffffffffffff max_cycles: 0x40be4320a4d, max_idle_ns: 440795288133 ns
[    0.312082] Initialise system trusted keyrings
[    0.312709] workingset: timestamp_bits=56 max_order=18 bucket_order=0
[    0.313516] squashfs: version 4.0 (2009/01/31) Phillip Lougher
[    0.314232] fuse: init (API version 7.41)
[    0.314754] 9p: Installing v9fs 9p2000 file system support
[    0.321481] Key type asymmetric registered
[    0.321981] Asymmetric key parser 'x509' registered
[    0.322581] Block layer SCSI generic (bsg) driver version 0.4 loaded (major 249)
[    0.323493] io scheduler mq-deadline registered
[    0.324043] io scheduler kyber registered
[    0.326279] input: Power Button as /devices/LNXSYSTM:00/LNXPWRBN:00/input/input0
[    0.327249] ACPI: button: Power Button [PWRF]
[    0.328187] Warning: Processor Platform Limit event detected, but not handled.
[    0.329066] Consider compiling CPUfreq support into your kernel.
[    0.346043] ACPI: \_SB_.LNKB: Enabled at IRQ 10
[    0.361075] ACPI: \_SB_.LNKC: Enabled at IRQ 11
[    0.376038] ACPI: \_SB_.LNKA: Enabled at IRQ 10
[    0.377058] Serial: 8250/16550 driver, 4 ports, IRQ sharing enabled
[    0.377902] 00:03: ttyS0 at I/O 0x3f8 (irq = 4, base_baud = 115200) is a 16550A
[    0.397907] Non-volatile memory driver v1.3
[    0.398447] Linux agpgart interface v0.103
[    0.398968] printk: legacy console [hvc0] enabled
[    0.399551] printk: legacy bootconsole [earlyser0] disabled
          _      _                                    
   __   _(_)_ __| |_ _ __ ___   ___       _ __   __ _ 
   \ \ / / |  __| __|  _   _ \ / _ \_____|  _ \ / _  |
    \ V /| | |  | |_| | | | | |  __/_____| | | | (_| |
     \_/ |_|_|   \__|_| |_| |_|\___|     |_| |_|\__  |
                                                |___/ 
   kernel version: 6.12.0-rc5-virtme x86_64
   (CTRL+d to exit)

root@virtme-ng:/nipa-data/kernel# PS1='xx__-> '
xx__-> env
PWD=/nipa-data/kernel
nr_open=1048576
HOME=/
TERM=xterm
SHLVL=2
XDG_RUNTIME_DIR=/run/user/0
PATH=/bin:/sbin:/usr/bin:/usr/sbin:/usr/local/bin
OLDPWD=/
_=/bin/env
xx__-> 