No EFI environment detected.
early console in extract_kernel
input_data: 0x0000000004ab42c4
input_len: 0x00000000018fd3bd
output: 0x0000000001000000
output_len: 0x000000000533d48c
kernel_total_size: 0x0000000005030000
needed_size: 0x0000000005400000
trampoline_32bit: 0x0000000000000000
Physical KASLR using RDRAND RDTSC...
Virtual KASLR using RDRAND RDTSC...

Decompressing Linux... Parsing ELF... Performing relocations... done.
Booting the kernel (entry_offset: 0x0000000000000000).
[    0.000000] Linux version 6.13.0-rc3-virtme (root@413b4a4b1bd2) (gcc (Ubuntu 13.3.0-6ubuntu2~24.04) 13.3.0, GNU ld (GNU Binutils for Ubuntu) 2.42) #1 SMP PREEMPT_DYNAMIC Tue Dec 31 15:27:57 UTC 2024
[    0.000000] Command line: virtme_hostname=virtme-ng nr_open=1048576 virtme_link_mods=/nipa-data/kernel/.virtme_mods/lib/modules/0.0.0 virtme_initmount0=nipa-data/kernel virtme_rw_overlay0=/etc virtme_rw_overlay1=/lib virtme_rw_overlay2=/home virtme_rw_overlay3=/opt virtme_rw_overlay4=/srv virtme_rw_overlay5=/usr virtme_rw_overlay6=/var console=hvc0 earlyprintk=serial,ttyS0,115200 virtme_console=ttyS0 psmouse.proto=exps TERM=xterm virtme_chdir=nipa-data/kernel virtme_root_user=1 rootfstype=9p rootflags=version=9p2000.L,trans=virtio,access=any raid=noautodetect ro init=/usr/lib/python3/dist-packages/virtme/guest/virtme-init
[    0.000000] BIOS-provided physical RAM map:
[    0.000000] BIOS-e820: [mem 0x0000000000000000-0x000000000009fbff] usable
[    0.000000] BIOS-e820: [mem 0x000000000009fc00-0x000000000009ffff] reserved
[    0.000000] BIOS-e820: [mem 0x00000000000f0000-0x00000000000fffff] reserved
[    0.000000] BIOS-e820: [mem 0x0000000000100000-0x000000003ffdffff] usable
[    0.000000] BIOS-e820: [mem 0x000000003ffe0000-0x000000003fffffff] reserved
[    0.000000] BIOS-e820: [mem 0x00000000feffc000-0x00000000feffffff] reserved
[    0.000000] BIOS-e820: [mem 0x00000000fffc0000-0x00000000ffffffff] reserved
[    0.000000] BIOS-e820: [mem 0x000000fd00000000-0x000000ffffffffff] reserved
[    0.000000] printk: legacy bootconsole [earlyser0] enabled
[    0.000000] NX (Execute Disable) protection: active
[    0.000000] APIC: Static calls initialized
[    0.000000] SMBIOS 3.0.0 present.
[    0.000000] DMI: QEMU Ubuntu 24.04 PC (i440FX + PIIX, 1996), BIOS 1.16.3-debian-1.16.3-2 04/01/2014
[    0.000000] DMI: Memory slots populated: 1/1
[    0.000000] Hypervisor detected: KVM
[    0.000000] kvm-clock: Using msrs 4b564d01 and 4b564d00
[    0.000000] kvm-clock: using sched offset of 306075888 cycles
[    0.000365] clocksource: kvm-clock: mask: 0xffffffffffffffff max_cycles: 0x1cd42e4dffb, max_idle_ns: 881590591483 ns
[    0.001497] tsc: Detected 4491.556 MHz processor
[    0.002152] last_pfn = 0x3ffe0 max_arch_pfn = 0x400000000
[    0.002549] MTRR map: 4 entries (3 fixed + 1 variable; max 19), built from 8 variable MTRRs
[    0.003129] x86/PAT: Configuration [0-7]: WB  WC  UC- UC  WB  WP  UC- WT  
[    0.005009] found SMP MP-table at [mem 0x000f5470-0x000f547f]
[    0.005412] Using GB pages for direct mapping
[    0.005905] ACPI: Early table checksum verification disabled
[    0.006298] ACPI: RSDP 0x00000000000F5290 000014 (v00 BOCHS )
[    0.006699] ACPI: RSDT 0x000000003FFE27BC 000034 (v01 BOCHS  BXPC     00000001 BXPC 00000001)
[    0.007294] ACPI: FACP 0x000000003FFE2578 000074 (v01 BOCHS  BXPC     00000001 BXPC 00000001)
[    0.007890] ACPI: DSDT 0x000000003FFE0040 002538 (v01 BOCHS  BXPC     00000001 BXPC 00000001)
[    0.008482] ACPI: FACS 0x000000003FFE0000 000040
[    0.008804] ACPI: APIC 0x000000003FFE25EC 000170 (v03 BOCHS  BXPC     00000001 BXPC 00000001)
[    0.009397] ACPI: HPET 0x000000003FFE275C 000038 (v01 BOCHS  BXPC     00000001 BXPC 00000001)
[    0.009989] ACPI: WAET 0x000000003FFE2794 000028 (v01 BOCHS  BXPC     00000001 BXPC 00000001)
[    0.010580] ACPI: Reserving FACP table memory at [mem 0x3ffe2578-0x3ffe25eb]
[    0.011070] ACPI: Reserving DSDT table memory at [mem 0x3ffe0040-0x3ffe2577]
[    0.011560] ACPI: Reserving FACS table memory at [mem 0x3ffe0000-0x3ffe003f]
[    0.012048] ACPI: Reserving APIC table memory at [mem 0x3ffe25ec-0x3ffe275b]
[    0.012536] ACPI: Reserving HPET table memory at [mem 0x3ffe275c-0x3ffe2793]
[    0.013024] ACPI: Reserving WAET table memory at [mem 0x3ffe2794-0x3ffe27bb]
[    0.013697] No NUMA configuration found
[    0.013963] Faking a node at [mem 0x0000000000000000-0x000000003ffdffff]
[    0.014429] NODE_DATA(0) allocated [mem 0x3ffdb780-0x3ffdffff]
[    0.014848] Zone ranges:
[    0.015024]   DMA      [mem 0x0000000000001000-0x0000000000ffffff]
[    0.015453]   DMA32    [mem 0x0000000001000000-0x000000003ffdffff]
[    0.015886]   Normal   empty
[    0.016086]   Device   empty
[    0.016286] Movable zone start for each node
[    0.016580] Early memory node ranges
[    0.016827]   node   0: [mem 0x0000000000001000-0x000000000009efff]
[    0.017259]   node   0: [mem 0x0000000000100000-0x000000003ffdffff]
[    0.017691] Initmem setup node 0 [mem 0x0000000000001000-0x000000003ffdffff]
[    0.018181] On node 0, zone DMA: 1 pages in unavailable ranges
[    0.018636] On node 0, zone DMA: 97 pages in unavailable ranges
[    0.023070] On node 0, zone DMA32: 32 pages in unavailable ranges
[    0.032094] kasan: KernelAddressSanitizer initialized
[    0.032667] ACPI: PM-Timer IO Port: 0x608
[    0.032955] ACPI: LAPIC_NMI (acpi_id[0xff] dfl dfl lint[0x1])
[    0.033376] IOAPIC[0]: apic_id 0, version 17, address 0xfec00000, GSI 0-23
[    0.033854] ACPI: INT_SRC_OVR (bus 0 bus_irq 0 global_irq 2 dfl dfl)
[    0.034295] ACPI: INT_SRC_OVR (bus 0 bus_irq 5 global_irq 5 high level)
[    0.034754] ACPI: INT_SRC_OVR (bus 0 bus_irq 9 global_irq 9 high level)
[    0.035211] ACPI: INT_SRC_OVR (bus 0 bus_irq 10 global_irq 10 high level)
[    0.035685] ACPI: INT_SRC_OVR (bus 0 bus_irq 11 global_irq 11 high level)
[    0.036156] ACPI: Using ACPI (MADT) for SMP configuration information
[    0.036601] ACPI: HPET id: 0x8086a201 base: 0xfed00000
[    0.036959] TSC deadline timer available
[    0.037233] CPU topo: Max. logical packages:   1
[    0.037553] CPU topo: Max. logical dies:       1
[    0.037873] CPU topo: Max. dies per package:   1
[    0.038195] CPU topo: Max. threads per core:   1
[    0.038515] CPU topo: Num. cores per package:    32
[    0.038852] CPU topo: Num. threads per package:  32
[    0.039189] CPU topo: Allowing 32 present CPUs plus 0 hotplug CPUs
[    0.039635] kvm-guest: APIC: eoi() replaced with kvm_guest_apic_eoi_write()
[    0.040128] kvm-guest: KVM setup pv remote TLB flush
[    0.040474] kvm-guest: setup PV sched yield
[    0.040770] PM: hibernation: Registered nosave memory: [mem 0x00000000-0x00000fff]
[    0.041296] PM: hibernation: Registered nosave memory: [mem 0x0009f000-0x0009ffff]
[    0.041821] PM: hibernation: Registered nosave memory: [mem 0x000a0000-0x000effff]
[    0.042346] PM: hibernation: Registered nosave memory: [mem 0x000f0000-0x000fffff]
[    0.042871] [mem 0x40000000-0xfeffbfff] available for PCI devices
[    0.043294] Booting paravirtualized kernel on KVM
[    0.043622] clocksource: refined-jiffies: mask: 0xffffffff max_cycles: 0xffffffff, max_idle_ns: 1910969940391419 ns
[    0.052193] setup_percpu: NR_CPUS:64 nr_cpumask_bits:32 nr_cpu_ids:32 nr_node_ids:1
[    0.053968] percpu: Embedded 70 pages/cpu s247896 r8192 d30632 u524288
[    0.054489] Kernel command line: virtme_hostname=virtme-ng nr_open=1048576 virtme_link_mods=/nipa-data/kernel/.virtme_mods/lib/modules/0.0.0 virtme_initmount0=nipa-data/kernel virtme_rw_overlay0=/etc virtme_rw_overlay1=/lib virtme_rw_overlay2=/home virtme_rw_overlay3=/opt virtme_rw_overlay4=/srv virtme_rw_overlay5=/usr virtme_rw_overlay6=/var console=hvc0 earlyprintk=serial,ttyS0,115200 virtme_console=ttyS0 psmouse.proto=exps TERM=xterm virtme_chdir=nipa-data/kernel virtme_root_user=1 rootfstype=9p rootflags=version=9p2000.L,trans=virtio,access=any raid=noautodetect ro init=/usr/lib/python3/dist-packages/virtme/guest/virtme-init
[    0.058581] Unknown kernel command line parameters "virtme_hostname=virtme-ng nr_open=1048576 virtme_link_mods=/nipa-data/kernel/.virtme_mods/lib/modules/0.0.0 virtme_initmount0=nipa-data/kernel virtme_rw_overlay0=/etc virtme_rw_overlay1=/lib virtme_rw_overlay2=/home virtme_rw_overlay3=/opt virtme_rw_overlay4=/srv virtme_rw_overlay5=/usr virtme_rw_overlay6=/var virtme_console=ttyS0 virtme_chdir=nipa-data/kernel virtme_root_user=1", will be passed to user space.
[    0.061677] random: crng init done
[    0.061920] printk: log buffer data + meta data: 262144 + 917504 = 1179648 bytes
[    0.062466] Dentry cache hash table entries: 131072 (order: 8, 1048576 bytes, linear)
[    0.063037] Inode-cache hash table entries: 65536 (order: 7, 524288 bytes, linear)
[    0.063988] Fallback order for Node 0: 0 
[    0.063992] Built 1 zonelists, mobility grouping on.  Total pages: 262014
[    0.064762] Policy zone: DMA32
[    0.064979] mem auto-init: stack:all(zero), heap alloc:off, heap free:off
[    0.065462] stackdepot: allocating hash table via alloc_large_system_hash
[    0.065949] stackdepot hash table entries: 1048576 (order: 12, 16777216 bytes, linear)
[    0.073899] SLUB: HWalign=64, Order=0-3, MinObjects=0, CPUs=32, Nodes=1
Poking KASLR using RDRAND RDTSC...
[    0.074674] ftrace: allocating 48828 entries in 191 pages
[    0.091889] ftrace: allocated 191 pages with 7 groups
[    0.093092] Dynamic Preempt: voluntary
[    0.093802] rcu: Preemptible hierarchical RCU implementation.
[    0.094208] rcu: RCU event tracing is enabled.
[    0.094526] rcu: RCU restricting CPUs from NR_CPUS=64 to nr_cpu_ids=32.
[    0.095003] Trampoline variant of Tasks RCU enabled.
[    0.095359] Rude variant of Tasks RCU enabled.
[    0.095683] Tracing variant of Tasks RCU enabled.
[    0.096021] rcu: RCU calculated value of scheduler-enlistment delay is 100 jiffies.
[    0.096562] rcu: Adjusting geometry for rcu_fanout_leaf=16, nr_cpu_ids=32
[    0.097105] RCU Tasks: Setting shift to 5 and lim to 1 rcu_task_cb_adjust=1 rcu_task_cpu_ids=32.
[    0.097729] RCU Tasks Rude: Setting shift to 5 and lim to 1 rcu_task_cb_adjust=1 rcu_task_cpu_ids=32.
[    0.098383] RCU Tasks Trace: Setting shift to 5 and lim to 1 rcu_task_cb_adjust=1 rcu_task_cpu_ids=32.
[    0.107619] NR_IRQS: 4352, nr_irqs: 680, preallocated irqs: 16
[    0.108283] rcu: srcu_init: Setting srcu_struct sizes based on contention.
[    0.108987] Console: colour *CGA 80x25
[    0.109285] ACPI: Core revision 20240827
[    0.109713] clocksource: hpet: mask: 0xffffffff max_cycles: 0xffffffff, max_idle_ns: 19112604467 ns
[    0.110424] APIC: Switch to symmetric I/O mode setup
[    0.110802] kvm-guest: APIC: send_IPI_mask() replaced with kvm_send_ipi_mask()
[    0.111315] kvm-guest: APIC: send_IPI_mask_allbutself() replaced with kvm_send_ipi_mask_allbutself()
[    0.111946] kvm-guest: setup PV IPIs
[    0.113030] ..TIMER: vector=0x30 apic1=0 pin1=2 apic2=-1 pin2=-1
[    0.113807] clocksource: tsc-early: mask: 0xffffffffffffffff max_cycles: 0x40be400eb43, max_idle_ns: 440795366972 ns
[    0.115132] Calibrating delay loop (skipped) preset value.. 8983.11 BogoMIPS (lpj=4491556)
[    0.116196] x86/cpu: User Mode Instruction Prevention (UMIP) activated
[    0.117188] Last level iTLB entries: 4KB 512, 2MB 255, 4MB 127
[    0.118131] Last level dTLB entries: 4KB 512, 2MB 255, 4MB 127, 1GB 0
[    0.119135] Spectre V1 : Mitigation: usercopy/swapgs barriers and __user pointer sanitization
[    0.120135] Spectre V2 : Mitigation: Enhanced / Automatic IBRS
[    0.121131] Spectre V2 : Spectre v2 / SpectreRSB mitigation: Filling RSB on context switch
[    0.122132] Spectre V2 : mitigation: Enabling conditional Indirect Branch Prediction Barrier
[    0.123133] Speculative Store Bypass: Mitigation: Speculative Store Bypass disabled via prctl
[    0.124131] Speculative Return Stack Overflow: IBPB-extending microcode not applied!
[    0.125131] Speculative Return Stack Overflow: WARNING: See https://kernel.org/doc/html/latest/admin-guide/hw-vuln/srso.html for mitigation options.
[    0.125132] Speculative Return Stack Overflow: Vulnerable: Safe RET, no microcode
[    0.127145] x86/fpu: Supporting XSAVE feature 0x001: 'x87 floating point registers'
[    0.128131] x86/fpu: Supporting XSAVE feature 0x002: 'SSE registers'
[    0.129131] x86/fpu: Supporting XSAVE feature 0x004: 'AVX registers'
[    0.130131] x86/fpu: Supporting XSAVE feature 0x020: 'AVX-512 opmask'
[    0.131131] x86/fpu: Supporting XSAVE feature 0x040: 'AVX-512 Hi256'
[    0.131895] x86/fpu: Supporting XSAVE feature 0x080: 'AVX-512 ZMM_Hi256'
[    0.132131] x86/fpu: Supporting XSAVE feature 0x200: 'Protection Keys User registers'
[    0.133131] x86/fpu: xstate_offset[2]:  576, xstate_sizes[2]:  256
[    0.134131] x86/fpu: xstate_offset[5]:  832, xstate_sizes[5]:   64
[    0.135131] x86/fpu: xstate_offset[6]:  896, xstate_sizes[6]:  512
[    0.135873] x86/fpu: xstate_offset[7]: 1408, xstate_sizes[7]: 1024
[    0.136131] x86/fpu: xstate_offset[9]: 2432, xstate_sizes[9]:    8
[    0.137131] x86/fpu: Enabled xstate features 0x2e7, context size is 2440 bytes, using 'compacted' format.
[    0.158767] Freeing SMP alternatives memory: 40K
[    0.159133] pid_max: default: 32768 minimum: 301
[    0.159811] Mount-cache hash table entries: 2048 (order: 2, 16384 bytes, linear)
[    0.160132] Mountpoint-cache hash table entries: 2048 (order: 2, 16384 bytes, linear)
[    0.162501] smpboot: CPU0: AMD Ryzen 9 7950X 16-Core Processor (family: 0x19, model: 0x61, stepping: 0x2)
[    0.163584] Performance Events: Fam17h+ core perfctr, AMD PMU driver.
[    0.164135] ... version:                0
[    0.164619] ... bit width:              48
[    0.165113] ... generic registers:      6
[    0.165132] ... value mask:             0000ffffffffffff
[    0.165773] ... max period:             00007fffffffffff
[    0.166132] ... fixed-purpose events:   0
[    0.166616] ... event mask:             000000000000003f
[    0.167239] signal: max sigframe size: 3376
[    0.167786] rcu: Hierarchical SRCU implementation.
[    0.168133] rcu: Max phase no-delay instances is 400.
[    0.168825] Timer migration: 2 hierarchy levels; 8 children per group; 2 crossnode level
[    0.172758] smp: Bringing up secondary CPUs ...
[    0.173308] smpboot: x86: Booting SMP configuration:
[    0.173910] .... node  #0, CPUs:        #1  #2  #3  #4  #5  #6  #7  #8  #9 #10 #11 #12 #13 #14 #15 #16 #17 #18 #19 #20 #21 #22 #23 #24 #25 #26 #27 #28 #29 #30 #31
[    0.202229] smp: Brought up 1 node, 32 CPUs
[    0.203639] smpboot: Total of 32 processors activated (287459.58 BogoMIPS)
[    0.207263] Memory: 763396K/1048056K available (45056K kernel code, 11467K rwdata, 10088K rodata, 6052K init, 1632K bss, 269016K reserved, 0K cma-reserved)
[    0.208247] devtmpfs: initialized
[    0.208705] x86/mm: Memory block size: 128MB
[    0.214833] clocksource: jiffies: mask: 0xffffffff max_cycles: 0xffffffff, max_idle_ns: 1911260446275000 ns
[    0.215138] futex hash table entries: 8192 (order: 7, 524288 bytes, linear)
[    0.216320] PM: RTC time: 15:28:26, date: 2024-12-31
[    0.217587] NET: Registered PF_NETLINK/PF_ROUTE protocol family
[    0.218951] thermal_sys: Registered thermal governor 'step_wise'
[    0.218953] thermal_sys: Registered thermal governor 'user_space'
[    0.219165] cpuidle: using governor menu
[    0.221401] PCI: Using configuration type 1 for base access
[    0.222088] PCI: Using configuration type 1 for extended access
[    0.222257] kprobes: kprobe jump-optimization is enabled. All kprobes are optimized if possible.
[    0.231221] HugeTLB: registered 1.00 GiB page size, pre-allocated 0 pages
[    0.232133] HugeTLB: 16380 KiB vmemmap can be freed for a 1.00 GiB page
[    0.232963] HugeTLB: registered 2.00 MiB page size, pre-allocated 0 pages
[    0.233132] HugeTLB: 28 KiB vmemmap can be freed for a 2.00 MiB page
[    0.234495] ACPI: Added _OSI(Module Device)
[    0.235133] ACPI: Added _OSI(Processor Device)
[    0.235692] ACPI: Added _OSI(3.0 _SCP Extensions)
[    0.236133] ACPI: Added _OSI(Processor Aggregator Device)
[    0.259334] ACPI: 1 ACPI AML tables successfully acquired and loaded
[    0.264935] ACPI: Interpreter enabled
[    0.265191] ACPI: PM: (supports S0 S3 S4 S5)
[    0.265729] ACPI: Using IOAPIC for interrupt routing
[    0.266181] PCI: Using host bridge windows from ACPI; if necessary, use "pci=nocrs" and report a bug
[    0.267132] PCI: Using E820 reservations for host bridge windows
[    0.268909] ACPI: Enabled 2 GPEs in block 00 to 0F
[    0.315149] ACPI: PCI Root Bridge [PCI0] (domain 0000 [bus 00-ff])
[    0.315941] acpi PNP0A03:00: _OSC: OS supports [ExtendedConfig ASPM ClockPM Segments MSI HPX-Type3]
[    0.317611] PCI host bridge to bus 0000:00
[    0.318185] pci_bus 0000:00: root bus resource [io  0x0000-0x0cf7 window]
[    0.319034] pci_bus 0000:00: root bus resource [io  0x0d00-0xffff window]
[    0.319135] pci_bus 0000:00: root bus resource [mem 0x000a0000-0x000bffff window]
[    0.320064] pci_bus 0000:00: root bus resource [mem 0x40000000-0xfebfffff window]
[    0.321135] pci_bus 0000:00: root bus resource [mem 0x100000000-0x17fffffff window]
[    0.322100] pci_bus 0000:00: root bus resource [bus 00-ff]
[    0.323228] pci 0000:00:00.0: [8086:1237] type 00 class 0x060000 conventional PCI endpoint
[    0.324963] pci 0000:00:01.0: [8086:7000] type 00 class 0x060100 conventional PCI endpoint
[    0.327013] pci 0000:00:01.1: [8086:7010] type 00 class 0x010180 conventional PCI endpoint
[    0.329617] pci 0000:00:01.1: BAR 4 [io  0xc0c0-0xc0cf]
[    0.330806] pci 0000:00:01.1: BAR 0 [io  0x01f0-0x01f7]: legacy IDE quirk
[    0.332133] pci 0000:00:01.1: BAR 1 [io  0x03f6]: legacy IDE quirk
[    0.332898] pci 0000:00:01.1: BAR 2 [io  0x0170-0x0177]: legacy IDE quirk
[    0.333133] pci 0000:00:01.1: BAR 3 [io  0x0376]: legacy IDE quirk
[    0.334566] pci 0000:00:01.3: [8086:7113] type 00 class 0x068000 conventional PCI endpoint
[    0.336386] pci 0000:00:01.3: quirk: [io  0x0600-0x063f] claimed by PIIX4 ACPI
[    0.337137] pci 0000:00:01.3: quirk: [io  0x0700-0x070f] claimed by PIIX4 SMB
[    0.338735] pci 0000:00:02.0: [1af4:1009] type 00 class 0x000200 conventional PCI endpoint
[    0.340489] pci 0000:00:02.0: BAR 0 [io  0xc000-0xc03f]
[    0.341455] pci 0000:00:02.0: BAR 1 [mem 0xfebfc000-0xfebfcfff]
[    0.344133] pci 0000:00:02.0: BAR 4 [mem 0xfebf0000-0xfebf3fff 64bit pref]
[    0.356560] pci 0000:00:03.0: [1af4:1009] type 00 class 0x000200 conventional PCI endpoint
[    0.358450] pci 0000:00:03.0: BAR 0 [io  0xc040-0xc07f]
[    0.359266] pci 0000:00:03.0: BAR 1 [mem 0xfebfd000-0xfebfdfff]
[    0.360789] pci 0000:00:03.0: BAR 4 [mem 0xfebf4000-0xfebf7fff 64bit pref]
[    0.373335] pci 0000:00:04.0: [8086:25ab] type 00 class 0x088000 conventional PCI endpoint
[    0.374276] pci 0000:00:04.0: BAR 0 [mem 0xfebfe000-0xfebfe00f]
[    0.386324] pci 0000:00:05.0: [1af4:1003] type 00 class 0x078000 conventional PCI endpoint
[    0.387419] pci 0000:00:05.0: BAR 0 [io  0xc080-0xc0bf]
[    0.388247] pci 0000:00:05.0: BAR 1 [mem 0xfebff000-0xfebfffff]
[    0.389717] pci 0000:00:05.0: BAR 4 [mem 0xfebf8000-0xfebfbfff 64bit pref]
[    0.404537] ACPI: PCI: Interrupt link LNKA configured for IRQ 10
[    0.406043] ACPI: PCI: Interrupt link LNKB configured for IRQ 10
[    0.408015] ACPI: PCI: Interrupt link LNKC configured for IRQ 11
[    0.409010] ACPI: PCI: Interrupt link LNKD configured for IRQ 11
[    0.410501] ACPI: PCI: Interrupt link LNKS configured for IRQ 9
[    0.428656] iommu: Default domain type: Translated
[    0.429133] iommu: DMA domain TLB invalidation policy: lazy mode
[    0.430334] SCSI subsystem initialized
[    0.431347] pps_core: LinuxPPS API ver. 1 registered
[    0.432134] pps_core: Software ver. 5.3.6 - Copyright 2005-2007 Rodolfo Giometti <giometti@linux.it>
[    0.433147] PTP clock support registered
[    0.434244] Advanced Linux Sound Architecture Driver Initialized.
[    0.435233] NET: Registered PF_ATMPVC protocol family
[    0.435869] NET: Registered PF_ATMSVC protocol family
[    0.437170] PCI: Using ACPI for IRQ routing
[    0.437861] vgaarb: loaded
[    0.438249] hpet0: at MMIO 0xfed00000, IRQs 2, 8, 0
[    0.438861] hpet0: 3 comparators, 64-bit 100.000000 MHz counter
[    0.445327] clocksource: Switched to clocksource kvm-clock
[    0.446359] VFS: Disk quotas dquot_6.6.0
[    0.446859] VFS: Dquot-cache hash table entries: 512 (order 0, 4096 bytes)
[    0.448413] pnp: PnP ACPI init
[    0.454616] pnp: PnP ACPI: found 5 devices
[    0.465751] clocksource: acpi_pm: mask: 0xffffff max_cycles: 0xffffff, max_idle_ns: 2085701024 ns
[    0.466922] NET: Registered PF_INET protocol family
[    0.467575] IP idents hash table entries: 16384 (order: 5, 131072 bytes, linear)
[    0.468872] tcp_listen_portaddr_hash hash table entries: 512 (order: 1, 8192 bytes, linear)
[    0.469925] Table-perturb hash table entries: 65536 (order: 6, 262144 bytes, linear)
[    0.470907] TCP established hash table entries: 8192 (order: 4, 65536 bytes, linear)
[    0.471878] TCP bind hash table entries: 8192 (order: 6, 262144 bytes, linear)
[    0.472872] TCP: Hash tables configured (established 8192 bind 8192)
[    0.473826] UDP hash table entries: 512 (order: 3, 32768 bytes, linear)
[    0.474657] UDP-Lite hash table entries: 512 (order: 3, 32768 bytes, linear)
[    0.475746] NET: Registered PF_UNIX/PF_LOCAL protocol family
[    0.476472] pci_bus 0000:00: resource 4 [io  0x0000-0x0cf7 window]
[    0.477237] pci_bus 0000:00: resource 5 [io  0x0d00-0xffff window]
[    0.478014] pci_bus 0000:00: resource 6 [mem 0x000a0000-0x000bffff window]
[    0.478871] pci_bus 0000:00: resource 7 [mem 0x40000000-0xfebfffff window]
[    0.479729] pci_bus 0000:00: resource 8 [mem 0x100000000-0x17fffffff window]
[    0.480796] pci 0000:00:01.0: PIIX3: Enabling Passive Release
[    0.481517] pci 0000:00:00.0: Limiting direct PCI/PCI transfers
[    0.482288] PCI: CLS 0 bytes, default 64
[    0.482985] kvm_intel: VMX not supported by CPU 2
[    0.483603] kvm_amd: TSC scaling supported
[    0.484115] kvm_amd: Nested Virtualization enabled
[    0.484714] kvm_amd: Nested Paging enabled
[    0.485223] kvm_amd: LBR virtualization supported
[    0.485829] kvm_amd: Virtual GIF supported
[    0.486332] kvm_amd: Virtual NMI enabled
[    0.518578] clocksource: tsc: mask: 0xffffffffffffffff max_cycles: 0x40be400eb43, max_idle_ns: 440795366972 ns
[    0.538616] Initialise system trusted keyrings
[    0.539362] workingset: timestamp_bits=56 max_order=18 bucket_order=0
[    0.540274] squashfs: version 4.0 (2009/01/31) Phillip Lougher
[    0.541028] fuse: init (API version 7.41)
[    0.541679] 9p: Installing v9fs 9p2000 file system support
[    0.551460] Key type asymmetric registered
[    0.551976] Asymmetric key parser 'x509' registered
[    0.552650] Block layer SCSI generic (bsg) driver version 0.4 loaded (major 249)
[    0.553608] io scheduler mq-deadline registered
[    0.554186] io scheduler kyber registered
[    0.556753] input: Power Button as /devices/LNXSYSTM:00/LNXPWRBN:00/input/input0
[    0.557933] ACPI: button: Power Button [PWRF]
[    0.559825] Warning: Processor Platform Limit event detected, but not handled.
[    0.560695] Consider compiling CPUfreq support into your kernel.
[    1.366732] ACPI: \_SB_.LNKB: Enabled at IRQ 10
[    2.166488] ACPI: \_SB_.LNKC: Enabled at IRQ 11
[    2.965593] ACPI: \_SB_.LNKA: Enabled at IRQ 10
[    2.966906] Serial: 8250/16550 driver, 4 ports, IRQ sharing enabled
[    2.968007] 00:03: ttyS0 at I/O 0x3f8 (irq = 4, base_baud = 115200) is a 16550A
[    2.992885] Non-volatile memory driver v1.3
[    2.993453] Linux agpgart interface v0.103
[    2.994133] ACPI: bus type drm_connector registered
[    2.994770] printk: legacy console [hvc0] enabled
[    2.995368] printk: legacy bootconsole [earlyser0] disabled
          _      _                                    
   __   _(_)_ __| |_ _ __ ___   ___       _ __   __ _ 
   \ \ / / |  __| __|  _   _ \ / _ \_____|  _ \ / _  |
    \ V /| | |  | |_| | | | | |  __/_____| | | | (_| |
     \_/ |_|_|   \__|_| |_| |_|\___|     |_| |_|\__  |
                                                |___/ 
   kernel version: 6.13.0-rc3-virtme x86_64
   (CTRL+d to exit)

root@virtme-ng:/nipa-data/kernel# PS1='xx__-> '
xx__-> env
PWD=/nipa-data/kernel
nr_open=1048576
HOME=/
TERM=xterm
SHLVL=2
XDG_RUNTIME_DIR=/run/user/0
PATH=/bin:/sbin:/usr/bin:/usr/sbin:/usr/local/bin
OLDPWD=/
_=/bin/env
xx__-> 