No EFI environment detected.
early console in extract_kernel
input_data: 0x00000000030612b9
input_len: 0x0000000000b82c47
output: 0x0000000001000000
output_len: 0x000000000252f2b4
kernel_total_size: 0x0000000002c30000
needed_size: 0x0000000002e00000
trampoline_32bit: 0x0000000000000000
Physical KASLR using RDRAND RDTSC...
Virtual KASLR using RDRAND RDTSC...

Decompressing Linux... Parsing ELF... Performing relocations... done.
Booting the kernel (entry_offset: 0x0000000000000000).
[    0.000000] Linux version 6.8.0-rc1-virtme (root@91a31be457f5) (gcc (Alpine 13.2.1_git20231014) 13.2.1 20231014, GNU ld (GNU Binutils) 2.41) #1 SMP PREEMPT_DYNAMIC Mon Jan 29 03:08:14 UTC 2024
[    0.000000] Command line: virtme_hostname=virtme-ng virtme_link_mods=/nipa-data/kernel/.virtme_mods/lib/modules/0.0.0 virtme_initmount0=nipa-data/kernel virtme_rw_overlay0=/etc virtme_rw_overlay1=/lib virtme_rw_overlay2=/home virtme_rw_overlay3=/opt virtme_rw_overlay4=/srv virtme_rw_overlay5=/usr virtme_rw_overlay6=/var earlyprintk=serial,ttyS0,115200 console=ttyS0 psmouse.proto=exps virtme_chdir=nipa-data/kernel virtme_root_user=1 rootfstype=9p rootflags=version=9p2000.L,trans=virtio,access=any raid=noautodetect ro init=/usr/lib/python3.11/site-packages/virtme/guest/virtme-init
[    0.000000] BIOS-provided physical RAM map:
[    0.000000] BIOS-e820: [mem 0x0000000000000000-0x000000000009fbff] usable
[    0.000000] BIOS-e820: [mem 0x000000000009fc00-0x000000000009ffff] reserved
[    0.000000] BIOS-e820: [mem 0x00000000000f0000-0x00000000000fffff] reserved
[    0.000000] BIOS-e820: [mem 0x0000000000100000-0x000000003ffdffff] usable
[    0.000000] BIOS-e820: [mem 0x000000003ffe0000-0x000000003fffffff] reserved
[    0.000000] BIOS-e820: [mem 0x00000000feffc000-0x00000000feffffff] reserved
[    0.000000] BIOS-e820: [mem 0x00000000fffc0000-0x00000000ffffffff] reserved
[    0.000000] BIOS-e820: [mem 0x000000fd00000000-0x000000ffffffffff] reserved
[    0.000000] printk: legacy bootconsole [earlyser0] enabled
[    0.000000] NX (Execute Disable) protection: active
[    0.000000] APIC: Static calls initialized
[    0.000000] SMBIOS 3.0.0 present.
[    0.000000] DMI: QEMU Standard PC (i440FX + PIIX, 1996), BIOS rel-1.16.3-0-ga6ed6b701f0a-prebuilt.qemu.org 04/01/2014
[    0.000000] Hypervisor detected: KVM
[    0.000000] kvm-clock: Using msrs 4b564d01 and 4b564d00
[    0.000000] kvm-clock: using sched offset of 261582626 cycles
[    0.000395] clocksource: kvm-clock: mask: 0xffffffffffffffff max_cycles: 0x1cd42e4dffb, max_idle_ns: 881590591483 ns
[    0.001631] tsc: Detected 4491.536 MHz processor
[    0.002246] last_pfn = 0x3ffe0 max_arch_pfn = 0x400000000
[    0.002678] MTRR map: 4 entries (3 fixed + 1 variable; max 19), built from 8 variable MTRRs
[    0.003309] x86/PAT: Configuration [0-7]: WB  WC  UC- UC  WB  WP  UC- WT  
Memory KASLR using RDRAND RDTSC...
[    0.005418] found SMP MP-table at [mem 0x000f5470-0x000f547f]
[    0.005858] Using GB pages for direct mapping
[    0.006266] ACPI: Early table checksum verification disabled
[    0.006693] ACPI: RSDP 0x00000000000F5290 000014 (v00 BOCHS )
[    0.007127] ACPI: RSDT 0x000000003FFE27B6 000034 (v01 BOCHS  BXPC     00000001 BXPC 00000001)
[    0.007771] ACPI: FACP 0x000000003FFE2572 000074 (v01 BOCHS  BXPC     00000001 BXPC 00000001)
[    0.008414] ACPI: DSDT 0x000000003FFE0040 002532 (v01 BOCHS  BXPC     00000001 BXPC 00000001)
[    0.009059] ACPI: FACS 0x000000003FFE0000 000040
[    0.009407] ACPI: APIC 0x000000003FFE25E6 000170 (v03 BOCHS  BXPC     00000001 BXPC 00000001)
[    0.010049] ACPI: HPET 0x000000003FFE2756 000038 (v01 BOCHS  BXPC     00000001 BXPC 00000001)
[    0.010690] ACPI: WAET 0x000000003FFE278E 000028 (v01 BOCHS  BXPC     00000001 BXPC 00000001)
[    0.011330] ACPI: Reserving FACP table memory at [mem 0x3ffe2572-0x3ffe25e5]
[    0.011860] ACPI: Reserving DSDT table memory at [mem 0x3ffe0040-0x3ffe2571]
[    0.012389] ACPI: Reserving FACS table memory at [mem 0x3ffe0000-0x3ffe003f]
[    0.012921] ACPI: Reserving APIC table memory at [mem 0x3ffe25e6-0x3ffe2755]
[    0.013449] ACPI: Reserving HPET table memory at [mem 0x3ffe2756-0x3ffe278d]
[    0.013980] ACPI: Reserving WAET table memory at [mem 0x3ffe278e-0x3ffe27b5]
[    0.014658] No NUMA configuration found
[    0.014948] Faking a node at [mem 0x0000000000000000-0x000000003ffdffff]
[    0.015456] NODE_DATA(0) allocated [mem 0x3ffdb000-0x3ffdffff]
[    0.015907] Zone ranges:
[    0.016098]   DMA      [mem 0x0000000000001000-0x0000000000ffffff]
[    0.016567]   DMA32    [mem 0x0000000001000000-0x000000003ffdffff]
[    0.017033]   Normal   empty
[    0.017250]   Device   empty
[    0.017468] Movable zone start for each node
[    0.017790] Early memory node ranges
[    0.018059]   node   0: [mem 0x0000000000001000-0x000000000009efff]
[    0.018531]   node   0: [mem 0x0000000000100000-0x000000003ffdffff]
[    0.019005] Initmem setup node 0 [mem 0x0000000000001000-0x000000003ffdffff]
[    0.019540] On node 0, zone DMA: 1 pages in unavailable ranges
[    0.019991] On node 0, zone DMA: 97 pages in unavailable ranges
[    0.021404] On node 0, zone DMA32: 32 pages in unavailable ranges
[    0.022061] ACPI: PM-Timer IO Port: 0x608
[    0.022368] ACPI: LAPIC_NMI (acpi_id[0xff] dfl dfl lint[0x1])
[    0.022821] IOAPIC[0]: apic_id 0, version 17, address 0xfec00000, GSI 0-23
[    0.023339] ACPI: INT_SRC_OVR (bus 0 bus_irq 0 global_irq 2 dfl dfl)
[    0.023816] ACPI: INT_SRC_OVR (bus 0 bus_irq 5 global_irq 5 high level)
[    0.024313] ACPI: INT_SRC_OVR (bus 0 bus_irq 9 global_irq 9 high level)
[    0.024814] ACPI: INT_SRC_OVR (bus 0 bus_irq 10 global_irq 10 high level)
[    0.025324] ACPI: INT_SRC_OVR (bus 0 bus_irq 11 global_irq 11 high level)
[    0.025837] ACPI: Using ACPI (MADT) for SMP configuration information
[    0.026323] ACPI: HPET id: 0x8086a201 base: 0xfed00000
[    0.026712] TSC deadline timer available
[    0.027006] smpboot: Allowing 32 CPUs, 0 hotplug CPUs
[    0.027397] kvm-guest: APIC: eoi() replaced with kvm_guest_apic_eoi_write()
[    0.027928] kvm-guest: KVM setup pv remote TLB flush
[    0.028302] kvm-guest: setup PV sched yield
[    0.028624] PM: hibernation: Registered nosave memory: [mem 0x00000000-0x00000fff]
[    0.029197] PM: hibernation: Registered nosave memory: [mem 0x0009f000-0x0009ffff]
[    0.029769] PM: hibernation: Registered nosave memory: [mem 0x000a0000-0x000effff]
[    0.030352] PM: hibernation: Registered nosave memory: [mem 0x000f0000-0x000fffff]
[    0.030934] [mem 0x40000000-0xfeffbfff] available for PCI devices
[    0.031391] Booting paravirtualized kernel on KVM
[    0.031747] clocksource: refined-jiffies: mask: 0xffffffff max_cycles: 0xffffffff, max_idle_ns: 1910969940391419 ns
[    0.035502] setup_percpu: NR_CPUS:64 nr_cpumask_bits:32 nr_cpu_ids:32 nr_node_ids:1
[    0.036704] percpu: Embedded 58 pages/cpu s199840 r8192 d29536 u262144
[    0.037249] Kernel command line: virtme_hostname=virtme-ng virtme_link_mods=/nipa-data/kernel/.virtme_mods/lib/modules/0.0.0 virtme_initmount0=nipa-data/kernel virtme_rw_overlay0=/etc virtme_rw_overlay1=/lib virtme_rw_overlay2=/home virtme_rw_overlay3=/opt virtme_rw_overlay4=/srv virtme_rw_overlay5=/usr virtme_rw_overlay6=/var earlyprintk=serial,ttyS0,115200 console=ttyS0 psmouse.proto=exps virtme_chdir=nipa-data/kernel virtme_root_user=1 rootfstype=9p rootflags=version=9p2000.L,trans=virtio,access=any raid=noautodetect ro init=/usr/lib/python3.11/site-packages/virtme/guest/virtme-init
[    0.041365] Unknown kernel command line parameters "virtme_hostname=virtme-ng virtme_link_mods=/nipa-data/kernel/.virtme_mods/lib/modules/0.0.0 virtme_initmount0=nipa-data/kernel virtme_rw_overlay0=/etc virtme_rw_overlay1=/lib virtme_rw_overlay2=/home virtme_rw_overlay3=/opt virtme_rw_overlay4=/srv virtme_rw_overlay5=/usr virtme_rw_overlay6=/var virtme_chdir=nipa-data/kernel virtme_root_user=1", will be passed to user space.
[    0.044506] random: crng init done
[    0.044799] Dentry cache hash table entries: 131072 (order: 8, 1048576 bytes, linear)
[    0.045435] Inode-cache hash table entries: 65536 (order: 7, 524288 bytes, linear)
[    0.046134] Fallback order for Node 0: 0 
[    0.046137] Built 1 zonelists, mobility grouping on.  Total pages: 257760
[    0.046984] Policy zone: DMA32
[    0.047222] mem auto-init: stack:all(zero), heap alloc:off, heap free:off
[    0.049303] Memory: 976384K/1048056K available (16384K kernel code, 2556K rwdata, 6072K rodata, 3160K init, 12004K bss, 71412K reserved, 0K cma-reserved)
[    0.050425] SLUB: HWalign=64, Order=0-3, MinObjects=0, CPUs=32, Nodes=1
Poking KASLR using RDRAND RDTSC...
[    0.051228] ftrace: allocating 46544 entries in 182 pages
[    0.058486] ftrace: allocated 182 pages with 5 groups
[    0.059732] Dynamic Preempt: voluntary
[    0.060251] Running RCU self tests
[    0.060524] Running RCU synchronous self tests
[    0.060875] rcu: Preemptible hierarchical RCU implementation.
[    0.061329] rcu: RCU event tracing is enabled.
[    0.061678] rcu: RCU lockdep checking is enabled.
[    0.062057] rcu: RCU restricting CPUs from NR_CPUS=64 to nr_cpu_ids=32.
[    0.062573] Trampoline variant of Tasks RCU enabled.
[    0.062974] Rude variant of Tasks RCU enabled.
[    0.063324] Tracing variant of Tasks RCU enabled.
[    0.063694] rcu: RCU calculated value of scheduler-enlistment delay is 100 jiffies.
[    0.064299] rcu: Adjusting geometry for rcu_fanout_leaf=16, nr_cpu_ids=32
[    0.064860] Running RCU synchronous self tests
[    0.066846] NR_IRQS: 4352, nr_irqs: 680, preallocated irqs: 16
[    0.067506] rcu: srcu_init: Setting srcu_struct sizes based on contention.
[    0.068248] Console: colour *CGA 80x25
[    0.068570] printk: legacy console [ttyS0] enabled
[    0.068570] printk: legacy console [ttyS0] enabled
[    0.069324] printk: legacy bootconsole [earlyser0] disabled
[    0.069324] printk: legacy bootconsole [earlyser0] disabled
[    0.070194] Lock dependency validator: Copyright (c) 2006 Red Hat, Inc., Ingo Molnar
[    0.070793] ... MAX_LOCKDEP_SUBCLASSES:  8
[    0.071124] ... MAX_LOCK_DEPTH:          48
[    0.071451] ... MAX_LOCKDEP_KEYS:        8192
[    0.071791] ... CLASSHASH_SIZE:          4096
[    0.072137] ... MAX_LOCKDEP_ENTRIES:     32768
[    0.072490] ... MAX_LOCKDEP_CHAINS:      65536
[    0.072839] ... CHAINHASH_SIZE:          32768
[    0.073189]  memory used by lock dependency info: 6429 kB
[    0.073608]  memory used for stack traces: 4224 kB
[    0.073989]  per task-struct memory footprint: 1920 bytes
[    0.074423] ACPI: Core revision 20230628
[    0.074832] clocksource: hpet: mask: 0xffffffff max_cycles: 0xffffffff, max_idle_ns: 19112604467 ns
[    0.075652] APIC: Switch to symmetric I/O mode setup
[    0.076060] APIC: Switched APIC routing to: physical flat
[    0.076486] kvm-guest: APIC: send_IPI_mask() replaced with kvm_send_ipi_mask()
[    0.077058] kvm-guest: APIC: send_IPI_mask_allbutself() replaced with kvm_send_ipi_mask_allbutself()
[    0.077767] kvm-guest: setup PV IPIs
[    0.078912] ..TIMER: vector=0x30 apic1=0 pin1=2 apic2=-1 pin2=-1
[    0.079748] tsc: Marking TSC unstable due to TSCs unsynchronized
[    0.080569] Calibrating delay loop (skipped) preset value.. 8983.07 BogoMIPS (lpj=4491536)
[    0.081624] x86/cpu: User Mode Instruction Prevention (UMIP) activated
[    0.082623] Last level iTLB entries: 4KB 512, 2MB 255, 4MB 127
[    0.083416] Last level dTLB entries: 4KB 512, 2MB 255, 4MB 127, 1GB 0
[    0.083568] Spectre V1 : Mitigation: usercopy/swapgs barriers and __user pointer sanitization
[    0.084575] Spectre V2 : Mitigation: Enhanced / Automatic IBRS
[    0.085564] Spectre V2 : Spectre v2 / SpectreRSB mitigation: Filling RSB on context switch
[    0.086569] Spectre V2 : mitigation: Enabling conditional Indirect Branch Prediction Barrier
[    0.087566] Speculative Store Bypass: Mitigation: Speculative Store Bypass disabled via prctl
[    0.088564] Speculative Return Stack Overflow: IBPB-extending microcode not applied!
[    0.089564] Speculative Return Stack Overflow: WARNING: See https://kernel.org/doc/html/latest/admin-guide/hw-vuln/srso.html for mitigation options.
[    0.089565] Speculative Return Stack Overflow: Vulnerable: Safe RET, no microcode
[    0.091594] x86/fpu: Supporting XSAVE feature 0x001: 'x87 floating point registers'
[    0.092564] x86/fpu: Supporting XSAVE feature 0x002: 'SSE registers'
[    0.093564] x86/fpu: Supporting XSAVE feature 0x004: 'AVX registers'
[    0.094564] x86/fpu: Supporting XSAVE feature 0x020: 'AVX-512 opmask'
[    0.095564] x86/fpu: Supporting XSAVE feature 0x040: 'AVX-512 Hi256'
[    0.096564] x86/fpu: Supporting XSAVE feature 0x080: 'AVX-512 ZMM_Hi256'
[    0.097564] x86/fpu: Supporting XSAVE feature 0x200: 'Protection Keys User registers'
[    0.098564] x86/fpu: xstate_offset[2]:  576, xstate_sizes[2]:  256
[    0.099564] x86/fpu: xstate_offset[5]:  832, xstate_sizes[5]:   64
[    0.100564] x86/fpu: xstate_offset[6]:  896, xstate_sizes[6]:  512
[    0.101564] x86/fpu: xstate_offset[7]: 1408, xstate_sizes[7]: 1024
[    0.102564] x86/fpu: xstate_offset[9]: 2432, xstate_sizes[9]:    8
[    0.103564] x86/fpu: Enabled xstate features 0x2e7, context size is 2440 bytes, using 'compacted' format.
[    0.126064] Freeing SMP alternatives memory: 36K
[    0.126566] pid_max: default: 32768 minimum: 301
[    0.127670] Mount-cache hash table entries: 2048 (order: 2, 16384 bytes, linear)
[    0.128567] Mountpoint-cache hash table entries: 2048 (order: 2, 16384 bytes, linear)
[    0.130764] Running RCU synchronous self tests
[    0.131481] Running RCU synchronous self tests
[    0.131727] smpboot: CPU0: AMD Ryzen 9 7950X 16-Core Processor (family: 0x19, model: 0x61, stepping: 0x2)
[    0.132920] RCU Tasks: Setting shift to 5 and lim to 1 rcu_task_cb_adjust=1.
[    0.133594] RCU Tasks Rude: Setting shift to 5 and lim to 1 rcu_task_cb_adjust=1.
[    0.134589] RCU Tasks Trace: Setting shift to 5 and lim to 1 rcu_task_cb_adjust=1.
[    0.135588] Running RCU Tasks wait API self tests
[    0.237633] Running RCU Tasks Rude wait API self tests
[    0.238399] Running RCU Tasks Trace wait API self tests
[    0.238616] Performance Events: Fam17h+ core perfctr, AMD PMU driver.
[    0.239495] ... version:                0
[    0.239567] ... bit width:              48
[    0.240087] ... generic registers:      6
[    0.240567] ... value mask:             0000ffffffffffff
[    0.241242] ... max period:             00007fffffffffff
[    0.241567] ... fixed-purpose events:   0
[    0.242080] ... event mask:             000000000000003f
[    0.242752] signal: max sigframe size: 3376
[    0.243380] rcu: Hierarchical SRCU implementation.
[    0.243567] rcu: Max phase no-delay instances is 400.
[    0.245933] Callback from call_rcu_tasks_trace() invoked.
[    0.248342] smp: Bringing up secondary CPUs ...
[    0.248854] smpboot: x86: Booting SMP configuration:
[    0.249509] .... node  #0, CPUs:        #1  #2  #3  #4  #5  #6  #7  #8  #9 #10 #11 #12 #13 #14 #15 #16 #17 #18 #19 #20 #21 #22 #23 #24 #25 #26 #27 #28 #29 #30 #31
[    0.276738] smp: Brought up 1 node, 32 CPUs
[    0.278119] smpboot: Max logical packages: 1
[    0.278570] smpboot: Total of 32 processors activated (287458.30 BogoMIPS)
[    0.282787] devtmpfs: initialized
[    0.283655] x86/mm: Memory block size: 128MB
[    0.286181] Running RCU synchronous self tests
[    0.286592] Running RCU synchronous self tests
[    0.287267] clocksource: jiffies: mask: 0xffffffff max_cycles: 0xffffffff, max_idle_ns: 1911260446275000 ns
[    0.287572] futex hash table entries: 8192 (order: 8, 1048576 bytes, linear)
[    0.288995] PM: RTC time: 03:08:47, date: 2024-01-29
[    0.290182] NET: Registered PF_NETLINK/PF_ROUTE protocol family
[    0.291176] thermal_sys: Registered thermal governor 'step_wise'
[    0.291178] thermal_sys: Registered thermal governor 'user_space'
[    0.291609] cpuidle: using governor menu
[    0.293960] PCI: Using configuration type 1 for base access
[    0.294574] PCI: Using configuration type 1 for extended access
[    0.295461] kprobes: kprobe jump-optimization is enabled. All kprobes are optimized if possible.
[    0.310253] HugeTLB: registered 1.00 GiB page size, pre-allocated 0 pages
[    0.310567] HugeTLB: 16380 KiB vmemmap can be freed for a 1.00 GiB page
[    0.311407] HugeTLB: registered 2.00 MiB page size, pre-allocated 0 pages
[    0.311566] HugeTLB: 28 KiB vmemmap can be freed for a 2.00 MiB page
[    0.313012] ACPI: Added _OSI(Module Device)
[    0.313561] ACPI: Added _OSI(Processor Device)
[    0.314132] ACPI: Added _OSI(3.0 _SCP Extensions)
[    0.314567] ACPI: Added _OSI(Processor Aggregator Device)
[    0.319986] ACPI: 1 ACPI AML tables successfully acquired and loaded
[    0.321652] ACPI: _OSC evaluation for CPUs failed, trying _PDC
[    0.323043] ACPI: Interpreter enabled
[    0.323559] ACPI: PM: (supports S0 S3 S4 S5)
[    0.323572] ACPI: Using IOAPIC for interrupt routing
[    0.324229] PCI: Using host bridge windows from ACPI; if necessary, use "pci=nocrs" and report a bug
[    0.324566] PCI: Using E820 reservations for host bridge windows
[    0.325621] ACPI: Enabled 2 GPEs in block 00 to 0F
[    0.334983] ACPI: PCI Root Bridge [PCI0] (domain 0000 [bus 00-ff])
[    0.335570] acpi PNP0A03:00: _OSC: OS supports [ExtendedConfig ASPM ClockPM Segments MSI HPX-Type3]
[    0.337055] PCI host bridge to bus 0000:00
[    0.337567] pci_bus 0000:00: root bus resource [io  0x0000-0x0cf7 window]
[    0.338448] pci_bus 0000:00: root bus resource [io  0x0d00-0xffff window]
[    0.338568] pci_bus 0000:00: root bus resource [mem 0x000a0000-0x000bffff window]
[    0.339518] pci_bus 0000:00: root bus resource [mem 0x40000000-0xfebfffff window]
[    0.339567] pci_bus 0000:00: root bus resource [mem 0x100000000-0x17fffffff window]
[    0.340544] pci_bus 0000:00: root bus resource [bus 00-ff]
[    0.340709] pci 0000:00:00.0: [8086:1237] type 00 class 0x060000 conventional PCI endpoint
[    0.342806] pci 0000:00:01.0: [8086:7000] type 00 class 0x060100 conventional PCI endpoint
[    0.344569] pci 0000:00:01.1: [8086:7010] type 00 class 0x010180 conventional PCI endpoint
[    0.347824] pci 0000:00:01.1: BAR 4 [io  0xc080-0xc08f]
[    0.349280] pci 0000:00:01.1: BAR 0 [io  0x01f0-0x01f7]: legacy IDE quirk
[    0.350568] pci 0000:00:01.1: BAR 1 [io  0x03f6]: legacy IDE quirk
[    0.351405] pci 0000:00:01.1: BAR 2 [io  0x0170-0x0177]: legacy IDE quirk
[    0.352570] pci 0000:00:01.1: BAR 3 [io  0x0376]: legacy IDE quirk
[    0.353585] Callback from call_rcu_tasks_rude() invoked.
[    0.353748] pci 0000:00:01.3: [8086:7113] type 00 class 0x068000 conventional PCI endpoint
[    0.355831] pci 0000:00:01.3: quirk: [io  0x0600-0x063f] claimed by PIIX4 ACPI
[    0.356571] pci 0000:00:01.3: quirk: [io  0x0700-0x070f] claimed by PIIX4 SMB
[    0.358853] pci 0000:00:02.0: [1af4:1009] type 00 class 0x000200 conventional PCI endpoint
[    0.360567] pci 0000:00:02.0: BAR 0 [io  0xc000-0xc03f]
[    0.363273] pci 0000:00:02.0: BAR 1 [mem 0xfebfd000-0xfebfdfff]
[    0.367567] pci 0000:00:02.0: BAR 4 [mem 0xfebf4000-0xfebf7fff 64bit pref]
[    0.371801] pci 0000:00:03.0: [1af4:1009] type 00 class 0x000200 conventional PCI endpoint
[    0.374567] pci 0000:00:03.0: BAR 0 [io  0xc040-0xc07f]
[    0.377237] pci 0000:00:03.0: BAR 1 [mem 0xfebfe000-0xfebfefff]
[    0.382272] pci 0000:00:03.0: BAR 4 [mem 0xfebf8000-0xfebfbfff 64bit pref]
[    0.385724] pci 0000:00:04.0: [8086:25ab] type 00 class 0x088000 conventional PCI endpoint
[    0.387101] pci 0000:00:04.0: BAR 0 [mem 0xfebff000-0xfebff00f]
[    0.393290] ACPI: PCI: Interrupt link LNKA configured for IRQ 10
[    0.394738] ACPI: PCI: Interrupt link LNKB configured for IRQ 10
[    0.395648] ACPI: PCI: Interrupt link LNKC configured for IRQ 11
[    0.396609] ACPI: PCI: Interrupt link LNKD configured for IRQ 11
[    0.397501] ACPI: PCI: Interrupt link LNKS configured for IRQ 9
[    0.401007] iommu: Default domain type: Translated
[    0.401567] iommu: DMA domain TLB invalidation policy: lazy mode
[    0.402658] SCSI subsystem initialized
[    0.403195] pps_core: LinuxPPS API ver. 1 registered
[    0.403569] pps_core: Software ver. 5.3.6 - Copyright 2005-2007 Rodolfo Giometti <giometti@linux.it>
[    0.404571] PTP clock support registered
[    0.405644] Advanced Linux Sound Architecture Driver Initialized.
[    0.407161] NET: Registered PF_ATMPVC protocol family
[    0.407567] NET: Registered PF_ATMSVC protocol family
[    0.408244] PCI: Using ACPI for IRQ routing
[    0.409675] vgaarb: loaded
[    0.409962] hpet0: at MMIO 0xfed00000, IRQs 2, 8, 0
[    0.410568] hpet0: 3 comparators, 64-bit 100.000000 MHz counter
[    0.416089] clocksource: Switched to clocksource kvm-clock
[    0.417444] VFS: Disk quotas dquot_6.6.0
[    0.417997] VFS: Dquot-cache hash table entries: 512 (order 0, 4096 bytes)
[    0.419045] pnp: PnP ACPI init
[    0.420013] pnp: PnP ACPI: found 5 devices
[    0.429585] clocksource: acpi_pm: mask: 0xffffff max_cycles: 0xffffff, max_idle_ns: 2085701024 ns
[    0.430804] NET: Registered PF_INET protocol family
[    0.431522] IP idents hash table entries: 16384 (order: 5, 131072 bytes, linear)
[    0.432787] tcp_listen_portaddr_hash hash table entries: 512 (order: 3, 36864 bytes, linear)
[    0.433929] Table-perturb hash table entries: 65536 (order: 6, 262144 bytes, linear)
[    0.434988] TCP established hash table entries: 8192 (order: 4, 65536 bytes, linear)
[    0.436063] TCP bind hash table entries: 8192 (order: 8, 1179648 bytes, linear)
[    0.437447] TCP: Hash tables configured (established 8192 bind 8192)
[    0.438410] UDP hash table entries: 512 (order: 4, 81920 bytes, linear)
[    0.439330] UDP-Lite hash table entries: 512 (order: 4, 81920 bytes, linear)
[    0.440415] NET: Registered PF_UNIX/PF_LOCAL protocol family
[    0.441189] pci_bus 0000:00: resource 4 [io  0x0000-0x0cf7 window]
[    0.442009] pci_bus 0000:00: resource 5 [io  0x0d00-0xffff window]
[    0.442924] pci_bus 0000:00: resource 6 [mem 0x000a0000-0x000bffff window]
[    0.443836] pci_bus 0000:00: resource 7 [mem 0x40000000-0xfebfffff window]
[    0.444745] pci_bus 0000:00: resource 8 [mem 0x100000000-0x17fffffff window]
[    0.445751] Callback from call_rcu_tasks() invoked.
[    0.445801] pci 0000:00:01.0: PIIX3: Enabling Passive Release
[    0.447232] pci 0000:00:00.0: Limiting direct PCI/PCI transfers
[    0.448080] PCI: CLS 0 bytes, default 64
[    0.448663] kvm_intel: VMX not supported by CPU 2
[    0.449662] kvm_amd: TSC scaling supported
[    0.450231] kvm_amd: Nested Virtualization enabled
[    0.450885] kvm_amd: Nested Paging enabled
[    0.451446] kvm_amd: Virtual VMLOAD VMSAVE supported
[    0.452121] kvm_amd: Virtual GIF supported
[    0.452671] kvm_amd: Virtual NMI enabled
[    0.453197] kvm_amd: LBR virtualization supported
[    0.554919] workingset: timestamp_bits=56 max_order=18 bucket_order=0
[    0.555901] squashfs: version 4.0 (2009/01/31) Phillip Lougher
[    0.556692] fuse: init (API version 7.39)
[    0.557311] 9p: Installing v9fs 9p2000 file system support
[    0.558146] Key type asymmetric registered
[    0.558728] Block layer SCSI generic (bsg) driver version 0.4 loaded (major 249)
[    0.559766] io scheduler mq-deadline registered
[    0.560363] io scheduler kyber registered
[    0.562247] input: Power Button as /devices/LNXSYSTM:00/LNXPWRBN:00/input/input0
[    0.563467] ACPI: button: Power Button [PWRF]
[    0.564156] Warning: Processor Platform Limit event detected, but not handled.
[    0.565116] Consider compiling CPUfreq support into your kernel.
[    0.640153] ACPI: \_SB_.LNKB: Enabled at IRQ 10
[    0.713924] ACPI: \_SB_.LNKC: Enabled at IRQ 11
[    0.715387] Serial: 8250/16550 driver, 4 ports, IRQ sharing enabled
[    0.716625] 00:03: ttyS0 at I/O 0x3f8 (irq = 4, base_baud = 115200) is a 16550A
[    0.718859] Non-volatile memory driver v1.3
[    0.719417] Linux agpgart interface v0.103
[    0.720110] ACPI: bus type drm_connector registered
[    0.733336] loop: module loaded
[    0.735127] scsi host0: ata_piix
[    0.735898] scsi host1: ata_piix
[    0.736392] ata1: PATA max MWDMA2 cmd 0x1f0 ctl 0x3f6 bmdma 0xc080 irq 14 lpm-pol 0
[    0.737402] ata2: PATA max MWDMA2 cmd 0x170 ctl 0x376 bmdma 0xc088 irq 15 lpm-pol 0
[    0.739227] i8042: PNP: PS/2 Controller [PNP0303:KBD,PNP0f13:MOU] at 0x60,0x64 irq 1,12
[    0.740969] serio: i8042 KBD port at 0x60,0x64 irq 1
[    0.741658] serio: i8042 AUX port at 0x60,0x64 irq 12
[    0.742929] rtc_cmos 00:04: RTC can wake from S4
[    0.744049] input: AT Translated Set 2 keyboard as /devices/platform/i8042/serio0/input/input1
[    0.746081] rtc_cmos 00:04: registered as rtc0
[    0.746760] rtc_cmos 00:04: setting system clock to 2024-01-29T03:08:47 UTC (1706497727)
[    0.747927] rtc_cmos 00:04: alarms up to one day, y3k, 242 bytes nvram, hpet irqs
[    0.749564] i6300ESB timer 0000:00:04.0: initialized. heartbeat=30 sec (nowayout=0)
[    0.750937] device-mapper: ioctl: 4.48.0-ioctl (2023-03-01) initialised: dm-devel@redhat.com
[    0.752973] NET: Registered PF_PACKET protocol family
[    0.753657] 9pnet: Installing 9P2000 support
[    0.755314] Key type dns_resolver registered
[    0.756593] input: ImExPS/2 Generic Explorer Mouse as /devices/platform/i8042/serio1/input/input3
[    0.761168] IPI shorthand broadcast: enabled
[    0.769620] sched_clock: Marking stable (760002336, 9515418)->(807703010, -38185256)
[    0.770937] registered taskstats version 1
[    0.776662] PM:   Magic number: 8:528:109
[    0.777264] printk: legacy console [netcon0] enabled
[    0.777927] netconsole: network logging started
[    0.778691] ALSA device list:
[    0.779127]   No soundcards found.
[    0.893677] ata2: found unknown device (class 0)
[    0.894825] ata2.00: ATAPI: QEMU DVD-ROM, 2.5+, max UDMA/100
[    0.896756] scsi 1:0:0:0: CD-ROM            QEMU     QEMU DVD-ROM     2.5+ PQ: 0 ANSI: 5
[    0.905237] scsi 1:0:0:0: Attached scsi generic sg0 type 5
[    0.906012] md: Skipping autodetection of RAID arrays. (raid=autodetect will force)
[    0.906964] 9pnet_virtio: no channels available for device 
[    0.908292] VFS: Mounted root (9p filesystem) readonly on device 0:19.
[    0.909283] devtmpfs: mounted
[    0.911236] Freeing unused kernel image (initmem) memory: 3160K
[    0.919540] Write protecting the kernel read-only data: 22528k
[    0.920670] Freeing unused kernel image (rodata/data gap) memory: 72K
[    0.951761] x86/mm: Checked W+X mappings: passed, no W+X pages found.
[    0.952722] Run /usr/lib/python3.11/site-packages/virtme/guest/virtme-init as init process
[    0.982067] mount (266) used greatest stack depth: 12984 bytes left
[    1.058911] mount (284) used greatest stack depth: 12584 bytes left
[    1.111954] virtme-init (315) used greatest stack depth: 12568 bytes left
[    1.115013] virtme-init (312) used greatest stack depth: 12424 bytes left
[    1.149293] virtme-init: basic initialization done
[    1.155079] virtme-init: udevd not found
[    1.211393] virtme-init: Setting hostname to virtme-ng...
[    1.223098] ip (358) used greatest stack depth: 12024 bytes left
          _      _                                    
   __   _(_)_ __| |_ _ __ ___   ___       _ __   __ _ 
   \ \ / / |  __| __|  _   _ \ / _ \_____|  _ \ / _  |
    \ V /| | |  | |_| | | | | |  __/_____| | | | (_| |
     \_/ |_|_|   \__|_| |_| |_|\___|     |_| |_|\__  |
                                                |___/ 
   kernel version: 6.8.0-rc1-virtme x86_64

virtme-ng:/nipa-data/kernel# PS1='xx__-> '
xx__-> 