No EFI environment detected.
early console in extract_kernel
input_data: 0x0000000002be42c4
input_len: 0x0000000000b5b9a0
output: 0x0000000001000000
output_len: 0x00000000026f81c4
kernel_total_size: 0x0000000002430000
needed_size: 0x0000000002800000
trampoline_32bit: 0x000000000009d000
Physical KASLR using RDRAND RDTSC...
Virtual KASLR using RDRAND RDTSC...

Decompressing Linux... Parsing ELF... Performing relocations... done.
Booting the kernel (entry_offset: 0x0000000000000000).
[    0.000000] Linux version 6.11.0-virtme (root@9c88d619a5df) (gcc (Ubuntu 13.2.0-23ubuntu4) 13.2.0, GNU ld (GNU Binutils for Ubuntu) 2.42) #1 SMP PREEMPT_DYNAMIC Mon Sep 16 18:07:20 UTC 2024
[    0.000000] Command line: virtme_hostname=virtme-ng nr_open=1048576 virtme_link_mods=/nipa-data/kernel/.virtme_mods/lib/modules/0.0.0 virtme_initmount0=nipa-data/kernel virtme_rw_overlay0=/etc virtme_rw_overlay1=/lib virtme_rw_overlay2=/home virtme_rw_overlay3=/opt virtme_rw_overlay4=/srv virtme_rw_overlay5=/usr virtme_rw_overlay6=/var console=hvc0 earlyprintk=serial,ttyS0,115200 virtme_console=ttyS0 psmouse.proto=exps TERM=xterm virtme_chdir=nipa-data/kernel virtme_root_user=1 rootfstype=9p rootflags=version=9p2000.L,trans=virtio,access=any raid=noautodetect ro init=/usr/lib/python3/dist-packages/virtme/guest/virtme-init
[    0.000000] x86/split lock detection: #DB: warning on user-space bus_locks
[    0.000000] BIOS-provided physical RAM map:
[    0.000000] BIOS-e820: [mem 0x0000000000000000-0x000000000009fbff] usable
[    0.000000] BIOS-e820: [mem 0x000000000009fc00-0x000000000009ffff] reserved
[    0.000000] BIOS-e820: [mem 0x00000000000f0000-0x00000000000fffff] reserved
[    0.000000] BIOS-e820: [mem 0x0000000000100000-0x000000003ffdffff] usable
[    0.000000] BIOS-e820: [mem 0x000000003ffe0000-0x000000003fffffff] reserved
[    0.000000] BIOS-e820: [mem 0x00000000feffc000-0x00000000feffffff] reserved
[    0.000000] BIOS-e820: [mem 0x00000000fffc0000-0x00000000ffffffff] reserved
[    0.000000] printk: legacy bootconsole [earlyser0] enabled
[    0.000000] NX (Execute Disable) protection: active
[    0.000000] APIC: Static calls initialized
[    0.000000] SMBIOS 3.0.0 present.
[    0.000000] DMI: QEMU Ubuntu 24.04 PC (i440FX + PIIX, 1996), BIOS 1.16.3-debian-1.16.3-2 04/01/2014
[    0.000000] DMI: Memory slots populated: 1/1
[    0.000000] Hypervisor detected: KVM
[    0.000000] kvm-clock: Using msrs 4b564d01 and 4b564d00
[    0.000001] kvm-clock: using sched offset of 897220512 cycles
[    0.000781] clocksource: kvm-clock: mask: 0xffffffffffffffff max_cycles: 0x1cd42e4dffb, max_idle_ns: 881590591483 ns
[    0.003195] tsc: Detected 2000.000 MHz processor
[    0.004332] last_pfn = 0x3ffe0 max_arch_pfn = 0x10000000000
[    0.005218] MTRR map: 4 entries (3 fixed + 1 variable; max 19), built from 8 variable MTRRs
[    0.006458] x86/PAT: Configuration [0-7]: WB  WC  UC- UC  WB  WP  UC- WT  
Memory KASLR using RDRAND RDTSC...
[    0.013811] found SMP MP-table at [mem 0x000f5470-0x000f547f]
[    0.014678] Using GB pages for direct mapping
[    0.015443] ACPI: Early table checksum verification disabled
[    0.016292] ACPI: RSDP 0x00000000000F5290 000014 (v00 BOCHS )
[    0.017149] ACPI: RSDT 0x000000003FFE308E 000034 (v01 BOCHS  BXPC     00000001 BXPC 00000001)
[    0.018419] ACPI: FACP 0x000000003FFE2D8A 000074 (v01 BOCHS  BXPC     00000001 BXPC 00000001)
[    0.019689] ACPI: DSDT 0x000000003FFE0040 002D4A (v01 BOCHS  BXPC     00000001 BXPC 00000001)
[    0.020959] ACPI: FACS 0x000000003FFE0000 000040
[    0.021646] ACPI: APIC 0x000000003FFE2DFE 000230 (v03 BOCHS  BXPC     00000001 BXPC 00000001)
[    0.022911] ACPI: HPET 0x000000003FFE302E 000038 (v01 BOCHS  BXPC     00000001 BXPC 00000001)
[    0.024180] ACPI: WAET 0x000000003FFE3066 000028 (v01 BOCHS  BXPC     00000001 BXPC 00000001)
[    0.025450] ACPI: Reserving FACP table memory at [mem 0x3ffe2d8a-0x3ffe2dfd]
[    0.026496] ACPI: Reserving DSDT table memory at [mem 0x3ffe0040-0x3ffe2d89]
[    0.027540] ACPI: Reserving FACS table memory at [mem 0x3ffe0000-0x3ffe003f]
[    0.028587] ACPI: Reserving APIC table memory at [mem 0x3ffe2dfe-0x3ffe302d]
[    0.029631] ACPI: Reserving HPET table memory at [mem 0x3ffe302e-0x3ffe3065]
[    0.030676] ACPI: Reserving WAET table memory at [mem 0x3ffe3066-0x3ffe308d]
[    0.032074] No NUMA configuration found
[    0.032646] Faking a node at [mem 0x0000000000000000-0x000000003ffdffff]
[    0.033641] NODE_DATA(0) allocated [mem 0x3ffdb000-0x3ffdffff]
[    0.034624] Zone ranges:
[    0.035003]   DMA      [mem 0x0000000000001000-0x0000000000ffffff]
[    0.035920]   DMA32    [mem 0x0000000001000000-0x000000003ffdffff]
[    0.036844]   Normal   empty
[    0.037271]   Device   empty
[    0.037698] Movable zone start for each node
[    0.038331] Early memory node ranges
[    0.038861]   node   0: [mem 0x0000000000001000-0x000000000009efff]
[    0.039791]   node   0: [mem 0x0000000000100000-0x000000003ffdffff]
[    0.040733] Initmem setup node 0 [mem 0x0000000000001000-0x000000003ffdffff]
[    0.041780] On node 0, zone DMA: 1 pages in unavailable ranges
[    0.042677] On node 0, zone DMA: 97 pages in unavailable ranges
[    0.047137] On node 0, zone DMA32: 32 pages in unavailable ranges
[    0.048602] ACPI: PM-Timer IO Port: 0x608
[    0.049217] ACPI: LAPIC_NMI (acpi_id[0xff] dfl dfl lint[0x1])
[    0.050123] IOAPIC[0]: apic_id 0, version 17, address 0xfec00000, GSI 0-23
[    0.051146] ACPI: INT_SRC_OVR (bus 0 bus_irq 0 global_irq 2 dfl dfl)
[    0.052091] ACPI: INT_SRC_OVR (bus 0 bus_irq 5 global_irq 5 high level)
[    0.053076] ACPI: INT_SRC_OVR (bus 0 bus_irq 9 global_irq 9 high level)
[    0.054056] ACPI: INT_SRC_OVR (bus 0 bus_irq 10 global_irq 10 high level)
[    0.055064] ACPI: INT_SRC_OVR (bus 0 bus_irq 11 global_irq 11 high level)
[    0.056076] ACPI: Using ACPI (MADT) for SMP configuration information
[    0.057036] ACPI: HPET id: 0x8086a201 base: 0xfed00000
[    0.057800] TSC deadline timer available
[    0.058384] CPU topo: Max. logical packages:   1
[    0.059068] CPU topo: Max. logical dies:       1
[    0.059751] CPU topo: Max. dies per package:   1
[    0.060443] CPU topo: Max. threads per core:   1
[    0.061128] CPU topo: Num. cores per package:    56
[    0.061850] CPU topo: Num. threads per package:  56
[    0.062572] CPU topo: Allowing 56 present CPUs plus 0 hotplug CPUs
[    0.063511] kvm-guest: APIC: eoi() replaced with kvm_guest_apic_eoi_write()
[    0.064564] kvm-guest: KVM setup pv remote TLB flush
[    0.065303] kvm-guest: setup PV sched yield
[    0.065928] PM: hibernation: Registered nosave memory: [mem 0x00000000-0x00000fff]
[    0.067050] PM: hibernation: Registered nosave memory: [mem 0x0009f000-0x0009ffff]
[    0.068171] PM: hibernation: Registered nosave memory: [mem 0x000a0000-0x000effff]
[    0.069295] PM: hibernation: Registered nosave memory: [mem 0x000f0000-0x000fffff]
[    0.070417] [mem 0x40000000-0xfeffbfff] available for PCI devices
[    0.071321] Booting paravirtualized kernel on KVM
[    0.072023] clocksource: refined-jiffies: mask: 0xffffffff max_cycles: 0xffffffff, max_idle_ns: 1910969940391419 ns
[    0.081143] setup_percpu: NR_CPUS:64 nr_cpumask_bits:56 nr_cpu_ids:56 nr_node_ids:1
[    0.086967] percpu: Embedded 58 pages/cpu s198360 r8192 d31016 u262144
[    0.088061] Kernel command line: virtme_hostname=virtme-ng nr_open=1048576 virtme_link_mods=/nipa-data/kernel/.virtme_mods/lib/modules/0.0.0 virtme_initmount0=nipa-data/kernel virtme_rw_overlay0=/etc virtme_rw_overlay1=/lib virtme_rw_overlay2=/home virtme_rw_overlay3=/opt virtme_rw_overlay4=/srv virtme_rw_overlay5=/usr virtme_rw_overlay6=/var console=hvc0 earlyprintk=serial,ttyS0,115200 virtme_console=ttyS0 psmouse.proto=exps TERM=xterm virtme_chdir=nipa-data/kernel virtme_root_user=1 rootfstype=9p rootflags=version=9p2000.L,trans=virtio,access=any raid=noautodetect ro init=/usr/lib/python3/dist-packages/virtme/guest/virtme-init
[    0.096595] Unknown kernel command line parameters "virtme_hostname=virtme-ng nr_open=1048576 virtme_link_mods=/nipa-data/kernel/.virtme_mods/lib/modules/0.0.0 virtme_initmount0=nipa-data/kernel virtme_rw_overlay0=/etc virtme_rw_overlay1=/lib virtme_rw_overlay2=/home virtme_rw_overlay3=/opt virtme_rw_overlay4=/srv virtme_rw_overlay5=/usr virtme_rw_overlay6=/var virtme_console=ttyS0 virtme_chdir=nipa-data/kernel virtme_root_user=1", will be passed to user space.
[    0.102817] random: crng init done
[    0.103329] printk: log_buf_len individual max cpu contribution: 4096 bytes
[    0.104379] printk: log_buf_len total cpu_extra contributions: 225280 bytes
[    0.105423] printk: log_buf_len min size: 262144 bytes
[    0.106811] printk: log_buf_len: 524288 bytes
[    0.107491] printk: early log buf free: 254024(96%)
[    0.108677] Dentry cache hash table entries: 131072 (order: 8, 1048576 bytes, linear)
[    0.109903] Inode-cache hash table entries: 65536 (order: 7, 524288 bytes, linear)
[    0.111860] Fallback order for Node 0: 0 
[    0.111868] Built 1 zonelists, mobility grouping on.  Total pages: 262014
[    0.113432] Policy zone: DMA32
[    0.113869] mem auto-init: stack:all(zero), heap alloc:off, heap free:off
[    0.118403] SLUB: HWalign=64, Order=0-3, MinObjects=0, CPUs=56, Nodes=1
Poking KASLR using RDRAND RDTSC...
[    0.119892] ftrace: allocating 48253 entries in 189 pages
[    0.134523] ftrace: allocated 189 pages with 6 groups
[    0.136389] Dynamic Preempt: voluntary
[    0.137909] rcu: Preemptible hierarchical RCU implementation.
[    0.138754] rcu: RCU event tracing is enabled.
[    0.139402] rcu: RCU restricting CPUs from NR_CPUS=64 to nr_cpu_ids=56.
[    0.140368] Trampoline variant of Tasks RCU enabled.
[    0.141090] Rude variant of Tasks RCU enabled.
[    0.141737] Tracing variant of Tasks RCU enabled.
[    0.142421] rcu: RCU calculated value of scheduler-enlistment delay is 100 jiffies.
[    0.143514] rcu: Adjusting geometry for rcu_fanout_leaf=16, nr_cpu_ids=56
[    0.144540] RCU Tasks: Setting shift to 6 and lim to 1 rcu_task_cb_adjust=1.
[    0.145552] RCU Tasks Rude: Setting shift to 6 and lim to 1 rcu_task_cb_adjust=1.
[    0.146627] RCU Tasks Trace: Setting shift to 6 and lim to 1 rcu_task_cb_adjust=1.
[    0.150912] NR_IRQS: 4352, nr_irqs: 872, preallocated irqs: 16
[    0.152117] rcu: srcu_init: Setting srcu_struct sizes based on contention.
[    0.153407] Console: colour *CGA 80x25
[    0.153995] ACPI: Core revision 20240322
[    0.154730] clocksource: hpet: mask: 0xffffffff max_cycles: 0xffffffff, max_idle_ns: 19112604467 ns
[    0.156157] APIC: Switch to symmetric I/O mode setup
[    0.157047] APIC: Switched APIC routing to: physical flat
[    0.157835] kvm-guest: APIC: send_IPI_mask() replaced with kvm_send_ipi_mask()
[    0.158830] kvm-guest: APIC: send_IPI_mask_allbutself() replaced with kvm_send_ipi_mask_allbutself()
[    0.160073] kvm-guest: setup PV IPIs
[    0.162045] ..TIMER: vector=0x30 apic1=0 pin1=2 apic2=-1 pin2=-1
[    0.163395] clocksource: tsc-early: mask: 0xffffffffffffffff max_cycles: 0x39a85c9bff6, max_idle_ns: 881590591483 ns
[    0.165668] Calibrating delay loop (skipped) preset value.. 4000.00 BogoMIPS (lpj=2000000)
[    0.166875] x86/cpu: User Mode Instruction Prevention (UMIP) activated
[    0.168753] Last level iTLB entries: 4KB 0, 2MB 0, 4MB 0
[    0.169665] Last level dTLB entries: 4KB 0, 2MB 0, 4MB 0, 1GB 0
[    0.170681] Spectre V1 : Mitigation: usercopy/swapgs barriers and __user pointer sanitization
[    0.171672] Spectre V2 : Spectre BHI mitigation: SW BHB clearing on syscall and VM exit
[    0.172665] Spectre V2 : Mitigation: Enhanced / Automatic IBRS
[    0.173665] Spectre V2 : Spectre v2 / SpectreRSB mitigation: Filling RSB on context switch
[    0.174665] Spectre V2 : Spectre v2 / PBRSB-eIBRS: Retire a single CALL on VMEXIT
[    0.175667] Spectre V2 : mitigation: Enabling conditional Indirect Branch Prediction Barrier
[    0.176668] Speculative Store Bypass: Mitigation: Speculative Store Bypass disabled via prctl
[    0.177665] TAA: Mitigation: TSX disabled
[    0.178683] x86/fpu: Supporting XSAVE feature 0x001: 'x87 floating point registers'
[    0.179667] x86/fpu: Supporting XSAVE feature 0x002: 'SSE registers'
[    0.180672] x86/fpu: Supporting XSAVE feature 0x004: 'AVX registers'
[    0.181672] x86/fpu: Supporting XSAVE feature 0x020: 'AVX-512 opmask'
[    0.182672] x86/fpu: Supporting XSAVE feature 0x040: 'AVX-512 Hi256'
[    0.183672] x86/fpu: Supporting XSAVE feature 0x080: 'AVX-512 ZMM_Hi256'
[    0.184665] x86/fpu: Supporting XSAVE feature 0x200: 'Protection Keys User registers'
[    0.185672] x86/fpu: Supporting XSAVE feature 0x20000: 'AMX Tile config'
[    0.186672] x86/fpu: Supporting XSAVE feature 0x40000: 'AMX Tile data'
[    0.187672] x86/fpu: xstate_offset[2]:  576, xstate_sizes[2]:  256
[    0.188672] x86/fpu: xstate_offset[5]:  832, xstate_sizes[5]:   64
[    0.189671] x86/fpu: xstate_offset[6]:  896, xstate_sizes[6]:  512
[    0.190672] x86/fpu: xstate_offset[7]: 1408, xstate_sizes[7]: 1024
[    0.191672] x86/fpu: xstate_offset[9]: 2432, xstate_sizes[9]:    8
[    0.192667] x86/fpu: xstate_offset[17]: 2496, xstate_sizes[17]:   64
[    0.193672] x86/fpu: xstate_offset[18]: 2560, xstate_sizes[18]: 8192
[    0.194672] x86/fpu: Enabled xstate features 0x602e7, context size is 10752 bytes, using 'compacted' format.
[    0.224315] Freeing SMP alternatives memory: 40K
[    0.224666] pid_max: default: 57344 minimum: 448
[    0.225785] Mount-cache hash table entries: 2048 (order: 2, 16384 bytes, linear)
[    0.226677] Mountpoint-cache hash table entries: 2048 (order: 2, 16384 bytes, linear)
[    0.229119] smpboot: CPU0: Intel(R) Xeon(R) Platinum 8480+ (family: 0x6, model: 0x8f, stepping: 0x6)
[    0.229907] Performance Events: PEBS fmt0-, Sapphire Rapids events, full-width counters, Intel PMU driver.
[    0.230671] ... version:                2
[    0.231471] ... bit width:              48
[    0.231667] ... generic registers:      8
[    0.232460] ... value mask:             0000ffffffffffff
[    0.232667] ... max period:             00007fffffffffff
[    0.233667] ... fixed-purpose events:   3
[    0.234457] ... event mask:             00000007000000ff
[    0.234895] signal: max sigframe size: 11952
[    0.235694] rcu: Hierarchical SRCU implementation.
[    0.236637] rcu: Max phase no-delay instances is 400.
[    0.236703] Timer migration: 2 hierarchy levels; 8 children per group; 2 crossnode level
[    0.238737] smp: Bringing up secondary CPUs ...
[    0.239786] smpboot: x86: Booting SMP configuration:
[    0.240671] .... node  #0, CPUs:        #1  #2  #3  #4  #5  #6  #7  #8  #9 #10 #11 #12 #13 #14 #15 #16 #17 #18 #19 #20 #21 #22 #23 #24 #25 #26 #27 #28 #29 #30 #31 #32 #33 #34 #35 #36 #37 #38 #39 #40 #41 #42 #43 #44 #45 #46 #47 #48 #49 #50 #51 #52 #53 #54 #55
[    0.295761] smp: Brought up 1 node, 56 CPUs
[    0.297512] smpboot: Total of 56 processors activated (224000.00 BogoMIPS)
[    0.307678] Memory: 951184K/1048056K available (16384K kernel code, 2432K rwdata, 6236K rodata, 3104K init, 1932K bss, 72276K reserved, 0K cma-reserved)
[    0.308803] devtmpfs: initialized
[    0.309718] x86/mm: Memory block size: 128MB
[    0.311897] clocksource: jiffies: mask: 0xffffffff max_cycles: 0xffffffff, max_idle_ns: 1911260446275000 ns
[    0.312671] futex hash table entries: 16384 (order: 8, 1048576 bytes, linear)
[    0.314015] PM: RTC time: 18:07:59, date: 2024-09-16
[    0.316256] NET: Registered PF_NETLINK/PF_ROUTE protocol family
[    0.316862] thermal_sys: Registered thermal governor 'step_wise'
[    0.316863] thermal_sys: Registered thermal governor 'user_space'
[    0.317700] cpuidle: using governor menu
[    0.322153] PCI: Using configuration type 1 for base access
[    0.322760] kprobes: kprobe jump-optimization is enabled. All kprobes are optimized if possible.
[    0.366065] HugeTLB: registered 1.00 GiB page size, pre-allocated 0 pages
[    0.368676] HugeTLB: 16380 KiB vmemmap can be freed for a 1.00 GiB page
[    0.369669] HugeTLB: registered 2.00 MiB page size, pre-allocated 0 pages
[    0.371667] HugeTLB: 28 KiB vmemmap can be freed for a 2.00 MiB page
[    0.373820] ACPI: Added _OSI(Module Device)
[    0.374673] ACPI: Added _OSI(Processor Device)
[    0.375586] ACPI: Added _OSI(3.0 _SCP Extensions)
[    0.375668] ACPI: Added _OSI(Processor Aggregator Device)
[    0.377374] ACPI: 1 ACPI AML tables successfully acquired and loaded
[    0.381921] ACPI: Interpreter enabled
[    0.382680] ACPI: PM: (supports S0 S3 S4 S5)
[    0.383570] ACPI: Using IOAPIC for interrupt routing
[    0.384681] PCI: Using host bridge windows from ACPI; if necessary, use "pci=nocrs" and report a bug
[    0.385667] PCI: Using E820 reservations for host bridge windows
[    0.386780] ACPI: Enabled 2 GPEs in block 00 to 0F
[    0.391313] ACPI: PCI Root Bridge [PCI0] (domain 0000 [bus 00-ff])
[    0.392672] acpi PNP0A03:00: _OSC: OS supports [ASPM ClockPM Segments MSI HPX-Type3]
[    0.393668] acpi PNP0A03:00: _OSC: not requesting OS control; OS requires [ExtendedConfig ASPM ClockPM MSI]
[    0.395673] acpi PNP0A03:00: fail to add MMCONFIG information, can't access extended configuration space under this bridge
[    0.397774] PCI host bridge to bus 0000:00
[    0.398616] pci_bus 0000:00: root bus resource [io  0x0000-0x0cf7 window]
[    0.399667] pci_bus 0000:00: root bus resource [io  0x0d00-0xffff window]
[    0.401667] pci_bus 0000:00: root bus resource [mem 0x000a0000-0x000bffff window]
[    0.402667] pci_bus 0000:00: root bus resource [mem 0x40000000-0xfebfffff window]
[    0.403667] pci_bus 0000:00: root bus resource [mem 0x100000000-0x17fffffff window]
[    0.405668] pci_bus 0000:00: root bus resource [bus 00-ff]
[    0.406718] pci 0000:00:00.0: [8086:1237] type 00 class 0x060000 conventional PCI endpoint
[    0.408212] pci 0000:00:01.0: [8086:7000] type 00 class 0x060100 conventional PCI endpoint
[    0.410377] pci 0000:00:01.1: [8086:7010] type 00 class 0x010180 conventional PCI endpoint
[    0.414669] pci 0000:00:01.1: BAR 4 [io  0xc0c0-0xc0cf]
[    0.417929] pci 0000:00:01.1: BAR 0 [io  0x01f0-0x01f7]: legacy IDE quirk
[    0.418670] pci 0000:00:01.1: BAR 1 [io  0x03f6]: legacy IDE quirk
[    0.419668] pci 0000:00:01.1: BAR 2 [io  0x0170-0x0177]: legacy IDE quirk
[    0.421667] pci 0000:00:01.1: BAR 3 [io  0x0376]: legacy IDE quirk
[    0.422902] pci 0000:00:01.3: [8086:7113] type 00 class 0x068000 conventional PCI endpoint
[    0.425240] pci 0000:00:01.3: quirk: [io  0x0600-0x063f] claimed by PIIX4 ACPI
[    0.426677] pci 0000:00:01.3: quirk: [io  0x0700-0x070f] claimed by PIIX4 SMB
[    0.428040] pci 0000:00:02.0: [1af4:1009] type 00 class 0x000200 conventional PCI endpoint
[    0.430669] pci 0000:00:02.0: BAR 0 [io  0xc000-0xc03f]
[    0.432669] pci 0000:00:02.0: BAR 1 [mem 0xfebfc000-0xfebfcfff]
[    0.438124] pci 0000:00:02.0: BAR 4 [mem 0xfebf0000-0xfebf3fff 64bit pref]
[    0.441743] pci 0000:00:03.0: [1af4:1009] type 00 class 0x000200 conventional PCI endpoint
[    0.444598] pci 0000:00:03.0: BAR 0 [io  0xc040-0xc07f]
[    0.446670] pci 0000:00:03.0: BAR 1 [mem 0xfebfd000-0xfebfdfff]
[    0.451672] pci 0000:00:03.0: BAR 4 [mem 0xfebf4000-0xfebf7fff 64bit pref]
[    0.454572] pci 0000:00:04.0: [8086:25ab] type 00 class 0x088000 conventional PCI endpoint
[    0.456139] pci 0000:00:04.0: BAR 0 [mem 0xfebfe000-0xfebfe00f]
[    0.461163] pci 0000:00:05.0: [1af4:1003] type 00 class 0x078000 conventional PCI endpoint
[    0.463579] pci 0000:00:05.0: BAR 0 [io  0xc080-0xc0bf]
[    0.465363] pci 0000:00:05.0: BAR 1 [mem 0xfebff000-0xfebfffff]
[    0.470548] pci 0000:00:05.0: BAR 4 [mem 0xfebf8000-0xfebfbfff 64bit pref]
[    0.473796] ACPI: PCI: Interrupt link LNKA configured for IRQ 10
[    0.475808] ACPI: PCI: Interrupt link LNKB configured for IRQ 10
[    0.476796] ACPI: PCI: Interrupt link LNKC configured for IRQ 11
[    0.477791] ACPI: PCI: Interrupt link LNKD configured for IRQ 11
[    0.479756] ACPI: PCI: Interrupt link LNKS configured for IRQ 9
[    0.483523] iommu: Default domain type: Translated
[    0.484668] iommu: DMA domain TLB invalidation policy: lazy mode
[    0.485794] SCSI subsystem initialized
[    0.487705] pps_core: LinuxPPS API ver. 1 registered
[    0.488667] pps_core: Software ver. 5.3.6 - Copyright 2005-2007 Rodolfo Giometti <giometti@linux.it>
[    0.489669] PTP clock support registered
[    0.492699] Advanced Linux Sound Architecture Driver Initialized.
[    0.495113] NET: Registered PF_ATMPVC protocol family
[    0.495668] NET: Registered PF_ATMSVC protocol family
[    0.496671] PCI: Using ACPI for IRQ routing
[    0.498733] vgaarb: loaded
[    0.499748] hpet0: at MMIO 0xfed00000, IRQs 2, 8, 0
[    0.500667] hpet0: 3 comparators, 64-bit 100.000000 MHz counter
[    0.503977] clocksource: Switched to clocksource kvm-clock
[    0.505218] VFS: Disk quotas dquot_6.6.0
[    0.506071] VFS: Dquot-cache hash table entries: 512 (order 0, 4096 bytes)
[    0.507619] pnp: PnP ACPI init
[    0.509538] pnp: PnP ACPI: found 5 devices
[    0.529524] clocksource: acpi_pm: mask: 0xffffff max_cycles: 0xffffff, max_idle_ns: 2085701024 ns
[    0.531453] NET: Registered PF_INET protocol family
[    0.532502] IP idents hash table entries: 16384 (order: 5, 131072 bytes, linear)
[    0.534375] tcp_listen_portaddr_hash hash table entries: 512 (order: 1, 8192 bytes, linear)
[    0.536093] Table-perturb hash table entries: 65536 (order: 6, 262144 bytes, linear)
[    0.537677] TCP established hash table entries: 8192 (order: 4, 65536 bytes, linear)
[    0.539265] TCP bind hash table entries: 8192 (order: 6, 262144 bytes, linear)
[    0.540748] TCP: Hash tables configured (established 8192 bind 8192)
[    0.542111] UDP hash table entries: 512 (order: 2, 16384 bytes, linear)
[    0.543463] UDP-Lite hash table entries: 512 (order: 2, 16384 bytes, linear)
[    0.544957] NET: Registered PF_UNIX/PF_LOCAL protocol family
[    0.546126] pci_bus 0000:00: resource 4 [io  0x0000-0x0cf7 window]
[    0.547402] pci_bus 0000:00: resource 5 [io  0x0d00-0xffff window]
[    0.548663] pci_bus 0000:00: resource 6 [mem 0x000a0000-0x000bffff window]
[    0.550060] pci_bus 0000:00: resource 7 [mem 0x40000000-0xfebfffff window]
[    0.551465] pci_bus 0000:00: resource 8 [mem 0x100000000-0x17fffffff window]
[    0.552928] pci 0000:00:01.0: PIIX3: Enabling Passive Release
[    0.554121] pci 0000:00:00.0: Limiting direct PCI/PCI transfers
[    0.555426] PCI: CLS 0 bytes, default 64
[    0.570968] RAPL PMU: API unit is 2^-32 Joules, 1 fixed counters, 10737418240 ms ovfl timer
[    0.572861] RAPL PMU: hw unit of domain psys 2^-0 Joules
[    1.152634] kvm_amd: CPU 53 isn't AMD or Hygon
[    1.153539] clocksource: tsc: mask: 0xffffffffffffffff max_cycles: 0x39a85c9bff6, max_idle_ns: 881590591483 ns
[    1.254008] Initialise system trusted keyrings
[    1.255931] workingset: timestamp_bits=56 max_order=18 bucket_order=0
[    1.257638] squashfs: version 4.0 (2009/01/31) Phillip Lougher
[    1.258861] fuse: init (API version 7.40)
[    1.259983] 9p: Installing v9fs 9p2000 file system support
[    1.271722] Key type asymmetric registered
[    1.272538] Asymmetric key parser 'x509' registered
[    1.273535] Block layer SCSI generic (bsg) driver version 0.4 loaded (major 249)
[    1.275035] io scheduler mq-deadline registered
[    1.275954] io scheduler kyber registered
[    1.293605] input: Power Button as /devices/LNXSYSTM:00/LNXPWRBN:00/input/input0
[    1.295821] ACPI: button: Power Button [PWRF]
[    1.298068] Warning: Processor Platform Limit event detected, but not handled.
[    1.300867] Consider compiling CPUfreq support into your kernel.
[    1.338590] ACPI: \_SB_.LNKB: Enabled at IRQ 10
[    1.352889] ACPI: \_SB_.LNKC: Enabled at IRQ 11
[    1.366974] ACPI: \_SB_.LNKA: Enabled at IRQ 10
[    1.369336] Serial: 8250/16550 driver, 4 ports, IRQ sharing enabled
[    1.370803] 00:03: ttyS0 at I/O 0x3f8 (irq = 4, base_baud = 115200) is a 16550A
[    1.411113] Non-volatile memory driver v1.3
[    1.412147] Linux agpgart interface v0.103
[    1.413607] ACPI: bus type drm_connector registered
[    1.414651] printk: legacy console [hvc0] enabled
[    1.416907] printk: legacy bootconsole [earlyser0] disabled
          _      _                                    
   __   _(_)_ __| |_ _ __ ___   ___       _ __   __ _ 
   \ \ / / |  __| __|  _   _ \ / _ \_____|  _ \ / _  |
    \ V /| | |  | |_| | | | | |  __/_____| | | | (_| |
     \_/ |_|_|   \__|_| |_| |_|\___|     |_| |_|\__  |
                                                |___/ 
   kernel version: 6.11.0-virtme x86_64
   (CTRL+d to exit)

root@virtme-ng:/nipa-data/kernel# PS1='xx__-> '
xx__-> env
PWD=/nipa-data/kernel
nr_open=1048576
HOME=/
TERM=xterm
SHLVL=2
XDG_RUNTIME_DIR=/run/user/0
PATH=/bin:/sbin:/usr/bin:/usr/sbin:/usr/local/bin
OLDPWD=/
_=/bin/env
xx__-> 