No EFI environment detected.
early console in extract_kernel
input_data: 0x00000000029f72b9
input_len: 0x0000000000ad920c
output: 0x0000000001000000
output_len: 0x000000000248ab48
kernel_total_size: 0x0000000002230000
needed_size: 0x0000000002600000
trampoline_32bit: 0x0000000000000000
Physical KASLR using RDRAND RDTSC...
Virtual KASLR using RDRAND RDTSC...

Decompressing Linux... Parsing ELF... Performing relocations... done.
Booting the kernel (entry_offset: 0x0000000000000000).
[    0.000000] Linux version 6.8.0-rc7-virtme (root@5171a7f1b0fd) (gcc (Alpine 13.2.1_git20231014) 13.2.1 20231014, GNU ld (GNU Binutils) 2.42) #1 SMP PREEMPT_DYNAMIC Sun Mar 10 18:06:25 UTC 2024
[    0.000000] Command line: virtme_hostname=virtme-ng nr_open=1048576 virtme_link_mods=/nipa-data/kernel/.virtme_mods/lib/modules/0.0.0 virtme_initmount0=nipa-data/kernel virtme_rw_overlay0=/etc virtme_rw_overlay1=/lib virtme_rw_overlay2=/home virtme_rw_overlay3=/opt virtme_rw_overlay4=/srv virtme_rw_overlay5=/usr virtme_rw_overlay6=/var console=hvc0 earlyprintk=serial,ttyS0,115200 virtme_console=ttyS0 psmouse.proto=exps TERM=xterm virtme_chdir=nipa-data/kernel virtme_root_user=1 rootfstype=9p rootflags=version=9p2000.L,trans=virtio,access=any raid=noautodetect ro init=/usr/lib/python3.11/site-packages/virtme/guest/virtme-init
[    0.000000] BIOS-provided physical RAM map:
[    0.000000] BIOS-e820: [mem 0x0000000000000000-0x000000000009fbff] usable
[    0.000000] BIOS-e820: [mem 0x000000000009fc00-0x000000000009ffff] reserved
[    0.000000] BIOS-e820: [mem 0x00000000000f0000-0x00000000000fffff] reserved
[    0.000000] BIOS-e820: [mem 0x0000000000100000-0x000000003ffdffff] usable
[    0.000000] BIOS-e820: [mem 0x000000003ffe0000-0x000000003fffffff] reserved
[    0.000000] BIOS-e820: [mem 0x00000000feffc000-0x00000000feffffff] reserved
[    0.000000] BIOS-e820: [mem 0x00000000fffc0000-0x00000000ffffffff] reserved
[    0.000000] BIOS-e820: [mem 0x000000fd00000000-0x000000ffffffffff] reserved
[    0.000000] printk: legacy bootconsole [earlyser0] enabled
[    0.000000] NX (Execute Disable) protection: active
[    0.000000] APIC: Static calls initialized
[    0.000000] SMBIOS 3.0.0 present.
[    0.000000] DMI: QEMU Standard PC (i440FX + PIIX, 1996), BIOS rel-1.16.3-0-ga6ed6b701f0a-prebuilt.qemu.org 04/01/2014
[    0.000000] Hypervisor detected: KVM
[    0.000000] kvm-clock: Using msrs 4b564d01 and 4b564d00
[    0.000000] kvm-clock: using sched offset of 226942530 cycles
[    0.000393] clocksource: kvm-clock: mask: 0xffffffffffffffff max_cycles: 0x1cd42e4dffb, max_idle_ns: 881590591483 ns
[    0.001615] tsc: Detected 4491.556 MHz processor
[    0.002231] last_pfn = 0x3ffe0 max_arch_pfn = 0x400000000
[    0.002660] MTRR map: 4 entries (3 fixed + 1 variable; max 19), built from 8 variable MTRRs
[    0.003287] x86/PAT: Configuration [0-7]: WB  WC  UC- UC  WB  WP  UC- WT  
Memory KASLR using RDRAND RDTSC...
[    0.005406] found SMP MP-table at [mem 0x000f5470-0x000f547f]
[    0.005842] Using GB pages for direct mapping
[    0.006198] ACPI: Early table checksum verification disabled
[    0.006623] ACPI: RSDP 0x00000000000F5290 000014 (v00 BOCHS )
[    0.007054] ACPI: RSDT 0x000000003FFE27BC 000034 (v01 BOCHS  BXPC     00000001 BXPC 00000001)
[    0.007696] ACPI: FACP 0x000000003FFE2578 000074 (v01 BOCHS  BXPC     00000001 BXPC 00000001)
[    0.008336] ACPI: DSDT 0x000000003FFE0040 002538 (v01 BOCHS  BXPC     00000001 BXPC 00000001)
[    0.008978] ACPI: FACS 0x000000003FFE0000 000040
[    0.009324] ACPI: APIC 0x000000003FFE25EC 000170 (v03 BOCHS  BXPC     00000001 BXPC 00000001)
[    0.009963] ACPI: HPET 0x000000003FFE275C 000038 (v01 BOCHS  BXPC     00000001 BXPC 00000001)
[    0.010605] ACPI: WAET 0x000000003FFE2794 000028 (v01 BOCHS  BXPC     00000001 BXPC 00000001)
[    0.011244] ACPI: Reserving FACP table memory at [mem 0x3ffe2578-0x3ffe25eb]
[    0.011770] ACPI: Reserving DSDT table memory at [mem 0x3ffe0040-0x3ffe2577]
[    0.012297] ACPI: Reserving FACS table memory at [mem 0x3ffe0000-0x3ffe003f]
[    0.012825] ACPI: Reserving APIC table memory at [mem 0x3ffe25ec-0x3ffe275b]
[    0.013354] ACPI: Reserving HPET table memory at [mem 0x3ffe275c-0x3ffe2793]
[    0.013882] ACPI: Reserving WAET table memory at [mem 0x3ffe2794-0x3ffe27bb]
[    0.014553] No NUMA configuration found
[    0.014839] Faking a node at [mem 0x0000000000000000-0x000000003ffdffff]
[    0.015344] NODE_DATA(0) allocated [mem 0x3ffdb000-0x3ffdffff]
[    0.015792] Zone ranges:
[    0.015982]   DMA      [mem 0x0000000000001000-0x0000000000ffffff]
[    0.016448]   DMA32    [mem 0x0000000001000000-0x000000003ffdffff]
[    0.016914]   Normal   empty
[    0.017130]   Device   empty
[    0.017347] Movable zone start for each node
[    0.017667] Early memory node ranges
[    0.017935]   node   0: [mem 0x0000000000001000-0x000000000009efff]
[    0.018409]   node   0: [mem 0x0000000000100000-0x000000003ffdffff]
[    0.018879] Initmem setup node 0 [mem 0x0000000000001000-0x000000003ffdffff]
[    0.019410] On node 0, zone DMA: 1 pages in unavailable ranges
[    0.019855] On node 0, zone DMA: 97 pages in unavailable ranges
[    0.021297] On node 0, zone DMA32: 32 pages in unavailable ranges
[    0.021960] ACPI: PM-Timer IO Port: 0x608
[    0.022264] ACPI: LAPIC_NMI (acpi_id[0xff] dfl dfl lint[0x1])
[    0.022714] IOAPIC[0]: apic_id 0, version 17, address 0xfec00000, GSI 0-23
[    0.023231] ACPI: INT_SRC_OVR (bus 0 bus_irq 0 global_irq 2 dfl dfl)
[    0.023708] ACPI: INT_SRC_OVR (bus 0 bus_irq 5 global_irq 5 high level)
[    0.024204] ACPI: INT_SRC_OVR (bus 0 bus_irq 9 global_irq 9 high level)
[    0.024704] ACPI: INT_SRC_OVR (bus 0 bus_irq 10 global_irq 10 high level)
[    0.025216] ACPI: INT_SRC_OVR (bus 0 bus_irq 11 global_irq 11 high level)
[    0.025728] ACPI: Using ACPI (MADT) for SMP configuration information
[    0.026215] ACPI: HPET id: 0x8086a201 base: 0xfed00000
[    0.026604] TSC deadline timer available
[    0.026899] smpboot: Allowing 32 CPUs, 0 hotplug CPUs
[    0.027288] kvm-guest: APIC: eoi() replaced with kvm_guest_apic_eoi_write()
[    0.027817] kvm-guest: KVM setup pv remote TLB flush
[    0.028191] kvm-guest: setup PV sched yield
[    0.028506] PM: hibernation: Registered nosave memory: [mem 0x00000000-0x00000fff]
[    0.029077] PM: hibernation: Registered nosave memory: [mem 0x0009f000-0x0009ffff]
[    0.029644] PM: hibernation: Registered nosave memory: [mem 0x000a0000-0x000effff]
[    0.030212] PM: hibernation: Registered nosave memory: [mem 0x000f0000-0x000fffff]
[    0.030780] [mem 0x40000000-0xfeffbfff] available for PCI devices
[    0.031238] Booting paravirtualized kernel on KVM
[    0.031593] clocksource: refined-jiffies: mask: 0xffffffff max_cycles: 0xffffffff, max_idle_ns: 1910969940391419 ns
[    0.035238] setup_percpu: NR_CPUS:64 nr_cpumask_bits:32 nr_cpu_ids:32 nr_node_ids:1
[    0.036431] percpu: Embedded 56 pages/cpu s191784 r8192 d29400 u262144
[    0.036953] Kernel command line: virtme_hostname=virtme-ng nr_open=1048576 virtme_link_mods=/nipa-data/kernel/.virtme_mods/lib/modules/0.0.0 virtme_initmount0=nipa-data/kernel virtme_rw_overlay0=/etc virtme_rw_overlay1=/lib virtme_rw_overlay2=/home virtme_rw_overlay3=/opt virtme_rw_overlay4=/srv virtme_rw_overlay5=/usr virtme_rw_overlay6=/var console=hvc0 earlyprintk=serial,ttyS0,115200 virtme_console=ttyS0 psmouse.proto=exps TERM=xterm virtme_chdir=nipa-data/kernel virtme_root_user=1 rootfstype=9p rootflags=version=9p2000.L,trans=virtio,access=any raid=noautodetect ro init=/usr/lib/python3.11/site-packages/virtme/guest/virtme-init
[    0.041321] Unknown kernel command line parameters "virtme_hostname=virtme-ng nr_open=1048576 virtme_link_mods=/nipa-data/kernel/.virtme_mods/lib/modules/0.0.0 virtme_initmount0=nipa-data/kernel virtme_rw_overlay0=/etc virtme_rw_overlay1=/lib virtme_rw_overlay2=/home virtme_rw_overlay3=/opt virtme_rw_overlay4=/srv virtme_rw_overlay5=/usr virtme_rw_overlay6=/var virtme_console=ttyS0 virtme_chdir=nipa-data/kernel virtme_root_user=1", will be passed to user space.
[    0.044655] random: crng init done
[    0.044949] Dentry cache hash table entries: 131072 (order: 8, 1048576 bytes, linear)
[    0.045573] Inode-cache hash table entries: 65536 (order: 7, 524288 bytes, linear)
[    0.046244] Fallback order for Node 0: 0 
[    0.046247] Built 1 zonelists, mobility grouping on.  Total pages: 257760
[    0.047074] Policy zone: DMA32
[    0.047308] mem auto-init: stack:all(zero), heap alloc:off, heap free:off
[    0.048647] Memory: 986872K/1048056K available (16384K kernel code, 2351K rwdata, 5936K rodata, 2996K init, 2328K bss, 60924K reserved, 0K cma-reserved)
[    0.049723] SLUB: HWalign=64, Order=0-3, MinObjects=0, CPUs=32, Nodes=1
Poking KASLR using RDRAND RDTSC...
[    0.050481] ftrace: allocating 46331 entries in 181 pages
[    0.057528] ftrace: allocated 181 pages with 5 groups
[    0.058534] Dynamic Preempt: voluntary
[    0.058965] rcu: Preemptible hierarchical RCU implementation.
[    0.059412] rcu: RCU event tracing is enabled.
[    0.059760] rcu: RCU restricting CPUs from NR_CPUS=64 to nr_cpu_ids=32.
[    0.060276] Trampoline variant of Tasks RCU enabled.
[    0.060668] Rude variant of Tasks RCU enabled.
[    0.061017] Tracing variant of Tasks RCU enabled.
[    0.061386] rcu: RCU calculated value of scheduler-enlistment delay is 100 jiffies.
[    0.061976] rcu: Adjusting geometry for rcu_fanout_leaf=16, nr_cpu_ids=32
[    0.063791] NR_IRQS: 4352, nr_irqs: 680, preallocated irqs: 16
[    0.064524] rcu: srcu_init: Setting srcu_struct sizes based on contention.
[    0.065191] Console: colour *CGA 80x25
[    0.065485] ACPI: Core revision 20230628
[    0.065853] clocksource: hpet: mask: 0xffffffff max_cycles: 0xffffffff, max_idle_ns: 19112604467 ns
[    0.066600] APIC: Switch to symmetric I/O mode setup
[    0.066999] APIC: Switched APIC routing to: physical flat
[    0.067409] kvm-guest: APIC: send_IPI_mask() replaced with kvm_send_ipi_mask()
[    0.067955] kvm-guest: APIC: send_IPI_mask_allbutself() replaced with kvm_send_ipi_mask_allbutself()
[    0.068665] kvm-guest: setup PV IPIs
[    0.069739] ..TIMER: vector=0x30 apic1=0 pin1=2 apic2=-1 pin2=-1
[    0.070556] tsc: Marking TSC unstable due to TSCs unsynchronized
[    0.071380] Calibrating delay loop (skipped) preset value.. 8983.11 BogoMIPS (lpj=4491556)
[    0.072437] x86/cpu: User Mode Instruction Prevention (UMIP) activated
[    0.073429] Last level iTLB entries: 4KB 512, 2MB 255, 4MB 127
[    0.074377] Last level dTLB entries: 4KB 512, 2MB 255, 4MB 127, 1GB 0
[    0.075380] Spectre V1 : Mitigation: usercopy/swapgs barriers and __user pointer sanitization
[    0.076381] Spectre V2 : Mitigation: Enhanced / Automatic IBRS
[    0.077377] Spectre V2 : Spectre v2 / SpectreRSB mitigation: Filling RSB on context switch
[    0.078378] Spectre V2 : mitigation: Enabling conditional Indirect Branch Prediction Barrier
[    0.079379] Speculative Store Bypass: Mitigation: Speculative Store Bypass disabled via prctl
[    0.080378] Speculative Return Stack Overflow: IBPB-extending microcode not applied!
[    0.081377] Speculative Return Stack Overflow: WARNING: See https://kernel.org/doc/html/latest/admin-guide/hw-vuln/srso.html for mitigation options.
[    0.081378] Speculative Return Stack Overflow: Vulnerable: Safe RET, no microcode
[    0.083393] x86/fpu: Supporting XSAVE feature 0x001: 'x87 floating point registers'
[    0.084377] x86/fpu: Supporting XSAVE feature 0x002: 'SSE registers'
[    0.085377] x86/fpu: Supporting XSAVE feature 0x004: 'AVX registers'
[    0.086377] x86/fpu: Supporting XSAVE feature 0x020: 'AVX-512 opmask'
[    0.087377] x86/fpu: Supporting XSAVE feature 0x040: 'AVX-512 Hi256'
[    0.088377] x86/fpu: Supporting XSAVE feature 0x080: 'AVX-512 ZMM_Hi256'
[    0.089377] x86/fpu: Supporting XSAVE feature 0x200: 'Protection Keys User registers'
[    0.090378] x86/fpu: xstate_offset[2]:  576, xstate_sizes[2]:  256
[    0.091185] x86/fpu: xstate_offset[5]:  832, xstate_sizes[5]:   64
[    0.091377] x86/fpu: xstate_offset[6]:  896, xstate_sizes[6]:  512
[    0.092377] x86/fpu: xstate_offset[7]: 1408, xstate_sizes[7]: 1024
[    0.093377] x86/fpu: xstate_offset[9]: 2432, xstate_sizes[9]:    8
[    0.094377] x86/fpu: Enabled xstate features 0x2e7, context size is 2440 bytes, using 'compacted' format.
[    0.110880] Freeing SMP alternatives memory: 40K
[    0.111378] pid_max: default: 32768 minimum: 301
[    0.112009] Mount-cache hash table entries: 2048 (order: 2, 16384 bytes, linear)
[    0.112378] Mountpoint-cache hash table entries: 2048 (order: 2, 16384 bytes, linear)
[    0.113535] smpboot: CPU0: AMD Ryzen 9 7950X 16-Core Processor (family: 0x19, model: 0x61, stepping: 0x2)
[    0.114464] RCU Tasks: Setting shift to 5 and lim to 1 rcu_task_cb_adjust=1.
[    0.115387] RCU Tasks Rude: Setting shift to 5 and lim to 1 rcu_task_cb_adjust=1.
[    0.116371] RCU Tasks Trace: Setting shift to 5 and lim to 1 rcu_task_cb_adjust=1.
[    0.116387] Performance Events: Fam17h+ core perfctr, AMD PMU driver.
[    0.117255] ... version:                0
[    0.117379] ... bit width:              48
[    0.117914] ... generic registers:      6
[    0.118379] ... value mask:             0000ffffffffffff
[    0.119068] ... max period:             00007fffffffffff
[    0.119379] ... fixed-purpose events:   0
[    0.119901] ... event mask:             000000000000003f
[    0.120448] signal: max sigframe size: 3376
[    0.121009] rcu: Hierarchical SRCU implementation.
[    0.121380] rcu: Max phase no-delay instances is 400.
[    0.124426] smp: Bringing up secondary CPUs ...
[    0.125078] smpboot: x86: Booting SMP configuration:
[    0.125381] .... node  #0, CPUs:        #1  #2  #3  #4  #5  #6  #7  #8  #9 #10 #11 #12 #13 #14 #15 #16 #17 #18 #19 #20 #21 #22 #23 #24 #25 #26 #27 #28 #29 #30 #31
[    0.141569] smp: Brought up 1 node, 32 CPUs
[    0.143059] smpboot: Max logical packages: 1
[    0.143381] smpboot: Total of 32 processors activated (287459.58 BogoMIPS)
[    0.146443] devtmpfs: initialized
[    0.146947] x86/mm: Memory block size: 128MB
[    0.148418] clocksource: jiffies: mask: 0xffffffff max_cycles: 0xffffffff, max_idle_ns: 1911260446275000 ns
[    0.149387] futex hash table entries: 8192 (order: 7, 524288 bytes, linear)
[    0.150564] PM: RTC time: 18:06:54, date: 2024-03-10
[    0.151760] NET: Registered PF_NETLINK/PF_ROUTE protocol family
[    0.152538] thermal_sys: Registered thermal governor 'step_wise'
[    0.152539] thermal_sys: Registered thermal governor 'user_space'
[    0.153412] cpuidle: using governor menu
[    0.155639] PCI: Using configuration type 1 for base access
[    0.156380] PCI: Using configuration type 1 for extended access
[    0.157432] kprobes: kprobe jump-optimization is enabled. All kprobes are optimized if possible.
[    0.162431] HugeTLB: registered 1.00 GiB page size, pre-allocated 0 pages
[    0.164380] HugeTLB: 16380 KiB vmemmap can be freed for a 1.00 GiB page
[    0.165380] HugeTLB: registered 2.00 MiB page size, pre-allocated 0 pages
[    0.166379] HugeTLB: 28 KiB vmemmap can be freed for a 2.00 MiB page
[    0.167443] ACPI: Added _OSI(Module Device)
[    0.168118] ACPI: Added _OSI(Processor Device)
[    0.168380] ACPI: Added _OSI(3.0 _SCP Extensions)
[    0.169148] ACPI: Added _OSI(Processor Aggregator Device)
[    0.171262] ACPI: 1 ACPI AML tables successfully acquired and loaded
[    0.173559] ACPI: _OSC evaluation for CPUs failed, trying _PDC
[    0.174550] ACPI: Interpreter enabled
[    0.175159] ACPI: PM: (supports S0 S3 S4 S5)
[    0.176380] ACPI: Using IOAPIC for interrupt routing
[    0.177203] PCI: Using host bridge windows from ACPI; if necessary, use "pci=nocrs" and report a bug
[    0.178380] PCI: Using E820 reservations for host bridge windows
[    0.179472] ACPI: Enabled 2 GPEs in block 00 to 0F
[    0.183559] ACPI: PCI Root Bridge [PCI0] (domain 0000 [bus 00-ff])
[    0.184383] acpi PNP0A03:00: _OSC: OS supports [ExtendedConfig ASPM ClockPM Segments MSI HPX-Type3]
[    0.186488] PCI host bridge to bus 0000:00
[    0.187162] pci_bus 0000:00: root bus resource [io  0x0000-0x0cf7 window]
[    0.188380] pci_bus 0000:00: root bus resource [io  0x0d00-0xffff window]
[    0.189380] pci_bus 0000:00: root bus resource [mem 0x000a0000-0x000bffff window]
[    0.190379] pci_bus 0000:00: root bus resource [mem 0x40000000-0xfebfffff window]
[    0.191379] pci_bus 0000:00: root bus resource [mem 0x100000000-0x17fffffff window]
[    0.192380] pci_bus 0000:00: root bus resource [bus 00-ff]
[    0.193390] pci 0000:00:00.0: [8086:1237] type 00 class 0x060000 conventional PCI endpoint
[    0.195690] pci 0000:00:01.0: [8086:7000] type 00 class 0x060100 conventional PCI endpoint
[    0.197770] pci 0000:00:01.1: [8086:7010] type 00 class 0x010180 conventional PCI endpoint
[    0.202738] pci 0000:00:01.1: BAR 4 [io  0xc0c0-0xc0cf]
[    0.205394] pci 0000:00:01.1: BAR 0 [io  0x01f0-0x01f7]: legacy IDE quirk
[    0.206380] pci 0000:00:01.1: BAR 1 [io  0x03f6]: legacy IDE quirk
[    0.207379] pci 0000:00:01.1: BAR 2 [io  0x0170-0x0177]: legacy IDE quirk
[    0.208380] pci 0000:00:01.1: BAR 3 [io  0x0376]: legacy IDE quirk
[    0.209492] pci 0000:00:01.3: [8086:7113] type 00 class 0x068000 conventional PCI endpoint
[    0.211678] pci 0000:00:01.3: quirk: [io  0x0600-0x063f] claimed by PIIX4 ACPI
[    0.212385] pci 0000:00:01.3: quirk: [io  0x0700-0x070f] claimed by PIIX4 SMB
[    0.214587] pci 0000:00:02.0: [1af4:1009] type 00 class 0x000200 conventional PCI endpoint
[    0.217380] pci 0000:00:02.0: BAR 0 [io  0xc000-0xc03f]
[    0.220380] pci 0000:00:02.0: BAR 1 [mem 0xfebfc000-0xfebfcfff]
[    0.229380] pci 0000:00:02.0: BAR 4 [mem 0xfebf0000-0xfebf3fff 64bit pref]
[    0.233143] pci 0000:00:03.0: [1af4:1009] type 00 class 0x000200 conventional PCI endpoint
[    0.236380] pci 0000:00:03.0: BAR 0 [io  0xc040-0xc07f]
[    0.240380] pci 0000:00:03.0: BAR 1 [mem 0xfebfd000-0xfebfdfff]
[    0.247363] pci 0000:00:03.0: BAR 4 [mem 0xfebf4000-0xfebf7fff 64bit pref]
[    0.253066] pci 0000:00:04.0: [8086:25ab] type 00 class 0x088000 conventional PCI endpoint
[    0.255181] pci 0000:00:04.0: BAR 0 [mem 0xfebfe000-0xfebfe00f]
[    0.261492] pci 0000:00:05.0: [1af4:1003] type 00 class 0x078000 conventional PCI endpoint
[    0.264380] pci 0000:00:05.0: BAR 0 [io  0xc080-0xc0bf]
[    0.267380] pci 0000:00:05.0: BAR 1 [mem 0xfebff000-0xfebfffff]
[    0.275380] pci 0000:00:05.0: BAR 4 [mem 0xfebf8000-0xfebfbfff 64bit pref]
[    0.280394] ACPI: PCI: Interrupt link LNKA configured for IRQ 10
[    0.281522] ACPI: PCI: Interrupt link LNKB configured for IRQ 10
[    0.283514] ACPI: PCI: Interrupt link LNKC configured for IRQ 11
[    0.284505] ACPI: PCI: Interrupt link LNKD configured for IRQ 11
[    0.285473] ACPI: PCI: Interrupt link LNKS configured for IRQ 9
[    0.287484] iommu: Default domain type: Translated
[    0.288279] iommu: DMA domain TLB invalidation policy: lazy mode
[    0.289449] SCSI subsystem initialized
[    0.290418] pps_core: LinuxPPS API ver. 1 registered
[    0.291380] pps_core: Software ver. 5.3.6 - Copyright 2005-2007 Rodolfo Giometti <giometti@linux.it>
[    0.292382] PTP clock support registered
[    0.293411] Advanced Linux Sound Architecture Driver Initialized.
[    0.294732] NET: Registered PF_ATMPVC protocol family
[    0.295380] NET: Registered PF_ATMSVC protocol family
[    0.296230] PCI: Using ACPI for IRQ routing
[    0.297482] vgaarb: loaded
[    0.297846] hpet0: at MMIO 0xfed00000, IRQs 2, 8, 0
[    0.298380] hpet0: 3 comparators, 64-bit 100.000000 MHz counter
[    0.305324] clocksource: Switched to clocksource kvm-clock
[    0.305979] VFS: Disk quotas dquot_6.6.0
[    0.306653] VFS: Dquot-cache hash table entries: 512 (order 0, 4096 bytes)
[    0.307828] pnp: PnP ACPI init
[    0.309291] pnp: PnP ACPI: found 5 devices
[    0.316914] clocksource: acpi_pm: mask: 0xffffff max_cycles: 0xffffff, max_idle_ns: 2085701024 ns
[    0.318116] NET: Registered PF_INET protocol family
[    0.318854] IP idents hash table entries: 16384 (order: 5, 131072 bytes, linear)
[    0.319971] tcp_listen_portaddr_hash hash table entries: 512 (order: 1, 8192 bytes, linear)
[    0.321055] Table-perturb hash table entries: 65536 (order: 6, 262144 bytes, linear)
[    0.322055] TCP established hash table entries: 8192 (order: 4, 65536 bytes, linear)
[    0.323050] TCP bind hash table entries: 8192 (order: 6, 262144 bytes, linear)
[    0.323983] TCP: Hash tables configured (established 8192 bind 8192)
[    0.324825] UDP hash table entries: 512 (order: 2, 16384 bytes, linear)
[    0.325674] UDP-Lite hash table entries: 512 (order: 2, 16384 bytes, linear)
[    0.326602] NET: Registered PF_UNIX/PF_LOCAL protocol family
[    0.327333] pci_bus 0000:00: resource 4 [io  0x0000-0x0cf7 window]
[    0.328119] pci_bus 0000:00: resource 5 [io  0x0d00-0xffff window]
[    0.328911] pci_bus 0000:00: resource 6 [mem 0x000a0000-0x000bffff window]
[    0.329942] pci_bus 0000:00: resource 7 [mem 0x40000000-0xfebfffff window]
[    0.331025] pci_bus 0000:00: resource 8 [mem 0x100000000-0x17fffffff window]
[    0.331958] pci 0000:00:01.0: PIIX3: Enabling Passive Release
[    0.332704] pci 0000:00:00.0: Limiting direct PCI/PCI transfers
[    0.333499] PCI: CLS 0 bytes, default 64
[    0.334047] kvm_intel: VMX not supported by CPU 5
[    0.334676] kvm_amd: TSC scaling supported
[    0.335195] kvm_amd: Nested Virtualization enabled
[    0.335817] kvm_amd: Nested Paging enabled
[    0.336359] kvm_amd: Virtual VMLOAD VMSAVE supported
[    0.336987] kvm_amd: Virtual GIF supported
[    0.337515] kvm_amd: Virtual NMI enabled
[    0.338010] kvm_amd: LBR virtualization supported
[    0.425785] workingset: timestamp_bits=56 max_order=18 bucket_order=0
[    0.426693] squashfs: version 4.0 (2009/01/31) Phillip Lougher
[    0.427472] fuse: init (API version 7.39)
[    0.428040] 9p: Installing v9fs 9p2000 file system support
[    0.428787] Key type asymmetric registered
[    0.429330] Block layer SCSI generic (bsg) driver version 0.4 loaded (major 249)
[    0.430293] io scheduler mq-deadline registered
[    0.430883] io scheduler kyber registered
[    0.432466] input: Power Button as /devices/LNXSYSTM:00/LNXPWRBN:00/input/input0
[    0.433499] ACPI: button: Power Button [PWRF]
[    0.434076] Warning: Processor Platform Limit event detected, but not handled.
[    0.435005] Consider compiling CPUfreq support into your kernel.
[    0.452552] ACPI: \_SB_.LNKB: Enabled at IRQ 10
[    0.469637] ACPI: \_SB_.LNKC: Enabled at IRQ 11
[    0.486364] ACPI: \_SB_.LNKA: Enabled at IRQ 10
[    0.487946] Serial: 8250/16550 driver, 4 ports, IRQ sharing enabled
[    0.488886] 00:03: ttyS0 at I/O 0x3f8 (irq = 4, base_baud = 115200) is a 16550A
[    0.533668] Non-volatile memory driver v1.3
[    0.534266] Linux agpgart interface v0.103
[    0.534341] ACPI: bus type drm_connector registered
[    0.535619] printk: legacy console [hvc0] enabled
[    0.536229] printk: legacy bootconsole [earlyser0] disabled
          _      _                                    
   __   _(_)_ __| |_ _ __ ___   ___       _ __   __ _ 
   \ \ / / |  __| __|  _   _ \ / _ \_____|  _ \ / _  |
    \ V /| | |  | |_| | | | | |  __/_____| | | | (_| |
     \_/ |_|_|   \__|_| |_| |_|\___|     |_| |_|\__  |
                                                |___/ 
   kernel version: 6.8.0-rc7-virtme x86_64
   (CTRL+d to exit)

virtme-ng:/nipa-data/kernel# PS1='xx__-> '
xx__-> env
PWD=/nipa-data/kernel
nr_open=1048576
HOME=/
TERM=xterm
SHLVL=2
XDG_RUNTIME_DIR=/run/user/0
PATH=/bin:/sbin:/usr/bin:/usr/sbin:/usr/local/bin
OLDPWD=/
_=/usr/bin/env
xx__-> 