No EFI environment detected.
early console in extract_kernel
input_data: 0x0000000004ab32c4
input_len: 0x000000000186392e
output: 0x0000000001000000
output_len: 0x00000000052a30f8
kernel_total_size: 0x0000000004e30000
needed_size: 0x0000000005400000
trampoline_32bit: 0x0000000000000000
Physical KASLR using RDRAND RDTSC...
Virtual KASLR using RDRAND RDTSC...

Decompressing Linux... Parsing ELF... Performing relocations... done.
Booting the kernel (entry_offset: 0x0000000000000000).
[    0.000000] Linux version 6.10.0-rc4-virtme (root@1b52e4147e4c) (gcc (Alpine 13.2.1_git20240309) 13.2.1 20240309, GNU ld (GNU Binutils) 2.42) #1 SMP PREEMPT_DYNAMIC Sun Jun 23 15:26:49 UTC 2024
[    0.000000] Command line: virtme_hostname=virtme-ng nr_open=1048576 virtme_link_mods=/nipa-data/kernel/.virtme_mods/lib/modules/0.0.0 virtme_initmount0=nipa-data/kernel virtme_rw_overlay0=/etc virtme_rw_overlay1=/lib virtme_rw_overlay2=/home virtme_rw_overlay3=/opt virtme_rw_overlay4=/srv virtme_rw_overlay5=/usr virtme_rw_overlay6=/var console=hvc0 earlyprintk=serial,ttyS0,115200 virtme_console=ttyS0 psmouse.proto=exps TERM=xterm virtme_chdir=nipa-data/kernel virtme_root_user=1 rootfstype=9p rootflags=version=9p2000.L,trans=virtio,access=any raid=noautodetect ro init=/usr/lib/python3.12/site-packages/virtme/guest/virtme-init
[    0.000000] BIOS-provided physical RAM map:
[    0.000000] BIOS-e820: [mem 0x0000000000000000-0x000000000009fbff] usable
[    0.000000] BIOS-e820: [mem 0x000000000009fc00-0x000000000009ffff] reserved
[    0.000000] BIOS-e820: [mem 0x00000000000f0000-0x00000000000fffff] reserved
[    0.000000] BIOS-e820: [mem 0x0000000000100000-0x000000003ffdffff] usable
[    0.000000] BIOS-e820: [mem 0x000000003ffe0000-0x000000003fffffff] reserved
[    0.000000] BIOS-e820: [mem 0x00000000feffc000-0x00000000feffffff] reserved
[    0.000000] BIOS-e820: [mem 0x00000000fffc0000-0x00000000ffffffff] reserved
[    0.000000] BIOS-e820: [mem 0x000000fd00000000-0x000000ffffffffff] reserved
[    0.000000] printk: legacy bootconsole [earlyser0] enabled
[    0.000000] NX (Execute Disable) protection: active
[    0.000000] APIC: Static calls initialized
[    0.000000] SMBIOS 2.8 present.
[    0.000000] DMI: QEMU Standard PC (i440FX + PIIX, 1996), BIOS rel-1.16.3-0-ga6ed6b701f0a-prebuilt.qemu.org 04/01/2014
[    0.000000] DMI: Memory slots populated: 1/1
[    0.000000] Hypervisor detected: KVM
[    0.000000] kvm-clock: Using msrs 4b564d01 and 4b564d00
[    0.000000] kvm-clock: using sched offset of 354319776 cycles
[    0.000399] clocksource: kvm-clock: mask: 0xffffffffffffffff max_cycles: 0x1cd42e4dffb, max_idle_ns: 881590591483 ns
[    0.001640] tsc: Detected 4491.556 MHz processor
[    0.002356] last_pfn = 0x3ffe0 max_arch_pfn = 0x400000000
[    0.002794] MTRR map: 4 entries (3 fixed + 1 variable; max 19), built from 8 variable MTRRs
[    0.003436] x86/PAT: Configuration [0-7]: WB  WC  UC- UC  WB  WP  UC- WT  
[    0.005521] found SMP MP-table at [mem 0x000f5470-0x000f547f]
[    0.005965] Using GB pages for direct mapping
[    0.006462] ACPI: Early table checksum verification disabled
[    0.006896] ACPI: RSDP 0x00000000000F5290 000014 (v00 BOCHS )
[    0.007340] ACPI: RSDT 0x000000003FFE27BC 000034 (v01 BOCHS  BXPC     00000001 BXPC 00000001)
[    0.007993] ACPI: FACP 0x000000003FFE2578 000074 (v01 BOCHS  BXPC     00000001 BXPC 00000001)
[    0.008644] ACPI: DSDT 0x000000003FFE0040 002538 (v01 BOCHS  BXPC     00000001 BXPC 00000001)
[    0.009292] ACPI: FACS 0x000000003FFE0000 000040
[    0.009644] ACPI: APIC 0x000000003FFE25EC 000170 (v03 BOCHS  BXPC     00000001 BXPC 00000001)
[    0.010290] ACPI: HPET 0x000000003FFE275C 000038 (v01 BOCHS  BXPC     00000001 BXPC 00000001)
[    0.010942] ACPI: WAET 0x000000003FFE2794 000028 (v01 BOCHS  BXPC     00000001 BXPC 00000001)
[    0.011589] ACPI: Reserving FACP table memory at [mem 0x3ffe2578-0x3ffe25eb]
[    0.012124] ACPI: Reserving DSDT table memory at [mem 0x3ffe0040-0x3ffe2577]
[    0.012657] ACPI: Reserving FACS table memory at [mem 0x3ffe0000-0x3ffe003f]
[    0.013191] ACPI: Reserving APIC table memory at [mem 0x3ffe25ec-0x3ffe275b]
[    0.013727] ACPI: Reserving HPET table memory at [mem 0x3ffe275c-0x3ffe2793]
[    0.014262] ACPI: Reserving WAET table memory at [mem 0x3ffe2794-0x3ffe27bb]
[    0.015008] No NUMA configuration found
[    0.015301] Faking a node at [mem 0x0000000000000000-0x000000003ffdffff]
[    0.015811] NODE_DATA(0) allocated [mem 0x3ffdb000-0x3ffdffff]
[    0.016272] Zone ranges:
[    0.016465]   DMA      [mem 0x0000000000001000-0x0000000000ffffff]
[    0.016935]   DMA32    [mem 0x0000000001000000-0x000000003ffdffff]
[    0.017406]   Normal   empty
[    0.017627]   Device   empty
[    0.017847] Movable zone start for each node
[    0.018171] Early memory node ranges
[    0.018442]   node   0: [mem 0x0000000000001000-0x000000000009efff]
[    0.018921]   node   0: [mem 0x0000000000100000-0x000000003ffdffff]
[    0.019396] Initmem setup node 0 [mem 0x0000000000001000-0x000000003ffdffff]
[    0.019936] On node 0, zone DMA: 1 pages in unavailable ranges
[    0.020440] On node 0, zone DMA: 97 pages in unavailable ranges
[    0.025149] On node 0, zone DMA32: 32 pages in unavailable ranges
[    0.034656] kasan: KernelAddressSanitizer initialized
[    0.035287] ACPI: PM-Timer IO Port: 0x608
[    0.035609] ACPI: LAPIC_NMI (acpi_id[0xff] dfl dfl lint[0x1])
[    0.036072] IOAPIC[0]: apic_id 0, version 17, address 0xfec00000, GSI 0-23
[    0.036601] ACPI: INT_SRC_OVR (bus 0 bus_irq 0 global_irq 2 dfl dfl)
[    0.037089] ACPI: INT_SRC_OVR (bus 0 bus_irq 5 global_irq 5 high level)
[    0.037597] ACPI: INT_SRC_OVR (bus 0 bus_irq 9 global_irq 9 high level)
[    0.038105] ACPI: INT_SRC_OVR (bus 0 bus_irq 10 global_irq 10 high level)
[    0.038627] ACPI: INT_SRC_OVR (bus 0 bus_irq 11 global_irq 11 high level)
[    0.039154] ACPI: Using ACPI (MADT) for SMP configuration information
[    0.039648] ACPI: HPET id: 0x8086a201 base: 0xfed00000
[    0.040043] TSC deadline timer available
[    0.040346] CPU topo: Max. logical packages:   1
[    0.040701] CPU topo: Max. logical dies:       1
[    0.041056] CPU topo: Max. dies per package:   1
[    0.041415] CPU topo: Max. threads per core:   1
[    0.041771] CPU topo: Num. cores per package:    32
[    0.042147] CPU topo: Num. threads per package:  32
[    0.042527] CPU topo: Allowing 32 present CPUs plus 0 hotplug CPUs
[    0.043025] kvm-guest: APIC: eoi() replaced with kvm_guest_apic_eoi_write()
[    0.043574] kvm-guest: KVM setup pv remote TLB flush
[    0.043958] kvm-guest: setup PV sched yield
[    0.044286] PM: hibernation: Registered nosave memory: [mem 0x00000000-0x00000fff]
[    0.044868] PM: hibernation: Registered nosave memory: [mem 0x0009f000-0x0009ffff]
[    0.045450] PM: hibernation: Registered nosave memory: [mem 0x000a0000-0x000effff]
[    0.046032] PM: hibernation: Registered nosave memory: [mem 0x000f0000-0x000fffff]
[    0.046615] [mem 0x40000000-0xfeffbfff] available for PCI devices
[    0.047093] Booting paravirtualized kernel on KVM
[    0.047461] clocksource: refined-jiffies: mask: 0xffffffff max_cycles: 0xffffffff, max_idle_ns: 1910969940391419 ns
[    0.056594] setup_percpu: NR_CPUS:64 nr_cpumask_bits:32 nr_cpu_ids:32 nr_node_ids:1
[    0.058457] percpu: Embedded 70 pages/cpu s248536 r8192 d29992 u524288
[    0.059028] Kernel command line: virtme_hostname=virtme-ng nr_open=1048576 virtme_link_mods=/nipa-data/kernel/.virtme_mods/lib/modules/0.0.0 virtme_initmount0=nipa-data/kernel virtme_rw_overlay0=/etc virtme_rw_overlay1=/lib virtme_rw_overlay2=/home virtme_rw_overlay3=/opt virtme_rw_overlay4=/srv virtme_rw_overlay5=/usr virtme_rw_overlay6=/var console=hvc0 earlyprintk=serial,ttyS0,115200 virtme_console=ttyS0 psmouse.proto=exps TERM=xterm virtme_chdir=nipa-data/kernel virtme_root_user=1 rootfstype=9p rootflags=version=9p2000.L,trans=virtio,access=any raid=noautodetect ro init=/usr/lib/python3.12/site-packages/virtme/guest/virtme-init
[    0.063609] Unknown kernel command line parameters "virtme_hostname=virtme-ng nr_open=1048576 virtme_link_mods=/nipa-data/kernel/.virtme_mods/lib/modules/0.0.0 virtme_initmount0=nipa-data/kernel virtme_rw_overlay0=/etc virtme_rw_overlay1=/lib virtme_rw_overlay2=/home virtme_rw_overlay3=/opt virtme_rw_overlay4=/srv virtme_rw_overlay5=/usr virtme_rw_overlay6=/var virtme_console=ttyS0 virtme_chdir=nipa-data/kernel virtme_root_user=1", will be passed to user space.
[    0.067062] random: crng init done
[    0.067438] Dentry cache hash table entries: 131072 (order: 8, 1048576 bytes, linear)
[    0.068071] Inode-cache hash table entries: 65536 (order: 7, 524288 bytes, linear)
[    0.069109] Fallback order for Node 0: 0 
[    0.069114] Built 1 zonelists, mobility grouping on.  Total pages: 262014
[    0.069970] Policy zone: DMA32
[    0.070212] mem auto-init: stack:all(zero), heap alloc:off, heap free:off
[    0.070748] stackdepot: allocating hash table via alloc_large_system_hash
[    0.071286] stackdepot hash table entries: 1048576 (order: 12, 16777216 bytes, linear)
[    0.079392] Memory: 781044K/1048056K available (43008K kernel code, 11212K rwdata, 9836K rodata, 5912K init, 2184K bss, 266756K reserved, 0K cma-reserved)
[    0.080654] SLUB: HWalign=64, Order=0-3, MinObjects=0, CPUs=32, Nodes=1
Poking KASLR using RDRAND RDTSC...
[    0.081469] ftrace: allocating 47963 entries in 188 pages
[    0.090475] ftrace: allocated 188 pages with 5 groups
[    0.091753] Dynamic Preempt: voluntary
[    0.092533] rcu: Preemptible hierarchical RCU implementation.
[    0.092982] rcu: RCU event tracing is enabled.
[    0.093334] rcu: RCU restricting CPUs from NR_CPUS=64 to nr_cpu_ids=32.
[    0.093857] Trampoline variant of Tasks RCU enabled.
[    0.094250] Rude variant of Tasks RCU enabled.
[    0.094603] Tracing variant of Tasks RCU enabled.
[    0.094980] rcu: RCU calculated value of scheduler-enlistment delay is 100 jiffies.
[    0.095577] rcu: Adjusting geometry for rcu_fanout_leaf=16, nr_cpu_ids=32
[    0.096174] RCU Tasks: Setting shift to 5 and lim to 1 rcu_task_cb_adjust=1.
[    0.096725] RCU Tasks Rude: Setting shift to 5 and lim to 1 rcu_task_cb_adjust=1.
[    0.097308] RCU Tasks Trace: Setting shift to 5 and lim to 1 rcu_task_cb_adjust=1.
[    0.106494] NR_IRQS: 4352, nr_irqs: 680, preallocated irqs: 16
[    0.107269] rcu: srcu_init: Setting srcu_struct sizes based on contention.
[    0.108046] Console: colour *CGA 80x25
[    0.108384] ACPI: Core revision 20240322
[    0.108857] clocksource: hpet: mask: 0xffffffff max_cycles: 0xffffffff, max_idle_ns: 19112604467 ns
[    0.109645] APIC: Switch to symmetric I/O mode setup
[    0.110044] APIC: Switched APIC routing to: physical flat
[    0.110458] kvm-guest: APIC: send_IPI_mask() replaced with kvm_send_ipi_mask()
[    0.111046] kvm-guest: APIC: send_IPI_mask_allbutself() replaced with kvm_send_ipi_mask_allbutself()
[    0.111762] kvm-guest: setup PV IPIs
[    0.112951] ..TIMER: vector=0x30 apic1=0 pin1=2 apic2=-1 pin2=-1
[    0.113799] tsc: Marking TSC unstable due to TSCs unsynchronized
[    0.114609] Calibrating delay loop (skipped) preset value.. 8983.11 BogoMIPS (lpj=4491556)
[    0.115675] x86/cpu: User Mode Instruction Prevention (UMIP) activated
[    0.116671] Last level iTLB entries: 4KB 512, 2MB 255, 4MB 127
[    0.117608] Last level dTLB entries: 4KB 512, 2MB 255, 4MB 127, 1GB 0
[    0.118615] Spectre V1 : Mitigation: usercopy/swapgs barriers and __user pointer sanitization
[    0.119613] Spectre V2 : Mitigation: Enhanced / Automatic IBRS
[    0.120608] Spectre V2 : Spectre v2 / SpectreRSB mitigation: Filling RSB on context switch
[    0.121611] Spectre V2 : mitigation: Enabling conditional Indirect Branch Prediction Barrier
[    0.122611] Speculative Store Bypass: Mitigation: Speculative Store Bypass disabled via prctl
[    0.123609] Speculative Return Stack Overflow: IBPB-extending microcode not applied!
[    0.124608] Speculative Return Stack Overflow: WARNING: See https://kernel.org/doc/html/latest/admin-guide/hw-vuln/srso.html for mitigation options.
[    0.124610] Speculative Return Stack Overflow: Vulnerable: Safe RET, no microcode
[    0.126628] x86/fpu: Supporting XSAVE feature 0x001: 'x87 floating point registers'
[    0.127608] x86/fpu: Supporting XSAVE feature 0x002: 'SSE registers'
[    0.128608] x86/fpu: Supporting XSAVE feature 0x004: 'AVX registers'
[    0.129608] x86/fpu: Supporting XSAVE feature 0x020: 'AVX-512 opmask'
[    0.130608] x86/fpu: Supporting XSAVE feature 0x040: 'AVX-512 Hi256'
[    0.131608] x86/fpu: Supporting XSAVE feature 0x080: 'AVX-512 ZMM_Hi256'
[    0.132608] x86/fpu: Supporting XSAVE feature 0x200: 'Protection Keys User registers'
[    0.133608] x86/fpu: xstate_offset[2]:  576, xstate_sizes[2]:  256
[    0.134608] x86/fpu: xstate_offset[5]:  832, xstate_sizes[5]:   64
[    0.135608] x86/fpu: xstate_offset[6]:  896, xstate_sizes[6]:  512
[    0.136608] x86/fpu: xstate_offset[7]: 1408, xstate_sizes[7]: 1024
[    0.137608] x86/fpu: xstate_offset[9]: 2432, xstate_sizes[9]:    8
[    0.138608] x86/fpu: Enabled xstate features 0x2e7, context size is 2440 bytes, using 'compacted' format.
[    0.170093] Freeing SMP alternatives memory: 40K
[    0.170609] pid_max: default: 32768 minimum: 301
[    0.171804] Mount-cache hash table entries: 2048 (order: 2, 16384 bytes, linear)
[    0.172610] Mountpoint-cache hash table entries: 2048 (order: 2, 16384 bytes, linear)
[    0.175494] smpboot: CPU0: AMD Ryzen 9 7950X 16-Core Processor (family: 0x19, model: 0x61, stepping: 0x2)
[    0.176261] Performance Events: Fam17h+ core perfctr, AMD PMU driver.
[    0.176613] ... version:                0
[    0.177303] ... bit width:              48
[    0.177610] ... generic registers:      6
[    0.178301] ... value mask:             0000ffffffffffff
[    0.178610] ... max period:             00007fffffffffff
[    0.179521] ... fixed-purpose events:   0
[    0.179610] ... event mask:             000000000000003f
[    0.180699] signal: max sigframe size: 3376
[    0.181487] rcu: Hierarchical SRCU implementation.
[    0.181611] rcu: Max phase no-delay instances is 400.
[    0.188320] smp: Bringing up secondary CPUs ...
[    0.189023] smpboot: x86: Booting SMP configuration:
[    0.189613] .... node  #0, CPUs:        #1  #2  #3  #4  #5  #6  #7  #8  #9 #10 #11 #12 #13 #14 #15 #16 #17 #18 #19 #20 #21 #22 #23 #24 #25 #26 #27 #28 #29 #30 #31
[    0.219752] smp: Brought up 1 node, 32 CPUs
[    0.221179] smpboot: Total of 32 processors activated (287459.58 BogoMIPS)
[    0.231866] devtmpfs: initialized
[    0.232789] x86/mm: Memory block size: 128MB
[    0.239870] clocksource: jiffies: mask: 0xffffffff max_cycles: 0xffffffff, max_idle_ns: 1911260446275000 ns
[    0.240622] futex hash table entries: 8192 (order: 7, 524288 bytes, linear)
[    0.241913] PM: RTC time: 15:27:26, date: 2024-06-23
[    0.243360] NET: Registered PF_NETLINK/PF_ROUTE protocol family
[    0.244573] thermal_sys: Registered thermal governor 'step_wise'
[    0.244576] thermal_sys: Registered thermal governor 'user_space'
[    0.244709] cpuidle: using governor menu
[    0.247156] PCI: Using configuration type 1 for base access
[    0.247610] PCI: Using configuration type 1 for extended access
[    0.248553] kprobes: kprobe jump-optimization is enabled. All kprobes are optimized if possible.
[    0.266825] HugeTLB: registered 1.00 GiB page size, pre-allocated 0 pages
[    0.267610] HugeTLB: 16380 KiB vmemmap can be freed for a 1.00 GiB page
[    0.268610] HugeTLB: registered 2.00 MiB page size, pre-allocated 0 pages
[    0.269610] HugeTLB: 28 KiB vmemmap can be freed for a 2.00 MiB page
[    0.271004] Demotion targets for Node 0: null
[    0.272048] ACPI: Added _OSI(Module Device)
[    0.272611] ACPI: Added _OSI(Processor Device)
[    0.273376] ACPI: Added _OSI(3.0 _SCP Extensions)
[    0.273610] ACPI: Added _OSI(Processor Aggregator Device)
[    0.303105] ACPI: 1 ACPI AML tables successfully acquired and loaded
[    0.306328] ACPI: _OSC evaluation for CPUs failed, trying _PDC
[    0.309876] ACPI: Interpreter enabled
[    0.310614] ACPI: PM: (supports S0 S3 S4 S5)
[    0.311364] ACPI: Using IOAPIC for interrupt routing
[    0.311678] PCI: Using host bridge windows from ACPI; if necessary, use "pci=nocrs" and report a bug
[    0.312610] PCI: Using E820 reservations for host bridge windows
[    0.315141] ACPI: Enabled 2 GPEs in block 00 to 0F
[    0.379836] ACPI: PCI Root Bridge [PCI0] (domain 0000 [bus 00-ff])
[    0.380624] acpi PNP0A03:00: _OSC: OS supports [ExtendedConfig ASPM ClockPM Segments MSI HPX-Type3]
[    0.382138] PCI host bridge to bus 0000:00
[    0.382613] pci_bus 0000:00: root bus resource [io  0x0000-0x0cf7 window]
[    0.383534] pci_bus 0000:00: root bus resource [io  0x0d00-0xffff window]
[    0.383612] pci_bus 0000:00: root bus resource [mem 0x000a0000-0x000bffff window]
[    0.384612] pci_bus 0000:00: root bus resource [mem 0x40000000-0xfebfffff window]
[    0.385612] pci_bus 0000:00: root bus resource [mem 0x100000000-0x17fffffff window]
[    0.386613] pci_bus 0000:00: root bus resource [bus 00-ff]
[    0.387513] pci 0000:00:00.0: [8086:1237] type 00 class 0x060000 conventional PCI endpoint
[    0.388523] pci 0000:00:01.0: [8086:7000] type 00 class 0x060100 conventional PCI endpoint
[    0.389552] pci 0000:00:01.1: [8086:7010] type 00 class 0x010180 conventional PCI endpoint
[    0.392129] pci 0000:00:01.1: BAR 4 [io  0xc0c0-0xc0cf]
[    0.393614] pci 0000:00:01.1: BAR 0 [io  0x01f0-0x01f7]: legacy IDE quirk
[    0.394514] pci 0000:00:01.1: BAR 1 [io  0x03f6]: legacy IDE quirk
[    0.394609] pci 0000:00:01.1: BAR 2 [io  0x0170-0x0177]: legacy IDE quirk
[    0.395510] pci 0000:00:01.1: BAR 3 [io  0x0376]: legacy IDE quirk
[    0.396328] pci 0000:00:01.3: [8086:7113] type 00 class 0x068000 conventional PCI endpoint
[    0.396894] pci 0000:00:01.3: quirk: [io  0x0600-0x063f] claimed by PIIX4 ACPI
[    0.397614] pci 0000:00:01.3: quirk: [io  0x0700-0x070f] claimed by PIIX4 SMB
[    0.399348] pci 0000:00:02.0: [1af4:1009] type 00 class 0x000200 conventional PCI endpoint
[    0.400610] pci 0000:00:02.0: BAR 0 [io  0xc000-0xc03f]
[    0.402352] pci 0000:00:02.0: BAR 1 [mem 0xfebfc000-0xfebfcfff]
[    0.406610] pci 0000:00:02.0: BAR 4 [mem 0xfebf0000-0xfebf3fff 64bit pref]
[    0.420647] pci 0000:00:03.0: [1af4:1009] type 00 class 0x000200 conventional PCI endpoint
[    0.422610] pci 0000:00:03.0: BAR 0 [io  0xc040-0xc07f]
[    0.424377] pci 0000:00:03.0: BAR 1 [mem 0xfebfd000-0xfebfdfff]
[    0.427610] pci 0000:00:03.0: BAR 4 [mem 0xfebf4000-0xfebf7fff 64bit pref]
[    0.441336] pci 0000:00:04.0: [8086:25ab] type 00 class 0x088000 conventional PCI endpoint
[    0.442026] pci 0000:00:04.0: BAR 0 [mem 0xfebfe000-0xfebfe00f]
[    0.457560] pci 0000:00:05.0: [1af4:1003] type 00 class 0x078000 conventional PCI endpoint
[    0.458610] pci 0000:00:05.0: BAR 0 [io  0xc080-0xc0bf]
[    0.460346] pci 0000:00:05.0: BAR 1 [mem 0xfebff000-0xfebfffff]
[    0.463610] pci 0000:00:05.0: BAR 4 [mem 0xfebf8000-0xfebfbfff 64bit pref]
[    0.479837] ACPI: PCI: Interrupt link LNKA configured for IRQ 10
[    0.481603] ACPI: PCI: Interrupt link LNKB configured for IRQ 10
[    0.483400] ACPI: PCI: Interrupt link LNKC configured for IRQ 11
[    0.484578] ACPI: PCI: Interrupt link LNKD configured for IRQ 11
[    0.485014] ACPI: PCI: Interrupt link LNKS configured for IRQ 9
[    0.505125] iommu: Default domain type: Translated
[    0.505610] iommu: DMA domain TLB invalidation policy: lazy mode
[    0.506917] SCSI subsystem initialized
[    0.507818] pps_core: LinuxPPS API ver. 1 registered
[    0.508491] pps_core: Software ver. 5.3.6 - Copyright 2005-2007 Rodolfo Giometti <giometti@linux.it>
[    0.508624] PTP clock support registered
[    0.509238] Advanced Linux Sound Architecture Driver Initialized.
[    0.511612] NET: Registered PF_ATMPVC protocol family
[    0.512317] NET: Registered PF_ATMSVC protocol family
[    0.512635] PCI: Using ACPI for IRQ routing
[    0.513342] vgaarb: loaded
[    0.513738] hpet0: at MMIO 0xfed00000, IRQs 2, 8, 0
[    0.514404] hpet0: 3 comparators, 64-bit 100.000000 MHz counter
[    0.519198] clocksource: Switched to clocksource kvm-clock
[    0.520055] VFS: Disk quotas dquot_6.6.0
[    0.520804] VFS: Dquot-cache hash table entries: 512 (order 0, 4096 bytes)
[    0.522548] pnp: PnP ACPI init
[    0.525452] pnp: PnP ACPI: found 5 devices
[    0.538335] clocksource: acpi_pm: mask: 0xffffff max_cycles: 0xffffff, max_idle_ns: 2085701024 ns
[    0.539577] NET: Registered PF_INET protocol family
[    0.540370] IP idents hash table entries: 16384 (order: 5, 131072 bytes, linear)
[    0.541760] tcp_listen_portaddr_hash hash table entries: 512 (order: 1, 8192 bytes, linear)
[    0.542871] Table-perturb hash table entries: 65536 (order: 6, 262144 bytes, linear)
[    0.543911] TCP established hash table entries: 8192 (order: 4, 65536 bytes, linear)
[    0.544942] TCP bind hash table entries: 8192 (order: 6, 262144 bytes, linear)
[    0.545912] TCP: Hash tables configured (established 8192 bind 8192)
[    0.546927] UDP hash table entries: 512 (order: 2, 16384 bytes, linear)
[    0.547808] UDP-Lite hash table entries: 512 (order: 2, 16384 bytes, linear)
[    0.548965] NET: Registered PF_UNIX/PF_LOCAL protocol family
[    0.549733] pci_bus 0000:00: resource 4 [io  0x0000-0x0cf7 window]
[    0.550548] pci_bus 0000:00: resource 5 [io  0x0d00-0xffff window]
[    0.551363] pci_bus 0000:00: resource 6 [mem 0x000a0000-0x000bffff window]
[    0.552276] pci_bus 0000:00: resource 7 [mem 0x40000000-0xfebfffff window]
[    0.553184] pci_bus 0000:00: resource 8 [mem 0x100000000-0x17fffffff window]
[    0.554325] pci 0000:00:01.0: PIIX3: Enabling Passive Release
[    0.555089] pci 0000:00:00.0: Limiting direct PCI/PCI transfers
[    0.555914] PCI: CLS 0 bytes, default 64
[    0.556509] kvm_intel: VMX not supported by CPU 0
[    0.557169] kvm_amd: TSC scaling supported
[    0.557711] kvm_amd: Nested Virtualization enabled
[    0.558344] kvm_amd: Nested Paging enabled
[    0.558887] kvm_amd: LBR virtualization supported
[    0.559514] kvm_amd: Virtual VMLOAD VMSAVE supported
[    0.560171] kvm_amd: Virtual GIF supported
[    0.560706] kvm_amd: Virtual NMI enabled
[    0.665237] Initialise system trusted keyrings
[    0.666018] workingset: timestamp_bits=56 max_order=18 bucket_order=0
[    0.667027] squashfs: version 4.0 (2009/01/31) Phillip Lougher
[    0.667843] fuse: init (API version 7.40)
[    0.668535] 9p: Installing v9fs 9p2000 file system support
[    0.679158] Key type asymmetric registered
[    0.679728] Asymmetric key parser 'x509' registered
[    0.680464] Block layer SCSI generic (bsg) driver version 0.4 loaded (major 249)
[    0.681516] io scheduler mq-deadline registered
[    0.682146] io scheduler kyber registered
[    0.684327] input: Power Button as /devices/LNXSYSTM:00/LNXPWRBN:00/input/input0
[    0.685580] ACPI: button: Power Button [PWRF]
[    0.686316] Warning: Processor Platform Limit event detected, but not handled.
[    0.687314] Consider compiling CPUfreq support into your kernel.
[    1.568187] ACPI: \_SB_.LNKB: Enabled at IRQ 10
[    2.441663] ACPI: \_SB_.LNKC: Enabled at IRQ 11
[    3.310163] ACPI: \_SB_.LNKA: Enabled at IRQ 10
[    3.311806] Serial: 8250/16550 driver, 4 ports, IRQ sharing enabled
[    3.312997] 00:03: ttyS0 at I/O 0x3f8 (irq = 4, base_baud = 115200) is a 16550A
[    3.352436] Non-volatile memory driver v1.3
[    3.353046] Linux agpgart interface v0.103
[    3.353623] printk: legacy console [hvc0] enabled
[    3.353788] ACPI: bus type drm_connector registered
[    3.354277] printk: legacy bootconsole [earlyser0] disabled
          _      _                                    
   __   _(_)_ __| |_ _ __ ___   ___       _ __   __ _ 
   \ \ / / |  __| __|  _   _ \ / _ \_____|  _ \ / _  |
    \ V /| | |  | |_| | | | | |  __/_____| | | | (_| |
     \_/ |_|_|   \__|_| |_| |_|\___|     |_| |_|\__  |
                                                |___/ 
   kernel version: 6.10.0-rc4-virtme x86_64
   (CTRL+d to exit)

virtme-ng:/nipa-data/kernel# PS1='xx__-> '
xx__-> env
PWD=/nipa-data/kernel
nr_open=1048576
HOME=/root
TERM=xterm
SHLVL=2
XDG_RUNTIME_DIR=/run/user/0
PATH=/bin:/sbin:/usr/bin:/usr/sbin:/usr/local/bin
OLDPWD=/
_=/usr/bin/env
xx__-> 