No EFI environment detected.
early console in extract_kernel
input_data: 0x00000000030612b9
input_len: 0x0000000000b82b1b
output: 0x0000000001000000
output_len: 0x000000000252f2a8
kernel_total_size: 0x0000000002c30000
needed_size: 0x0000000002e00000
trampoline_32bit: 0x0000000000000000
Physical KASLR using RDRAND RDTSC...
Virtual KASLR using RDRAND RDTSC...

Decompressing Linux... Parsing ELF... Performing relocations... done.
Booting the kernel (entry_offset: 0x0000000000000000).
[    0.000000] Linux version 6.8.0-rc1-virtme (root@a01f80d4e00d) (gcc (Alpine 13.2.1_git20231014) 13.2.1 20231014, GNU ld (GNU Binutils) 2.41) #1 SMP PREEMPT_DYNAMIC Sat Jan 27 15:08:35 UTC 2024
[    0.000000] Command line: virtme_hostname=virtme-ng virtme_link_mods=/nipa-data/kernel/.virtme_mods/lib/modules/0.0.0 virtme_initmount0=nipa-data/kernel virtme_rw_overlay0=/etc virtme_rw_overlay1=/lib virtme_rw_overlay2=/home virtme_rw_overlay3=/opt virtme_rw_overlay4=/srv virtme_rw_overlay5=/usr virtme_rw_overlay6=/var earlyprintk=serial,ttyS0,115200 console=ttyS0 psmouse.proto=exps virtme_chdir=nipa-data/kernel virtme_root_user=1 rootfstype=9p rootflags=version=9p2000.L,trans=virtio,access=any raid=noautodetect ro init=/usr/lib/python3.11/site-packages/virtme/guest/virtme-init
[    0.000000] BIOS-provided physical RAM map:
[    0.000000] BIOS-e820: [mem 0x0000000000000000-0x000000000009fbff] usable
[    0.000000] BIOS-e820: [mem 0x000000000009fc00-0x000000000009ffff] reserved
[    0.000000] BIOS-e820: [mem 0x00000000000f0000-0x00000000000fffff] reserved
[    0.000000] BIOS-e820: [mem 0x0000000000100000-0x000000003ffdffff] usable
[    0.000000] BIOS-e820: [mem 0x000000003ffe0000-0x000000003fffffff] reserved
[    0.000000] BIOS-e820: [mem 0x00000000feffc000-0x00000000feffffff] reserved
[    0.000000] BIOS-e820: [mem 0x00000000fffc0000-0x00000000ffffffff] reserved
[    0.000000] BIOS-e820: [mem 0x000000fd00000000-0x000000ffffffffff] reserved
[    0.000000] printk: legacy bootconsole [earlyser0] enabled
[    0.000000] NX (Execute Disable) protection: active
[    0.000000] APIC: Static calls initialized
[    0.000000] SMBIOS 3.0.0 present.
[    0.000000] DMI: QEMU Standard PC (i440FX + PIIX, 1996), BIOS rel-1.16.3-0-ga6ed6b701f0a-prebuilt.qemu.org 04/01/2014
[    0.000000] Hypervisor detected: KVM
[    0.000000] kvm-clock: Using msrs 4b564d01 and 4b564d00
[    0.000000] kvm-clock: using sched offset of 256214219 cycles
[    0.000391] clocksource: kvm-clock: mask: 0xffffffffffffffff max_cycles: 0x1cd42e4dffb, max_idle_ns: 881590591483 ns
[    0.001607] tsc: Detected 4491.536 MHz processor
[    0.002253] last_pfn = 0x3ffe0 max_arch_pfn = 0x400000000
[    0.002683] MTRR map: 4 entries (3 fixed + 1 variable; max 19), built from 8 variable MTRRs
[    0.003311] x86/PAT: Configuration [0-7]: WB  WC  UC- UC  WB  WP  UC- WT  
Memory KASLR using RDRAND RDTSC...
[    0.005416] found SMP MP-table at [mem 0x000f5470-0x000f547f]
[    0.005855] Using GB pages for direct mapping
[    0.006255] ACPI: Early table checksum verification disabled
[    0.006683] ACPI: RSDP 0x00000000000F5290 000014 (v00 BOCHS )
[    0.007125] ACPI: RSDT 0x000000003FFE27B6 000034 (v01 BOCHS  BXPC     00000001 BXPC 00000001)
[    0.007765] ACPI: FACP 0x000000003FFE2572 000074 (v01 BOCHS  BXPC     00000001 BXPC 00000001)
[    0.008403] ACPI: DSDT 0x000000003FFE0040 002532 (v01 BOCHS  BXPC     00000001 BXPC 00000001)
[    0.009041] ACPI: FACS 0x000000003FFE0000 000040
[    0.009387] ACPI: APIC 0x000000003FFE25E6 000170 (v03 BOCHS  BXPC     00000001 BXPC 00000001)
[    0.010023] ACPI: HPET 0x000000003FFE2756 000038 (v01 BOCHS  BXPC     00000001 BXPC 00000001)
[    0.010660] ACPI: WAET 0x000000003FFE278E 000028 (v01 BOCHS  BXPC     00000001 BXPC 00000001)
[    0.011387] ACPI: Reserving FACP table memory at [mem 0x3ffe2572-0x3ffe25e5]
[    0.012015] ACPI: Reserving DSDT table memory at [mem 0x3ffe0040-0x3ffe2571]
[    0.012647] ACPI: Reserving FACS table memory at [mem 0x3ffe0000-0x3ffe003f]
[    0.013274] ACPI: Reserving APIC table memory at [mem 0x3ffe25e6-0x3ffe2755]
[    0.013902] ACPI: Reserving HPET table memory at [mem 0x3ffe2756-0x3ffe278d]
[    0.014531] ACPI: Reserving WAET table memory at [mem 0x3ffe278e-0x3ffe27b5]
[    0.015335] No NUMA configuration found
[    0.015676] Faking a node at [mem 0x0000000000000000-0x000000003ffdffff]
[    0.016273] NODE_DATA(0) allocated [mem 0x3ffdb000-0x3ffdffff]
[    0.016804] Zone ranges:
[    0.017030]   DMA      [mem 0x0000000000001000-0x0000000000ffffff]
[    0.017580]   DMA32    [mem 0x0000000001000000-0x000000003ffdffff]
[    0.018133]   Normal   empty
[    0.018389]   Device   empty
[    0.018645] Movable zone start for each node
[    0.019028] Early memory node ranges
[    0.019344]   node   0: [mem 0x0000000000001000-0x000000000009efff]
[    0.019904]   node   0: [mem 0x0000000000100000-0x000000003ffdffff]
[    0.020462] Initmem setup node 0 [mem 0x0000000000001000-0x000000003ffdffff]
[    0.021094] On node 0, zone DMA: 1 pages in unavailable ranges
[    0.021638] On node 0, zone DMA: 97 pages in unavailable ranges
[    0.023585] On node 0, zone DMA32: 32 pages in unavailable ranges
[    0.024365] ACPI: PM-Timer IO Port: 0x608
[    0.024728] ACPI: LAPIC_NMI (acpi_id[0xff] dfl dfl lint[0x1])
[    0.025264] IOAPIC[0]: apic_id 0, version 17, address 0xfec00000, GSI 0-23
[    0.025880] ACPI: INT_SRC_OVR (bus 0 bus_irq 0 global_irq 2 dfl dfl)
[    0.026447] ACPI: INT_SRC_OVR (bus 0 bus_irq 5 global_irq 5 high level)
[    0.027040] ACPI: INT_SRC_OVR (bus 0 bus_irq 9 global_irq 9 high level)
[    0.027629] ACPI: INT_SRC_OVR (bus 0 bus_irq 10 global_irq 10 high level)
[    0.028235] ACPI: INT_SRC_OVR (bus 0 bus_irq 11 global_irq 11 high level)
[    0.028841] ACPI: Using ACPI (MADT) for SMP configuration information
[    0.029417] ACPI: HPET id: 0x8086a201 base: 0xfed00000
[    0.029878] TSC deadline timer available
[    0.030228] smpboot: Allowing 32 CPUs, 0 hotplug CPUs
[    0.030698] kvm-guest: APIC: eoi() replaced with kvm_guest_apic_eoi_write()
[    0.031340] kvm-guest: KVM setup pv remote TLB flush
[    0.031784] kvm-guest: setup PV sched yield
[    0.032166] PM: hibernation: Registered nosave memory: [mem 0x00000000-0x00000fff]
[    0.032843] PM: hibernation: Registered nosave memory: [mem 0x0009f000-0x0009ffff]
[    0.033520] PM: hibernation: Registered nosave memory: [mem 0x000a0000-0x000effff]
[    0.034193] PM: hibernation: Registered nosave memory: [mem 0x000f0000-0x000fffff]
[    0.034864] [mem 0x40000000-0xfeffbfff] available for PCI devices
[    0.035415] Booting paravirtualized kernel on KVM
[    0.035834] clocksource: refined-jiffies: mask: 0xffffffff max_cycles: 0xffffffff, max_idle_ns: 1910969940391419 ns
[    0.039935] setup_percpu: NR_CPUS:64 nr_cpumask_bits:32 nr_cpu_ids:32 nr_node_ids:1
[    0.041385] percpu: Embedded 58 pages/cpu s199840 r8192 d29536 u262144
[    0.042020] Kernel command line: virtme_hostname=virtme-ng virtme_link_mods=/nipa-data/kernel/.virtme_mods/lib/modules/0.0.0 virtme_initmount0=nipa-data/kernel virtme_rw_overlay0=/etc virtme_rw_overlay1=/lib virtme_rw_overlay2=/home virtme_rw_overlay3=/opt virtme_rw_overlay4=/srv virtme_rw_overlay5=/usr virtme_rw_overlay6=/var earlyprintk=serial,ttyS0,115200 console=ttyS0 psmouse.proto=exps virtme_chdir=nipa-data/kernel virtme_root_user=1 rootfstype=9p rootflags=version=9p2000.L,trans=virtio,access=any raid=noautodetect ro init=/usr/lib/python3.11/site-packages/virtme/guest/virtme-init
[    0.046679] Unknown kernel command line parameters "virtme_hostname=virtme-ng virtme_link_mods=/nipa-data/kernel/.virtme_mods/lib/modules/0.0.0 virtme_initmount0=nipa-data/kernel virtme_rw_overlay0=/etc virtme_rw_overlay1=/lib virtme_rw_overlay2=/home virtme_rw_overlay3=/opt virtme_rw_overlay4=/srv virtme_rw_overlay5=/usr virtme_rw_overlay6=/var virtme_chdir=nipa-data/kernel virtme_root_user=1", will be passed to user space.
[    0.049868] random: crng init done
[    0.050170] Dentry cache hash table entries: 131072 (order: 8, 1048576 bytes, linear)
[    0.050792] Inode-cache hash table entries: 65536 (order: 7, 524288 bytes, linear)
[    0.051604] Fallback order for Node 0: 0 
[    0.051608] Built 1 zonelists, mobility grouping on.  Total pages: 257760
[    0.052615] Policy zone: DMA32
[    0.052900] mem auto-init: stack:all(zero), heap alloc:off, heap free:off
[    0.055045] Memory: 976380K/1048056K available (16384K kernel code, 2556K rwdata, 6072K rodata, 3160K init, 12004K bss, 71416K reserved, 0K cma-reserved)
[    0.056171] SLUB: HWalign=64, Order=0-3, MinObjects=0, CPUs=32, Nodes=1
Poking KASLR using RDRAND RDTSC...
[    0.056971] ftrace: allocating 46541 entries in 182 pages
[    0.064045] ftrace: allocated 182 pages with 5 groups
[    0.065203] Dynamic Preempt: voluntary
[    0.065682] Running RCU self tests
[    0.065958] Running RCU synchronous self tests
[    0.066308] rcu: Preemptible hierarchical RCU implementation.
[    0.066751] rcu: RCU event tracing is enabled.
[    0.067110] rcu: RCU lockdep checking is enabled.
[    0.067479] rcu: RCU restricting CPUs from NR_CPUS=64 to nr_cpu_ids=32.
[    0.068004] Trampoline variant of Tasks RCU enabled.
[    0.068394] Rude variant of Tasks RCU enabled.
[    0.068744] Tracing variant of Tasks RCU enabled.
[    0.069123] rcu: RCU calculated value of scheduler-enlistment delay is 100 jiffies.
[    0.069713] rcu: Adjusting geometry for rcu_fanout_leaf=16, nr_cpu_ids=32
[    0.070269] Running RCU synchronous self tests
[    0.072196] NR_IRQS: 4352, nr_irqs: 680, preallocated irqs: 16
[    0.072839] rcu: srcu_init: Setting srcu_struct sizes based on contention.
[    0.073576] Console: colour *CGA 80x25
[    0.073890] printk: legacy console [ttyS0] enabled
[    0.073890] printk: legacy console [ttyS0] enabled
[    0.074637] printk: legacy bootconsole [earlyser0] disabled
[    0.074637] printk: legacy bootconsole [earlyser0] disabled
[    0.075505] Lock dependency validator: Copyright (c) 2006 Red Hat, Inc., Ingo Molnar
[    0.076102] ... MAX_LOCKDEP_SUBCLASSES:  8
[    0.076419] ... MAX_LOCK_DEPTH:          48
[    0.076742] ... MAX_LOCKDEP_KEYS:        8192
[    0.077087] ... CLASSHASH_SIZE:          4096
[    0.077423] ... MAX_LOCKDEP_ENTRIES:     32768
[    0.077765] ... MAX_LOCKDEP_CHAINS:      65536
[    0.078117] ... CHAINHASH_SIZE:          32768
[    0.078458]  memory used by lock dependency info: 6429 kB
[    0.078871]  memory used for stack traces: 4224 kB
[    0.079250]  per task-struct memory footprint: 1920 bytes
[    0.079678] ACPI: Core revision 20230628
[    0.080084] clocksource: hpet: mask: 0xffffffff max_cycles: 0xffffffff, max_idle_ns: 19112604467 ns
[    0.080881] APIC: Switch to symmetric I/O mode setup
[    0.081284] APIC: Switched APIC routing to: physical flat
[    0.081701] kvm-guest: APIC: send_IPI_mask() replaced with kvm_send_ipi_mask()
[    0.082275] kvm-guest: APIC: send_IPI_mask_allbutself() replaced with kvm_send_ipi_mask_allbutself()
[    0.082975] kvm-guest: setup PV IPIs
[    0.084104] ..TIMER: vector=0x30 apic1=0 pin1=2 apic2=-1 pin2=-1
[    0.084942] tsc: Marking TSC unstable due to TSCs unsynchronized
[    0.085745] Calibrating delay loop (skipped) preset value.. 8983.07 BogoMIPS (lpj=4491536)
[    0.086806] x86/cpu: User Mode Instruction Prevention (UMIP) activated
[    0.087817] Last level iTLB entries: 4KB 512, 2MB 255, 4MB 127
[    0.088742] Last level dTLB entries: 4KB 512, 2MB 255, 4MB 127, 1GB 0
[    0.089746] Spectre V1 : Mitigation: usercopy/swapgs barriers and __user pointer sanitization
[    0.090746] Spectre V2 : Mitigation: Enhanced / Automatic IBRS
[    0.091742] Spectre V2 : Spectre v2 / SpectreRSB mitigation: Filling RSB on context switch
[    0.092744] Spectre V2 : mitigation: Enabling conditional Indirect Branch Prediction Barrier
[    0.093743] Speculative Store Bypass: Mitigation: Speculative Store Bypass disabled via prctl
[    0.094742] Speculative Return Stack Overflow: IBPB-extending microcode not applied!
[    0.095741] Speculative Return Stack Overflow: WARNING: See https://kernel.org/doc/html/latest/admin-guide/hw-vuln/srso.html for mitigation options.
[    0.095743] Speculative Return Stack Overflow: Vulnerable: Safe RET, no microcode
[    0.097767] x86/fpu: Supporting XSAVE feature 0x001: 'x87 floating point registers'
[    0.098742] x86/fpu: Supporting XSAVE feature 0x002: 'SSE registers'
[    0.099742] x86/fpu: Supporting XSAVE feature 0x004: 'AVX registers'
[    0.100741] x86/fpu: Supporting XSAVE feature 0x020: 'AVX-512 opmask'
[    0.101742] x86/fpu: Supporting XSAVE feature 0x040: 'AVX-512 Hi256'
[    0.102742] x86/fpu: Supporting XSAVE feature 0x080: 'AVX-512 ZMM_Hi256'
[    0.104741] x86/fpu: Supporting XSAVE feature 0x200: 'Protection Keys User registers'
[    0.105742] x86/fpu: xstate_offset[2]:  576, xstate_sizes[2]:  256
[    0.106742] x86/fpu: xstate_offset[5]:  832, xstate_sizes[5]:   64
[    0.107741] x86/fpu: xstate_offset[6]:  896, xstate_sizes[6]:  512
[    0.108742] x86/fpu: xstate_offset[7]: 1408, xstate_sizes[7]: 1024
[    0.109742] x86/fpu: xstate_offset[9]: 2432, xstate_sizes[9]:    8
[    0.110742] x86/fpu: Enabled xstate features 0x2e7, context size is 2440 bytes, using 'compacted' format.
[    0.133534] Freeing SMP alternatives memory: 36K
[    0.133743] pid_max: default: 32768 minimum: 301
[    0.134828] Mount-cache hash table entries: 2048 (order: 2, 16384 bytes, linear)
[    0.135743] Mountpoint-cache hash table entries: 2048 (order: 2, 16384 bytes, linear)
[    0.137298] Running RCU synchronous self tests
[    0.137743] Running RCU synchronous self tests
[    0.138906] smpboot: CPU0: AMD Ryzen 9 7950X 16-Core Processor (family: 0x19, model: 0x61, stepping: 0x2)
[    0.140112] RCU Tasks: Setting shift to 5 and lim to 1 rcu_task_cb_adjust=1.
[    0.140771] RCU Tasks Rude: Setting shift to 5 and lim to 1 rcu_task_cb_adjust=1.
[    0.141771] RCU Tasks Trace: Setting shift to 5 and lim to 1 rcu_task_cb_adjust=1.
[    0.142776] Running RCU Tasks wait API self tests
[    0.250816] Running RCU Tasks Rude wait API self tests
[    0.251627] Running RCU Tasks Trace wait API self tests
[    0.251795] Performance Events: Fam17h+ core perfctr, AMD PMU driver.
[    0.252710] ... version:                0
[    0.252744] ... bit width:              48
[    0.253293] ... generic registers:      6
[    0.253744] ... value mask:             0000ffffffffffff
[    0.254496] ... max period:             00007fffffffffff
[    0.254744] ... fixed-purpose events:   0
[    0.255276] ... event mask:             000000000000003f
[    0.255939] signal: max sigframe size: 3376
[    0.256676] rcu: Hierarchical SRCU implementation.
[    0.256745] rcu: Max phase no-delay instances is 400.
[    0.257794] Callback from call_rcu_tasks_trace() invoked.
[    0.262364] smp: Bringing up secondary CPUs ...
[    0.263055] smpboot: x86: Booting SMP configuration:
[    0.263754] .... node  #0, CPUs:        #1  #2  #3  #4  #5  #6  #7  #8  #9 #10 #11 #12 #13 #14 #15 #16 #17 #18 #19 #20 #21 #22 #23 #24 #25 #26 #27 #28 #29 #30 #31
[    0.290944] smp: Brought up 1 node, 32 CPUs
[    0.292470] smpboot: Max logical packages: 1
[    0.292745] smpboot: Total of 32 processors activated (287458.30 BogoMIPS)
[    0.301036] devtmpfs: initialized
[    0.301858] x86/mm: Memory block size: 128MB
[    0.305225] Running RCU synchronous self tests
[    0.305785] Running RCU synchronous self tests
[    0.306649] clocksource: jiffies: mask: 0xffffffff max_cycles: 0xffffffff, max_idle_ns: 1911260446275000 ns
[    0.306750] futex hash table entries: 8192 (order: 8, 1048576 bytes, linear)
[    0.308401] PM: RTC time: 15:09:10, date: 2024-01-27
[    0.309492] NET: Registered PF_NETLINK/PF_ROUTE protocol family
[    0.310530] thermal_sys: Registered thermal governor 'step_wise'
[    0.310532] thermal_sys: Registered thermal governor 'user_space'
[    0.310808] cpuidle: using governor menu
[    0.314081] PCI: Using configuration type 1 for base access
[    0.314745] PCI: Using configuration type 1 for extended access
[    0.315904] kprobes: kprobe jump-optimization is enabled. All kprobes are optimized if possible.
[    0.330007] HugeTLB: registered 1.00 GiB page size, pre-allocated 0 pages
[    0.330745] HugeTLB: 16380 KiB vmemmap can be freed for a 1.00 GiB page
[    0.331744] HugeTLB: registered 2.00 MiB page size, pre-allocated 0 pages
[    0.332744] HugeTLB: 28 KiB vmemmap can be freed for a 2.00 MiB page
[    0.335007] ACPI: Added _OSI(Module Device)
[    0.335745] ACPI: Added _OSI(Processor Device)
[    0.336475] ACPI: Added _OSI(3.0 _SCP Extensions)
[    0.336744] ACPI: Added _OSI(Processor Aggregator Device)
[    0.340225] ACPI: 1 ACPI AML tables successfully acquired and loaded
[    0.343807] ACPI: _OSC evaluation for CPUs failed, trying _PDC
[    0.345340] ACPI: Interpreter enabled
[    0.345796] ACPI: PM: (supports S0 S3 S4 S5)
[    0.346503] ACPI: Using IOAPIC for interrupt routing
[    0.347768] PCI: Using host bridge windows from ACPI; if necessary, use "pci=nocrs" and report a bug
[    0.348744] PCI: Using E820 reservations for host bridge windows
[    0.350088] ACPI: Enabled 2 GPEs in block 00 to 0F
[    0.356846] Callback from call_rcu_tasks_rude() invoked.
[    0.362047] ACPI: PCI Root Bridge [PCI0] (domain 0000 [bus 00-ff])
[    0.362749] acpi PNP0A03:00: _OSC: OS supports [ExtendedConfig ASPM ClockPM Segments MSI HPX-Type3]
[    0.365369] PCI host bridge to bus 0000:00
[    0.365745] pci_bus 0000:00: root bus resource [io  0x0000-0x0cf7 window]
[    0.366744] pci_bus 0000:00: root bus resource [io  0x0d00-0xffff window]
[    0.367744] pci_bus 0000:00: root bus resource [mem 0x000a0000-0x000bffff window]
[    0.368744] pci_bus 0000:00: root bus resource [mem 0x40000000-0xfebfffff window]
[    0.370745] pci_bus 0000:00: root bus resource [mem 0x100000000-0x17fffffff window]
[    0.371745] pci_bus 0000:00: root bus resource [bus 00-ff]
[    0.372823] pci 0000:00:00.0: [8086:1237] type 00 class 0x060000 conventional PCI endpoint
[    0.374358] pci 0000:00:01.0: [8086:7000] type 00 class 0x060100 conventional PCI endpoint
[    0.376278] pci 0000:00:01.1: [8086:7010] type 00 class 0x010180 conventional PCI endpoint
[    0.380744] pci 0000:00:01.1: BAR 4 [io  0xc080-0xc08f]
[    0.384243] pci 0000:00:01.1: BAR 0 [io  0x01f0-0x01f7]: legacy IDE quirk
[    0.384745] pci 0000:00:01.1: BAR 1 [io  0x03f6]: legacy IDE quirk
[    0.385744] pci 0000:00:01.1: BAR 2 [io  0x0170-0x0177]: legacy IDE quirk
[    0.386744] pci 0000:00:01.1: BAR 3 [io  0x0376]: legacy IDE quirk
[    0.387980] pci 0000:00:01.3: [8086:7113] type 00 class 0x068000 conventional PCI endpoint
[    0.390058] pci 0000:00:01.3: quirk: [io  0x0600-0x063f] claimed by PIIX4 ACPI
[    0.391750] pci 0000:00:01.3: quirk: [io  0x0700-0x070f] claimed by PIIX4 SMB
[    0.393089] pci 0000:00:02.0: [1af4:1009] type 00 class 0x000200 conventional PCI endpoint
[    0.395745] pci 0000:00:02.0: BAR 0 [io  0xc000-0xc03f]
[    0.398706] pci 0000:00:02.0: BAR 1 [mem 0xfebfd000-0xfebfdfff]
[    0.406578] pci 0000:00:02.0: BAR 4 [mem 0xfebf4000-0xfebf7fff 64bit pref]
[    0.411321] pci 0000:00:03.0: [1af4:1009] type 00 class 0x000200 conventional PCI endpoint
[    0.413744] pci 0000:00:03.0: BAR 0 [io  0xc040-0xc07f]
[    0.415404] pci 0000:00:03.0: BAR 1 [mem 0xfebfe000-0xfebfefff]
[    0.420744] pci 0000:00:03.0: BAR 4 [mem 0xfebf8000-0xfebfbfff 64bit pref]
[    0.424588] pci 0000:00:04.0: [8086:25ab] type 00 class 0x088000 conventional PCI endpoint
[    0.426258] pci 0000:00:04.0: BAR 0 [mem 0xfebff000-0xfebff00f]
[    0.431714] ACPI: PCI: Interrupt link LNKA configured for IRQ 10
[    0.432912] ACPI: PCI: Interrupt link LNKB configured for IRQ 10
[    0.433822] ACPI: PCI: Interrupt link LNKC configured for IRQ 11
[    0.434749] ACPI: PCI: Interrupt link LNKD configured for IRQ 11
[    0.435619] ACPI: PCI: Interrupt link LNKS configured for IRQ 9
[    0.439659] iommu: Default domain type: Translated
[    0.439744] iommu: DMA domain TLB invalidation policy: lazy mode
[    0.440818] SCSI subsystem initialized
[    0.441838] pps_core: LinuxPPS API ver. 1 registered
[    0.442746] pps_core: Software ver. 5.3.6 - Copyright 2005-2007 Rodolfo Giometti <giometti@linux.it>
[    0.443748] PTP clock support registered
[    0.444821] Advanced Linux Sound Architecture Driver Initialized.
[    0.446354] NET: Registered PF_ATMPVC protocol family
[    0.446744] NET: Registered PF_ATMSVC protocol family
[    0.447410] PCI: Using ACPI for IRQ routing
[    0.447998] vgaarb: loaded
[    0.448906] hpet0: at MMIO 0xfed00000, IRQs 2, 8, 0
[    0.449745] hpet0: 3 comparators, 64-bit 100.000000 MHz counter
[    0.454485] clocksource: Switched to clocksource kvm-clock
[    0.455395] VFS: Disk quotas dquot_6.6.0
[    0.455952] VFS: Dquot-cache hash table entries: 512 (order 0, 4096 bytes)
[    0.456994] pnp: PnP ACPI init
[    0.458001] pnp: PnP ACPI: found 5 devices
[    0.458594] Callback from call_rcu_tasks() invoked.
[    0.465898] clocksource: acpi_pm: mask: 0xffffff max_cycles: 0xffffff, max_idle_ns: 2085701024 ns
[    0.467082] NET: Registered PF_INET protocol family
[    0.467789] IP idents hash table entries: 16384 (order: 5, 131072 bytes, linear)
[    0.469072] tcp_listen_portaddr_hash hash table entries: 512 (order: 3, 36864 bytes, linear)
[    0.470174] Table-perturb hash table entries: 65536 (order: 6, 262144 bytes, linear)
[    0.471171] TCP established hash table entries: 8192 (order: 4, 65536 bytes, linear)
[    0.472219] TCP bind hash table entries: 8192 (order: 8, 1179648 bytes, linear)
[    0.473570] TCP: Hash tables configured (established 8192 bind 8192)
[    0.474506] UDP hash table entries: 512 (order: 4, 81920 bytes, linear)
[    0.475404] UDP-Lite hash table entries: 512 (order: 4, 81920 bytes, linear)
[    0.476468] NET: Registered PF_UNIX/PF_LOCAL protocol family
[    0.477213] pci_bus 0000:00: resource 4 [io  0x0000-0x0cf7 window]
[    0.478010] pci_bus 0000:00: resource 5 [io  0x0d00-0xffff window]
[    0.478808] pci_bus 0000:00: resource 6 [mem 0x000a0000-0x000bffff window]
[    0.479724] pci_bus 0000:00: resource 7 [mem 0x40000000-0xfebfffff window]
[    0.480611] pci_bus 0000:00: resource 8 [mem 0x100000000-0x17fffffff window]
[    0.481596] pci 0000:00:01.0: PIIX3: Enabling Passive Release
[    0.482338] pci 0000:00:00.0: Limiting direct PCI/PCI transfers
[    0.483137] PCI: CLS 0 bytes, default 64
[    0.483712] kvm_intel: VMX not supported by CPU 4
[    0.484392] kvm_amd: TSC scaling supported
[    0.484932] kvm_amd: Nested Virtualization enabled
[    0.485558] kvm_amd: Nested Paging enabled
[    0.486209] kvm_amd: Virtual VMLOAD VMSAVE supported
[    0.486853] kvm_amd: Virtual GIF supported
[    0.487385] kvm_amd: Virtual NMI enabled
[    0.487896] kvm_amd: LBR virtualization supported
[    0.596956] workingset: timestamp_bits=56 max_order=18 bucket_order=0
[    0.598213] squashfs: version 4.0 (2009/01/31) Phillip Lougher
[    0.599224] fuse: init (API version 7.39)
[    0.599996] 9p: Installing v9fs 9p2000 file system support
[    0.601029] Key type asymmetric registered
[    0.601758] Block layer SCSI generic (bsg) driver version 0.4 loaded (major 249)
[    0.603066] io scheduler mq-deadline registered
[    0.603835] io scheduler kyber registered
[    0.606172] input: Power Button as /devices/LNXSYSTM:00/LNXPWRBN:00/input/input0
[    0.607702] ACPI: button: Power Button [PWRF]
[    0.608575] Warning: Processor Platform Limit event detected, but not handled.
[    0.609786] Consider compiling CPUfreq support into your kernel.
[    0.692999] ACPI: \_SB_.LNKB: Enabled at IRQ 10
[    0.765998] ACPI: \_SB_.LNKC: Enabled at IRQ 11
[    0.767471] Serial: 8250/16550 driver, 4 ports, IRQ sharing enabled
[    0.768700] 00:03: ttyS0 at I/O 0x3f8 (irq = 4, base_baud = 115200) is a 16550A
[    0.770561] Non-volatile memory driver v1.3
[    0.771120] Linux agpgart interface v0.103
[    0.771805] ACPI: bus type drm_connector registered
[    0.784757] loop: module loaded
[    0.786561] scsi host0: ata_piix
[    0.787328] scsi host1: ata_piix
[    0.787839] ata1: PATA max MWDMA2 cmd 0x1f0 ctl 0x3f6 bmdma 0xc080 irq 14 lpm-pol 0
[    0.788847] ata2: PATA max MWDMA2 cmd 0x170 ctl 0x376 bmdma 0xc088 irq 15 lpm-pol 0
[    0.790599] i8042: PNP: PS/2 Controller [PNP0303:KBD,PNP0f13:MOU] at 0x60,0x64 irq 1,12
[    0.792303] serio: i8042 KBD port at 0x60,0x64 irq 1
[    0.792986] serio: i8042 AUX port at 0x60,0x64 irq 12
[    0.794021] rtc_cmos 00:04: RTC can wake from S4
[    0.795498] rtc_cmos 00:04: registered as rtc0
[    0.796208] input: AT Translated Set 2 keyboard as /devices/platform/i8042/serio0/input/input1
[    0.797709] rtc_cmos 00:04: setting system clock to 2024-01-27T15:09:10 UTC (1706368150)
[    0.798898] rtc_cmos 00:04: alarms up to one day, y3k, 242 bytes nvram, hpet irqs
[    0.800884] i6300ESB timer 0000:00:04.0: initialized. heartbeat=30 sec (nowayout=0)
[    0.802332] device-mapper: ioctl: 4.48.0-ioctl (2023-03-01) initialised: dm-devel@redhat.com
[    0.804497] input: ImExPS/2 Generic Explorer Mouse as /devices/platform/i8042/serio1/input/input3
[    0.805826] NET: Registered PF_PACKET protocol family
[    0.806532] 9pnet: Installing 9P2000 support
[    0.808170] Key type dns_resolver registered
[    0.812318] IPI shorthand broadcast: enabled
[    0.820833] sched_clock: Marking stable (811002367, 9356489)->(847871393, -27512537)
[    0.822165] registered taskstats version 1
[    0.827566] PM:   Magic number: 8:206:185
[    0.828154] printk: legacy console [netcon0] enabled
[    0.828828] netconsole: network logging started
[    0.829608] ALSA device list:
[    0.830011]   No soundcards found.
[    0.946550] ata2: found unknown device (class 0)
[    0.947934] ata2.00: ATAPI: QEMU DVD-ROM, 2.5+, max UDMA/100
[    0.950152] scsi 1:0:0:0: CD-ROM            QEMU     QEMU DVD-ROM     2.5+ PQ: 0 ANSI: 5
[    0.959162] scsi 1:0:0:0: Attached scsi generic sg0 type 5
[    0.960143] md: Skipping autodetection of RAID arrays. (raid=autodetect will force)
[    0.961321] 9pnet_virtio: no channels available for device 
[    0.962870] VFS: Mounted root (9p filesystem) readonly on device 0:19.
[    0.964061] devtmpfs: mounted
[    0.966536] Freeing unused kernel image (initmem) memory: 3160K
[    0.973389] Write protecting the kernel read-only data: 22528k
[    0.974840] Freeing unused kernel image (rodata/data gap) memory: 72K
[    1.010522] x86/mm: Checked W+X mappings: passed, no W+X pages found.
[    1.011462] Run /usr/lib/python3.11/site-packages/virtme/guest/virtme-init as init process
[    1.038589] mount (266) used greatest stack depth: 12984 bytes left
[    1.112954] mount (285) used greatest stack depth: 12584 bytes left
[    1.203521] virtme-init: basic initialization done
[    1.209342] virtme-init: udevd not found
[    1.227726] modprobe (344) used greatest stack depth: 12440 bytes left
[    1.269708] virtme-init: Setting hostname to virtme-ng...
[    1.283704] ip (358) used greatest stack depth: 12056 bytes left
          _      _                                    
   __   _(_)_ __| |_ _ __ ___   ___       _ __   __ _ 
   \ \ / / |  __| __|  _   _ \ / _ \_____|  _ \ / _  |
    \ V /| | |  | |_| | | | | |  __/_____| | | | (_| |
     \_/ |_|_|   \__|_| |_| |_|\___|     |_| |_|\__  |
                                                |___/ 
   kernel version: 6.8.0-rc1-virtme x86_64

virtme-ng:/nipa-data/kernel# PS1='xx__-> '
xx__-> 