No EFI environment detected.
early console in extract_kernel
input_data: 0x00000000030602b9
input_len: 0x0000000000b82e01
output: 0x0000000001000000
output_len: 0x000000000252f2b4
kernel_total_size: 0x0000000002c30000
needed_size: 0x0000000002e00000
trampoline_32bit: 0x0000000000000000
Physical KASLR using RDRAND RDTSC...
Virtual KASLR using RDRAND RDTSC...

Decompressing Linux... Parsing ELF... Performing relocations... done.
Booting the kernel (entry_offset: 0x0000000000000000).
[    0.000000] Linux version 6.8.0-rc1-virtme (root@86bbc275ecb8) (gcc (Alpine 13.2.1_git20231014) 13.2.1 20231014, GNU ld (GNU Binutils) 2.41) #1 SMP PREEMPT_DYNAMIC Sat Jan 27 21:06:04 UTC 2024
[    0.000000] Command line: virtme_hostname=virtme-ng virtme_link_mods=/nipa-data/kernel/.virtme_mods/lib/modules/0.0.0 virtme_initmount0=nipa-data/kernel virtme_rw_overlay0=/etc virtme_rw_overlay1=/lib virtme_rw_overlay2=/home virtme_rw_overlay3=/opt virtme_rw_overlay4=/srv virtme_rw_overlay5=/usr virtme_rw_overlay6=/var earlyprintk=serial,ttyS0,115200 console=ttyS0 psmouse.proto=exps virtme_chdir=nipa-data/kernel virtme_root_user=1 rootfstype=9p rootflags=version=9p2000.L,trans=virtio,access=any raid=noautodetect ro init=/usr/lib/python3.11/site-packages/virtme/guest/virtme-init
[    0.000000] BIOS-provided physical RAM map:
[    0.000000] BIOS-e820: [mem 0x0000000000000000-0x000000000009fbff] usable
[    0.000000] BIOS-e820: [mem 0x000000000009fc00-0x000000000009ffff] reserved
[    0.000000] BIOS-e820: [mem 0x00000000000f0000-0x00000000000fffff] reserved
[    0.000000] BIOS-e820: [mem 0x0000000000100000-0x000000003ffdffff] usable
[    0.000000] BIOS-e820: [mem 0x000000003ffe0000-0x000000003fffffff] reserved
[    0.000000] BIOS-e820: [mem 0x00000000feffc000-0x00000000feffffff] reserved
[    0.000000] BIOS-e820: [mem 0x00000000fffc0000-0x00000000ffffffff] reserved
[    0.000000] BIOS-e820: [mem 0x000000fd00000000-0x000000ffffffffff] reserved
[    0.000000] printk: legacy bootconsole [earlyser0] enabled
[    0.000000] NX (Execute Disable) protection: active
[    0.000000] APIC: Static calls initialized
[    0.000000] SMBIOS 3.0.0 present.
[    0.000000] DMI: QEMU Standard PC (i440FX + PIIX, 1996), BIOS rel-1.16.3-0-ga6ed6b701f0a-prebuilt.qemu.org 04/01/2014
[    0.000000] Hypervisor detected: KVM
[    0.000000] kvm-clock: Using msrs 4b564d01 and 4b564d00
[    0.000000] kvm-clock: using sched offset of 240234890 cycles
[    0.000396] clocksource: kvm-clock: mask: 0xffffffffffffffff max_cycles: 0x1cd42e4dffb, max_idle_ns: 881590591483 ns
[    0.001625] tsc: Detected 4491.536 MHz processor
[    0.002242] last_pfn = 0x3ffe0 max_arch_pfn = 0x400000000
[    0.002674] MTRR map: 4 entries (3 fixed + 1 variable; max 19), built from 8 variable MTRRs
[    0.003305] x86/PAT: Configuration [0-7]: WB  WC  UC- UC  WB  WP  UC- WT  
Memory KASLR using RDRAND RDTSC...
[    0.005402] found SMP MP-table at [mem 0x000f5470-0x000f547f]
[    0.005842] Using GB pages for direct mapping
[    0.006233] ACPI: Early table checksum verification disabled
[    0.006661] ACPI: RSDP 0x00000000000F5290 000014 (v00 BOCHS )
[    0.007098] ACPI: RSDT 0x000000003FFE27B6 000034 (v01 BOCHS  BXPC     00000001 BXPC 00000001)
[    0.007747] ACPI: FACP 0x000000003FFE2572 000074 (v01 BOCHS  BXPC     00000001 BXPC 00000001)
[    0.008396] ACPI: DSDT 0x000000003FFE0040 002532 (v01 BOCHS  BXPC     00000001 BXPC 00000001)
[    0.009042] ACPI: FACS 0x000000003FFE0000 000040
[    0.009392] ACPI: APIC 0x000000003FFE25E6 000170 (v03 BOCHS  BXPC     00000001 BXPC 00000001)
[    0.010042] ACPI: HPET 0x000000003FFE2756 000038 (v01 BOCHS  BXPC     00000001 BXPC 00000001)
[    0.010685] ACPI: WAET 0x000000003FFE278E 000028 (v01 BOCHS  BXPC     00000001 BXPC 00000001)
[    0.011327] ACPI: Reserving FACP table memory at [mem 0x3ffe2572-0x3ffe25e5]
[    0.011858] ACPI: Reserving DSDT table memory at [mem 0x3ffe0040-0x3ffe2571]
[    0.012389] ACPI: Reserving FACS table memory at [mem 0x3ffe0000-0x3ffe003f]
[    0.012926] ACPI: Reserving APIC table memory at [mem 0x3ffe25e6-0x3ffe2755]
[    0.013459] ACPI: Reserving HPET table memory at [mem 0x3ffe2756-0x3ffe278d]
[    0.013995] ACPI: Reserving WAET table memory at [mem 0x3ffe278e-0x3ffe27b5]
[    0.014677] No NUMA configuration found
[    0.014968] Faking a node at [mem 0x0000000000000000-0x000000003ffdffff]
[    0.015475] NODE_DATA(0) allocated [mem 0x3ffdb000-0x3ffdffff]
[    0.015929] Zone ranges:
[    0.016121]   DMA      [mem 0x0000000000001000-0x0000000000ffffff]
[    0.016589]   DMA32    [mem 0x0000000001000000-0x000000003ffdffff]
[    0.017058]   Normal   empty
[    0.017276]   Device   empty
[    0.017494] Movable zone start for each node
[    0.017822] Early memory node ranges
[    0.018092]   node   0: [mem 0x0000000000001000-0x000000000009efff]
[    0.018566]   node   0: [mem 0x0000000000100000-0x000000003ffdffff]
[    0.019041] Initmem setup node 0 [mem 0x0000000000001000-0x000000003ffdffff]
[    0.019578] On node 0, zone DMA: 1 pages in unavailable ranges
[    0.020033] On node 0, zone DMA: 97 pages in unavailable ranges
[    0.021474] On node 0, zone DMA32: 32 pages in unavailable ranges
[    0.022136] ACPI: PM-Timer IO Port: 0x608
[    0.022444] ACPI: LAPIC_NMI (acpi_id[0xff] dfl dfl lint[0x1])
[    0.022898] IOAPIC[0]: apic_id 0, version 17, address 0xfec00000, GSI 0-23
[    0.023422] ACPI: INT_SRC_OVR (bus 0 bus_irq 0 global_irq 2 dfl dfl)
[    0.023905] ACPI: INT_SRC_OVR (bus 0 bus_irq 5 global_irq 5 high level)
[    0.024407] ACPI: INT_SRC_OVR (bus 0 bus_irq 9 global_irq 9 high level)
[    0.024910] ACPI: INT_SRC_OVR (bus 0 bus_irq 10 global_irq 10 high level)
[    0.025426] ACPI: INT_SRC_OVR (bus 0 bus_irq 11 global_irq 11 high level)
[    0.025945] ACPI: Using ACPI (MADT) for SMP configuration information
[    0.026438] ACPI: HPET id: 0x8086a201 base: 0xfed00000
[    0.026829] TSC deadline timer available
[    0.027127] smpboot: Allowing 32 CPUs, 0 hotplug CPUs
[    0.027523] kvm-guest: APIC: eoi() replaced with kvm_guest_apic_eoi_write()
[    0.028058] kvm-guest: KVM setup pv remote TLB flush
[    0.028436] kvm-guest: setup PV sched yield
[    0.028758] PM: hibernation: Registered nosave memory: [mem 0x00000000-0x00000fff]
[    0.029332] PM: hibernation: Registered nosave memory: [mem 0x0009f000-0x0009ffff]
[    0.029909] PM: hibernation: Registered nosave memory: [mem 0x000a0000-0x000effff]
[    0.030482] PM: hibernation: Registered nosave memory: [mem 0x000f0000-0x000fffff]
[    0.031056] [mem 0x40000000-0xfeffbfff] available for PCI devices
[    0.031518] Booting paravirtualized kernel on KVM
[    0.031875] clocksource: refined-jiffies: mask: 0xffffffff max_cycles: 0xffffffff, max_idle_ns: 1910969940391419 ns
[    0.035641] setup_percpu: NR_CPUS:64 nr_cpumask_bits:32 nr_cpu_ids:32 nr_node_ids:1
[    0.036795] percpu: Embedded 58 pages/cpu s199840 r8192 d29536 u262144
[    0.037326] Kernel command line: virtme_hostname=virtme-ng virtme_link_mods=/nipa-data/kernel/.virtme_mods/lib/modules/0.0.0 virtme_initmount0=nipa-data/kernel virtme_rw_overlay0=/etc virtme_rw_overlay1=/lib virtme_rw_overlay2=/home virtme_rw_overlay3=/opt virtme_rw_overlay4=/srv virtme_rw_overlay5=/usr virtme_rw_overlay6=/var earlyprintk=serial,ttyS0,115200 console=ttyS0 psmouse.proto=exps virtme_chdir=nipa-data/kernel virtme_root_user=1 rootfstype=9p rootflags=version=9p2000.L,trans=virtio,access=any raid=noautodetect ro init=/usr/lib/python3.11/site-packages/virtme/guest/virtme-init
[    0.041405] Unknown kernel command line parameters "virtme_hostname=virtme-ng virtme_link_mods=/nipa-data/kernel/.virtme_mods/lib/modules/0.0.0 virtme_initmount0=nipa-data/kernel virtme_rw_overlay0=/etc virtme_rw_overlay1=/lib virtme_rw_overlay2=/home virtme_rw_overlay3=/opt virtme_rw_overlay4=/srv virtme_rw_overlay5=/usr virtme_rw_overlay6=/var virtme_chdir=nipa-data/kernel virtme_root_user=1", will be passed to user space.
[    0.044529] random: crng init done
[    0.044826] Dentry cache hash table entries: 131072 (order: 8, 1048576 bytes, linear)
[    0.045453] Inode-cache hash table entries: 65536 (order: 7, 524288 bytes, linear)
[    0.046144] Fallback order for Node 0: 0 
[    0.046147] Built 1 zonelists, mobility grouping on.  Total pages: 257760
[    0.046983] Policy zone: DMA32
[    0.047220] mem auto-init: stack:all(zero), heap alloc:off, heap free:off
[    0.049320] Memory: 976380K/1048056K available (16384K kernel code, 2556K rwdata, 6072K rodata, 3160K init, 12004K bss, 71416K reserved, 0K cma-reserved)
[    0.050437] SLUB: HWalign=64, Order=0-3, MinObjects=0, CPUs=32, Nodes=1
Poking KASLR using RDRAND RDTSC...
[    0.051223] ftrace: allocating 46544 entries in 182 pages
[    0.058312] ftrace: allocated 182 pages with 5 groups
[    0.059534] Dynamic Preempt: voluntary
[    0.060032] Running RCU self tests
[    0.060298] Running RCU synchronous self tests
[    0.060649] rcu: Preemptible hierarchical RCU implementation.
[    0.061094] rcu: RCU event tracing is enabled.
[    0.061443] rcu: RCU lockdep checking is enabled.
[    0.061818] rcu: RCU restricting CPUs from NR_CPUS=64 to nr_cpu_ids=32.
[    0.062336] Trampoline variant of Tasks RCU enabled.
[    0.062727] Rude variant of Tasks RCU enabled.
[    0.063077] Tracing variant of Tasks RCU enabled.
[    0.063447] rcu: RCU calculated value of scheduler-enlistment delay is 100 jiffies.
[    0.064040] rcu: Adjusting geometry for rcu_fanout_leaf=16, nr_cpu_ids=32
[    0.064590] Running RCU synchronous self tests
[    0.066579] NR_IRQS: 4352, nr_irqs: 680, preallocated irqs: 16
[    0.067229] rcu: srcu_init: Setting srcu_struct sizes based on contention.
[    0.067959] Console: colour *CGA 80x25
[    0.068274] printk: legacy console [ttyS0] enabled
[    0.068274] printk: legacy console [ttyS0] enabled
[    0.069013] printk: legacy bootconsole [earlyser0] disabled
[    0.069013] printk: legacy bootconsole [earlyser0] disabled
[    0.069881] Lock dependency validator: Copyright (c) 2006 Red Hat, Inc., Ingo Molnar
[    0.070479] ... MAX_LOCKDEP_SUBCLASSES:  8
[    0.070798] ... MAX_LOCK_DEPTH:          48
[    0.071124] ... MAX_LOCKDEP_KEYS:        8192
[    0.071463] ... CLASSHASH_SIZE:          4096
[    0.071802] ... MAX_LOCKDEP_ENTRIES:     32768
[    0.072147] ... MAX_LOCKDEP_CHAINS:      65536
[    0.072493] ... CHAINHASH_SIZE:          32768
[    0.072838]  memory used by lock dependency info: 6429 kB
[    0.073256]  memory used for stack traces: 4224 kB
[    0.073628]  per task-struct memory footprint: 1920 bytes
[    0.074062] ACPI: Core revision 20230628
[    0.074465] clocksource: hpet: mask: 0xffffffff max_cycles: 0xffffffff, max_idle_ns: 19112604467 ns
[    0.075281] APIC: Switch to symmetric I/O mode setup
[    0.075683] APIC: Switched APIC routing to: physical flat
[    0.076108] kvm-guest: APIC: send_IPI_mask() replaced with kvm_send_ipi_mask()
[    0.076679] kvm-guest: APIC: send_IPI_mask_allbutself() replaced with kvm_send_ipi_mask_allbutself()
[    0.077394] kvm-guest: setup PV IPIs
[    0.078533] ..TIMER: vector=0x30 apic1=0 pin1=2 apic2=-1 pin2=-1
[    0.079380] tsc: Marking TSC unstable due to TSCs unsynchronized
[    0.080194] Calibrating delay loop (skipped) preset value.. 8983.07 BogoMIPS (lpj=4491536)
[    0.081249] x86/cpu: User Mode Instruction Prevention (UMIP) activated
[    0.082247] Last level iTLB entries: 4KB 512, 2MB 255, 4MB 127
[    0.083035] Last level dTLB entries: 4KB 512, 2MB 255, 4MB 127, 1GB 0
[    0.083193] Spectre V1 : Mitigation: usercopy/swapgs barriers and __user pointer sanitization
[    0.084193] Spectre V2 : Mitigation: Enhanced / Automatic IBRS
[    0.085190] Spectre V2 : Spectre v2 / SpectreRSB mitigation: Filling RSB on context switch
[    0.086192] Spectre V2 : mitigation: Enabling conditional Indirect Branch Prediction Barrier
[    0.087192] Speculative Store Bypass: Mitigation: Speculative Store Bypass disabled via prctl
[    0.088190] Speculative Return Stack Overflow: IBPB-extending microcode not applied!
[    0.089190] Speculative Return Stack Overflow: WARNING: See https://kernel.org/doc/html/latest/admin-guide/hw-vuln/srso.html for mitigation options.
[    0.089191] Speculative Return Stack Overflow: Vulnerable: Safe RET, no microcode
[    0.091209] x86/fpu: Supporting XSAVE feature 0x001: 'x87 floating point registers'
[    0.092190] x86/fpu: Supporting XSAVE feature 0x002: 'SSE registers'
[    0.093190] x86/fpu: Supporting XSAVE feature 0x004: 'AVX registers'
[    0.094036] x86/fpu: Supporting XSAVE feature 0x020: 'AVX-512 opmask'
[    0.094190] x86/fpu: Supporting XSAVE feature 0x040: 'AVX-512 Hi256'
[    0.095190] x86/fpu: Supporting XSAVE feature 0x080: 'AVX-512 ZMM_Hi256'
[    0.096190] x86/fpu: Supporting XSAVE feature 0x200: 'Protection Keys User registers'
[    0.097190] x86/fpu: xstate_offset[2]:  576, xstate_sizes[2]:  256
[    0.098190] x86/fpu: xstate_offset[5]:  832, xstate_sizes[5]:   64
[    0.099190] x86/fpu: xstate_offset[6]:  896, xstate_sizes[6]:  512
[    0.100190] x86/fpu: xstate_offset[7]: 1408, xstate_sizes[7]: 1024
[    0.101190] x86/fpu: xstate_offset[9]: 2432, xstate_sizes[9]:    8
[    0.102009] x86/fpu: Enabled xstate features 0x2e7, context size is 2440 bytes, using 'compacted' format.
[    0.120090] Freeing SMP alternatives memory: 36K
[    0.120192] pid_max: default: 32768 minimum: 301
[    0.121272] Mount-cache hash table entries: 2048 (order: 2, 16384 bytes, linear)
[    0.122192] Mountpoint-cache hash table entries: 2048 (order: 2, 16384 bytes, linear)
[    0.123744] Running RCU synchronous self tests
[    0.124193] Running RCU synchronous self tests
[    0.125356] smpboot: CPU0: AMD Ryzen 9 7950X 16-Core Processor (family: 0x19, model: 0x61, stepping: 0x2)
[    0.126564] RCU Tasks: Setting shift to 5 and lim to 1 rcu_task_cb_adjust=1.
[    0.127221] RCU Tasks Rude: Setting shift to 5 and lim to 1 rcu_task_cb_adjust=1.
[    0.128229] RCU Tasks Trace: Setting shift to 5 and lim to 1 rcu_task_cb_adjust=1.
[    0.129227] Running RCU Tasks wait API self tests
[    0.237264] Running RCU Tasks Rude wait API self tests
[    0.238077] Running RCU Tasks Trace wait API self tests
[    0.238241] Performance Events: Fam17h+ core perfctr, AMD PMU driver.
[    0.239147] ... version:                0
[    0.239193] ... bit width:              48
[    0.239735] ... generic registers:      6
[    0.240193] ... value mask:             0000ffffffffffff
[    0.240896] ... max period:             00007fffffffffff
[    0.241193] ... fixed-purpose events:   0
[    0.241723] ... event mask:             000000000000003f
[    0.242382] signal: max sigframe size: 3376
[    0.243025] rcu: Hierarchical SRCU implementation.
[    0.243194] rcu: Max phase no-delay instances is 400.
[    0.245610] Callback from call_rcu_tasks_trace() invoked.
[    0.248025] smp: Bringing up secondary CPUs ...
[    0.248488] smpboot: x86: Booting SMP configuration:
[    0.249154] .... node  #0, CPUs:        #1  #2  #3  #4  #5  #6  #7  #8  #9 #10 #11 #12 #13 #14 #15 #16 #17 #18 #19 #20 #21 #22 #23 #24 #25 #26 #27 #28 #29 #30 #31
[    0.282207] smp: Brought up 1 node, 32 CPUs
[    0.283747] smpboot: Max logical packages: 1
[    0.284193] smpboot: Total of 32 processors activated (287458.30 BogoMIPS)
[    0.296374] devtmpfs: initialized
[    0.296722] x86/mm: Memory block size: 128MB
[    0.299315] Running RCU synchronous self tests
[    0.299923] Running RCU synchronous self tests
[    0.300280] clocksource: jiffies: mask: 0xffffffff max_cycles: 0xffffffff, max_idle_ns: 1911260446275000 ns
[    0.301197] futex hash table entries: 8192 (order: 8, 1048576 bytes, linear)
[    0.302615] PM: RTC time: 21:06:38, date: 2024-01-27
[    0.303781] NET: Registered PF_NETLINK/PF_ROUTE protocol family
[    0.304800] thermal_sys: Registered thermal governor 'step_wise'
[    0.304802] thermal_sys: Registered thermal governor 'user_space'
[    0.305258] cpuidle: using governor menu
[    0.307602] PCI: Using configuration type 1 for base access
[    0.308194] PCI: Using configuration type 1 for extended access
[    0.309086] kprobes: kprobe jump-optimization is enabled. All kprobes are optimized if possible.
[    0.323933] HugeTLB: registered 1.00 GiB page size, pre-allocated 0 pages
[    0.324193] HugeTLB: 16380 KiB vmemmap can be freed for a 1.00 GiB page
[    0.325041] HugeTLB: registered 2.00 MiB page size, pre-allocated 0 pages
[    0.325194] HugeTLB: 28 KiB vmemmap can be freed for a 2.00 MiB page
[    0.326383] ACPI: Added _OSI(Module Device)
[    0.326927] ACPI: Added _OSI(Processor Device)
[    0.327195] ACPI: Added _OSI(3.0 _SCP Extensions)
[    0.327799] ACPI: Added _OSI(Processor Aggregator Device)
[    0.330235] ACPI: 1 ACPI AML tables successfully acquired and loaded
[    0.332278] ACPI: _OSC evaluation for CPUs failed, trying _PDC
[    0.333696] ACPI: Interpreter enabled
[    0.334220] ACPI: PM: (supports S0 S3 S4 S5)
[    0.334779] ACPI: Using IOAPIC for interrupt routing
[    0.335212] PCI: Using host bridge windows from ACPI; if necessary, use "pci=nocrs" and report a bug
[    0.336193] PCI: Using E820 reservations for host bridge windows
[    0.337263] ACPI: Enabled 2 GPEs in block 00 to 0F
[    0.345208] Callback from call_rcu_tasks_rude() invoked.
[    0.347862] ACPI: PCI Root Bridge [PCI0] (domain 0000 [bus 00-ff])
[    0.348197] acpi PNP0A03:00: _OSC: OS supports [ExtendedConfig ASPM ClockPM Segments MSI HPX-Type3]
[    0.349714] PCI host bridge to bus 0000:00
[    0.351194] pci_bus 0000:00: root bus resource [io  0x0000-0x0cf7 window]
[    0.352093] pci_bus 0000:00: root bus resource [io  0x0d00-0xffff window]
[    0.352194] pci_bus 0000:00: root bus resource [mem 0x000a0000-0x000bffff window]
[    0.353183] pci_bus 0000:00: root bus resource [mem 0x40000000-0xfebfffff window]
[    0.354193] pci_bus 0000:00: root bus resource [mem 0x100000000-0x17fffffff window]
[    0.355193] pci_bus 0000:00: root bus resource [bus 00-ff]
[    0.356069] pci 0000:00:00.0: [8086:1237] type 00 class 0x060000 conventional PCI endpoint
[    0.357704] pci 0000:00:01.0: [8086:7000] type 00 class 0x060100 conventional PCI endpoint
[    0.359637] pci 0000:00:01.1: [8086:7010] type 00 class 0x010180 conventional PCI endpoint
[    0.363446] pci 0000:00:01.1: BAR 4 [io  0xc080-0xc08f]
[    0.364895] pci 0000:00:01.1: BAR 0 [io  0x01f0-0x01f7]: legacy IDE quirk
[    0.365193] pci 0000:00:01.1: BAR 1 [io  0x03f6]: legacy IDE quirk
[    0.366017] pci 0000:00:01.1: BAR 2 [io  0x0170-0x0177]: legacy IDE quirk
[    0.367193] pci 0000:00:01.1: BAR 3 [io  0x0376]: legacy IDE quirk
[    0.368212] pci 0000:00:01.3: [8086:7113] type 00 class 0x068000 conventional PCI endpoint
[    0.369456] pci 0000:00:01.3: quirk: [io  0x0600-0x063f] claimed by PIIX4 ACPI
[    0.372199] pci 0000:00:01.3: quirk: [io  0x0700-0x070f] claimed by PIIX4 SMB
[    0.373427] pci 0000:00:02.0: [1af4:1009] type 00 class 0x000200 conventional PCI endpoint
[    0.375193] pci 0000:00:02.0: BAR 0 [io  0xc000-0xc03f]
[    0.377853] pci 0000:00:02.0: BAR 1 [mem 0xfebfd000-0xfebfdfff]
[    0.382193] pci 0000:00:02.0: BAR 4 [mem 0xfebf4000-0xfebf7fff 64bit pref]
[    0.386431] pci 0000:00:03.0: [1af4:1009] type 00 class 0x000200 conventional PCI endpoint
[    0.389195] pci 0000:00:03.0: BAR 0 [io  0xc040-0xc07f]
[    0.391848] pci 0000:00:03.0: BAR 1 [mem 0xfebfe000-0xfebfefff]
[    0.396880] pci 0000:00:03.0: BAR 4 [mem 0xfebf8000-0xfebfbfff 64bit pref]
[    0.400337] pci 0000:00:04.0: [8086:25ab] type 00 class 0x088000 conventional PCI endpoint
[    0.402719] pci 0000:00:04.0: BAR 0 [mem 0xfebff000-0xfebff00f]
[    0.408883] ACPI: PCI: Interrupt link LNKA configured for IRQ 10
[    0.409361] ACPI: PCI: Interrupt link LNKB configured for IRQ 10
[    0.410274] ACPI: PCI: Interrupt link LNKC configured for IRQ 11
[    0.411233] ACPI: PCI: Interrupt link LNKD configured for IRQ 11
[    0.412128] ACPI: PCI: Interrupt link LNKS configured for IRQ 9
[    0.415613] iommu: Default domain type: Translated
[    0.416193] iommu: DMA domain TLB invalidation policy: lazy mode
[    0.417283] SCSI subsystem initialized
[    0.418288] pps_core: LinuxPPS API ver. 1 registered
[    0.419195] pps_core: Software ver. 5.3.6 - Copyright 2005-2007 Rodolfo Giometti <giometti@linux.it>
[    0.420198] PTP clock support registered
[    0.421267] Advanced Linux Sound Architecture Driver Initialized.
[    0.422778] NET: Registered PF_ATMPVC protocol family
[    0.423193] NET: Registered PF_ATMSVC protocol family
[    0.423874] PCI: Using ACPI for IRQ routing
[    0.424355] vgaarb: loaded
[    0.425358] hpet0: at MMIO 0xfed00000, IRQs 2, 8, 0
[    0.426194] hpet0: 3 comparators, 64-bit 100.000000 MHz counter
[    0.432021] clocksource: Switched to clocksource kvm-clock
[    0.432971] VFS: Disk quotas dquot_6.6.0
[    0.433529] VFS: Dquot-cache hash table entries: 512 (order 0, 4096 bytes)
[    0.434577] pnp: PnP ACPI init
[    0.435557] pnp: PnP ACPI: found 5 devices
[    0.445555] clocksource: acpi_pm: mask: 0xffffff max_cycles: 0xffffff, max_idle_ns: 2085701024 ns
[    0.446786] Callback from call_rcu_tasks() invoked.
[    0.446793] NET: Registered PF_INET protocol family
[    0.448347] IP idents hash table entries: 16384 (order: 5, 131072 bytes, linear)
[    0.449633] tcp_listen_portaddr_hash hash table entries: 512 (order: 3, 36864 bytes, linear)
[    0.450799] Table-perturb hash table entries: 65536 (order: 6, 262144 bytes, linear)
[    0.451863] TCP established hash table entries: 8192 (order: 4, 65536 bytes, linear)
[    0.452931] TCP bind hash table entries: 8192 (order: 8, 1179648 bytes, linear)
[    0.454323] TCP: Hash tables configured (established 8192 bind 8192)
[    0.455281] UDP hash table entries: 512 (order: 4, 81920 bytes, linear)
[    0.456200] UDP-Lite hash table entries: 512 (order: 4, 81920 bytes, linear)
[    0.457412] NET: Registered PF_UNIX/PF_LOCAL protocol family
[    0.458185] pci_bus 0000:00: resource 4 [io  0x0000-0x0cf7 window]
[    0.459017] pci_bus 0000:00: resource 5 [io  0x0d00-0xffff window]
[    0.459837] pci_bus 0000:00: resource 6 [mem 0x000a0000-0x000bffff window]
[    0.460748] pci_bus 0000:00: resource 7 [mem 0x40000000-0xfebfffff window]
[    0.461658] pci_bus 0000:00: resource 8 [mem 0x100000000-0x17fffffff window]
[    0.462665] pci 0000:00:01.0: PIIX3: Enabling Passive Release
[    0.463428] pci 0000:00:00.0: Limiting direct PCI/PCI transfers
[    0.464249] PCI: CLS 0 bytes, default 64
[    0.464824] kvm_intel: VMX not supported by CPU 6
[    0.465712] kvm_amd: TSC scaling supported
[    0.466270] kvm_amd: Nested Virtualization enabled
[    0.466911] kvm_amd: Nested Paging enabled
[    0.467477] kvm_amd: Virtual VMLOAD VMSAVE supported
[    0.468131] kvm_amd: Virtual GIF supported
[    0.468677] kvm_amd: Virtual NMI enabled
[    0.469195] kvm_amd: LBR virtualization supported
[    0.574094] workingset: timestamp_bits=56 max_order=18 bucket_order=0
[    0.575113] squashfs: version 4.0 (2009/01/31) Phillip Lougher
[    0.575919] fuse: init (API version 7.39)
[    0.576560] 9p: Installing v9fs 9p2000 file system support
[    0.577388] Key type asymmetric registered
[    0.577977] Block layer SCSI generic (bsg) driver version 0.4 loaded (major 249)
[    0.579031] io scheduler mq-deadline registered
[    0.579652] io scheduler kyber registered
[    0.581571] input: Power Button as /devices/LNXSYSTM:00/LNXPWRBN:00/input/input0
[    0.582804] ACPI: button: Power Button [PWRF]
[    0.583515] Warning: Processor Platform Limit event detected, but not handled.
[    0.584489] Consider compiling CPUfreq support into your kernel.
[    0.659993] ACPI: \_SB_.LNKB: Enabled at IRQ 10
[    0.734698] ACPI: \_SB_.LNKC: Enabled at IRQ 11
[    0.736174] Serial: 8250/16550 driver, 4 ports, IRQ sharing enabled
[    0.737418] 00:03: ttyS0 at I/O 0x3f8 (irq = 4, base_baud = 115200) is a 16550A
[    0.739532] Non-volatile memory driver v1.3
[    0.740092] Linux agpgart interface v0.103
[    0.740801] ACPI: bus type drm_connector registered
[    0.754025] loop: module loaded
[    0.755793] scsi host0: ata_piix
[    0.756556] scsi host1: ata_piix
[    0.757053] ata1: PATA max MWDMA2 cmd 0x1f0 ctl 0x3f6 bmdma 0xc080 irq 14 lpm-pol 0
[    0.758088] ata2: PATA max MWDMA2 cmd 0x170 ctl 0x376 bmdma 0xc088 irq 15 lpm-pol 0
[    0.759822] i8042: PNP: PS/2 Controller [PNP0303:KBD,PNP0f13:MOU] at 0x60,0x64 irq 1,12
[    0.761668] serio: i8042 KBD port at 0x60,0x64 irq 1
[    0.762361] serio: i8042 AUX port at 0x60,0x64 irq 12
[    0.763627] rtc_cmos 00:04: RTC can wake from S4
[    0.764551] input: AT Translated Set 2 keyboard as /devices/platform/i8042/serio0/input/input1
[    0.766974] rtc_cmos 00:04: registered as rtc0
[    0.767653] rtc_cmos 00:04: setting system clock to 2024-01-27T21:06:38 UTC (1706389598)
[    0.768983] rtc_cmos 00:04: alarms up to one day, y3k, 242 bytes nvram, hpet irqs
[    0.771038] i6300ESB timer 0000:00:04.0: initialized. heartbeat=30 sec (nowayout=0)
[    0.772215] device-mapper: ioctl: 4.48.0-ioctl (2023-03-01) initialised: dm-devel@redhat.com
[    0.774087] NET: Registered PF_PACKET protocol family
[    0.774785] 9pnet: Installing 9P2000 support
[    0.776412] Key type dns_resolver registered
[    0.777359] input: ImExPS/2 Generic Explorer Mouse as /devices/platform/i8042/serio1/input/input3
[    0.781896] IPI shorthand broadcast: enabled
[    0.792271] sched_clock: Marking stable (782001778, 9425569)->(815040408, -23613061)
[    0.793893] registered taskstats version 1
[    0.800480] PM:   Magic number: 8:292:147
[    0.801182] acpi device:18: hash matches
[    0.801892] printk: legacy console [netcon0] enabled
[    0.802716] netconsole: network logging started
[    0.803909] ALSA device list:
[    0.804571]   No soundcards found.
[    0.916740] ata2: found unknown device (class 0)
[    0.917969] ata2.00: ATAPI: QEMU DVD-ROM, 2.5+, max UDMA/100
[    0.920157] scsi 1:0:0:0: CD-ROM            QEMU     QEMU DVD-ROM     2.5+ PQ: 0 ANSI: 5
[    0.929158] scsi 1:0:0:0: Attached scsi generic sg0 type 5
[    0.930131] md: Skipping autodetection of RAID arrays. (raid=autodetect will force)
[    0.931308] 9pnet_virtio: no channels available for device 
[    0.932765] VFS: Mounted root (9p filesystem) readonly on device 0:19.
[    0.933928] devtmpfs: mounted
[    0.936311] Freeing unused kernel image (initmem) memory: 3160K
[    0.944457] Write protecting the kernel read-only data: 22528k
[    0.945771] Freeing unused kernel image (rodata/data gap) memory: 72K
[    0.981532] x86/mm: Checked W+X mappings: passed, no W+X pages found.
[    0.982471] Run /usr/lib/python3.11/site-packages/virtme/guest/virtme-init as init process
[    1.008644] mount (268) used greatest stack depth: 13240 bytes left
[    1.047605] mkdir (276) used greatest stack depth: 13224 bytes left
[    1.085346] mount (286) used greatest stack depth: 12584 bytes left
[    1.119497] mount (302) used greatest stack depth: 12344 bytes left
[    1.181354] virtme-init: basic initialization done
[    1.187026] virtme-init: udevd not found
[    1.247997] virtme-init: Setting hostname to virtme-ng...
[    1.261668] ip (359) used greatest stack depth: 12056 bytes left
          _      _                                    
   __   _(_)_ __| |_ _ __ ___   ___       _ __   __ _ 
   \ \ / / |  __| __|  _   _ \ / _ \_____|  _ \ / _  |
    \ V /| | |  | |_| | | | | |  __/_____| | | | (_| |
     \_/ |_|_|   \__|_| |_| |_|\___|     |_| |_|\__  |
                                                |___/ 
   kernel version: 6.8.0-rc1-virtme x86_64

virtme-ng:/nipa-data/kernel# PS1='xx__-> '
xx__-> 