No EFI environment detected.
early console in extract_kernel
input_data: 0x00000000029e92b9
input_len: 0x0000000000b26fc1
output: 0x0000000001000000
output_len: 0x00000000024ca92c
kernel_total_size: 0x0000000002230000
needed_size: 0x0000000002600000
trampoline_32bit: 0x0000000000000000
Physical KASLR using RDRAND RDTSC...
Virtual KASLR using RDRAND RDTSC...

Decompressing Linux... Parsing ELF... Performing relocations... done.
Booting the kernel (entry_offset: 0x0000000000000000).
[    0.000000] Linux version 6.9.0-rc7-virtme (root@6d22d482c98e) (gcc (Alpine 13.2.1_git20240309) 13.2.1 20240309, GNU ld (GNU Binutils) 2.42) #1 SMP PREEMPT_DYNAMIC Tue May 14 18:06:21 UTC 2024
[    0.000000] Command line: virtme_hostname=virtme-ng nr_open=1048576 virtme_link_mods=/nipa-data/kernel/.virtme_mods/lib/modules/0.0.0 virtme_initmount0=nipa-data/kernel virtme_rw_overlay0=/etc virtme_rw_overlay1=/lib virtme_rw_overlay2=/home virtme_rw_overlay3=/opt virtme_rw_overlay4=/srv virtme_rw_overlay5=/usr virtme_rw_overlay6=/var console=hvc0 earlyprintk=serial,ttyS0,115200 virtme_console=ttyS0 psmouse.proto=exps TERM=xterm virtme_chdir=nipa-data/kernel virtme_root_user=1 rootfstype=9p rootflags=version=9p2000.L,trans=virtio,access=any raid=noautodetect ro init=/usr/lib/python3.12/site-packages/virtme/guest/virtme-init
[    0.000000] BIOS-provided physical RAM map:
[    0.000000] BIOS-e820: [mem 0x0000000000000000-0x000000000009fbff] usable
[    0.000000] BIOS-e820: [mem 0x000000000009fc00-0x000000000009ffff] reserved
[    0.000000] BIOS-e820: [mem 0x00000000000f0000-0x00000000000fffff] reserved
[    0.000000] BIOS-e820: [mem 0x0000000000100000-0x000000003ffdffff] usable
[    0.000000] BIOS-e820: [mem 0x000000003ffe0000-0x000000003fffffff] reserved
[    0.000000] BIOS-e820: [mem 0x00000000feffc000-0x00000000feffffff] reserved
[    0.000000] BIOS-e820: [mem 0x00000000fffc0000-0x00000000ffffffff] reserved
[    0.000000] BIOS-e820: [mem 0x000000fd00000000-0x000000ffffffffff] reserved
[    0.000000] printk: legacy bootconsole [earlyser0] enabled
[    0.000000] NX (Execute Disable) protection: active
[    0.000000] APIC: Static calls initialized
[    0.000000] SMBIOS 2.8 present.
[    0.000000] DMI: QEMU Standard PC (i440FX + PIIX, 1996), BIOS rel-1.16.3-0-ga6ed6b701f0a-prebuilt.qemu.org 04/01/2014
[    0.000000] Hypervisor detected: KVM
[    0.000000] kvm-clock: Using msrs 4b564d01 and 4b564d00
[    0.000000] kvm-clock: using sched offset of 246035726 cycles
[    0.000398] clocksource: kvm-clock: mask: 0xffffffffffffffff max_cycles: 0x1cd42e4dffb, max_idle_ns: 881590591483 ns
[    0.001627] tsc: Detected 4491.556 MHz processor
[    0.002241] last_pfn = 0x3ffe0 max_arch_pfn = 0x400000000
[    0.002672] MTRR map: 4 entries (3 fixed + 1 variable; max 19), built from 8 variable MTRRs
[    0.003301] x86/PAT: Configuration [0-7]: WB  WC  UC- UC  WB  WP  UC- WT  
Memory KASLR using RDRAND RDTSC...
[    0.005390] found SMP MP-table at [mem 0x000f5470-0x000f547f]
[    0.005826] Using GB pages for direct mapping
[    0.006188] ACPI: Early table checksum verification disabled
[    0.006614] ACPI: RSDP 0x00000000000F5290 000014 (v00 BOCHS )
[    0.007048] ACPI: RSDT 0x000000003FFE27BC 000034 (v01 BOCHS  BXPC     00000001 BXPC 00000001)
[    0.007698] ACPI: FACP 0x000000003FFE2578 000074 (v01 BOCHS  BXPC     00000001 BXPC 00000001)
[    0.008344] ACPI: DSDT 0x000000003FFE0040 002538 (v01 BOCHS  BXPC     00000001 BXPC 00000001)
[    0.008988] ACPI: FACS 0x000000003FFE0000 000040
[    0.009336] ACPI: APIC 0x000000003FFE25EC 000170 (v03 BOCHS  BXPC     00000001 BXPC 00000001)
[    0.009981] ACPI: HPET 0x000000003FFE275C 000038 (v01 BOCHS  BXPC     00000001 BXPC 00000001)
[    0.010623] ACPI: WAET 0x000000003FFE2794 000028 (v01 BOCHS  BXPC     00000001 BXPC 00000001)
[    0.011266] ACPI: Reserving FACP table memory at [mem 0x3ffe2578-0x3ffe25eb]
[    0.011797] ACPI: Reserving DSDT table memory at [mem 0x3ffe0040-0x3ffe2577]
[    0.012327] ACPI: Reserving FACS table memory at [mem 0x3ffe0000-0x3ffe003f]
[    0.012855] ACPI: Reserving APIC table memory at [mem 0x3ffe25ec-0x3ffe275b]
[    0.013383] ACPI: Reserving HPET table memory at [mem 0x3ffe275c-0x3ffe2793]
[    0.013913] ACPI: Reserving WAET table memory at [mem 0x3ffe2794-0x3ffe27bb]
[    0.014585] No NUMA configuration found
[    0.014872] Faking a node at [mem 0x0000000000000000-0x000000003ffdffff]
[    0.015375] NODE_DATA(0) allocated [mem 0x3ffdb000-0x3ffdffff]
[    0.015821] Zone ranges:
[    0.016011]   DMA      [mem 0x0000000000001000-0x0000000000ffffff]
[    0.016478]   DMA32    [mem 0x0000000001000000-0x000000003ffdffff]
[    0.016941]   Normal   empty
[    0.017157]   Device   empty
[    0.017373] Movable zone start for each node
[    0.017693] Early memory node ranges
[    0.017962]   node   0: [mem 0x0000000000001000-0x000000000009efff]
[    0.018432]   node   0: [mem 0x0000000000100000-0x000000003ffdffff]
[    0.018902] Initmem setup node 0 [mem 0x0000000000001000-0x000000003ffdffff]
[    0.019432] On node 0, zone DMA: 1 pages in unavailable ranges
[    0.019878] On node 0, zone DMA: 97 pages in unavailable ranges
[    0.021289] On node 0, zone DMA32: 32 pages in unavailable ranges
[    0.021958] ACPI: PM-Timer IO Port: 0x608
[    0.022266] ACPI: LAPIC_NMI (acpi_id[0xff] dfl dfl lint[0x1])
[    0.022714] IOAPIC[0]: apic_id 0, version 17, address 0xfec00000, GSI 0-23
[    0.023233] ACPI: INT_SRC_OVR (bus 0 bus_irq 0 global_irq 2 dfl dfl)
[    0.023711] ACPI: INT_SRC_OVR (bus 0 bus_irq 5 global_irq 5 high level)
[    0.024209] ACPI: INT_SRC_OVR (bus 0 bus_irq 9 global_irq 9 high level)
[    0.024707] ACPI: INT_SRC_OVR (bus 0 bus_irq 10 global_irq 10 high level)
[    0.025219] ACPI: INT_SRC_OVR (bus 0 bus_irq 11 global_irq 11 high level)
[    0.025731] ACPI: Using ACPI (MADT) for SMP configuration information
[    0.026218] ACPI: HPET id: 0x8086a201 base: 0xfed00000
[    0.026606] TSC deadline timer available
[    0.026904] CPU topo: Max. logical packages:   1
[    0.027252] CPU topo: Max. logical dies:       1
[    0.027597] CPU topo: Max. dies per package:   1
[    0.027946] CPU topo: Max. threads per core:   1
[    0.028293] CPU topo: Num. cores per package:    32
[    0.028660] CPU topo: Num. threads per package:  32
[    0.029026] CPU topo: Allowing 32 present CPUs plus 0 hotplug CPUs
[    0.029498] kvm-guest: APIC: eoi() replaced with kvm_guest_apic_eoi_write()
[    0.030029] kvm-guest: KVM setup pv remote TLB flush
[    0.030404] kvm-guest: setup PV sched yield
[    0.030723] PM: hibernation: Registered nosave memory: [mem 0x00000000-0x00000fff]
[    0.031293] PM: hibernation: Registered nosave memory: [mem 0x0009f000-0x0009ffff]
[    0.031860] PM: hibernation: Registered nosave memory: [mem 0x000a0000-0x000effff]
[    0.032427] PM: hibernation: Registered nosave memory: [mem 0x000f0000-0x000fffff]
[    0.032994] [mem 0x40000000-0xfeffbfff] available for PCI devices
[    0.033451] Booting paravirtualized kernel on KVM
[    0.033803] clocksource: refined-jiffies: mask: 0xffffffff max_cycles: 0xffffffff, max_idle_ns: 1910969940391419 ns
[    0.037604] setup_percpu: NR_CPUS:64 nr_cpumask_bits:32 nr_cpu_ids:32 nr_node_ids:1
[    0.038771] percpu: Embedded 58 pages/cpu s198952 r8192 d30424 u262144
[    0.039289] Kernel command line: virtme_hostname=virtme-ng nr_open=1048576 virtme_link_mods=/nipa-data/kernel/.virtme_mods/lib/modules/0.0.0 virtme_initmount0=nipa-data/kernel virtme_rw_overlay0=/etc virtme_rw_overlay1=/lib virtme_rw_overlay2=/home virtme_rw_overlay3=/opt virtme_rw_overlay4=/srv virtme_rw_overlay5=/usr virtme_rw_overlay6=/var console=hvc0 earlyprintk=serial,ttyS0,115200 virtme_console=ttyS0 psmouse.proto=exps TERM=xterm virtme_chdir=nipa-data/kernel virtme_root_user=1 rootfstype=9p rootflags=version=9p2000.L,trans=virtio,access=any raid=noautodetect ro init=/usr/lib/python3.12/site-packages/virtme/guest/virtme-init
[    0.043703] Unknown kernel command line parameters "virtme_hostname=virtme-ng nr_open=1048576 virtme_link_mods=/nipa-data/kernel/.virtme_mods/lib/modules/0.0.0 virtme_initmount0=nipa-data/kernel virtme_rw_overlay0=/etc virtme_rw_overlay1=/lib virtme_rw_overlay2=/home virtme_rw_overlay3=/opt virtme_rw_overlay4=/srv virtme_rw_overlay5=/usr virtme_rw_overlay6=/var virtme_console=ttyS0 virtme_chdir=nipa-data/kernel virtme_root_user=1", will be passed to user space.
[    0.047085] random: crng init done
[    0.047379] Dentry cache hash table entries: 131072 (order: 8, 1048576 bytes, linear)
[    0.048007] Inode-cache hash table entries: 65536 (order: 7, 524288 bytes, linear)
[    0.048685] Fallback order for Node 0: 0 
[    0.048687] Built 1 zonelists, mobility grouping on.  Total pages: 257760
[    0.049524] Policy zone: DMA32
[    0.049760] mem auto-init: stack:all(zero), heap alloc:off, heap free:off
[    0.051062] Memory: 986608K/1048056K available (16384K kernel code, 2404K rwdata, 6112K rodata, 3056K init, 2100K bss, 61188K reserved, 0K cma-reserved)
[    0.052146] SLUB: HWalign=64, Order=0-3, MinObjects=0, CPUs=32, Nodes=1
Poking KASLR using RDRAND RDTSC...
[    0.052916] ftrace: allocating 47628 entries in 187 pages
[    0.060020] ftrace: allocated 187 pages with 6 groups
[    0.061057] Dynamic Preempt: voluntary
[    0.061498] rcu: Preemptible hierarchical RCU implementation.
[    0.061947] rcu: RCU event tracing is enabled.
[    0.062299] rcu: RCU restricting CPUs from NR_CPUS=64 to nr_cpu_ids=32.
[    0.062817] Trampoline variant of Tasks RCU enabled.
[    0.063206] Rude variant of Tasks RCU enabled.
[    0.063556] Tracing variant of Tasks RCU enabled.
[    0.063925] rcu: RCU calculated value of scheduler-enlistment delay is 100 jiffies.
[    0.064517] rcu: Adjusting geometry for rcu_fanout_leaf=16, nr_cpu_ids=32
[    0.065047] RCU Tasks: Setting shift to 5 and lim to 1 rcu_task_cb_adjust=1.
[    0.065593] RCU Tasks Rude: Setting shift to 5 and lim to 1 rcu_task_cb_adjust=1.
[    0.066174] RCU Tasks Trace: Setting shift to 5 and lim to 1 rcu_task_cb_adjust=1.
[    0.068261] NR_IRQS: 4352, nr_irqs: 680, preallocated irqs: 16
[    0.068882] rcu: srcu_init: Setting srcu_struct sizes based on contention.
[    0.069554] Console: colour *CGA 80x25
[    0.069849] ACPI: Core revision 20230628
[    0.070226] clocksource: hpet: mask: 0xffffffff max_cycles: 0xffffffff, max_idle_ns: 19112604467 ns
[    0.070984] APIC: Switch to symmetric I/O mode setup
[    0.071368] APIC: Switched APIC routing to: physical flat
[    0.071781] kvm-guest: APIC: send_IPI_mask() replaced with kvm_send_ipi_mask()
[    0.072327] kvm-guest: APIC: send_IPI_mask_allbutself() replaced with kvm_send_ipi_mask_allbutself()
[    0.073032] kvm-guest: setup PV IPIs
[    0.074093] ..TIMER: vector=0x30 apic1=0 pin1=2 apic2=-1 pin2=-1
[    0.074914] tsc: Marking TSC unstable due to TSCs unsynchronized
[    0.075740] Calibrating delay loop (skipped) preset value.. 8983.11 BogoMIPS (lpj=4491556)
[    0.076801] x86/cpu: User Mode Instruction Prevention (UMIP) activated
[    0.077793] Last level iTLB entries: 4KB 512, 2MB 255, 4MB 127
[    0.078738] Last level dTLB entries: 4KB 512, 2MB 255, 4MB 127, 1GB 0
[    0.079742] Spectre V1 : Mitigation: usercopy/swapgs barriers and __user pointer sanitization
[    0.080742] Spectre V2 : Mitigation: Enhanced / Automatic IBRS
[    0.081738] Spectre V2 : Spectre v2 / SpectreRSB mitigation: Filling RSB on context switch
[    0.082739] Spectre V2 : mitigation: Enabling conditional Indirect Branch Prediction Barrier
[    0.083740] Speculative Store Bypass: Mitigation: Speculative Store Bypass disabled via prctl
[    0.084739] Speculative Return Stack Overflow: IBPB-extending microcode not applied!
[    0.085738] Speculative Return Stack Overflow: WARNING: See https://kernel.org/doc/html/latest/admin-guide/hw-vuln/srso.html for mitigation options.
[    0.085739] Speculative Return Stack Overflow: Vulnerable: Safe RET, no microcode
[    0.087754] x86/fpu: Supporting XSAVE feature 0x001: 'x87 floating point registers'
[    0.088738] x86/fpu: Supporting XSAVE feature 0x002: 'SSE registers'
[    0.089738] x86/fpu: Supporting XSAVE feature 0x004: 'AVX registers'
[    0.090738] x86/fpu: Supporting XSAVE feature 0x020: 'AVX-512 opmask'
[    0.091738] x86/fpu: Supporting XSAVE feature 0x040: 'AVX-512 Hi256'
[    0.092738] x86/fpu: Supporting XSAVE feature 0x080: 'AVX-512 ZMM_Hi256'
[    0.093738] x86/fpu: Supporting XSAVE feature 0x200: 'Protection Keys User registers'
[    0.094739] x86/fpu: xstate_offset[2]:  576, xstate_sizes[2]:  256
[    0.095738] x86/fpu: xstate_offset[5]:  832, xstate_sizes[5]:   64
[    0.096545] x86/fpu: xstate_offset[6]:  896, xstate_sizes[6]:  512
[    0.096738] x86/fpu: xstate_offset[7]: 1408, xstate_sizes[7]: 1024
[    0.097738] x86/fpu: xstate_offset[9]: 2432, xstate_sizes[9]:    8
[    0.098738] x86/fpu: Enabled xstate features 0x2e7, context size is 2440 bytes, using 'compacted' format.
[    0.115165] Freeing SMP alternatives memory: 40K
[    0.115739] pid_max: default: 32768 minimum: 301
[    0.116363] Mount-cache hash table entries: 2048 (order: 2, 16384 bytes, linear)
[    0.116740] Mountpoint-cache hash table entries: 2048 (order: 2, 16384 bytes, linear)
[    0.117901] smpboot: CPU0: AMD Ryzen 9 7950X 16-Core Processor (family: 0x19, model: 0x61, stepping: 0x2)
[    0.118848] Performance Events: Fam17h+ core perfctr, AMD PMU driver.
[    0.119715] ... version:                0
[    0.119741] ... bit width:              48
[    0.120280] ... generic registers:      6
[    0.120740] ... value mask:             0000ffffffffffff
[    0.121434] ... max period:             00007fffffffffff
[    0.121740] ... fixed-purpose events:   0
[    0.122264] ... event mask:             000000000000003f
[    0.122823] signal: max sigframe size: 3376
[    0.123390] rcu: Hierarchical SRCU implementation.
[    0.123741] rcu: Max phase no-delay instances is 400.
[    0.126696] smp: Bringing up secondary CPUs ...
[    0.126796] smpboot: x86: Booting SMP configuration:
[    0.127445] .... node  #0, CPUs:        #1  #2  #3  #4  #5  #6  #7  #8  #9 #10 #11 #12 #13 #14 #15 #16 #17 #18 #19 #20 #21 #22 #23 #24 #25 #26 #27 #28 #29 #30 #31
[    0.147877] smp: Brought up 1 node, 32 CPUs
[    0.149270] smpboot: Total of 32 processors activated (287459.58 BogoMIPS)
[    0.151803] devtmpfs: initialized
[    0.152198] x86/mm: Memory block size: 128MB
[    0.153533] clocksource: jiffies: mask: 0xffffffff max_cycles: 0xffffffff, max_idle_ns: 1911260446275000 ns
[    0.153742] futex hash table entries: 8192 (order: 7, 524288 bytes, linear)
[    0.154695] PM: RTC time: 18:06:50, date: 2024-05-14
[    0.155105] NET: Registered PF_NETLINK/PF_ROUTE protocol family
[    0.155862] thermal_sys: Registered thermal governor 'step_wise'
[    0.155863] thermal_sys: Registered thermal governor 'user_space'
[    0.156634] cpuidle: using governor menu
[    0.158239] PCI: Using configuration type 1 for base access
[    0.158747] PCI: Using configuration type 1 for extended access
[    0.159557] kprobes: kprobe jump-optimization is enabled. All kprobes are optimized if possible.
[    0.174042] HugeTLB: registered 1.00 GiB page size, pre-allocated 0 pages
[    0.174740] HugeTLB: 16380 KiB vmemmap can be freed for a 1.00 GiB page
[    0.175583] HugeTLB: registered 2.00 MiB page size, pre-allocated 0 pages
[    0.175740] HugeTLB: 28 KiB vmemmap can be freed for a 2.00 MiB page
[    0.176579] Demotion targets for Node 0: null
[    0.176775] ACPI: Added _OSI(Module Device)
[    0.177314] ACPI: Added _OSI(Processor Device)
[    0.177740] ACPI: Added _OSI(3.0 _SCP Extensions)
[    0.178343] ACPI: Added _OSI(Processor Aggregator Device)
[    0.179425] ACPI: 1 ACPI AML tables successfully acquired and loaded
[    0.180334] ACPI: _OSC evaluation for CPUs failed, trying _PDC
[    0.180873] ACPI: Interpreter enabled
[    0.181349] ACPI: PM: (supports S0 S3 S4 S5)
[    0.181740] ACPI: Using IOAPIC for interrupt routing
[    0.182384] PCI: Using host bridge windows from ACPI; if necessary, use "pci=nocrs" and report a bug
[    0.182740] PCI: Using E820 reservations for host bridge windows
[    0.183580] ACPI: Enabled 2 GPEs in block 00 to 0F
[    0.186395] ACPI: PCI Root Bridge [PCI0] (domain 0000 [bus 00-ff])
[    0.186742] acpi PNP0A03:00: _OSC: OS supports [ExtendedConfig ASPM ClockPM Segments MSI HPX-Type3]
[    0.187828] PCI host bridge to bus 0000:00
[    0.188343] pci_bus 0000:00: root bus resource [io  0x0000-0x0cf7 window]
[    0.188740] pci_bus 0000:00: root bus resource [io  0x0d00-0xffff window]
[    0.189610] pci_bus 0000:00: root bus resource [mem 0x000a0000-0x000bffff window]
[    0.189740] pci_bus 0000:00: root bus resource [mem 0x40000000-0xfebfffff window]
[    0.190682] pci_bus 0000:00: root bus resource [mem 0x100000000-0x17fffffff window]
[    0.190740] pci_bus 0000:00: root bus resource [bus 00-ff]
[    0.191518] pci 0000:00:00.0: [8086:1237] type 00 class 0x060000 conventional PCI endpoint
[    0.191994] pci 0000:00:01.0: [8086:7000] type 00 class 0x060100 conventional PCI endpoint
[    0.193055] pci 0000:00:01.1: [8086:7010] type 00 class 0x010180 conventional PCI endpoint
[    0.196234] pci 0000:00:01.1: BAR 4 [io  0xc0c0-0xc0cf]
[    0.197752] pci 0000:00:01.1: BAR 0 [io  0x01f0-0x01f7]: legacy IDE quirk
[    0.198638] pci 0000:00:01.1: BAR 1 [io  0x03f6]: legacy IDE quirk
[    0.198740] pci 0000:00:01.1: BAR 2 [io  0x0170-0x0177]: legacy IDE quirk
[    0.199609] pci 0000:00:01.1: BAR 3 [io  0x0376]: legacy IDE quirk
[    0.199833] pci 0000:00:01.3: [8086:7113] type 00 class 0x068000 conventional PCI endpoint
[    0.200993] pci 0000:00:01.3: quirk: [io  0x0600-0x063f] claimed by PIIX4 ACPI
[    0.201745] pci 0000:00:01.3: quirk: [io  0x0700-0x070f] claimed by PIIX4 SMB
[    0.202907] pci 0000:00:02.0: [1af4:1009] type 00 class 0x000200 conventional PCI endpoint
[    0.204741] pci 0000:00:02.0: BAR 0 [io  0xc000-0xc03f]
[    0.206442] pci 0000:00:02.0: BAR 1 [mem 0xfebfc000-0xfebfcfff]
[    0.209741] pci 0000:00:02.0: BAR 4 [mem 0xfebf0000-0xfebf3fff 64bit pref]
[    0.212361] pci 0000:00:03.0: [1af4:1009] type 00 class 0x000200 conventional PCI endpoint
[    0.213741] pci 0000:00:03.0: BAR 0 [io  0xc040-0xc07f]
[    0.215381] pci 0000:00:03.0: BAR 1 [mem 0xfebfd000-0xfebfdfff]
[    0.219438] pci 0000:00:03.0: BAR 4 [mem 0xfebf4000-0xfebf7fff 64bit pref]
[    0.221308] pci 0000:00:04.0: [8086:25ab] type 00 class 0x088000 conventional PCI endpoint
[    0.222263] pci 0000:00:04.0: BAR 0 [mem 0xfebfe000-0xfebfe00f]
[    0.225640] pci 0000:00:05.0: [1af4:1003] type 00 class 0x078000 conventional PCI endpoint
[    0.226741] pci 0000:00:05.0: BAR 0 [io  0xc080-0xc0bf]
[    0.228404] pci 0000:00:05.0: BAR 1 [mem 0xfebff000-0xfebfffff]
[    0.231741] pci 0000:00:05.0: BAR 4 [mem 0xfebf8000-0xfebfbfff 64bit pref]
[    0.234503] ACPI: PCI: Interrupt link LNKA configured for IRQ 10
[    0.234854] ACPI: PCI: Interrupt link LNKB configured for IRQ 10
[    0.235740] ACPI: PCI: Interrupt link LNKC configured for IRQ 11
[    0.236614] ACPI: PCI: Interrupt link LNKD configured for IRQ 11
[    0.236812] ACPI: PCI: Interrupt link LNKS configured for IRQ 9
[    0.238493] iommu: Default domain type: Translated
[    0.238741] iommu: DMA domain TLB invalidation policy: lazy mode
[    0.239580] SCSI subsystem initialized
[    0.239772] pps_core: LinuxPPS API ver. 1 registered
[    0.240493] pps_core: Software ver. 5.3.6 - Copyright 2005-2007 Rodolfo Giometti <giometti@linux.it>
[    0.240744] PTP clock support registered
[    0.241270] Advanced Linux Sound Architecture Driver Initialized.
[    0.242038] NET: Registered PF_ATMPVC protocol family
[    0.242693] NET: Registered PF_ATMSVC protocol family
[    0.242744] PCI: Using ACPI for IRQ routing
[    0.243359] vgaarb: loaded
[    0.243781] hpet0: at MMIO 0xfed00000, IRQs 2, 8, 0
[    0.244407] hpet0: 3 comparators, 64-bit 100.000000 MHz counter
[    0.247987] clocksource: Switched to clocksource kvm-clock
[    0.248805] VFS: Disk quotas dquot_6.6.0
[    0.248984] VFS: Dquot-cache hash table entries: 512 (order 0, 4096 bytes)
[    0.250258] pnp: PnP ACPI init
[    0.250852] pnp: PnP ACPI: found 5 devices
[    0.257949] clocksource: acpi_pm: mask: 0xffffff max_cycles: 0xffffff, max_idle_ns: 2085701024 ns
[    0.259234] NET: Registered PF_INET protocol family
[    0.260052] IP idents hash table entries: 16384 (order: 5, 131072 bytes, linear)
[    0.261360] tcp_listen_portaddr_hash hash table entries: 512 (order: 1, 8192 bytes, linear)
[    0.262442] Table-perturb hash table entries: 65536 (order: 6, 262144 bytes, linear)
[    0.263447] TCP established hash table entries: 8192 (order: 4, 65536 bytes, linear)
[    0.264528] TCP bind hash table entries: 8192 (order: 6, 262144 bytes, linear)
[    0.265460] TCP: Hash tables configured (established 8192 bind 8192)
[    0.266285] UDP hash table entries: 512 (order: 2, 16384 bytes, linear)
[    0.267136] UDP-Lite hash table entries: 512 (order: 2, 16384 bytes, linear)
[    0.268072] NET: Registered PF_UNIX/PF_LOCAL protocol family
[    0.268801] pci_bus 0000:00: resource 4 [io  0x0000-0x0cf7 window]
[    0.269581] pci_bus 0000:00: resource 5 [io  0x0d00-0xffff window]
[    0.270370] pci_bus 0000:00: resource 6 [mem 0x000a0000-0x000bffff window]
[    0.271243] pci_bus 0000:00: resource 7 [mem 0x40000000-0xfebfffff window]
[    0.272117] pci_bus 0000:00: resource 8 [mem 0x100000000-0x17fffffff window]
[    0.273046] pci 0000:00:01.0: PIIX3: Enabling Passive Release
[    0.273785] pci 0000:00:00.0: Limiting direct PCI/PCI transfers
[    0.274569] PCI: CLS 0 bytes, default 64
[    0.275100] kvm_intel: VMX not supported by CPU 0
[    0.275726] kvm_amd: TSC scaling supported
[    0.276400] kvm_amd: Nested Virtualization enabled
[    0.277171] kvm_amd: Nested Paging enabled
[    0.277846] kvm_amd: Virtual VMLOAD VMSAVE supported
[    0.278509] kvm_amd: Virtual GIF supported
[    0.279145] kvm_amd: Virtual NMI enabled
[    0.279639] kvm_amd: LBR virtualization supported
[    0.363091] Initialise system trusted keyrings
[    0.363831] workingset: timestamp_bits=56 max_order=18 bucket_order=0
[    0.364823] squashfs: version 4.0 (2009/01/31) Phillip Lougher
[    0.365589] fuse: init (API version 7.40)
[    0.366142] 9p: Installing v9fs 9p2000 file system support
[    0.373360] Key type asymmetric registered
[    0.373900] Asymmetric key parser 'x509' registered
[    0.374561] Block layer SCSI generic (bsg) driver version 0.4 loaded (major 249)
[    0.375519] io scheduler mq-deadline registered
[    0.376090] io scheduler kyber registered
[    0.377701] input: Power Button as /devices/LNXSYSTM:00/LNXPWRBN:00/input/input0
[    0.378783] ACPI: button: Power Button [PWRF]
[    0.379537] Warning: Processor Platform Limit event detected, but not handled.
[    0.380724] Consider compiling CPUfreq support into your kernel.
[    0.402310] ACPI: \_SB_.LNKB: Enabled at IRQ 10
[    0.421276] ACPI: \_SB_.LNKC: Enabled at IRQ 11
[    0.438296] ACPI: \_SB_.LNKA: Enabled at IRQ 10
[    0.439514] Serial: 8250/16550 driver, 4 ports, IRQ sharing enabled
[    0.440432] 00:03: ttyS0 at I/O 0x3f8 (irq = 4, base_baud = 115200) is a 16550A
[    0.504186] Non-volatile memory driver v1.3
[    0.504775] Linux agpgart interface v0.103
[    0.505310] printk: legacy console [hvc0] enabled
[    0.505349] ACPI: bus type drm_connector registered
[    0.505971] printk: legacy bootconsole [earlyser0] disabled
          _      _                                    
   __   _(_)_ __| |_ _ __ ___   ___       _ __   __ _ 
   \ \ / / |  __| __|  _   _ \ / _ \_____|  _ \ / _  |
    \ V /| | |  | |_| | | | | |  __/_____| | | | (_| |
     \_/ |_|_|   \__|_| |_| |_|\___|     |_| |_|\__  |
                                                |___/ 
   kernel version: 6.9.0-rc7-virtme x86_64
   (CTRL+d to exit)

virtme-ng:/nipa-data/kernel# PS1='xx__-> '
xx__-> env
PWD=/nipa-data/kernel
nr_open=1048576
HOME=/root
TERM=xterm
SHLVL=2
XDG_RUNTIME_DIR=/run/user/0
PATH=/bin:/sbin:/usr/bin:/usr/sbin:/usr/local/bin
OLDPWD=/
_=/usr/bin/env
xx__-> 