No EFI environment detected.
early console in extract_kernel
input_data: 0x0000000002be92c4
input_len: 0x0000000000b42305
output: 0x0000000001000000
output_len: 0x00000000026e43c0
kernel_total_size: 0x0000000002430000
needed_size: 0x0000000002800000
trampoline_32bit: 0x0000000000000000
Physical KASLR using RDRAND RDTSC...
Virtual KASLR using RDRAND RDTSC...

Decompressing Linux... Parsing ELF... Performing relocations... done.
Booting the kernel (entry_offset: 0x0000000000000000).
[    0.000000] Linux version 6.10.0-rc4-virtme (root@db5d3b124b04) (gcc (Alpine 13.2.1_git20240309) 13.2.1 20240309, GNU ld (GNU Binutils) 2.42) #1 SMP PREEMPT_DYNAMIC Mon Jun 24 12:06:55 UTC 2024
[    0.000000] Command line: virtme_hostname=virtme-ng nr_open=1048576 virtme_link_mods=/nipa-data/kernel/.virtme_mods/lib/modules/0.0.0 virtme_initmount0=nipa-data/kernel virtme_rw_overlay0=/etc virtme_rw_overlay1=/lib virtme_rw_overlay2=/home virtme_rw_overlay3=/opt virtme_rw_overlay4=/srv virtme_rw_overlay5=/usr virtme_rw_overlay6=/var console=hvc0 earlyprintk=serial,ttyS0,115200 virtme_console=ttyS0 psmouse.proto=exps TERM=xterm virtme_chdir=nipa-data/kernel virtme_root_user=1 rootfstype=9p rootflags=version=9p2000.L,trans=virtio,access=any raid=noautodetect ro init=/usr/lib/python3.12/site-packages/virtme/guest/virtme-init
[    0.000000] BIOS-provided physical RAM map:
[    0.000000] BIOS-e820: [mem 0x0000000000000000-0x000000000009fbff] usable
[    0.000000] BIOS-e820: [mem 0x000000000009fc00-0x000000000009ffff] reserved
[    0.000000] BIOS-e820: [mem 0x00000000000f0000-0x00000000000fffff] reserved
[    0.000000] BIOS-e820: [mem 0x0000000000100000-0x000000003ffdffff] usable
[    0.000000] BIOS-e820: [mem 0x000000003ffe0000-0x000000003fffffff] reserved
[    0.000000] BIOS-e820: [mem 0x00000000feffc000-0x00000000feffffff] reserved
[    0.000000] BIOS-e820: [mem 0x00000000fffc0000-0x00000000ffffffff] reserved
[    0.000000] BIOS-e820: [mem 0x000000fd00000000-0x000000ffffffffff] reserved
[    0.000000] printk: legacy bootconsole [earlyser0] enabled
[    0.000000] NX (Execute Disable) protection: active
[    0.000000] APIC: Static calls initialized
[    0.000000] SMBIOS 2.8 present.
[    0.000000] DMI: QEMU Standard PC (i440FX + PIIX, 1996), BIOS rel-1.16.3-0-ga6ed6b701f0a-prebuilt.qemu.org 04/01/2014
[    0.000000] DMI: Memory slots populated: 1/1
[    0.000000] Hypervisor detected: KVM
[    0.000000] kvm-clock: Using msrs 4b564d01 and 4b564d00
[    0.000000] kvm-clock: using sched offset of 240618182 cycles
[    0.000396] clocksource: kvm-clock: mask: 0xffffffffffffffff max_cycles: 0x1cd42e4dffb, max_idle_ns: 881590591483 ns
[    0.001648] tsc: Detected 4491.556 MHz processor
[    0.002268] last_pfn = 0x3ffe0 max_arch_pfn = 0x400000000
[    0.002702] MTRR map: 4 entries (3 fixed + 1 variable; max 19), built from 8 variable MTRRs
[    0.003333] x86/PAT: Configuration [0-7]: WB  WC  UC- UC  WB  WP  UC- WT  
Memory KASLR using RDRAND RDTSC...
[    0.005596] found SMP MP-table at [mem 0x000f5470-0x000f547f]
[    0.006139] Using GB pages for direct mapping
[    0.006624] ACPI: Early table checksum verification disabled
[    0.007151] ACPI: RSDP 0x00000000000F5290 000014 (v00 BOCHS )
[    0.007688] ACPI: RSDT 0x000000003FFE27BC 000034 (v01 BOCHS  BXPC     00000001 BXPC 00000001)
[    0.008484] ACPI: FACP 0x000000003FFE2578 000074 (v01 BOCHS  BXPC     00000001 BXPC 00000001)
[    0.009284] ACPI: DSDT 0x000000003FFE0040 002538 (v01 BOCHS  BXPC     00000001 BXPC 00000001)
[    0.010078] ACPI: FACS 0x000000003FFE0000 000040
[    0.010509] ACPI: APIC 0x000000003FFE25EC 000170 (v03 BOCHS  BXPC     00000001 BXPC 00000001)
[    0.011304] ACPI: HPET 0x000000003FFE275C 000038 (v01 BOCHS  BXPC     00000001 BXPC 00000001)
[    0.012099] ACPI: WAET 0x000000003FFE2794 000028 (v01 BOCHS  BXPC     00000001 BXPC 00000001)
[    0.012892] ACPI: Reserving FACP table memory at [mem 0x3ffe2578-0x3ffe25eb]
[    0.013551] ACPI: Reserving DSDT table memory at [mem 0x3ffe0040-0x3ffe2577]
[    0.014206] ACPI: Reserving FACS table memory at [mem 0x3ffe0000-0x3ffe003f]
[    0.014861] ACPI: Reserving APIC table memory at [mem 0x3ffe25ec-0x3ffe275b]
[    0.015518] ACPI: Reserving HPET table memory at [mem 0x3ffe275c-0x3ffe2793]
[    0.016179] ACPI: Reserving WAET table memory at [mem 0x3ffe2794-0x3ffe27bb]
[    0.017016] No NUMA configuration found
[    0.017380] Faking a node at [mem 0x0000000000000000-0x000000003ffdffff]
[    0.018006] NODE_DATA(0) allocated [mem 0x3ffdb000-0x3ffdffff]
[    0.018567] Zone ranges:
[    0.018808]   DMA      [mem 0x0000000000001000-0x0000000000ffffff]
[    0.019388]   DMA32    [mem 0x0000000001000000-0x000000003ffdffff]
[    0.019967]   Normal   empty
[    0.020237]   Device   empty
[    0.020507] Movable zone start for each node
[    0.020907] Early memory node ranges
[    0.021245]   node   0: [mem 0x0000000000001000-0x000000000009efff]
[    0.021834]   node   0: [mem 0x0000000000100000-0x000000003ffdffff]
[    0.022424] Initmem setup node 0 [mem 0x0000000000001000-0x000000003ffdffff]
[    0.023089] On node 0, zone DMA: 1 pages in unavailable ranges
[    0.023650] On node 0, zone DMA: 97 pages in unavailable ranges
[    0.025443] On node 0, zone DMA32: 32 pages in unavailable ranges
[    0.026281] ACPI: PM-Timer IO Port: 0x608
[    0.026668] ACPI: LAPIC_NMI (acpi_id[0xff] dfl dfl lint[0x1])
[    0.027229] IOAPIC[0]: apic_id 0, version 17, address 0xfec00000, GSI 0-23
[    0.027877] ACPI: INT_SRC_OVR (bus 0 bus_irq 0 global_irq 2 dfl dfl)
[    0.028476] ACPI: INT_SRC_OVR (bus 0 bus_irq 5 global_irq 5 high level)
[    0.029099] ACPI: INT_SRC_OVR (bus 0 bus_irq 9 global_irq 9 high level)
[    0.029726] ACPI: INT_SRC_OVR (bus 0 bus_irq 10 global_irq 10 high level)
[    0.030363] ACPI: INT_SRC_OVR (bus 0 bus_irq 11 global_irq 11 high level)
[    0.031002] ACPI: Using ACPI (MADT) for SMP configuration information
[    0.031610] ACPI: HPET id: 0x8086a201 base: 0xfed00000
[    0.032094] TSC deadline timer available
[    0.032466] CPU topo: Max. logical packages:   1
[    0.032898] CPU topo: Max. logical dies:       1
[    0.033334] CPU topo: Max. dies per package:   1
[    0.033770] CPU topo: Max. threads per core:   1
[    0.034204] CPU topo: Num. cores per package:    32
[    0.034663] CPU topo: Num. threads per package:  32
[    0.035122] CPU topo: Allowing 32 present CPUs plus 0 hotplug CPUs
[    0.035714] kvm-guest: APIC: eoi() replaced with kvm_guest_apic_eoi_write()
[    0.036377] kvm-guest: KVM setup pv remote TLB flush
[    0.036843] kvm-guest: setup PV sched yield
[    0.037248] PM: hibernation: Registered nosave memory: [mem 0x00000000-0x00000fff]
[    0.037960] PM: hibernation: Registered nosave memory: [mem 0x0009f000-0x0009ffff]
[    0.038670] PM: hibernation: Registered nosave memory: [mem 0x000a0000-0x000effff]
[    0.039380] PM: hibernation: Registered nosave memory: [mem 0x000f0000-0x000fffff]
[    0.040091] [mem 0x40000000-0xfeffbfff] available for PCI devices
[    0.040662] Booting paravirtualized kernel on KVM
[    0.041104] clocksource: refined-jiffies: mask: 0xffffffff max_cycles: 0xffffffff, max_idle_ns: 1910969940391419 ns
[    0.045217] setup_percpu: NR_CPUS:64 nr_cpumask_bits:32 nr_cpu_ids:32 nr_node_ids:1
[    0.046704] percpu: Embedded 58 pages/cpu s198872 r8192 d30504 u262144
[    0.047360] Kernel command line: virtme_hostname=virtme-ng nr_open=1048576 virtme_link_mods=/nipa-data/kernel/.virtme_mods/lib/modules/0.0.0 virtme_initmount0=nipa-data/kernel virtme_rw_overlay0=/etc virtme_rw_overlay1=/lib virtme_rw_overlay2=/home virtme_rw_overlay3=/opt virtme_rw_overlay4=/srv virtme_rw_overlay5=/usr virtme_rw_overlay6=/var console=hvc0 earlyprintk=serial,ttyS0,115200 virtme_console=ttyS0 psmouse.proto=exps TERM=xterm virtme_chdir=nipa-data/kernel virtme_root_user=1 rootfstype=9p rootflags=version=9p2000.L,trans=virtio,access=any raid=noautodetect ro init=/usr/lib/python3.12/site-packages/virtme/guest/virtme-init
[    0.052426] Unknown kernel command line parameters "virtme_hostname=virtme-ng nr_open=1048576 virtme_link_mods=/nipa-data/kernel/.virtme_mods/lib/modules/0.0.0 virtme_initmount0=nipa-data/kernel virtme_rw_overlay0=/etc virtme_rw_overlay1=/lib virtme_rw_overlay2=/home virtme_rw_overlay3=/opt virtme_rw_overlay4=/srv virtme_rw_overlay5=/usr virtme_rw_overlay6=/var virtme_console=ttyS0 virtme_chdir=nipa-data/kernel virtme_root_user=1", will be passed to user space.
[    0.055874] random: crng init done
[    0.056171] Dentry cache hash table entries: 131072 (order: 8, 1048576 bytes, linear)
[    0.056814] Inode-cache hash table entries: 65536 (order: 7, 524288 bytes, linear)
[    0.057522] Fallback order for Node 0: 0 
[    0.057525] Built 1 zonelists, mobility grouping on.  Total pages: 262014
[    0.058385] Policy zone: DMA32
[    0.058624] mem auto-init: stack:all(zero), heap alloc:off, heap free:off
[    0.059953] Memory: 984568K/1048056K available (16384K kernel code, 2423K rwdata, 6172K rodata, 3088K init, 2004K bss, 63228K reserved, 0K cma-reserved)
[    0.061065] SLUB: HWalign=64, Order=0-3, MinObjects=0, CPUs=32, Nodes=1
Poking KASLR using RDRAND RDTSC...
[    0.061874] ftrace: allocating 47828 entries in 187 pages
[    0.069157] ftrace: allocated 187 pages with 6 groups
[    0.070241] Dynamic Preempt: voluntary
[    0.070680] rcu: Preemptible hierarchical RCU implementation.
[    0.071131] rcu: RCU event tracing is enabled.
[    0.071484] rcu: RCU restricting CPUs from NR_CPUS=64 to nr_cpu_ids=32.
[    0.072007] Trampoline variant of Tasks RCU enabled.
[    0.072401] Rude variant of Tasks RCU enabled.
[    0.072754] Tracing variant of Tasks RCU enabled.
[    0.073129] rcu: RCU calculated value of scheduler-enlistment delay is 100 jiffies.
[    0.073734] rcu: Adjusting geometry for rcu_fanout_leaf=16, nr_cpu_ids=32
[    0.074273] RCU Tasks: Setting shift to 5 and lim to 1 rcu_task_cb_adjust=1.
[    0.074829] RCU Tasks Rude: Setting shift to 5 and lim to 1 rcu_task_cb_adjust=1.
[    0.075420] RCU Tasks Trace: Setting shift to 5 and lim to 1 rcu_task_cb_adjust=1.
[    0.077541] NR_IRQS: 4352, nr_irqs: 680, preallocated irqs: 16
[    0.078170] rcu: srcu_init: Setting srcu_struct sizes based on contention.
[    0.078851] Console: colour *CGA 80x25
[    0.079152] ACPI: Core revision 20240322
[    0.079529] clocksource: hpet: mask: 0xffffffff max_cycles: 0xffffffff, max_idle_ns: 19112604467 ns
[    0.080293] APIC: Switch to symmetric I/O mode setup
[    0.080691] APIC: Switched APIC routing to: physical flat
[    0.081108] kvm-guest: APIC: send_IPI_mask() replaced with kvm_send_ipi_mask()
[    0.081664] kvm-guest: APIC: send_IPI_mask_allbutself() replaced with kvm_send_ipi_mask_allbutself()
[    0.082388] kvm-guest: setup PV IPIs
[    0.083453] ..TIMER: vector=0x30 apic1=0 pin1=2 apic2=-1 pin2=-1
[    0.084271] tsc: Marking TSC unstable due to TSCs unsynchronized
[    0.085100] Calibrating delay loop (skipped) preset value.. 8983.11 BogoMIPS (lpj=4491556)
[    0.087105] x86/cpu: User Mode Instruction Prevention (UMIP) activated
[    0.088029] Last level iTLB entries: 4KB 512, 2MB 255, 4MB 127
[    0.088098] Last level dTLB entries: 4KB 512, 2MB 255, 4MB 127, 1GB 0
[    0.089103] Spectre V1 : Mitigation: usercopy/swapgs barriers and __user pointer sanitization
[    0.090102] Spectre V2 : Mitigation: Enhanced / Automatic IBRS
[    0.091098] Spectre V2 : Spectre v2 / SpectreRSB mitigation: Filling RSB on context switch
[    0.092099] Spectre V2 : mitigation: Enabling conditional Indirect Branch Prediction Barrier
[    0.093099] Speculative Store Bypass: Mitigation: Speculative Store Bypass disabled via prctl
[    0.094098] Speculative Return Stack Overflow: IBPB-extending microcode not applied!
[    0.095098] Speculative Return Stack Overflow: WARNING: See https://kernel.org/doc/html/latest/admin-guide/hw-vuln/srso.html for mitigation options.
[    0.095099] Speculative Return Stack Overflow: Vulnerable: Safe RET, no microcode
[    0.097114] x86/fpu: Supporting XSAVE feature 0x001: 'x87 floating point registers'
[    0.098098] x86/fpu: Supporting XSAVE feature 0x002: 'SSE registers'
[    0.098935] x86/fpu: Supporting XSAVE feature 0x004: 'AVX registers'
[    0.099098] x86/fpu: Supporting XSAVE feature 0x020: 'AVX-512 opmask'
[    0.100098] x86/fpu: Supporting XSAVE feature 0x040: 'AVX-512 Hi256'
[    0.101098] x86/fpu: Supporting XSAVE feature 0x080: 'AVX-512 ZMM_Hi256'
[    0.102098] x86/fpu: Supporting XSAVE feature 0x200: 'Protection Keys User registers'
[    0.103098] x86/fpu: xstate_offset[2]:  576, xstate_sizes[2]:  256
[    0.104098] x86/fpu: xstate_offset[5]:  832, xstate_sizes[5]:   64
[    0.105098] x86/fpu: xstate_offset[6]:  896, xstate_sizes[6]:  512
[    0.106098] x86/fpu: xstate_offset[7]: 1408, xstate_sizes[7]: 1024
[    0.106911] x86/fpu: xstate_offset[9]: 2432, xstate_sizes[9]:    8
[    0.107098] x86/fpu: Enabled xstate features 0x2e7, context size is 2440 bytes, using 'compacted' format.
[    0.126029] Freeing SMP alternatives memory: 40K
[    0.126100] pid_max: default: 32768 minimum: 301
[    0.127141] Mount-cache hash table entries: 2048 (order: 2, 16384 bytes, linear)
[    0.128100] Mountpoint-cache hash table entries: 2048 (order: 2, 16384 bytes, linear)
[    0.129327] smpboot: CPU0: AMD Ryzen 9 7950X 16-Core Processor (family: 0x19, model: 0x61, stepping: 0x2)
[    0.130260] Performance Events: Fam17h+ core perfctr, AMD PMU driver.
[    0.131104] ... version:                0
[    0.131794] ... bit width:              48
[    0.132100] ... generic registers:      6
[    0.132795] ... value mask:             0000ffffffffffff
[    0.133100] ... max period:             00007fffffffffff
[    0.134024] ... fixed-purpose events:   0
[    0.134100] ... event mask:             000000000000003f
[    0.135130] signal: max sigframe size: 3376
[    0.135873] rcu: Hierarchical SRCU implementation.
[    0.136101] rcu: Max phase no-delay instances is 400.
[    0.139903] smp: Bringing up secondary CPUs ...
[    0.140170] smpboot: x86: Booting SMP configuration:
[    0.141030] .... node  #0, CPUs:        #1  #2  #3  #4  #5  #6  #7  #8  #9 #10 #11 #12 #13 #14 #15 #16 #17 #18 #19 #20 #21 #22 #23 #24 #25 #26 #27 #28 #29 #30 #31
[    0.161274] smp: Brought up 1 node, 32 CPUs
[    0.162813] smpboot: Total of 32 processors activated (287459.58 BogoMIPS)
[    0.171170] devtmpfs: initialized
[    0.171605] x86/mm: Memory block size: 128MB
[    0.172834] clocksource: jiffies: mask: 0xffffffff max_cycles: 0xffffffff, max_idle_ns: 1911260446275000 ns
[    0.173103] futex hash table entries: 8192 (order: 7, 524288 bytes, linear)
[    0.174187] PM: RTC time: 12:07:24, date: 2024-06-24
[    0.175215] NET: Registered PF_NETLINK/PF_ROUTE protocol family
[    0.176148] thermal_sys: Registered thermal governor 'step_wise'
[    0.176150] thermal_sys: Registered thermal governor 'user_space'
[    0.176950] cpuidle: using governor menu
[    0.178362] PCI: Using configuration type 1 for base access
[    0.179103] PCI: Using configuration type 1 for extended access
[    0.179960] kprobes: kprobe jump-optimization is enabled. All kprobes are optimized if possible.
[    0.184227] HugeTLB: registered 1.00 GiB page size, pre-allocated 0 pages
[    0.185100] HugeTLB: 16380 KiB vmemmap can be freed for a 1.00 GiB page
[    0.186101] HugeTLB: registered 2.00 MiB page size, pre-allocated 0 pages
[    0.187100] HugeTLB: 28 KiB vmemmap can be freed for a 2.00 MiB page
[    0.194893] Demotion targets for Node 0: null
[    0.195144] ACPI: Added _OSI(Module Device)
[    0.195723] ACPI: Added _OSI(Processor Device)
[    0.196101] ACPI: Added _OSI(3.0 _SCP Extensions)
[    0.196723] ACPI: Added _OSI(Processor Aggregator Device)
[    0.198799] ACPI: 1 ACPI AML tables successfully acquired and loaded
[    0.200123] ACPI: _OSC evaluation for CPUs failed, trying _PDC
[    0.201277] ACPI: Interpreter enabled
[    0.201894] ACPI: PM: (supports S0 S3 S4 S5)
[    0.203101] ACPI: Using IOAPIC for interrupt routing
[    0.203937] PCI: Using host bridge windows from ACPI; if necessary, use "pci=nocrs" and report a bug
[    0.205100] PCI: Using E820 reservations for host bridge windows
[    0.206212] ACPI: Enabled 2 GPEs in block 00 to 0F
[    0.210368] ACPI: PCI Root Bridge [PCI0] (domain 0000 [bus 00-ff])
[    0.211104] acpi PNP0A03:00: _OSC: OS supports [ExtendedConfig ASPM ClockPM Segments MSI HPX-Type3]
[    0.213216] PCI host bridge to bus 0000:00
[    0.213905] pci_bus 0000:00: root bus resource [io  0x0000-0x0cf7 window]
[    0.215101] pci_bus 0000:00: root bus resource [io  0x0d00-0xffff window]
[    0.216100] pci_bus 0000:00: root bus resource [mem 0x000a0000-0x000bffff window]
[    0.217100] pci_bus 0000:00: root bus resource [mem 0x40000000-0xfebfffff window]
[    0.219100] pci_bus 0000:00: root bus resource [mem 0x100000000-0x17fffffff window]
[    0.220101] pci_bus 0000:00: root bus resource [bus 00-ff]
[    0.221135] pci 0000:00:00.0: [8086:1237] type 00 class 0x060000 conventional PCI endpoint
[    0.222426] pci 0000:00:01.0: [8086:7000] type 00 class 0x060100 conventional PCI endpoint
[    0.224510] pci 0000:00:01.1: [8086:7010] type 00 class 0x010180 conventional PCI endpoint
[    0.229479] pci 0000:00:01.1: BAR 4 [io  0xc0c0-0xc0cf]
[    0.233116] pci 0000:00:01.1: BAR 0 [io  0x01f0-0x01f7]: legacy IDE quirk
[    0.234101] pci 0000:00:01.1: BAR 1 [io  0x03f6]: legacy IDE quirk
[    0.235100] pci 0000:00:01.1: BAR 2 [io  0x0170-0x0177]: legacy IDE quirk
[    0.236100] pci 0000:00:01.1: BAR 3 [io  0x0376]: legacy IDE quirk
[    0.237223] pci 0000:00:01.3: [8086:7113] type 00 class 0x068000 conventional PCI endpoint
[    0.239410] pci 0000:00:01.3: quirk: [io  0x0600-0x063f] claimed by PIIX4 ACPI
[    0.240106] pci 0000:00:01.3: quirk: [io  0x0700-0x070f] claimed by PIIX4 SMB
[    0.241280] pci 0000:00:02.0: [1af4:1009] type 00 class 0x000200 conventional PCI endpoint
[    0.244101] pci 0000:00:02.0: BAR 0 [io  0xc000-0xc03f]
[    0.245793] pci 0000:00:02.0: BAR 1 [mem 0xfebfc000-0xfebfcfff]
[    0.251101] pci 0000:00:02.0: BAR 4 [mem 0xfebf0000-0xfebf3fff 64bit pref]
[    0.254741] pci 0000:00:03.0: [1af4:1009] type 00 class 0x000200 conventional PCI endpoint
[    0.258101] pci 0000:00:03.0: BAR 0 [io  0xc040-0xc07f]
[    0.259805] pci 0000:00:03.0: BAR 1 [mem 0xfebfd000-0xfebfdfff]
[    0.265807] pci 0000:00:03.0: BAR 4 [mem 0xfebf4000-0xfebf7fff 64bit pref]
[    0.268675] pci 0000:00:04.0: [8086:25ab] type 00 class 0x088000 conventional PCI endpoint
[    0.269652] pci 0000:00:04.0: BAR 0 [mem 0xfebfe000-0xfebfe00f]
[    0.275509] pci 0000:00:05.0: [1af4:1003] type 00 class 0x078000 conventional PCI endpoint
[    0.277101] pci 0000:00:05.0: BAR 0 [io  0xc080-0xc0bf]
[    0.279802] pci 0000:00:05.0: BAR 1 [mem 0xfebff000-0xfebfffff]
[    0.284101] pci 0000:00:05.0: BAR 4 [mem 0xfebf8000-0xfebfbfff 64bit pref]
[    0.287878] ACPI: PCI: Interrupt link LNKA configured for IRQ 10
[    0.289218] ACPI: PCI: Interrupt link LNKB configured for IRQ 10
[    0.290096] ACPI: PCI: Interrupt link LNKC configured for IRQ 11
[    0.290971] ACPI: PCI: Interrupt link LNKD configured for IRQ 11
[    0.292172] ACPI: PCI: Interrupt link LNKS configured for IRQ 9
[    0.293846] iommu: Default domain type: Translated
[    0.294100] iommu: DMA domain TLB invalidation policy: lazy mode
[    0.294939] SCSI subsystem initialized
[    0.295132] pps_core: LinuxPPS API ver. 1 registered
[    0.295780] pps_core: Software ver. 5.3.6 - Copyright 2005-2007 Rodolfo Giometti <giometti@linux.it>
[    0.297103] PTP clock support registered
[    0.298123] Advanced Linux Sound Architecture Driver Initialized.
[    0.299411] NET: Registered PF_ATMPVC protocol family
[    0.300078] NET: Registered PF_ATMSVC protocol family
[    0.300104] PCI: Using ACPI for IRQ routing
[    0.300739] vgaarb: loaded
[    0.301138] hpet0: at MMIO 0xfed00000, IRQs 2, 8, 0
[    0.301775] hpet0: 3 comparators, 64-bit 100.000000 MHz counter
[    0.306461] clocksource: Switched to clocksource kvm-clock
[    0.307458] VFS: Disk quotas dquot_6.6.0
[    0.308198] VFS: Dquot-cache hash table entries: 512 (order 0, 4096 bytes)
[    0.309436] pnp: PnP ACPI init
[    0.310189] pnp: PnP ACPI: found 5 devices
[    0.317036] clocksource: acpi_pm: mask: 0xffffff max_cycles: 0xffffff, max_idle_ns: 2085701024 ns
[    0.318557] NET: Registered PF_INET protocol family
[    0.319421] IP idents hash table entries: 16384 (order: 5, 131072 bytes, linear)
[    0.320881] tcp_listen_portaddr_hash hash table entries: 512 (order: 1, 8192 bytes, linear)
[    0.322316] Table-perturb hash table entries: 65536 (order: 6, 262144 bytes, linear)
[    0.323651] TCP established hash table entries: 8192 (order: 4, 65536 bytes, linear)
[    0.325089] TCP bind hash table entries: 8192 (order: 6, 262144 bytes, linear)
[    0.326348] TCP: Hash tables configured (established 8192 bind 8192)
[    0.327472] UDP hash table entries: 512 (order: 2, 16384 bytes, linear)
[    0.328618] UDP-Lite hash table entries: 512 (order: 2, 16384 bytes, linear)
[    0.329868] NET: Registered PF_UNIX/PF_LOCAL protocol family
[    0.330875] pci_bus 0000:00: resource 4 [io  0x0000-0x0cf7 window]
[    0.331948] pci_bus 0000:00: resource 5 [io  0x0d00-0xffff window]
[    0.333021] pci_bus 0000:00: resource 6 [mem 0x000a0000-0x000bffff window]
[    0.334208] pci_bus 0000:00: resource 7 [mem 0x40000000-0xfebfffff window]
[    0.335403] pci_bus 0000:00: resource 8 [mem 0x100000000-0x17fffffff window]
[    0.336653] pci 0000:00:01.0: PIIX3: Enabling Passive Release
[    0.337655] pci 0000:00:00.0: Limiting direct PCI/PCI transfers
[    0.338733] PCI: CLS 0 bytes, default 64
[    0.339521] kvm_intel: VMX not supported by CPU 6
[    0.340346] kvm_amd: TSC scaling supported
[    0.341069] kvm_amd: Nested Virtualization enabled
[    0.341902] kvm_amd: Nested Paging enabled
[    0.342603] kvm_amd: LBR virtualization supported
[    0.343414] kvm_amd: Virtual VMLOAD VMSAVE supported
[    0.344146] kvm_amd: Virtual GIF supported
[    0.344701] kvm_amd: Virtual NMI enabled
[    0.437175] Initialise system trusted keyrings
[    0.438045] workingset: timestamp_bits=56 max_order=18 bucket_order=0
[    0.439167] squashfs: version 4.0 (2009/01/31) Phillip Lougher
[    0.440159] fuse: init (API version 7.40)
[    0.440873] 9p: Installing v9fs 9p2000 file system support
[    0.451009] Key type asymmetric registered
[    0.451734] Asymmetric key parser 'x509' registered
[    0.452599] Block layer SCSI generic (bsg) driver version 0.4 loaded (major 249)
[    0.453887] io scheduler mq-deadline registered
[    0.454677] io scheduler kyber registered
[    0.456647] input: Power Button as /devices/LNXSYSTM:00/LNXPWRBN:00/input/input0
[    0.458026] ACPI: button: Power Button [PWRF]
[    0.458824] Warning: Processor Platform Limit event detected, but not handled.
[    0.460060] Consider compiling CPUfreq support into your kernel.
[    0.482358] ACPI: \_SB_.LNKB: Enabled at IRQ 10
[    0.504184] ACPI: \_SB_.LNKC: Enabled at IRQ 11
[    0.525806] ACPI: \_SB_.LNKA: Enabled at IRQ 10
[    0.527462] Serial: 8250/16550 driver, 4 ports, IRQ sharing enabled
[    0.528665] 00:03: ttyS0 at I/O 0x3f8 (irq = 4, base_baud = 115200) is a 16550A
[    0.581216] Non-volatile memory driver v1.3
[    0.581850] Linux agpgart interface v0.103
[    0.581937] ACPI: bus type drm_connector registered
[    0.583255] printk: legacy console [hvc0] enabled
[    0.584083] printk: legacy bootconsole [earlyser0] disabled
          _      _                                    
   __   _(_)_ __| |_ _ __ ___   ___       _ __   __ _ 
   \ \ / / |  __| __|  _   _ \ / _ \_____|  _ \ / _  |
    \ V /| | |  | |_| | | | | |  __/_____| | | | (_| |
     \_/ |_|_|   \__|_| |_| |_|\___|     |_| |_|\__  |
                                                |___/ 
   kernel version: 6.10.0-rc4-virtme x86_64
   (CTRL+d to exit)

virtme-ng:/nipa-data/kernel# PS1='xx__-> '
xx__-> env
PWD=/nipa-data/kernel
nr_open=1048576
HOME=/root
TERM=xterm
SHLVL=2
XDG_RUNTIME_DIR=/run/user/0
PATH=/bin:/sbin:/usr/bin:/usr/sbin:/usr/local/bin
OLDPWD=/
_=/usr/bin/env
xx__-> 