No EFI environment detected.
early console in extract_kernel
input_data: 0x0000000002be32c4
input_len: 0x0000000000b710d8
output: 0x0000000001000000
output_len: 0x000000000270cf0c
kernel_total_size: 0x0000000002430000
needed_size: 0x0000000002800000
trampoline_32bit: 0x0000000000000000
Physical KASLR using RDRAND RDTSC...
Virtual KASLR using RDRAND RDTSC...

Decompressing Linux... Parsing ELF... Performing relocations... done.
Booting the kernel (entry_offset: 0x0000000000000000).
[    0.000000] Linux version 6.12.0-rc6-virtme (root@6d2853aa28bb) (gcc (Ubuntu 13.2.0-23ubuntu4) 13.2.0, GNU ld (GNU Binutils for Ubuntu) 2.42) #1 SMP PREEMPT_DYNAMIC Tue Nov 12 12:06:09 UTC 2024
[    0.000000] Command line: virtme_hostname=virtme-ng nr_open=1048576 virtme_link_mods=/nipa-data/kernel/.virtme_mods/lib/modules/0.0.0 virtme_initmount0=nipa-data/kernel virtme_rw_overlay0=/etc virtme_rw_overlay1=/lib virtme_rw_overlay2=/home virtme_rw_overlay3=/opt virtme_rw_overlay4=/srv virtme_rw_overlay5=/usr virtme_rw_overlay6=/var console=hvc0 earlyprintk=serial,ttyS0,115200 virtme_console=ttyS0 psmouse.proto=exps TERM=xterm virtme_chdir=nipa-data/kernel virtme_root_user=1 rootfstype=9p rootflags=version=9p2000.L,trans=virtio,access=any raid=noautodetect ro init=/usr/lib/python3/dist-packages/virtme/guest/virtme-init
[    0.000000] BIOS-provided physical RAM map:
[    0.000000] BIOS-e820: [mem 0x0000000000000000-0x000000000009fbff] usable
[    0.000000] BIOS-e820: [mem 0x000000000009fc00-0x000000000009ffff] reserved
[    0.000000] BIOS-e820: [mem 0x00000000000f0000-0x00000000000fffff] reserved
[    0.000000] BIOS-e820: [mem 0x0000000000100000-0x000000003ffdffff] usable
[    0.000000] BIOS-e820: [mem 0x000000003ffe0000-0x000000003fffffff] reserved
[    0.000000] BIOS-e820: [mem 0x00000000feffc000-0x00000000feffffff] reserved
[    0.000000] BIOS-e820: [mem 0x00000000fffc0000-0x00000000ffffffff] reserved
[    0.000000] BIOS-e820: [mem 0x000000fd00000000-0x000000ffffffffff] reserved
[    0.000000] printk: legacy bootconsole [earlyser0] enabled
[    0.000000] NX (Execute Disable) protection: active
[    0.000000] APIC: Static calls initialized
[    0.000000] SMBIOS 3.0.0 present.
[    0.000000] DMI: QEMU Ubuntu 24.04 PC (i440FX + PIIX, 1996), BIOS 1.16.3-debian-1.16.3-2 04/01/2014
[    0.000000] DMI: Memory slots populated: 1/1
[    0.000000] Hypervisor detected: KVM
[    0.000000] kvm-clock: Using msrs 4b564d01 and 4b564d00
[    0.000000] kvm-clock: using sched offset of 213117512 cycles
[    0.000345] clocksource: kvm-clock: mask: 0xffffffffffffffff max_cycles: 0x1cd42e4dffb, max_idle_ns: 881590591483 ns
[    0.001422] tsc: Detected 4491.560 MHz processor
[    0.001981] last_pfn = 0x3ffe0 max_arch_pfn = 0x400000000
[    0.002360] MTRR map: 4 entries (3 fixed + 1 variable; max 19), built from 8 variable MTRRs
[    0.002911] x86/PAT: Configuration [0-7]: WB  WC  UC- UC  WB  WP  UC- WT  
Memory KASLR using RDRAND RDTSC...
[    0.004823] found SMP MP-table at [mem 0x000f5470-0x000f547f]
[    0.005203] Using GB pages for direct mapping
[    0.005538] ACPI: Early table checksum verification disabled
[    0.005911] ACPI: RSDP 0x00000000000F5290 000014 (v00 BOCHS )
[    0.006290] ACPI: RSDT 0x000000003FFE27BC 000034 (v01 BOCHS  BXPC     00000001 BXPC 00000001)
[    0.006853] ACPI: FACP 0x000000003FFE2578 000074 (v01 BOCHS  BXPC     00000001 BXPC 00000001)
[    0.007414] ACPI: DSDT 0x000000003FFE0040 002538 (v01 BOCHS  BXPC     00000001 BXPC 00000001)
[    0.007974] ACPI: FACS 0x000000003FFE0000 000040
[    0.008279] ACPI: APIC 0x000000003FFE25EC 000170 (v03 BOCHS  BXPC     00000001 BXPC 00000001)
[    0.008840] ACPI: HPET 0x000000003FFE275C 000038 (v01 BOCHS  BXPC     00000001 BXPC 00000001)
[    0.009402] ACPI: WAET 0x000000003FFE2794 000028 (v01 BOCHS  BXPC     00000001 BXPC 00000001)
[    0.009962] ACPI: Reserving FACP table memory at [mem 0x3ffe2578-0x3ffe25eb]
[    0.010425] ACPI: Reserving DSDT table memory at [mem 0x3ffe0040-0x3ffe2577]
[    0.010888] ACPI: Reserving FACS table memory at [mem 0x3ffe0000-0x3ffe003f]
[    0.011350] ACPI: Reserving APIC table memory at [mem 0x3ffe25ec-0x3ffe275b]
[    0.011812] ACPI: Reserving HPET table memory at [mem 0x3ffe275c-0x3ffe2793]
[    0.012274] ACPI: Reserving WAET table memory at [mem 0x3ffe2794-0x3ffe27bb]
[    0.012863] No NUMA configuration found
[    0.013114] Faking a node at [mem 0x0000000000000000-0x000000003ffdffff]
[    0.013557] NODE_DATA(0) allocated [mem 0x3ffdb780-0x3ffdffff]
[    0.013950] Zone ranges:
[    0.014116]   DMA      [mem 0x0000000000001000-0x0000000000ffffff]
[    0.014522]   DMA32    [mem 0x0000000001000000-0x000000003ffdffff]
[    0.014928]   Normal   empty
[    0.015117]   Device   empty
[    0.015306] Movable zone start for each node
[    0.015586] Early memory node ranges
[    0.015820]   node   0: [mem 0x0000000000001000-0x000000000009efff]
[    0.016231]   node   0: [mem 0x0000000000100000-0x000000003ffdffff]
[    0.016642] Initmem setup node 0 [mem 0x0000000000001000-0x000000003ffdffff]
[    0.017105] On node 0, zone DMA: 1 pages in unavailable ranges
[    0.017501] On node 0, zone DMA: 97 pages in unavailable ranges
[    0.018839] On node 0, zone DMA32: 32 pages in unavailable ranges
[    0.019421] ACPI: PM-Timer IO Port: 0x608
[    0.019687] ACPI: LAPIC_NMI (acpi_id[0xff] dfl dfl lint[0x1])
[    0.020079] IOAPIC[0]: apic_id 0, version 17, address 0xfec00000, GSI 0-23
[    0.020529] ACPI: INT_SRC_OVR (bus 0 bus_irq 0 global_irq 2 dfl dfl)
[    0.020943] ACPI: INT_SRC_OVR (bus 0 bus_irq 5 global_irq 5 high level)
[    0.021374] ACPI: INT_SRC_OVR (bus 0 bus_irq 9 global_irq 9 high level)
[    0.021808] ACPI: INT_SRC_OVR (bus 0 bus_irq 10 global_irq 10 high level)
[    0.022250] ACPI: INT_SRC_OVR (bus 0 bus_irq 11 global_irq 11 high level)
[    0.022693] ACPI: Using ACPI (MADT) for SMP configuration information
[    0.023112] ACPI: HPET id: 0x8086a201 base: 0xfed00000
[    0.023447] TSC deadline timer available
[    0.023705] CPU topo: Max. logical packages:   1
[    0.024006] CPU topo: Max. logical dies:       1
[    0.024306] CPU topo: Max. dies per package:   1
[    0.024608] CPU topo: Max. threads per core:   1
[    0.024909] CPU topo: Num. cores per package:    32
[    0.025227] CPU topo: Num. threads per package:  32
[    0.025546] CPU topo: Allowing 32 present CPUs plus 0 hotplug CPUs
[    0.025955] kvm-guest: APIC: eoi() replaced with kvm_guest_apic_eoi_write()
[    0.026416] kvm-guest: KVM setup pv remote TLB flush
[    0.026741] kvm-guest: setup PV sched yield
[    0.027016] PM: hibernation: Registered nosave memory: [mem 0x00000000-0x00000fff]
[    0.027510] PM: hibernation: Registered nosave memory: [mem 0x0009f000-0x0009ffff]
[    0.028003] PM: hibernation: Registered nosave memory: [mem 0x000a0000-0x000effff]
[    0.028502] PM: hibernation: Registered nosave memory: [mem 0x000f0000-0x000fffff]
[    0.028999] [mem 0x40000000-0xfeffbfff] available for PCI devices
[    0.029400] Booting paravirtualized kernel on KVM
[    0.029709] clocksource: refined-jiffies: mask: 0xffffffff max_cycles: 0xffffffff, max_idle_ns: 1910969940391419 ns
[    0.033090] setup_percpu: NR_CPUS:64 nr_cpumask_bits:32 nr_cpu_ids:32 nr_node_ids:1
[    0.034170] percpu: Embedded 58 pages/cpu s198552 r8192 d30824 u262144
[    0.034629] Kernel command line: virtme_hostname=virtme-ng nr_open=1048576 virtme_link_mods=/nipa-data/kernel/.virtme_mods/lib/modules/0.0.0 virtme_initmount0=nipa-data/kernel virtme_rw_overlay0=/etc virtme_rw_overlay1=/lib virtme_rw_overlay2=/home virtme_rw_overlay3=/opt virtme_rw_overlay4=/srv virtme_rw_overlay5=/usr virtme_rw_overlay6=/var console=hvc0 earlyprintk=serial,ttyS0,115200 virtme_console=ttyS0 psmouse.proto=exps TERM=xterm virtme_chdir=nipa-data/kernel virtme_root_user=1 rootfstype=9p rootflags=version=9p2000.L,trans=virtio,access=any raid=noautodetect ro init=/usr/lib/python3/dist-packages/virtme/guest/virtme-init
[    0.038450] Unknown kernel command line parameters "virtme_hostname=virtme-ng nr_open=1048576 virtme_link_mods=/nipa-data/kernel/.virtme_mods/lib/modules/0.0.0 virtme_initmount0=nipa-data/kernel virtme_rw_overlay0=/etc virtme_rw_overlay1=/lib virtme_rw_overlay2=/home virtme_rw_overlay3=/opt virtme_rw_overlay4=/srv virtme_rw_overlay5=/usr virtme_rw_overlay6=/var virtme_console=ttyS0 virtme_chdir=nipa-data/kernel virtme_root_user=1", will be passed to user space.
[    0.041389] random: crng init done
[    0.041646] Dentry cache hash table entries: 131072 (order: 8, 1048576 bytes, linear)
[    0.042190] Inode-cache hash table entries: 65536 (order: 7, 524288 bytes, linear)
[    0.042779] Fallback order for Node 0: 0 
[    0.042781] Built 1 zonelists, mobility grouping on.  Total pages: 262014
[    0.043512] Policy zone: DMA32
[    0.043717] mem auto-init: stack:all(zero), heap alloc:off, heap free:off
[    0.044711] SLUB: HWalign=64, Order=0-3, MinObjects=0, CPUs=32, Nodes=1
Poking KASLR using RDRAND RDTSC...
[    0.045382] ftrace: allocating 48491 entries in 190 pages
[    0.052111] ftrace: allocated 190 pages with 6 groups
[    0.052988] Dynamic Preempt: voluntary
[    0.053366] rcu: Preemptible hierarchical RCU implementation.
[    0.053752] rcu: RCU event tracing is enabled.
[    0.054054] rcu: RCU restricting CPUs from NR_CPUS=64 to nr_cpu_ids=32.
[    0.054499] Trampoline variant of Tasks RCU enabled.
[    0.054835] Rude variant of Tasks RCU enabled.
[    0.055140] Tracing variant of Tasks RCU enabled.
[    0.055460] rcu: RCU calculated value of scheduler-enlistment delay is 100 jiffies.
[    0.055971] rcu: Adjusting geometry for rcu_fanout_leaf=16, nr_cpu_ids=32
[    0.056430] RCU Tasks: Setting shift to 5 and lim to 1 rcu_task_cb_adjust=1 rcu_task_cpu_ids=32.
[    0.057018] RCU Tasks Rude: Setting shift to 5 and lim to 1 rcu_task_cb_adjust=1 rcu_task_cpu_ids=32.
[    0.057637] RCU Tasks Trace: Setting shift to 5 and lim to 1 rcu_task_cb_adjust=1 rcu_task_cpu_ids=32.
[    0.059615] NR_IRQS: 4352, nr_irqs: 680, preallocated irqs: 16
[    0.060171] rcu: srcu_init: Setting srcu_struct sizes based on contention.
[    0.060764] Console: colour *CGA 80x25
[    0.061023] ACPI: Core revision 20240827
[    0.061353] clocksource: hpet: mask: 0xffffffff max_cycles: 0xffffffff, max_idle_ns: 19112604467 ns
[    0.062015] APIC: Switch to symmetric I/O mode setup
[    0.062370] kvm-guest: APIC: send_IPI_mask() replaced with kvm_send_ipi_mask()
[    0.062852] kvm-guest: APIC: send_IPI_mask_allbutself() replaced with kvm_send_ipi_mask_allbutself()
[    0.063455] kvm-guest: setup PV IPIs
[    0.064415] ..TIMER: vector=0x30 apic1=0 pin1=2 apic2=-1 pin2=-1
[    0.065165] clocksource: tsc-early: mask: 0xffffffffffffffff max_cycles: 0x40be4320a4d, max_idle_ns: 440795288133 ns
[    0.066455] Calibrating delay loop (skipped) preset value.. 8983.12 BogoMIPS (lpj=4491560)
[    0.067513] x86/cpu: User Mode Instruction Prevention (UMIP) activated
[    0.068501] Last level iTLB entries: 4KB 512, 2MB 255, 4MB 127
[    0.069455] Last level dTLB entries: 4KB 512, 2MB 255, 4MB 127, 1GB 0
[    0.070232] Spectre V1 : Mitigation: usercopy/swapgs barriers and __user pointer sanitization
[    0.070458] Spectre V2 : Mitigation: Enhanced / Automatic IBRS
[    0.071455] Spectre V2 : Spectre v2 / SpectreRSB mitigation: Filling RSB on context switch
[    0.072456] Spectre V2 : mitigation: Enabling conditional Indirect Branch Prediction Barrier
[    0.073456] Speculative Store Bypass: Mitigation: Speculative Store Bypass disabled via prctl
[    0.074455] Speculative Return Stack Overflow: IBPB-extending microcode not applied!
[    0.075455] Speculative Return Stack Overflow: WARNING: See https://kernel.org/doc/html/latest/admin-guide/hw-vuln/srso.html for mitigation options.
[    0.075455] Speculative Return Stack Overflow: Vulnerable: Safe RET, no microcode
[    0.077473] x86/fpu: Supporting XSAVE feature 0x001: 'x87 floating point registers'
[    0.078455] x86/fpu: Supporting XSAVE feature 0x002: 'SSE registers'
[    0.079207] x86/fpu: Supporting XSAVE feature 0x004: 'AVX registers'
[    0.079455] x86/fpu: Supporting XSAVE feature 0x020: 'AVX-512 opmask'
[    0.080455] x86/fpu: Supporting XSAVE feature 0x040: 'AVX-512 Hi256'
[    0.081455] x86/fpu: Supporting XSAVE feature 0x080: 'AVX-512 ZMM_Hi256'
[    0.082252] x86/fpu: Supporting XSAVE feature 0x200: 'Protection Keys User registers'
[    0.082455] x86/fpu: xstate_offset[2]:  576, xstate_sizes[2]:  256
[    0.083455] x86/fpu: xstate_offset[5]:  832, xstate_sizes[5]:   64
[    0.084455] x86/fpu: xstate_offset[6]:  896, xstate_sizes[6]:  512
[    0.085455] x86/fpu: xstate_offset[7]: 1408, xstate_sizes[7]: 1024
[    0.086187] x86/fpu: xstate_offset[9]: 2432, xstate_sizes[9]:    8
[    0.086455] x86/fpu: Enabled xstate features 0x2e7, context size is 2440 bytes, using 'compacted' format.
[    0.101417] Freeing SMP alternatives memory: 40K
[    0.101456] pid_max: default: 32768 minimum: 301
[    0.102472] Mount-cache hash table entries: 2048 (order: 2, 16384 bytes, linear)
[    0.103347] Mountpoint-cache hash table entries: 2048 (order: 2, 16384 bytes, linear)
[    0.104502] smpboot: CPU0: AMD Ryzen 9 7950X 16-Core Processor (family: 0x19, model: 0x61, stepping: 0x2)
[    0.105561] Performance Events: Fam17h+ core perfctr, AMD PMU driver.
[    0.106343] ... version:                0
[    0.106456] ... bit width:              48
[    0.106940] ... generic registers:      6
[    0.107413] ... value mask:             0000ffffffffffff
[    0.107456] ... max period:             00007fffffffffff
[    0.108093] ... fixed-purpose events:   0
[    0.108456] ... event mask:             000000000000003f
[    0.109156] signal: max sigframe size: 3376
[    0.109471] rcu: Hierarchical SRCU implementation.
[    0.110039] rcu: Max phase no-delay instances is 400.
[    0.110476] Timer migration: 2 hierarchy levels; 8 children per group; 2 crossnode level
[    0.113464] smp: Bringing up secondary CPUs ...
[    0.114049] smpboot: x86: Booting SMP configuration:
[    0.114457] .... node  #0, CPUs:        #1  #2  #3  #4  #5  #6  #7  #8  #9 #10 #11 #12 #13 #14 #15 #16 #17 #18 #19 #20 #21 #22 #23 #24 #25 #26 #27 #28 #29 #30 #31
[    0.126550] smp: Brought up 1 node, 32 CPUs
[    0.127950] smpboot: Total of 32 processors activated (287459.84 BogoMIPS)
[    0.130474] Memory: 970444K/1048056K available (16384K kernel code, 2449K rwdata, 6284K rodata, 3128K init, 1856K bss, 63188K reserved, 0K cma-reserved)
[    0.131584] devtmpfs: initialized
[    0.131875] x86/mm: Memory block size: 128MB
[    0.133128] clocksource: jiffies: mask: 0xffffffff max_cycles: 0xffffffff, max_idle_ns: 1911260446275000 ns
[    0.133457] futex hash table entries: 8192 (order: 7, 524288 bytes, linear)
[    0.134348] PM: RTC time: 12:06:27, date: 2024-11-12
[    0.134777] NET: Registered PF_NETLINK/PF_ROUTE protocol family
[    0.135571] thermal_sys: Registered thermal governor 'step_wise'
[    0.135572] thermal_sys: Registered thermal governor 'user_space'
[    0.136302] cpuidle: using governor menu
[    0.137641] PCI: Using configuration type 1 for base access
[    0.138457] PCI: Using configuration type 1 for extended access
[    0.139224] kprobes: kprobe jump-optimization is enabled. All kprobes are optimized if possible.
[    0.154215] HugeTLB: registered 1.00 GiB page size, pre-allocated 0 pages
[    0.154456] HugeTLB: 16380 KiB vmemmap can be freed for a 1.00 GiB page
[    0.155238] HugeTLB: registered 2.00 MiB page size, pre-allocated 0 pages
[    0.155456] HugeTLB: 28 KiB vmemmap can be freed for a 2.00 MiB page
[    0.156274] ACPI: Added _OSI(Module Device)
[    0.156457] ACPI: Added _OSI(Processor Device)
[    0.156984] ACPI: Added _OSI(3.0 _SCP Extensions)
[    0.157457] ACPI: Added _OSI(Processor Aggregator Device)
[    0.158750] ACPI: 1 ACPI AML tables successfully acquired and loaded
[    0.159829] ACPI: Interpreter enabled
[    0.160464] ACPI: PM: (supports S0 S3 S4 S5)
[    0.160980] ACPI: Using IOAPIC for interrupt routing
[    0.161463] PCI: Using host bridge windows from ACPI; if necessary, use "pci=nocrs" and report a bug
[    0.162456] PCI: Using E820 reservations for host bridge windows
[    0.163259] ACPI: Enabled 2 GPEs in block 00 to 0F
[    0.165872] ACPI: PCI Root Bridge [PCI0] (domain 0000 [bus 00-ff])
[    0.166459] acpi PNP0A03:00: _OSC: OS supports [ExtendedConfig ASPM ClockPM Segments MSI HPX-Type3]
[    0.167540] PCI host bridge to bus 0000:00
[    0.168035] pci_bus 0000:00: root bus resource [io  0x0000-0x0cf7 window]
[    0.168456] pci_bus 0000:00: root bus resource [io  0x0d00-0xffff window]
[    0.169268] pci_bus 0000:00: root bus resource [mem 0x000a0000-0x000bffff window]
[    0.169456] pci_bus 0000:00: root bus resource [mem 0x40000000-0xfebfffff window]
[    0.170350] pci_bus 0000:00: root bus resource [mem 0x100000000-0x17fffffff window]
[    0.170457] pci_bus 0000:00: root bus resource [bus 00-ff]
[    0.171189] pci 0000:00:00.0: [8086:1237] type 00 class 0x060000 conventional PCI endpoint
[    0.171699] pci 0000:00:01.0: [8086:7000] type 00 class 0x060100 conventional PCI endpoint
[    0.172747] pci 0000:00:01.1: [8086:7010] type 00 class 0x010180 conventional PCI endpoint
[    0.174576] pci 0000:00:01.1: BAR 4 [io  0xc0c0-0xc0cf]
[    0.175992] pci 0000:00:01.1: BAR 0 [io  0x01f0-0x01f7]: legacy IDE quirk
[    0.176457] pci 0000:00:01.1: BAR 1 [io  0x03f6]: legacy IDE quirk
[    0.177195] pci 0000:00:01.1: BAR 2 [io  0x0170-0x0177]: legacy IDE quirk
[    0.177456] pci 0000:00:01.1: BAR 3 [io  0x0376]: legacy IDE quirk
[    0.178290] pci 0000:00:01.3: [8086:7113] type 00 class 0x068000 conventional PCI endpoint
[    0.178679] pci 0000:00:01.3: quirk: [io  0x0600-0x063f] claimed by PIIX4 ACPI
[    0.179460] pci 0000:00:01.3: quirk: [io  0x0700-0x070f] claimed by PIIX4 SMB
[    0.180480] pci 0000:00:02.0: [1af4:1009] type 00 class 0x000200 conventional PCI endpoint
[    0.181888] pci 0000:00:02.0: BAR 0 [io  0xc000-0xc03f]
[    0.182839] pci 0000:00:02.0: BAR 1 [mem 0xfebfc000-0xfebfcfff]
[    0.185132] pci 0000:00:02.0: BAR 4 [mem 0xfebf0000-0xfebf3fff 64bit pref]
[    0.186395] pci 0000:00:03.0: [1af4:1009] type 00 class 0x000200 conventional PCI endpoint
[    0.187404] pci 0000:00:03.0: BAR 0 [io  0xc040-0xc07f]
[    0.188324] pci 0000:00:03.0: BAR 1 [mem 0xfebfd000-0xfebfdfff]
[    0.190457] pci 0000:00:03.0: BAR 4 [mem 0xfebf4000-0xfebf7fff 64bit pref]
[    0.192964] pci 0000:00:04.0: [8086:25ab] type 00 class 0x088000 conventional PCI endpoint
[    0.193660] pci 0000:00:04.0: BAR 0 [mem 0xfebfe000-0xfebfe00f]
[    0.195411] pci 0000:00:05.0: [1af4:1003] type 00 class 0x078000 conventional PCI endpoint
[    0.195852] pci 0000:00:05.0: BAR 0 [io  0xc080-0xc0bf]
[    0.196813] pci 0000:00:05.0: BAR 1 [mem 0xfebff000-0xfebfffff]
[    0.198457] pci 0000:00:05.0: BAR 4 [mem 0xfebf8000-0xfebfbfff 64bit pref]
[    0.200612] ACPI: PCI: Interrupt link LNKA configured for IRQ 10
[    0.201562] ACPI: PCI: Interrupt link LNKB configured for IRQ 10
[    0.202370] ACPI: PCI: Interrupt link LNKC configured for IRQ 11
[    0.202547] ACPI: PCI: Interrupt link LNKD configured for IRQ 11
[    0.203335] ACPI: PCI: Interrupt link LNKS configured for IRQ 9
[    0.204243] iommu: Default domain type: Translated
[    0.204457] iommu: DMA domain TLB invalidation policy: lazy mode
[    0.205227] SCSI subsystem initialized
[    0.205483] pps_core: LinuxPPS API ver. 1 registered
[    0.206082] pps_core: Software ver. 5.3.6 - Copyright 2005-2007 Rodolfo Giometti <giometti@linux.it>
[    0.206458] PTP clock support registered
[    0.206938] Advanced Linux Sound Architecture Driver Initialized.
[    0.207703] NET: Registered PF_ATMPVC protocol family
[    0.208350] NET: Registered PF_ATMSVC protocol family
[    0.208462] PCI: Using ACPI for IRQ routing
[    0.209039] vgaarb: loaded
[    0.209456] hpet0: at MMIO 0xfed00000, IRQs 2, 8, 0
[    0.210043] hpet0: 3 comparators, 64-bit 100.000000 MHz counter
[    0.213615] clocksource: Switched to clocksource kvm-clock
[    0.214360] VFS: Disk quotas dquot_6.6.0
[    0.214717] VFS: Dquot-cache hash table entries: 512 (order 0, 4096 bytes)
[    0.215584] pnp: PnP ACPI init
[    0.216117] pnp: PnP ACPI: found 5 devices
[    0.223231] clocksource: acpi_pm: mask: 0xffffff max_cycles: 0xffffff, max_idle_ns: 2085701024 ns
[    0.224305] NET: Registered PF_INET protocol family
[    0.224903] IP idents hash table entries: 16384 (order: 5, 131072 bytes, linear)
[    0.225918] tcp_listen_portaddr_hash hash table entries: 512 (order: 1, 8192 bytes, linear)
[    0.226924] Table-perturb hash table entries: 65536 (order: 6, 262144 bytes, linear)
[    0.227851] TCP established hash table entries: 8192 (order: 4, 65536 bytes, linear)
[    0.228875] TCP bind hash table entries: 8192 (order: 6, 262144 bytes, linear)
[    0.229743] TCP: Hash tables configured (established 8192 bind 8192)
[    0.230520] UDP hash table entries: 512 (order: 3, 32768 bytes, linear)
[    0.231318] UDP-Lite hash table entries: 512 (order: 3, 32768 bytes, linear)
[    0.232186] NET: Registered PF_UNIX/PF_LOCAL protocol family
[    0.232870] pci_bus 0000:00: resource 4 [io  0x0000-0x0cf7 window]
[    0.233608] pci_bus 0000:00: resource 5 [io  0x0d00-0xffff window]
[    0.234350] pci_bus 0000:00: resource 6 [mem 0x000a0000-0x000bffff window]
[    0.235176] pci_bus 0000:00: resource 7 [mem 0x40000000-0xfebfffff window]
[    0.235999] pci_bus 0000:00: resource 8 [mem 0x100000000-0x17fffffff window]
[    0.236863] pci 0000:00:01.0: PIIX3: Enabling Passive Release
[    0.237552] pci 0000:00:00.0: Limiting direct PCI/PCI transfers
[    0.238293] PCI: CLS 0 bytes, default 64
[    0.238806] kvm_intel: VMX not supported by CPU 0
[    0.239402] kvm_amd: TSC scaling supported
[    0.239901] kvm_amd: Nested Virtualization enabled
[    0.240471] kvm_amd: Nested Paging enabled
[    0.240964] kvm_amd: LBR virtualization supported
[    0.241530] kvm_amd: Virtual VMLOAD VMSAVE supported
[    0.242125] kvm_amd: Virtual GIF supported
[    0.242612] kvm_amd: Virtual NMI enabled
[    0.270410] clocksource: tsc: mask: 0xffffffffffffffff max_cycles: 0x40be4320a4d, max_idle_ns: 440795288133 ns
[    0.277760] Initialise system trusted keyrings
[    0.278375] workingset: timestamp_bits=56 max_order=18 bucket_order=0
[    0.279178] squashfs: version 4.0 (2009/01/31) Phillip Lougher
[    0.279891] fuse: init (API version 7.41)
[    0.280406] 9p: Installing v9fs 9p2000 file system support
[    0.287278] Key type asymmetric registered
[    0.287777] Asymmetric key parser 'x509' registered
[    0.288384] Block layer SCSI generic (bsg) driver version 0.4 loaded (major 249)
[    0.289297] io scheduler mq-deadline registered
[    0.289848] io scheduler kyber registered
[    0.291953] input: Power Button as /devices/LNXSYSTM:00/LNXPWRBN:00/input/input0
[    0.292892] ACPI: button: Power Button [PWRF]
[    0.293807] Warning: Processor Platform Limit event detected, but not handled.
[    0.294689] Consider compiling CPUfreq support into your kernel.
[    0.312580] ACPI: \_SB_.LNKB: Enabled at IRQ 10
[    0.328461] ACPI: \_SB_.LNKC: Enabled at IRQ 11
[    0.344254] ACPI: \_SB_.LNKA: Enabled at IRQ 10
[    0.345422] Serial: 8250/16550 driver, 4 ports, IRQ sharing enabled
[    0.346327] 00:03: ttyS0 at I/O 0x3f8 (irq = 4, base_baud = 115200) is a 16550A
[    0.369809] Non-volatile memory driver v1.3
[    0.370404] Linux agpgart interface v0.103
[    0.370938] printk: legacy console [hvc0] enabled
[    0.370971] ACPI: bus type drm_connector registered
[    0.371535] printk: legacy bootconsole [earlyser0] disabled
          _      _                                    
   __   _(_)_ __| |_ _ __ ___   ___       _ __   __ _ 
   \ \ / / |  __| __|  _   _ \ / _ \_____|  _ \ / _  |
    \ V /| | |  | |_| | | | | |  __/_____| | | | (_| |
     \_/ |_|_|   \__|_| |_| |_|\___|     |_| |_|\__  |
                                                |___/ 
   kernel version: 6.12.0-rc6-virtme x86_64
   (CTRL+d to exit)

root@virtme-ng:/nipa-data/kernel# PS1='xx__-> '
xx__-> env
PWD=/nipa-data/kernel
nr_open=1048576
HOME=/
TERM=xterm
SHLVL=2
XDG_RUNTIME_DIR=/run/user/0
PATH=/bin:/sbin:/usr/bin:/usr/sbin:/usr/local/bin
OLDPWD=/
_=/bin/env
xx__-> 