No EFI environment detected.
early console in extract_kernel
input_data: 0x00000000029b92c4
input_len: 0x0000000000bbcbdc
output: 0x0000000001000000
output_len: 0x000000000253013c
kernel_total_size: 0x0000000002430000
needed_size: 0x0000000002600000
trampoline_32bit: 0x0000000000000000
Physical KASLR using RDRAND RDTSC...
Virtual KASLR using RDRAND RDTSC...

Decompressing Linux... Parsing ELF... Performing relocations... done.
Booting the kernel (entry_offset: 0x0000000000fb21b0).
[    0.000000] Linux version 6.14.0-virtme (root@78f554e2e012) (gcc (Ubuntu 13.3.0-6ubuntu2~24.04) 13.3.0, GNU ld (GNU Binutils for Ubuntu) 2.42) #1 SMP PREEMPT_DYNAMIC Sat Apr  5 00:06:32 UTC 2025
[    0.000000] Command line: virtme_hostname=virtme-ng nr_open=1048576 virtme_link_mods=/nipa-data/kernel/.virtme_mods/lib/modules/0.0.0 virtme_initmount0=nipa-data/kernel virtme_rw_overlay0=/etc virtme_rw_overlay1=/lib virtme_rw_overlay2=/home virtme_rw_overlay3=/opt virtme_rw_overlay4=/srv virtme_rw_overlay5=/usr virtme_rw_overlay6=/var console=hvc0 earlyprintk=serial,ttyS0,115200 virtme_console=ttyS0 psmouse.proto=exps TERM=xterm virtme_chdir=nipa-data/kernel virtme_root_user=1 rootfstype=9p rootflags=version=9p2000.L,trans=virtio,access=any raid=noautodetect ro init=/usr/lib/python3/dist-packages/virtme/guest/virtme-init
[    0.000000] BIOS-provided physical RAM map:
[    0.000000] BIOS-e820: [mem 0x0000000000000000-0x000000000009fbff] usable
[    0.000000] BIOS-e820: [mem 0x000000000009fc00-0x000000000009ffff] reserved
[    0.000000] BIOS-e820: [mem 0x00000000000f0000-0x00000000000fffff] reserved
[    0.000000] BIOS-e820: [mem 0x0000000000100000-0x000000003ffdffff] usable
[    0.000000] BIOS-e820: [mem 0x000000003ffe0000-0x000000003fffffff] reserved
[    0.000000] BIOS-e820: [mem 0x00000000feffc000-0x00000000feffffff] reserved
[    0.000000] BIOS-e820: [mem 0x00000000fffc0000-0x00000000ffffffff] reserved
[    0.000000] BIOS-e820: [mem 0x000000fd00000000-0x000000ffffffffff] reserved
[    0.000000] printk: legacy bootconsole [earlyser0] enabled
[    0.000000] NX (Execute Disable) protection: active
[    0.000000] APIC: Static calls initialized
[    0.000000] SMBIOS 3.0.0 present.
[    0.000000] DMI: QEMU Ubuntu 24.04 PC (i440FX + PIIX, 1996), BIOS 1.16.3-debian-1.16.3-2 04/01/2014
[    0.000000] DMI: Memory slots populated: 1/1
[    0.000000] Hypervisor detected: KVM
[    0.000000] kvm-clock: Using msrs 4b564d01 and 4b564d00
[    0.000000] kvm-clock: using sched offset of 193335971 cycles
[    0.000368] clocksource: kvm-clock: mask: 0xffffffffffffffff max_cycles: 0x1cd42e4dffb, max_idle_ns: 881590591483 ns
[    0.001512] tsc: Detected 4491.524 MHz processor
[    0.002092] last_pfn = 0x3ffe0 max_arch_pfn = 0x400000000
[    0.002495] MTRR map: 4 entries (3 fixed + 1 variable; max 19), built from 8 variable MTRRs
[    0.003083] x86/PAT: Configuration [0-7]: WB  WC  UC- UC  WB  WP  UC- WT  
Memory KASLR using RDRAND RDTSC...
[    0.005078] found SMP MP-table at [mem 0x000f5470-0x000f547f]
[    0.005485] Using GB pages for direct mapping
[    0.005850] ACPI: Early table checksum verification disabled
[    0.006250] ACPI: RSDP 0x00000000000F5290 000014 (v00 BOCHS )
[    0.006658] ACPI: RSDT 0x000000003FFE27BC 000034 (v01 BOCHS  BXPC     00000001 BXPC 00000001)
[    0.007256] ACPI: FACP 0x000000003FFE2578 000074 (v01 BOCHS  BXPC     00000001 BXPC 00000001)
[    0.007862] ACPI: DSDT 0x000000003FFE0040 002538 (v01 BOCHS  BXPC     00000001 BXPC 00000001)
[    0.008462] ACPI: FACS 0x000000003FFE0000 000040
[    0.008788] ACPI: APIC 0x000000003FFE25EC 000170 (v03 BOCHS  BXPC     00000001 BXPC 00000001)
[    0.009389] ACPI: HPET 0x000000003FFE275C 000038 (v01 BOCHS  BXPC     00000001 BXPC 00000001)
[    0.010004] ACPI: WAET 0x000000003FFE2794 000028 (v01 BOCHS  BXPC     00000001 BXPC 00000001)
[    0.010608] ACPI: Reserving FACP table memory at [mem 0x3ffe2578-0x3ffe25eb]
[    0.011102] ACPI: Reserving DSDT table memory at [mem 0x3ffe0040-0x3ffe2577]
[    0.011596] ACPI: Reserving FACS table memory at [mem 0x3ffe0000-0x3ffe003f]
[    0.012089] ACPI: Reserving APIC table memory at [mem 0x3ffe25ec-0x3ffe275b]
[    0.012582] ACPI: Reserving HPET table memory at [mem 0x3ffe275c-0x3ffe2793]
[    0.013076] ACPI: Reserving WAET table memory at [mem 0x3ffe2794-0x3ffe27bb]
[    0.013707] No NUMA configuration found
[    0.013976] Faking a node at [mem 0x0000000000000000-0x000000003ffdffff]
[    0.014445] NODE_DATA(0) allocated [mem 0x3ffdb600-0x3ffdffff]
[    0.014863] Zone ranges:
[    0.015040]   DMA      [mem 0x0000000000001000-0x0000000000ffffff]
[    0.015473]   DMA32    [mem 0x0000000001000000-0x000000003ffdffff]
[    0.015905]   Normal   empty
[    0.016106]   Device   empty
[    0.016307] Movable zone start for each node
[    0.016606] Early memory node ranges
[    0.016855]   node   0: [mem 0x0000000000001000-0x000000000009efff]
[    0.017294]   node   0: [mem 0x0000000000100000-0x000000003ffdffff]
[    0.017734] Initmem setup node 0 [mem 0x0000000000001000-0x000000003ffdffff]
[    0.018229] On node 0, zone DMA: 1 pages in unavailable ranges
[    0.018645] On node 0, zone DMA: 97 pages in unavailable ranges
[    0.020012] On node 0, zone DMA32: 32 pages in unavailable ranges
[    0.020632] ACPI: PM-Timer IO Port: 0x608
[    0.020918] ACPI: LAPIC_NMI (acpi_id[0xff] dfl dfl lint[0x1])
[    0.021334] IOAPIC[0]: apic_id 0, version 17, address 0xfec00000, GSI 0-23
[    0.021819] ACPI: INT_SRC_OVR (bus 0 bus_irq 0 global_irq 2 dfl dfl)
[    0.022263] ACPI: INT_SRC_OVR (bus 0 bus_irq 5 global_irq 5 high level)
[    0.022725] ACPI: INT_SRC_OVR (bus 0 bus_irq 9 global_irq 9 high level)
[    0.023188] ACPI: INT_SRC_OVR (bus 0 bus_irq 10 global_irq 10 high level)
[    0.023662] ACPI: INT_SRC_OVR (bus 0 bus_irq 11 global_irq 11 high level)
[    0.024138] ACPI: Using ACPI (MADT) for SMP configuration information
[    0.024588] ACPI: HPET id: 0x8086a201 base: 0xfed00000
[    0.024948] TSC deadline timer available
[    0.025225] CPU topo: Max. logical packages:   1
[    0.025548] CPU topo: Max. logical dies:       1
[    0.025872] CPU topo: Max. dies per package:   1
[    0.026197] CPU topo: Max. threads per core:   1
[    0.026520] CPU topo: Num. cores per package:    32
[    0.026861] CPU topo: Num. threads per package:  32
[    0.027202] CPU topo: Allowing 32 present CPUs plus 0 hotplug CPUs
[    0.027641] kvm-guest: APIC: eoi() replaced with kvm_guest_apic_eoi_write()
[    0.028135] kvm-guest: KVM setup pv remote TLB flush
[    0.028485] kvm-guest: setup PV sched yield
[    0.028780] PM: hibernation: Registered nosave memory: [mem 0x00000000-0x00000fff]
[    0.029311] PM: hibernation: Registered nosave memory: [mem 0x0009f000-0x0009ffff]
[    0.029844] PM: hibernation: Registered nosave memory: [mem 0x000a0000-0x000effff]
[    0.030373] PM: hibernation: Registered nosave memory: [mem 0x000f0000-0x000fffff]
[    0.030903] [mem 0x40000000-0xfeffbfff] available for PCI devices
[    0.031329] Booting paravirtualized kernel on KVM
[    0.031659] clocksource: refined-jiffies: mask: 0xffffffff max_cycles: 0xffffffff, max_idle_ns: 1910969940391419 ns
[    0.035118] setup_percpu: NR_CPUS:64 nr_cpumask_bits:32 nr_cpu_ids:32 nr_node_ids:1
[    0.036230] percpu: Embedded 53 pages/cpu s178392 r8192 d30504 u262144
[    0.036719] Kernel command line: virtme_hostname=virtme-ng nr_open=1048576 virtme_link_mods=/nipa-data/kernel/.virtme_mods/lib/modules/0.0.0 virtme_initmount0=nipa-data/kernel virtme_rw_overlay0=/etc virtme_rw_overlay1=/lib virtme_rw_overlay2=/home virtme_rw_overlay3=/opt virtme_rw_overlay4=/srv virtme_rw_overlay5=/usr virtme_rw_overlay6=/var console=hvc0 earlyprintk=serial,ttyS0,115200 virtme_console=ttyS0 psmouse.proto=exps TERM=xterm virtme_chdir=nipa-data/kernel virtme_root_user=1 rootfstype=9p rootflags=version=9p2000.L,trans=virtio,access=any raid=noautodetect ro init=/usr/lib/python3/dist-packages/virtme/guest/virtme-init
[    0.040817] Unknown kernel command line parameters "virtme_hostname=virtme-ng nr_open=1048576 virtme_link_mods=/nipa-data/kernel/.virtme_mods/lib/modules/0.0.0 virtme_initmount0=nipa-data/kernel virtme_rw_overlay0=/etc virtme_rw_overlay1=/lib virtme_rw_overlay2=/home virtme_rw_overlay3=/opt virtme_rw_overlay4=/srv virtme_rw_overlay5=/usr virtme_rw_overlay6=/var virtme_console=ttyS0 virtme_chdir=nipa-data/kernel virtme_root_user=1", will be passed to user space.
[    0.043943] random: crng init done
[    0.044187] printk: log buffer data + meta data: 262144 + 917504 = 1179648 bytes
[    0.044748] Dentry cache hash table entries: 131072 (order: 8, 1048576 bytes, linear)
[    0.045329] Inode-cache hash table entries: 65536 (order: 7, 524288 bytes, linear)
[    0.045960] Fallback order for Node 0: 0 
[    0.045962] Built 1 zonelists, mobility grouping on.  Total pages: 262014
[    0.046738] Policy zone: DMA32
[    0.046958] mem auto-init: stack:all(zero), heap alloc:off, heap free:off
[    0.048005] SLUB: HWalign=64, Order=0-3, MinObjects=0, CPUs=32, Nodes=1
Poking KASLR using RDRAND RDTSC...
[    0.055313] ftrace: allocating 48724 entries in 192 pages
[    0.055701] ftrace: allocated 192 pages with 2 groups
[    0.056634] Dynamic Preempt: voluntary
[    0.057029] rcu: Preemptible hierarchical RCU implementation.
[    0.057441] rcu: RCU event tracing is enabled.
[    0.057768] rcu: RCU restricting CPUs from NR_CPUS=64 to nr_cpu_ids=32.
[    0.058246] Trampoline variant of Tasks RCU enabled.
[    0.058607] Rude variant of Tasks RCU enabled.
[    0.058930] Tracing variant of Tasks RCU enabled.
[    0.059272] rcu: RCU calculated value of scheduler-enlistment delay is 100 jiffies.
[    0.059825] rcu: Adjusting geometry for rcu_fanout_leaf=16, nr_cpu_ids=32
[    0.060317] RCU Tasks: Setting shift to 5 and lim to 1 rcu_task_cb_adjust=1 rcu_task_cpu_ids=32.
[    0.060951] RCU Tasks Rude: Setting shift to 5 and lim to 1 rcu_task_cb_adjust=1 rcu_task_cpu_ids=32.
[    0.061618] RCU Tasks Trace: Setting shift to 5 and lim to 1 rcu_task_cb_adjust=1 rcu_task_cpu_ids=32.
[    0.064003] NR_IRQS: 4352, nr_irqs: 680, preallocated irqs: 16
[    0.064586] rcu: srcu_init: Setting srcu_struct sizes based on contention.
[    0.065213] Console: colour *CGA 80x25
[    0.065486] ACPI: Core revision 20240827
[    0.065838] clocksource: hpet: mask: 0xffffffff max_cycles: 0xffffffff, max_idle_ns: 19112604467 ns
[    0.066539] APIC: Switch to symmetric I/O mode setup
[    0.067034] x2apic enabled
[    0.067397] APIC: Switched APIC routing to: physical x2apic
[    0.067799] kvm-guest: APIC: send_IPI_mask() replaced with kvm_send_ipi_mask()
[    0.068313] kvm-guest: APIC: send_IPI_mask_allbutself() replaced with kvm_send_ipi_mask_allbutself()
[    0.068949] kvm-guest: setup PV IPIs
[    0.069926] ..TIMER: vector=0x30 apic1=0 pin1=2 apic2=-1 pin2=-1
[    0.070703] clocksource: tsc-early: mask: 0xffffffffffffffff max_cycles: 0x40be215b5d9, max_idle_ns: 440795359804 ns
[    0.072031] Calibrating delay loop (skipped) preset value.. 8983.04 BogoMIPS (lpj=4491524)
[    0.073091] x86/cpu: User Mode Instruction Prevention (UMIP) activated
[    0.074077] Last level iTLB entries: 4KB 512, 2MB 255, 4MB 127
[    0.075029] Last level dTLB entries: 4KB 512, 2MB 255, 4MB 127, 1GB 0
[    0.076033] Spectre V1 : Mitigation: usercopy/swapgs barriers and __user pointer sanitization
[    0.077033] Spectre V2 : Mitigation: Enhanced / Automatic IBRS
[    0.077755] Spectre V2 : Spectre v2 / SpectreRSB mitigation: Filling RSB on context switch
[    0.078031] Spectre V2 : mitigation: Enabling conditional Indirect Branch Prediction Barrier
[    0.079031] Speculative Store Bypass: Mitigation: Speculative Store Bypass disabled via prctl
[    0.080030] Speculative Return Stack Overflow: IBPB-extending microcode not applied!
[    0.081029] Speculative Return Stack Overflow: WARNING: See https://kernel.org/doc/html/latest/admin-guide/hw-vuln/srso.html for mitigation options.
[    0.081030] Speculative Return Stack Overflow: Vulnerable: Safe RET, no microcode
[    0.083044] x86/fpu: Supporting XSAVE feature 0x001: 'x87 floating point registers'
[    0.084029] x86/fpu: Supporting XSAVE feature 0x002: 'SSE registers'
[    0.085029] x86/fpu: Supporting XSAVE feature 0x004: 'AVX registers'
[    0.086029] x86/fpu: Supporting XSAVE feature 0x020: 'AVX-512 opmask'
[    0.086815] x86/fpu: Supporting XSAVE feature 0x040: 'AVX-512 Hi256'
[    0.087029] x86/fpu: Supporting XSAVE feature 0x080: 'AVX-512 ZMM_Hi256'
[    0.088029] x86/fpu: Supporting XSAVE feature 0x200: 'Protection Keys User registers'
[    0.089030] x86/fpu: xstate_offset[2]:  576, xstate_sizes[2]:  256
[    0.090029] x86/fpu: xstate_offset[5]:  832, xstate_sizes[5]:   64
[    0.091029] x86/fpu: xstate_offset[6]:  896, xstate_sizes[6]:  512
[    0.091784] x86/fpu: xstate_offset[7]: 1408, xstate_sizes[7]: 1024
[    0.092029] x86/fpu: xstate_offset[9]: 2432, xstate_sizes[9]:    8
[    0.093029] x86/fpu: Enabled xstate features 0x2e7, context size is 2440 bytes, using 'compacted' format.
[    0.108660] Freeing SMP alternatives memory: 44K
[    0.109031] pid_max: default: 32768 minimum: 301
[    0.109613] Mount-cache hash table entries: 2048 (order: 2, 16384 bytes, linear)
[    0.110030] Mountpoint-cache hash table entries: 2048 (order: 2, 16384 bytes, linear)
[    0.111163] smpboot: CPU0: AMD Ryzen 9 7950X 16-Core Processor (family: 0x19, model: 0x61, stepping: 0x2)
[    0.112135] Performance Events: Fam17h+ core perfctr, AMD PMU driver.
[    0.112941] ... version:                0
[    0.113031] ... bit width:              48
[    0.113531] ... generic registers:      6
[    0.114020] ... value mask:             0000ffffffffffff
[    0.114031] ... max period:             00007fffffffffff
[    0.114679] ... fixed-purpose events:   0
[    0.115031] ... event mask:             000000000000003f
[    0.115753] signal: max sigframe size: 3376
[    0.116045] rcu: Hierarchical SRCU implementation.
[    0.116630] rcu: Max phase no-delay instances is 400.
[    0.117055] Timer migration: 2 hierarchy levels; 8 children per group; 2 crossnode level
[    0.120086] smp: Bringing up secondary CPUs ...
[    0.120697] smpboot: x86: Booting SMP configuration:
[    0.121032] .... node  #0, CPUs:        #1  #2  #3  #4  #5  #6  #7  #8  #9 #10 #11 #12 #13 #14 #15 #16 #17 #18 #19 #20 #21 #22 #23 #24 #25 #26 #27 #28 #29 #30 #31
[    0.135119] smp: Brought up 1 node, 32 CPUs
[    0.136547] smpboot: Total of 32 processors activated (287457.53 BogoMIPS)
[    0.138168] Memory: 971000K/1048056K available (16073K kernel code, 2476K rwdata, 6428K rodata, 3196K init, 1688K bss, 62536K reserved, 0K cma-reserved)
[    0.139154] devtmpfs: initialized
[    0.139477] x86/mm: Memory block size: 128MB
[    0.140744] clocksource: jiffies: mask: 0xffffffff max_cycles: 0xffffffff, max_idle_ns: 1911260446275000 ns
[    0.141032] posixtimers hash table entries: 16384 (order: 6, 262144 bytes, linear)
[    0.141981] futex hash table entries: 8192 (order: 7, 524288 bytes, linear)
[    0.142111] PM: RTC time: 00:06:55, date: 2025-04-05
[    0.143035] NET: Registered PF_NETLINK/PF_ROUTE protocol family
[    0.143907] thermal_sys: Registered thermal governor 'step_wise'
[    0.143916] cpuidle: using governor menu
[    0.145395] PCI: Using configuration type 1 for base access
[    0.146035] PCI: Using configuration type 1 for extended access
[    0.146830] kprobes: kprobe jump-optimization is enabled. All kprobes are optimized if possible.
[    0.151038] HugeTLB: allocation took 0ms with hugepage_allocation_threads=8
[    0.151057] HugeTLB: registered 1.00 GiB page size, pre-allocated 0 pages
[    0.151880] HugeTLB: 16380 KiB vmemmap can be freed for a 1.00 GiB page
[    0.153031] HugeTLB: registered 2.00 MiB page size, pre-allocated 0 pages
[    0.153854] HugeTLB: 28 KiB vmemmap can be freed for a 2.00 MiB page
[    0.155094] ACPI: Added _OSI(Module Device)
[    0.155590] ACPI: Added _OSI(Processor Device)
[    0.156031] ACPI: Added _OSI(3.0 _SCP Extensions)
[    0.156603] ACPI: Added _OSI(Processor Aggregator Device)
[    0.157669] ACPI: 1 ACPI AML tables successfully acquired and loaded
[    0.161729] ACPI: Interpreter enabled
[    0.162039] ACPI: PM: (supports S0 S3 S4 S5)
[    0.162558] ACPI: Using IOAPIC for interrupt routing
[    0.163039] PCI: Using host bridge windows from ACPI; if necessary, use "pci=nocrs" and report a bug
[    0.164031] PCI: Using E820 reservations for host bridge windows
[    0.164844] ACPI: Enabled 2 GPEs in block 00 to 0F
[    0.167606] ACPI: PCI Root Bridge [PCI0] (domain 0000 [bus 00-ff])
[    0.169033] acpi PNP0A03:00: _OSC: OS supports [ExtendedConfig ASPM ClockPM Segments MSI HPX-Type3]
[    0.170117] PCI host bridge to bus 0000:00
[    0.170619] pci_bus 0000:00: root bus resource [io  0x0000-0x0cf7 window]
[    0.171031] pci_bus 0000:00: root bus resource [io  0x0d00-0xffff window]
[    0.171854] pci_bus 0000:00: root bus resource [mem 0x000a0000-0x000bffff window]
[    0.173031] pci_bus 0000:00: root bus resource [mem 0x40000000-0xfebfffff window]
[    0.173945] pci_bus 0000:00: root bus resource [mem 0x100000000-0x17fffffff window]
[    0.175031] pci_bus 0000:00: root bus resource [bus 00-ff]
[    0.175780] pci 0000:00:00.0: [8086:1237] type 00 class 0x060000 conventional PCI endpoint
[    0.177293] pci 0000:00:01.0: [8086:7000] type 00 class 0x060100 conventional PCI endpoint
[    0.178293] pci 0000:00:01.1: [8086:7010] type 00 class 0x010180 conventional PCI endpoint
[    0.179510] pci 0000:00:01.1: BAR 4 [io  0xc0c0-0xc0cf]
[    0.180049] pci 0000:00:01.1: BAR 0 [io  0x01f0-0x01f7]: legacy IDE quirk
[    0.180876] pci 0000:00:01.1: BAR 1 [io  0x03f6]: legacy IDE quirk
[    0.182031] pci 0000:00:01.1: BAR 2 [io  0x0170-0x0177]: legacy IDE quirk
[    0.182857] pci 0000:00:01.1: BAR 3 [io  0x0376]: legacy IDE quirk
[    0.183120] pci 0000:00:01.3: [8086:7113] type 00 class 0x068000 conventional PCI endpoint
[    0.185220] pci 0000:00:01.3: quirk: [io  0x0600-0x063f] claimed by PIIX4 ACPI
[    0.186035] pci 0000:00:01.3: quirk: [io  0x0700-0x070f] claimed by PIIX4 SMB
[    0.187062] pci 0000:00:02.0: [1af4:1009] type 00 class 0x000200 conventional PCI endpoint
[    0.189023] pci 0000:00:02.0: BAR 0 [io  0xc000-0xc03f]
[    0.189036] pci 0000:00:02.0: BAR 1 [mem 0xfebfc000-0xfebfcfff]
[    0.189770] pci 0000:00:02.0: BAR 4 [mem 0xfebf0000-0xfebf3fff 64bit pref]
[    0.191600] pci 0000:00:03.0: [1af4:1009] type 00 class 0x000200 conventional PCI endpoint
[    0.193472] pci 0000:00:03.0: BAR 0 [io  0xc040-0xc07f]
[    0.194035] pci 0000:00:03.0: BAR 1 [mem 0xfebfd000-0xfebfdfff]
[    0.194764] pci 0000:00:03.0: BAR 4 [mem 0xfebf4000-0xfebf7fff 64bit pref]
[    0.195539] pci 0000:00:04.0: [8086:25ab] type 00 class 0x088000 conventional PCI endpoint
[    0.197299] pci 0000:00:04.0: BAR 0 [mem 0xfebfe000-0xfebfe00f]
[    0.198405] pci 0000:00:05.0: [1af4:1003] type 00 class 0x078000 conventional PCI endpoint
[    0.199928] pci 0000:00:05.0: BAR 0 [io  0xc080-0xc0bf]
[    0.201035] pci 0000:00:05.0: BAR 1 [mem 0xfebff000-0xfebfffff]
[    0.201764] pci 0000:00:05.0: BAR 4 [mem 0xfebf8000-0xfebfbfff 64bit pref]
[    0.202736] ACPI: PCI: Interrupt link LNKA configured for IRQ 10
[    0.204132] ACPI: PCI: Interrupt link LNKB configured for IRQ 10
[    0.204960] ACPI: PCI: Interrupt link LNKC configured for IRQ 11
[    0.205122] ACPI: PCI: Interrupt link LNKD configured for IRQ 11
[    0.205918] ACPI: PCI: Interrupt link LNKS configured for IRQ 9
[    0.207843] iommu: Default domain type: Translated
[    0.208031] iommu: DMA domain TLB invalidation policy: lazy mode
[    0.208814] SCSI subsystem initialized
[    0.210063] pps_core: LinuxPPS API ver. 1 registered
[    0.210664] pps_core: Software ver. 5.3.6 - Copyright 2005-2007 Rodolfo Giometti <giometti@linux.it>
[    0.211034] PTP clock support registered
[    0.212047] Advanced Linux Sound Architecture Driver Initialized.
[    0.213283] NET: Registered PF_ATMPVC protocol family
[    0.213900] NET: Registered PF_ATMSVC protocol family
[    0.214037] PCI: Using ACPI for IRQ routing
[    0.215041] vgaarb: loaded
[    0.215364] hpet0: at MMIO 0xfed00000, IRQs 2, 8, 0
[    0.215626] hpet0: 3 comparators, 64-bit 100.000000 MHz counter
[    0.220157] clocksource: Switched to clocksource kvm-clock
[    0.220930] VFS: Disk quotas dquot_6.6.0
[    0.221322] VFS: Dquot-cache hash table entries: 512 (order 0, 4096 bytes)
[    0.222229] pnp: PnP ACPI init
[    0.222770] pnp: PnP ACPI: found 5 devices
[    0.229758] clocksource: acpi_pm: mask: 0xffffff max_cycles: 0xffffff, max_idle_ns: 2085701024 ns
[    0.230850] NET: Registered PF_INET protocol family
[    0.231470] IP idents hash table entries: 16384 (order: 5, 131072 bytes, linear)
[    0.232509] tcp_listen_portaddr_hash hash table entries: 512 (order: 1, 8192 bytes, linear)
[    0.233535] Table-perturb hash table entries: 65536 (order: 6, 262144 bytes, linear)
[    0.234482] TCP established hash table entries: 8192 (order: 4, 65536 bytes, linear)
[    0.235431] TCP bind hash table entries: 8192 (order: 6, 262144 bytes, linear)
[    0.236341] TCP: Hash tables configured (established 8192 bind 8192)
[    0.237134] UDP hash table entries: 512 (order: 3, 32768 bytes, linear)
[    0.237934] UDP-Lite hash table entries: 512 (order: 3, 32768 bytes, linear)
[    0.238827] NET: Registered PF_UNIX/PF_LOCAL protocol family
[    0.239526] pci_bus 0000:00: resource 4 [io  0x0000-0x0cf7 window]
[    0.240285] pci_bus 0000:00: resource 5 [io  0x0d00-0xffff window]
[    0.241034] pci_bus 0000:00: resource 6 [mem 0x000a0000-0x000bffff window]
[    0.241862] pci_bus 0000:00: resource 7 [mem 0x40000000-0xfebfffff window]
[    0.242702] pci_bus 0000:00: resource 8 [mem 0x100000000-0x17fffffff window]
[    0.243586] pci 0000:00:01.0: PIIX3: Enabling Passive Release
[    0.244287] pci 0000:00:00.0: Limiting direct PCI/PCI transfers
[    0.245035] PCI: CLS 0 bytes, default 64
[    0.245588] kvm_intel: VMX not supported by CPU 5
[    0.246175] kvm_amd: TSC scaling supported
[    0.246672] kvm_amd: Nested Virtualization enabled
[    0.247263] kvm_amd: Nested Paging enabled
[    0.247756] kvm_amd: LBR virtualization supported
[    0.248344] kvm_amd: Virtual GIF supported
[    0.248836] kvm_amd: Virtual NMI enabled
[    0.272995] clocksource: tsc: mask: 0xffffffffffffffff max_cycles: 0x40be215b5d9, max_idle_ns: 440795359804 ns
[    0.279749] Initialise system trusted keyrings
[    0.280348] workingset: timestamp_bits=56 max_order=18 bucket_order=0
[    0.281156] squashfs: version 4.0 (2009/01/31) Phillip Lougher
[    0.281869] fuse: init (API version 7.43)
[    0.282399] 9p: Installing v9fs 9p2000 file system support
[    0.289479] Key type asymmetric registered
[    0.289987] Asymmetric key parser 'x509' registered
[    0.290593] Block layer SCSI generic (bsg) driver version 0.4 loaded (major 249)
[    0.291515] io scheduler mq-deadline registered
[    0.292076] io scheduler kyber registered
[    0.294010] input: Power Button as /devices/LNXSYSTM:00/LNXPWRBN:00/input/input0
[    0.294987] ACPI: button: Power Button [PWRF]
[    0.295921] Warning: Processor Platform Limit event detected, but not handled.
[    0.296835] Consider compiling CPUfreq support into your kernel.
[    0.313992] ACPI: \_SB_.LNKB: Enabled at IRQ 10
[    0.329481] ACPI: \_SB_.LNKC: Enabled at IRQ 11
[    0.344929] ACPI: \_SB_.LNKA: Enabled at IRQ 10
[    0.345982] Serial: 8250/16550 driver, 4 ports, IRQ sharing enabled
[    0.346844] 00:03: ttyS0 at I/O 0x3f8 (irq = 4, base_baud = 115200) is a 16550A
[    0.369307] Non-volatile memory driver v1.3
[    0.369869] Linux agpgart interface v0.103
[    0.369927] ACPI: bus type drm_connector registered
[    0.371077] printk: legacy console [hvc0] enabled
[    0.371660] printk: legacy bootconsole [earlyser0] disabled
          _      _                                    
   __   _(_)_ __| |_ _ __ ___   ___       _ __   __ _ 
   \ \ / / |  __| __|  _   _ \ / _ \_____|  _ \ / _  |
    \ V /| | |  | |_| | | | | |  __/_____| | | | (_| |
     \_/ |_|_|   \__|_| |_| |_|\___|     |_| |_|\__  |
                                                |___/ 
   kernel version: 6.14.0-virtme x86_64
   (CTRL+d to exit)

root@virtme-ng:/nipa-data/kernel# PS1='xx__-> '
xx__-> env
PWD=/nipa-data/kernel
nr_open=1048576
HOME=/
TERM=xterm
SHLVL=2
XDG_RUNTIME_DIR=/run/user/0
PATH=/bin:/sbin:/usr/bin:/usr/sbin:/usr/local/bin
OLDPWD=/
_=/bin/env
xx__-> 