No EFI environment detected.
early console in extract_kernel
input_data: 0x00000000029ea2b9
input_len: 0x0000000000b2597a
output: 0x0000000001000000
output_len: 0x00000000024ca7b0
kernel_total_size: 0x0000000002230000
needed_size: 0x0000000002600000
trampoline_32bit: 0x0000000000000000
Physical KASLR using RDRAND RDTSC...
Virtual KASLR using RDRAND RDTSC...

Decompressing Linux... Parsing ELF... Performing relocations... done.
Booting the kernel (entry_offset: 0x0000000000000000).
[    0.000000] Linux version 6.9.0-rc5-virtme (root@71460bcd6e7a) (gcc (Alpine 13.2.1_git20240309) 13.2.1 20240309, GNU ld (GNU Binutils) 2.42) #1 SMP PREEMPT_DYNAMIC Wed May  1 15:06:06 UTC 2024
[    0.000000] Command line: virtme_hostname=virtme-ng nr_open=1048576 virtme_link_mods=/nipa-data/kernel/.virtme_mods/lib/modules/0.0.0 virtme_initmount0=nipa-data/kernel virtme_rw_overlay0=/etc virtme_rw_overlay1=/lib virtme_rw_overlay2=/home virtme_rw_overlay3=/opt virtme_rw_overlay4=/srv virtme_rw_overlay5=/usr virtme_rw_overlay6=/var console=hvc0 earlyprintk=serial,ttyS0,115200 virtme_console=ttyS0 psmouse.proto=exps TERM=xterm virtme_chdir=nipa-data/kernel virtme_root_user=1 rootfstype=9p rootflags=version=9p2000.L,trans=virtio,access=any raid=noautodetect ro init=/usr/lib/python3.12/site-packages/virtme/guest/virtme-init
[    0.000000] BIOS-provided physical RAM map:
[    0.000000] BIOS-e820: [mem 0x0000000000000000-0x000000000009fbff] usable
[    0.000000] BIOS-e820: [mem 0x000000000009fc00-0x000000000009ffff] reserved
[    0.000000] BIOS-e820: [mem 0x00000000000f0000-0x00000000000fffff] reserved
[    0.000000] BIOS-e820: [mem 0x0000000000100000-0x000000003ffdffff] usable
[    0.000000] BIOS-e820: [mem 0x000000003ffe0000-0x000000003fffffff] reserved
[    0.000000] BIOS-e820: [mem 0x00000000feffc000-0x00000000feffffff] reserved
[    0.000000] BIOS-e820: [mem 0x00000000fffc0000-0x00000000ffffffff] reserved
[    0.000000] BIOS-e820: [mem 0x000000fd00000000-0x000000ffffffffff] reserved
[    0.000000] printk: legacy bootconsole [earlyser0] enabled
[    0.000000] NX (Execute Disable) protection: active
[    0.000000] APIC: Static calls initialized
[    0.000000] SMBIOS 2.8 present.
[    0.000000] DMI: QEMU Standard PC (i440FX + PIIX, 1996), BIOS rel-1.16.3-0-ga6ed6b701f0a-prebuilt.qemu.org 04/01/2014
[    0.000000] Hypervisor detected: KVM
[    0.000000] kvm-clock: Using msrs 4b564d01 and 4b564d00
[    0.000000] kvm-clock: using sched offset of 246969909 cycles
[    0.000380] clocksource: kvm-clock: mask: 0xffffffffffffffff max_cycles: 0x1cd42e4dffb, max_idle_ns: 881590591483 ns
[    0.001590] tsc: Detected 4491.556 MHz processor
[    0.002182] last_pfn = 0x3ffe0 max_arch_pfn = 0x400000000
[    0.002606] MTRR map: 4 entries (3 fixed + 1 variable; max 19), built from 8 variable MTRRs
[    0.003215] x86/PAT: Configuration [0-7]: WB  WC  UC- UC  WB  WP  UC- WT  
Memory KASLR using RDRAND RDTSC...
[    0.005258] found SMP MP-table at [mem 0x000f5470-0x000f547f]
[    0.005691] Using GB pages for direct mapping
[    0.006046] ACPI: Early table checksum verification disabled
[    0.006457] ACPI: RSDP 0x00000000000F5290 000014 (v00 BOCHS )
[    0.006884] ACPI: RSDT 0x000000003FFE27BC 000034 (v01 BOCHS  BXPC     00000001 BXPC 00000001)
[    0.007517] ACPI: FACP 0x000000003FFE2578 000074 (v01 BOCHS  BXPC     00000001 BXPC 00000001)
[    0.008152] ACPI: DSDT 0x000000003FFE0040 002538 (v01 BOCHS  BXPC     00000001 BXPC 00000001)
[    0.008840] ACPI: FACS 0x000000003FFE0000 000040
[    0.009252] ACPI: APIC 0x000000003FFE25EC 000170 (v03 BOCHS  BXPC     00000001 BXPC 00000001)
[    0.010012] ACPI: HPET 0x000000003FFE275C 000038 (v01 BOCHS  BXPC     00000001 BXPC 00000001)
[    0.010770] ACPI: WAET 0x000000003FFE2794 000028 (v01 BOCHS  BXPC     00000001 BXPC 00000001)
[    0.011418] ACPI: Reserving FACP table memory at [mem 0x3ffe2578-0x3ffe25eb]
[    0.011946] ACPI: Reserving DSDT table memory at [mem 0x3ffe0040-0x3ffe2577]
[    0.012458] ACPI: Reserving FACS table memory at [mem 0x3ffe0000-0x3ffe003f]
[    0.012970] ACPI: Reserving APIC table memory at [mem 0x3ffe25ec-0x3ffe275b]
[    0.013481] ACPI: Reserving HPET table memory at [mem 0x3ffe275c-0x3ffe2793]
[    0.013994] ACPI: Reserving WAET table memory at [mem 0x3ffe2794-0x3ffe27bb]
[    0.014651] No NUMA configuration found
[    0.014937] Faking a node at [mem 0x0000000000000000-0x000000003ffdffff]
[    0.015432] NODE_DATA(0) allocated [mem 0x3ffdb000-0x3ffdffff]
[    0.015870] Zone ranges:
[    0.016056]   DMA      [mem 0x0000000000001000-0x0000000000ffffff]
[    0.016508]   DMA32    [mem 0x0000000001000000-0x000000003ffdffff]
[    0.016966]   Normal   empty
[    0.017178]   Device   empty
[    0.017389] Movable zone start for each node
[    0.017703] Early memory node ranges
[    0.017966]   node   0: [mem 0x0000000000001000-0x000000000009efff]
[    0.018427]   node   0: [mem 0x0000000000100000-0x000000003ffdffff]
[    0.018888] Initmem setup node 0 [mem 0x0000000000001000-0x000000003ffdffff]
[    0.019410] On node 0, zone DMA: 1 pages in unavailable ranges
[    0.019849] On node 0, zone DMA: 97 pages in unavailable ranges
[    0.021485] On node 0, zone DMA32: 32 pages in unavailable ranges
[    0.022301] ACPI: PM-Timer IO Port: 0x608
[    0.022672] ACPI: LAPIC_NMI (acpi_id[0xff] dfl dfl lint[0x1])
[    0.023230] IOAPIC[0]: apic_id 0, version 17, address 0xfec00000, GSI 0-23
[    0.023861] ACPI: INT_SRC_OVR (bus 0 bus_irq 0 global_irq 2 dfl dfl)
[    0.024444] ACPI: INT_SRC_OVR (bus 0 bus_irq 5 global_irq 5 high level)
[    0.025052] ACPI: INT_SRC_OVR (bus 0 bus_irq 9 global_irq 9 high level)
[    0.025658] ACPI: INT_SRC_OVR (bus 0 bus_irq 10 global_irq 10 high level)
[    0.026276] ACPI: INT_SRC_OVR (bus 0 bus_irq 11 global_irq 11 high level)
[    0.026899] ACPI: Using ACPI (MADT) for SMP configuration information
[    0.027490] ACPI: HPET id: 0x8086a201 base: 0xfed00000
[    0.027961] TSC deadline timer available
[    0.028322] CPU topo: Max. logical packages:   1
[    0.028738] CPU topo: Max. logical dies:       1
[    0.029149] CPU topo: Max. dies per package:   1
[    0.029565] CPU topo: Max. threads per core:   1
[    0.029980] CPU topo: Num. cores per package:    32
[    0.030413] CPU topo: Num. threads per package:  32
[    0.030846] CPU topo: Allowing 32 present CPUs plus 0 hotplug CPUs
[    0.031413] kvm-guest: APIC: eoi() replaced with kvm_guest_apic_eoi_write()
[    0.031979] kvm-guest: KVM setup pv remote TLB flush
[    0.032345] kvm-guest: setup PV sched yield
[    0.032674] PM: hibernation: Registered nosave memory: [mem 0x00000000-0x00000fff]
[    0.033230] PM: hibernation: Registered nosave memory: [mem 0x0009f000-0x0009ffff]
[    0.033794] PM: hibernation: Registered nosave memory: [mem 0x000a0000-0x000effff]
[    0.034347] PM: hibernation: Registered nosave memory: [mem 0x000f0000-0x000fffff]
[    0.034912] [mem 0x40000000-0xfeffbfff] available for PCI devices
[    0.035365] Booting paravirtualized kernel on KVM
[    0.035764] clocksource: refined-jiffies: mask: 0xffffffff max_cycles: 0xffffffff, max_idle_ns: 1910969940391419 ns
[    0.039798] setup_percpu: NR_CPUS:64 nr_cpumask_bits:32 nr_cpu_ids:32 nr_node_ids:1
[    0.041108] percpu: Embedded 58 pages/cpu s198952 r8192 d30424 u262144
[    0.041636] Kernel command line: virtme_hostname=virtme-ng nr_open=1048576 virtme_link_mods=/nipa-data/kernel/.virtme_mods/lib/modules/0.0.0 virtme_initmount0=nipa-data/kernel virtme_rw_overlay0=/etc virtme_rw_overlay1=/lib virtme_rw_overlay2=/home virtme_rw_overlay3=/opt virtme_rw_overlay4=/srv virtme_rw_overlay5=/usr virtme_rw_overlay6=/var console=hvc0 earlyprintk=serial,ttyS0,115200 virtme_console=ttyS0 psmouse.proto=exps TERM=xterm virtme_chdir=nipa-data/kernel virtme_root_user=1 rootfstype=9p rootflags=version=9p2000.L,trans=virtio,access=any raid=noautodetect ro init=/usr/lib/python3.12/site-packages/virtme/guest/virtme-init
[    0.046531] Unknown kernel command line parameters "virtme_hostname=virtme-ng nr_open=1048576 virtme_link_mods=/nipa-data/kernel/.virtme_mods/lib/modules/0.0.0 virtme_initmount0=nipa-data/kernel virtme_rw_overlay0=/etc virtme_rw_overlay1=/lib virtme_rw_overlay2=/home virtme_rw_overlay3=/opt virtme_rw_overlay4=/srv virtme_rw_overlay5=/usr virtme_rw_overlay6=/var virtme_console=ttyS0 virtme_chdir=nipa-data/kernel virtme_root_user=1", will be passed to user space.
[    0.049879] random: crng init done
[    0.050161] Dentry cache hash table entries: 131072 (order: 8, 1048576 bytes, linear)
[    0.050788] Inode-cache hash table entries: 65536 (order: 7, 524288 bytes, linear)
[    0.051455] Fallback order for Node 0: 0 
[    0.051457] Built 1 zonelists, mobility grouping on.  Total pages: 257760
[    0.052293] Policy zone: DMA32
[    0.052539] mem auto-init: stack:all(zero), heap alloc:off, heap free:off
[    0.053850] Memory: 986616K/1048056K available (16384K kernel code, 2403K rwdata, 6108K rodata, 3056K init, 2100K bss, 61180K reserved, 0K cma-reserved)
[    0.054935] SLUB: HWalign=64, Order=0-3, MinObjects=0, CPUs=32, Nodes=1
Poking KASLR using RDRAND RDTSC...
[    0.055711] ftrace: allocating 47621 entries in 187 pages
[    0.062723] ftrace: allocated 187 pages with 6 groups
[    0.063730] Dynamic Preempt: voluntary
[    0.064151] rcu: Preemptible hierarchical RCU implementation.
[    0.064601] rcu: RCU event tracing is enabled.
[    0.064946] rcu: RCU restricting CPUs from NR_CPUS=64 to nr_cpu_ids=32.
[    0.065455] Trampoline variant of Tasks RCU enabled.
[    0.065862] Rude variant of Tasks RCU enabled.
[    0.066213] Tracing variant of Tasks RCU enabled.
[    0.066602] rcu: RCU calculated value of scheduler-enlistment delay is 100 jiffies.
[    0.067317] rcu: Adjusting geometry for rcu_fanout_leaf=16, nr_cpu_ids=32
[    0.067886] RCU Tasks: Setting shift to 5 and lim to 1 rcu_task_cb_adjust=1.
[    0.068425] RCU Tasks Rude: Setting shift to 5 and lim to 1 rcu_task_cb_adjust=1.
[    0.069010] RCU Tasks Trace: Setting shift to 5 and lim to 1 rcu_task_cb_adjust=1.
[    0.071018] NR_IRQS: 4352, nr_irqs: 680, preallocated irqs: 16
[    0.071636] rcu: srcu_init: Setting srcu_struct sizes based on contention.
[    0.072302] Console: colour *CGA 80x25
[    0.072611] ACPI: Core revision 20230628
[    0.072978] clocksource: hpet: mask: 0xffffffff max_cycles: 0xffffffff, max_idle_ns: 19112604467 ns
[    0.073748] APIC: Switch to symmetric I/O mode setup
[    0.074137] APIC: Switched APIC routing to: physical flat
[    0.074556] kvm-guest: APIC: send_IPI_mask() replaced with kvm_send_ipi_mask()
[    0.075096] kvm-guest: APIC: send_IPI_mask_allbutself() replaced with kvm_send_ipi_mask_allbutself()
[    0.075798] kvm-guest: setup PV IPIs
[    0.076857] ..TIMER: vector=0x30 apic1=0 pin1=2 apic2=-1 pin2=-1
[    0.077687] tsc: Marking TSC unstable due to TSCs unsynchronized
[    0.078497] Calibrating delay loop (skipped) preset value.. 8983.11 BogoMIPS (lpj=4491556)
[    0.079556] x86/cpu: User Mode Instruction Prevention (UMIP) activated
[    0.080545] Last level iTLB entries: 4KB 512, 2MB 255, 4MB 127
[    0.081495] Last level dTLB entries: 4KB 512, 2MB 255, 4MB 127, 1GB 0
[    0.082500] Spectre V1 : Mitigation: usercopy/swapgs barriers and __user pointer sanitization
[    0.083499] Spectre V2 : Mitigation: Enhanced / Automatic IBRS
[    0.084496] Spectre V2 : Spectre v2 / SpectreRSB mitigation: Filling RSB on context switch
[    0.085497] Spectre V2 : mitigation: Enabling conditional Indirect Branch Prediction Barrier
[    0.086498] Speculative Store Bypass: Mitigation: Speculative Store Bypass disabled via prctl
[    0.087496] Speculative Return Stack Overflow: IBPB-extending microcode not applied!
[    0.088496] Speculative Return Stack Overflow: WARNING: See https://kernel.org/doc/html/latest/admin-guide/hw-vuln/srso.html for mitigation options.
[    0.088496] Speculative Return Stack Overflow: Vulnerable: Safe RET, no microcode
[    0.090515] x86/fpu: Supporting XSAVE feature 0x001: 'x87 floating point registers'
[    0.091496] x86/fpu: Supporting XSAVE feature 0x002: 'SSE registers'
[    0.092496] x86/fpu: Supporting XSAVE feature 0x004: 'AVX registers'
[    0.093496] x86/fpu: Supporting XSAVE feature 0x020: 'AVX-512 opmask'
[    0.094496] x86/fpu: Supporting XSAVE feature 0x040: 'AVX-512 Hi256'
[    0.095496] x86/fpu: Supporting XSAVE feature 0x080: 'AVX-512 ZMM_Hi256'
[    0.096496] x86/fpu: Supporting XSAVE feature 0x200: 'Protection Keys User registers'
[    0.097496] x86/fpu: xstate_offset[2]:  576, xstate_sizes[2]:  256
[    0.098288] x86/fpu: xstate_offset[5]:  832, xstate_sizes[5]:   64
[    0.098496] x86/fpu: xstate_offset[6]:  896, xstate_sizes[6]:  512
[    0.099496] x86/fpu: xstate_offset[7]: 1408, xstate_sizes[7]: 1024
[    0.100496] x86/fpu: xstate_offset[9]: 2432, xstate_sizes[9]:    8
[    0.101496] x86/fpu: Enabled xstate features 0x2e7, context size is 2440 bytes, using 'compacted' format.
[    0.116867] Freeing SMP alternatives memory: 40K
[    0.117461] pid_max: default: 32768 minimum: 301
[    0.117519] Mount-cache hash table entries: 2048 (order: 2, 16384 bytes, linear)
[    0.118496] Mountpoint-cache hash table entries: 2048 (order: 2, 16384 bytes, linear)
[    0.119647] smpboot: CPU0: AMD Ryzen 9 7950X 16-Core Processor (family: 0x19, model: 0x61, stepping: 0x2)
[    0.120605] Performance Events: Fam17h+ core perfctr, AMD PMU driver.
[    0.121447] ... version:                0
[    0.121497] ... bit width:              48
[    0.122019] ... generic registers:      6
[    0.122497] ... value mask:             0000ffffffffffff
[    0.123170] ... max period:             00007fffffffffff
[    0.123497] ... fixed-purpose events:   0
[    0.124010] ... event mask:             000000000000003f
[    0.124579] signal: max sigframe size: 3376
[    0.125133] rcu: Hierarchical SRCU implementation.
[    0.125498] rcu: Max phase no-delay instances is 400.
[    0.128300] smp: Bringing up secondary CPUs ...
[    0.128548] smpboot: x86: Booting SMP configuration:
[    0.129181] .... node  #0, CPUs:        #1  #2  #3  #4  #5  #6  #7  #8  #9 #10 #11 #12 #13 #14 #15 #16 #17 #18 #19 #20 #21 #22 #23 #24 #25 #26 #27 #28 #29 #30 #31
[    0.152648] smp: Brought up 1 node, 32 CPUs
[    0.154046] smpboot: Total of 32 processors activated (287459.58 BogoMIPS)
[    0.163561] devtmpfs: initialized
[    0.163957] x86/mm: Memory block size: 128MB
[    0.165302] clocksource: jiffies: mask: 0xffffffff max_cycles: 0xffffffff, max_idle_ns: 1911260446275000 ns
[    0.165499] futex hash table entries: 8192 (order: 7, 524288 bytes, linear)
[    0.166464] PM: RTC time: 15:06:37, date: 2024-05-01
[    0.166852] NET: Registered PF_NETLINK/PF_ROUTE protocol family
[    0.167617] thermal_sys: Registered thermal governor 'step_wise'
[    0.167618] thermal_sys: Registered thermal governor 'user_space'
[    0.168406] cpuidle: using governor menu
[    0.169722] PCI: Using configuration type 1 for base access
[    0.170504] PCI: Using configuration type 1 for extended access
[    0.171322] kprobes: kprobe jump-optimization is enabled. All kprobes are optimized if possible.
[    0.185890] HugeTLB: registered 1.00 GiB page size, pre-allocated 0 pages
[    0.186497] HugeTLB: 16380 KiB vmemmap can be freed for a 1.00 GiB page
[    0.187362] HugeTLB: registered 2.00 MiB page size, pre-allocated 0 pages
[    0.187497] HugeTLB: 28 KiB vmemmap can be freed for a 2.00 MiB page
[    0.188349] Demotion targets for Node 0: null
[    0.188532] ACPI: Added _OSI(Module Device)
[    0.189089] ACPI: Added _OSI(Processor Device)
[    0.189498] ACPI: Added _OSI(3.0 _SCP Extensions)
[    0.190116] ACPI: Added _OSI(Processor Aggregator Device)
[    0.191195] ACPI: 1 ACPI AML tables successfully acquired and loaded
[    0.192097] ACPI: _OSC evaluation for CPUs failed, trying _PDC
[    0.192632] ACPI: Interpreter enabled
[    0.193116] ACPI: PM: (supports S0 S3 S4 S5)
[    0.193497] ACPI: Using IOAPIC for interrupt routing
[    0.194156] PCI: Using host bridge windows from ACPI; if necessary, use "pci=nocrs" and report a bug
[    0.194498] PCI: Using E820 reservations for host bridge windows
[    0.195354] ACPI: Enabled 2 GPEs in block 00 to 0F
[    0.198169] ACPI: PCI Root Bridge [PCI0] (domain 0000 [bus 00-ff])
[    0.198500] acpi PNP0A03:00: _OSC: OS supports [ExtendedConfig ASPM ClockPM Segments MSI HPX-Type3]
[    0.199588] PCI host bridge to bus 0000:00
[    0.200129] pci_bus 0000:00: root bus resource [io  0x0000-0x0cf7 window]
[    0.200497] pci_bus 0000:00: root bus resource [io  0x0d00-0xffff window]
[    0.201371] pci_bus 0000:00: root bus resource [mem 0x000a0000-0x000bffff window]
[    0.201497] pci_bus 0000:00: root bus resource [mem 0x40000000-0xfebfffff window]
[    0.202458] pci_bus 0000:00: root bus resource [mem 0x100000000-0x17fffffff window]
[    0.202497] pci_bus 0000:00: root bus resource [bus 00-ff]
[    0.203291] pci 0000:00:00.0: [8086:1237] type 00 class 0x060000 conventional PCI endpoint
[    0.203760] pci 0000:00:01.0: [8086:7000] type 00 class 0x060100 conventional PCI endpoint
[    0.204814] pci 0000:00:01.1: [8086:7010] type 00 class 0x010180 conventional PCI endpoint
[    0.208010] pci 0000:00:01.1: BAR 4 [io  0xc0c0-0xc0cf]
[    0.209490] pci 0000:00:01.1: BAR 0 [io  0x01f0-0x01f7]: legacy IDE quirk
[    0.209497] pci 0000:00:01.1: BAR 1 [io  0x03f6]: legacy IDE quirk
[    0.210291] pci 0000:00:01.1: BAR 2 [io  0x0170-0x0177]: legacy IDE quirk
[    0.210497] pci 0000:00:01.1: BAR 3 [io  0x0376]: legacy IDE quirk
[    0.211378] pci 0000:00:01.3: [8086:7113] type 00 class 0x068000 conventional PCI endpoint
[    0.211739] pci 0000:00:01.3: quirk: [io  0x0600-0x063f] claimed by PIIX4 ACPI
[    0.212502] pci 0000:00:01.3: quirk: [io  0x0700-0x070f] claimed by PIIX4 SMB
[    0.213596] pci 0000:00:02.0: [1af4:1009] type 00 class 0x000200 conventional PCI endpoint
[    0.215498] pci 0000:00:02.0: BAR 0 [io  0xc000-0xc03f]
[    0.217160] pci 0000:00:02.0: BAR 1 [mem 0xfebfc000-0xfebfcfff]
[    0.220498] pci 0000:00:02.0: BAR 4 [mem 0xfebf0000-0xfebf3fff 64bit pref]
[    0.223110] pci 0000:00:03.0: [1af4:1009] type 00 class 0x000200 conventional PCI endpoint
[    0.224498] pci 0000:00:03.0: BAR 0 [io  0xc040-0xc07f]
[    0.226168] pci 0000:00:03.0: BAR 1 [mem 0xfebfd000-0xfebfdfff]
[    0.230156] pci 0000:00:03.0: BAR 4 [mem 0xfebf4000-0xfebf7fff 64bit pref]
[    0.232047] pci 0000:00:04.0: [8086:25ab] type 00 class 0x088000 conventional PCI endpoint
[    0.233005] pci 0000:00:04.0: BAR 0 [mem 0xfebfe000-0xfebfe00f]
[    0.236392] pci 0000:00:05.0: [1af4:1003] type 00 class 0x078000 conventional PCI endpoint
[    0.237498] pci 0000:00:05.0: BAR 0 [io  0xc080-0xc0bf]
[    0.239148] pci 0000:00:05.0: BAR 1 [mem 0xfebff000-0xfebfffff]
[    0.242497] pci 0000:00:05.0: BAR 4 [mem 0xfebf8000-0xfebfbfff 64bit pref]
[    0.245245] ACPI: PCI: Interrupt link LNKA configured for IRQ 10
[    0.245609] ACPI: PCI: Interrupt link LNKB configured for IRQ 10
[    0.246504] ACPI: PCI: Interrupt link LNKC configured for IRQ 11
[    0.247376] ACPI: PCI: Interrupt link LNKD configured for IRQ 11
[    0.247568] ACPI: PCI: Interrupt link LNKS configured for IRQ 9
[    0.249198] iommu: Default domain type: Translated
[    0.249498] iommu: DMA domain TLB invalidation policy: lazy mode
[    0.250317] SCSI subsystem initialized
[    0.250529] pps_core: LinuxPPS API ver. 1 registered
[    0.251156] pps_core: Software ver. 5.3.6 - Copyright 2005-2007 Rodolfo Giometti <giometti@linux.it>
[    0.251499] PTP clock support registered
[    0.252019] Advanced Linux Sound Architecture Driver Initialized.
[    0.252783] NET: Registered PF_ATMPVC protocol family
[    0.253431] NET: Registered PF_ATMSVC protocol family
[    0.253501] PCI: Using ACPI for IRQ routing
[    0.254112] vgaarb: loaded
[    0.254542] hpet0: at MMIO 0xfed00000, IRQs 2, 8, 0
[    0.255166] hpet0: 3 comparators, 64-bit 100.000000 MHz counter
[    0.258857] clocksource: Switched to clocksource kvm-clock
[    0.259684] VFS: Disk quotas dquot_6.6.0
[    0.259855] VFS: Dquot-cache hash table entries: 512 (order 0, 4096 bytes)
[    0.261172] pnp: PnP ACPI init
[    0.261760] pnp: PnP ACPI: found 5 devices
[    0.269681] clocksource: acpi_pm: mask: 0xffffff max_cycles: 0xffffff, max_idle_ns: 2085701024 ns
[    0.270849] NET: Registered PF_INET protocol family
[    0.271491] IP idents hash table entries: 16384 (order: 5, 131072 bytes, linear)
[    0.272581] tcp_listen_portaddr_hash hash table entries: 512 (order: 1, 8192 bytes, linear)
[    0.273656] Table-perturb hash table entries: 65536 (order: 6, 262144 bytes, linear)
[    0.274645] TCP established hash table entries: 8192 (order: 4, 65536 bytes, linear)
[    0.275633] TCP bind hash table entries: 8192 (order: 6, 262144 bytes, linear)
[    0.276651] TCP: Hash tables configured (established 8192 bind 8192)
[    0.277485] UDP hash table entries: 512 (order: 2, 16384 bytes, linear)
[    0.278338] UDP-Lite hash table entries: 512 (order: 2, 16384 bytes, linear)
[    0.279254] NET: Registered PF_UNIX/PF_LOCAL protocol family
[    0.279981] pci_bus 0000:00: resource 4 [io  0x0000-0x0cf7 window]
[    0.280769] pci_bus 0000:00: resource 5 [io  0x0d00-0xffff window]
[    0.281554] pci_bus 0000:00: resource 6 [mem 0x000a0000-0x000bffff window]
[    0.282432] pci_bus 0000:00: resource 7 [mem 0x40000000-0xfebfffff window]
[    0.283301] pci_bus 0000:00: resource 8 [mem 0x100000000-0x17fffffff window]
[    0.284219] pci 0000:00:01.0: PIIX3: Enabling Passive Release
[    0.284953] pci 0000:00:00.0: Limiting direct PCI/PCI transfers
[    0.285743] PCI: CLS 0 bytes, default 64
[    0.286284] kvm_intel: VMX not supported by CPU 0
[    0.286899] kvm_amd: TSC scaling supported
[    0.287424] kvm_amd: Nested Virtualization enabled
[    0.288032] kvm_amd: Nested Paging enabled
[    0.288563] kvm_amd: Virtual VMLOAD VMSAVE supported
[    0.289191] kvm_amd: Virtual GIF supported
[    0.289780] kvm_amd: Virtual NMI enabled
[    0.290277] kvm_amd: LBR virtualization supported
[    0.392056] Initialise system trusted keyrings
[    0.392735] workingset: timestamp_bits=56 max_order=18 bucket_order=0
[    0.393611] squashfs: version 4.0 (2009/01/31) Phillip Lougher
[    0.394370] fuse: init (API version 7.40)
[    0.394929] 9p: Installing v9fs 9p2000 file system support
[    0.402120] Key type asymmetric registered
[    0.402658] Asymmetric key parser 'x509' registered
[    0.403294] Block layer SCSI generic (bsg) driver version 0.4 loaded (major 249)
[    0.404264] io scheduler mq-deadline registered
[    0.404858] io scheduler kyber registered
[    0.406404] input: Power Button as /devices/LNXSYSTM:00/LNXPWRBN:00/input/input0
[    0.407412] ACPI: button: Power Button [PWRF]
[    0.407997] Warning: Processor Platform Limit event detected, but not handled.
[    0.408937] Consider compiling CPUfreq support into your kernel.
[    0.426639] ACPI: \_SB_.LNKB: Enabled at IRQ 10
[    0.443970] ACPI: \_SB_.LNKC: Enabled at IRQ 11
[    0.461074] ACPI: \_SB_.LNKA: Enabled at IRQ 10
[    0.462316] Serial: 8250/16550 driver, 4 ports, IRQ sharing enabled
[    0.463263] 00:03: ttyS0 at I/O 0x3f8 (irq = 4, base_baud = 115200) is a 16550A
[    0.499731] Non-volatile memory driver v1.3
[    0.500428] Linux agpgart interface v0.103
[    0.500500] ACPI: bus type drm_connector registered
[    0.501778] printk: legacy console [hvc0] enabled
[    0.502546] printk: legacy bootconsole [earlyser0] disabled
          _      _                                    
   __   _(_)_ __| |_ _ __ ___   ___       _ __   __ _ 
   \ \ / / |  __| __|  _   _ \ / _ \_____|  _ \ / _  |
    \ V /| | |  | |_| | | | | |  __/_____| | | | (_| |
     \_/ |_|_|   \__|_| |_| |_|\___|     |_| |_|\__  |
                                                |___/ 
   kernel version: 6.9.0-rc5-virtme x86_64
   (CTRL+d to exit)

virtme-ng:/nipa-data/kernel# PS1='xx__-> '
xx__-> env
PWD=/nipa-data/kernel
nr_open=1048576
HOME=/root
TERM=xterm
SHLVL=2
XDG_RUNTIME_DIR=/run/user/0
PATH=/bin:/sbin:/usr/bin:/usr/sbin:/usr/local/bin
OLDPWD=/
_=/usr/bin/env
xx__-> 