No EFI environment detected.
early console in extract_kernel
input_data: 0x00000000029f82b9
input_len: 0x0000000000ad5672
output: 0x0000000001000000
output_len: 0x0000000002488690
kernel_total_size: 0x0000000002230000
needed_size: 0x0000000002600000
trampoline_32bit: 0x0000000000000000
Physical KASLR using RDRAND RDTSC...
Virtual KASLR using RDRAND RDTSC...

Decompressing Linux... Parsing ELF... Performing relocations... done.
Booting the kernel (entry_offset: 0x0000000000000000).
[    0.000000] Linux version 6.8.0-rc4-virtme (root@8ac3419d7c66) (gcc (Alpine 13.2.1_git20231014) 13.2.1 20231014, GNU ld (GNU Binutils) 2.42) #1 SMP PREEMPT_DYNAMIC Tue Feb 20 06:06:12 UTC 2024
[    0.000000] Command line: virtme_hostname=virtme-ng virtme_link_mods=/nipa-data/kernel/.virtme_mods/lib/modules/0.0.0 virtme_initmount0=nipa-data/kernel virtme_rw_overlay0=/etc virtme_rw_overlay1=/lib virtme_rw_overlay2=/home virtme_rw_overlay3=/opt virtme_rw_overlay4=/srv virtme_rw_overlay5=/usr virtme_rw_overlay6=/var earlyprintk=serial,ttyS0,115200 console=ttyS0 psmouse.proto=exps TERM=xterm virtme_chdir=nipa-data/kernel virtme_root_user=1 rootfstype=9p rootflags=version=9p2000.L,trans=virtio,access=any raid=noautodetect ro init=/usr/lib/python3.11/site-packages/virtme/guest/virtme-init
[    0.000000] BIOS-provided physical RAM map:
[    0.000000] BIOS-e820: [mem 0x0000000000000000-0x000000000009fbff] usable
[    0.000000] BIOS-e820: [mem 0x000000000009fc00-0x000000000009ffff] reserved
[    0.000000] BIOS-e820: [mem 0x00000000000f0000-0x00000000000fffff] reserved
[    0.000000] BIOS-e820: [mem 0x0000000000100000-0x000000003ffdffff] usable
[    0.000000] BIOS-e820: [mem 0x000000003ffe0000-0x000000003fffffff] reserved
[    0.000000] BIOS-e820: [mem 0x00000000feffc000-0x00000000feffffff] reserved
[    0.000000] BIOS-e820: [mem 0x00000000fffc0000-0x00000000ffffffff] reserved
[    0.000000] BIOS-e820: [mem 0x000000fd00000000-0x000000ffffffffff] reserved
[    0.000000] printk: legacy bootconsole [earlyser0] enabled
[    0.000000] NX (Execute Disable) protection: active
[    0.000000] APIC: Static calls initialized
[    0.000000] SMBIOS 3.0.0 present.
[    0.000000] DMI: QEMU Standard PC (i440FX + PIIX, 1996), BIOS rel-1.16.3-0-ga6ed6b701f0a-prebuilt.qemu.org 04/01/2014
[    0.000000] Hypervisor detected: KVM
[    0.000000] kvm-clock: Using msrs 4b564d01 and 4b564d00
[    0.000000] kvm-clock: using sched offset of 241272890 cycles
[    0.000396] clocksource: kvm-clock: mask: 0xffffffffffffffff max_cycles: 0x1cd42e4dffb, max_idle_ns: 881590591483 ns
[    0.001618] tsc: Detected 4491.536 MHz processor
[    0.002222] last_pfn = 0x3ffe0 max_arch_pfn = 0x400000000
[    0.002659] MTRR map: 4 entries (3 fixed + 1 variable; max 19), built from 8 variable MTRRs
[    0.003275] x86/PAT: Configuration [0-7]: WB  WC  UC- UC  WB  WP  UC- WT  
Memory KASLR using RDRAND RDTSC...
[    0.005346] found SMP MP-table at [mem 0x000f5470-0x000f547f]
[    0.005784] Using GB pages for direct mapping
[    0.006137] ACPI: Early table checksum verification disabled
[    0.006564] ACPI: RSDP 0x00000000000F5290 000014 (v00 BOCHS )
[    0.006988] ACPI: RSDT 0x000000003FFE27B6 000034 (v01 BOCHS  BXPC     00000001 BXPC 00000001)
[    0.007630] ACPI: FACP 0x000000003FFE2572 000074 (v01 BOCHS  BXPC     00000001 BXPC 00000001)
[    0.008259] ACPI: DSDT 0x000000003FFE0040 002532 (v01 BOCHS  BXPC     00000001 BXPC 00000001)
[    0.008894] ACPI: FACS 0x000000003FFE0000 000040
[    0.009238] ACPI: APIC 0x000000003FFE25E6 000170 (v03 BOCHS  BXPC     00000001 BXPC 00000001)
[    0.009879] ACPI: HPET 0x000000003FFE2756 000038 (v01 BOCHS  BXPC     00000001 BXPC 00000001)
[    0.010517] ACPI: WAET 0x000000003FFE278E 000028 (v01 BOCHS  BXPC     00000001 BXPC 00000001)
[    0.011149] ACPI: Reserving FACP table memory at [mem 0x3ffe2572-0x3ffe25e5]
[    0.011678] ACPI: Reserving DSDT table memory at [mem 0x3ffe0040-0x3ffe2571]
[    0.012196] ACPI: Reserving FACS table memory at [mem 0x3ffe0000-0x3ffe003f]
[    0.012721] ACPI: Reserving APIC table memory at [mem 0x3ffe25e6-0x3ffe2755]
[    0.013246] ACPI: Reserving HPET table memory at [mem 0x3ffe2756-0x3ffe278d]
[    0.013771] ACPI: Reserving WAET table memory at [mem 0x3ffe278e-0x3ffe27b5]
[    0.014445] No NUMA configuration found
[    0.014731] Faking a node at [mem 0x0000000000000000-0x000000003ffdffff]
[    0.015226] NODE_DATA(0) allocated [mem 0x3ffdb000-0x3ffdffff]
[    0.015675] Zone ranges:
[    0.015862]   DMA      [mem 0x0000000000001000-0x0000000000ffffff]
[    0.016320]   DMA32    [mem 0x0000000001000000-0x000000003ffdffff]
[    0.016780]   Normal   empty
[    0.016992]   Device   empty
[    0.017204] Movable zone start for each node
[    0.017524] Early memory node ranges
[    0.017787]   node   0: [mem 0x0000000000001000-0x000000000009efff]
[    0.018251]   node   0: [mem 0x0000000000100000-0x000000003ffdffff]
[    0.018723] Initmem setup node 0 [mem 0x0000000000001000-0x000000003ffdffff]
[    0.019245] On node 0, zone DMA: 1 pages in unavailable ranges
[    0.019696] On node 0, zone DMA: 97 pages in unavailable ranges
[    0.021114] On node 0, zone DMA32: 32 pages in unavailable ranges
[    0.021767] ACPI: PM-Timer IO Port: 0x608
[    0.022066] ACPI: LAPIC_NMI (acpi_id[0xff] dfl dfl lint[0x1])
[    0.022516] IOAPIC[0]: apic_id 0, version 17, address 0xfec00000, GSI 0-23
[    0.023023] ACPI: INT_SRC_OVR (bus 0 bus_irq 0 global_irq 2 dfl dfl)
[    0.023502] ACPI: INT_SRC_OVR (bus 0 bus_irq 5 global_irq 5 high level)
[    0.023996] ACPI: INT_SRC_OVR (bus 0 bus_irq 9 global_irq 9 high level)
[    0.024492] ACPI: INT_SRC_OVR (bus 0 bus_irq 10 global_irq 10 high level)
[    0.024992] ACPI: INT_SRC_OVR (bus 0 bus_irq 11 global_irq 11 high level)
[    0.025503] ACPI: Using ACPI (MADT) for SMP configuration information
[    0.025981] ACPI: HPET id: 0x8086a201 base: 0xfed00000
[    0.026363] TSC deadline timer available
[    0.026663] smpboot: Allowing 32 CPUs, 0 hotplug CPUs
[    0.027051] kvm-guest: APIC: eoi() replaced with kvm_guest_apic_eoi_write()
[    0.027582] kvm-guest: KVM setup pv remote TLB flush
[    0.027949] kvm-guest: setup PV sched yield
[    0.028260] PM: hibernation: Registered nosave memory: [mem 0x00000000-0x00000fff]
[    0.028825] PM: hibernation: Registered nosave memory: [mem 0x0009f000-0x0009ffff]
[    0.029390] PM: hibernation: Registered nosave memory: [mem 0x000a0000-0x000effff]
[    0.029948] PM: hibernation: Registered nosave memory: [mem 0x000f0000-0x000fffff]
[    0.030517] [mem 0x40000000-0xfeffbfff] available for PCI devices
[    0.030966] Booting paravirtualized kernel on KVM
[    0.031312] clocksource: refined-jiffies: mask: 0xffffffff max_cycles: 0xffffffff, max_idle_ns: 1910969940391419 ns
[    0.034898] setup_percpu: NR_CPUS:64 nr_cpumask_bits:32 nr_cpu_ids:32 nr_node_ids:1
[    0.036068] percpu: Embedded 56 pages/cpu s191784 r8192 d29400 u262144
[    0.036584] Kernel command line: virtme_hostname=virtme-ng virtme_link_mods=/nipa-data/kernel/.virtme_mods/lib/modules/0.0.0 virtme_initmount0=nipa-data/kernel virtme_rw_overlay0=/etc virtme_rw_overlay1=/lib virtme_rw_overlay2=/home virtme_rw_overlay3=/opt virtme_rw_overlay4=/srv virtme_rw_overlay5=/usr virtme_rw_overlay6=/var earlyprintk=serial,ttyS0,115200 console=ttyS0 psmouse.proto=exps TERM=xterm virtme_chdir=nipa-data/kernel virtme_root_user=1 rootfstype=9p rootflags=version=9p2000.L,trans=virtio,access=any raid=noautodetect ro init=/usr/lib/python3.11/site-packages/virtme/guest/virtme-init
[    0.040659] Unknown kernel command line parameters "virtme_hostname=virtme-ng virtme_link_mods=/nipa-data/kernel/.virtme_mods/lib/modules/0.0.0 virtme_initmount0=nipa-data/kernel virtme_rw_overlay0=/etc virtme_rw_overlay1=/lib virtme_rw_overlay2=/home virtme_rw_overlay3=/opt virtme_rw_overlay4=/srv virtme_rw_overlay5=/usr virtme_rw_overlay6=/var virtme_chdir=nipa-data/kernel virtme_root_user=1", will be passed to user space.
[    0.043697] random: crng init done
[    0.043980] Dentry cache hash table entries: 131072 (order: 8, 1048576 bytes, linear)
[    0.044606] Inode-cache hash table entries: 65536 (order: 7, 524288 bytes, linear)
[    0.045264] Fallback order for Node 0: 0 
[    0.045267] Built 1 zonelists, mobility grouping on.  Total pages: 257760
[    0.046084] Policy zone: DMA32
[    0.046313] mem auto-init: stack:all(zero), heap alloc:off, heap free:off
[    0.047654] Memory: 986876K/1048056K available (16384K kernel code, 2349K rwdata, 5932K rodata, 2992K init, 2336K bss, 60920K reserved, 0K cma-reserved)
[    0.048708] SLUB: HWalign=64, Order=0-3, MinObjects=0, CPUs=32, Nodes=1
Poking KASLR using RDRAND RDTSC...
[    0.049453] ftrace: allocating 46287 entries in 181 pages
[    0.056399] ftrace: allocated 181 pages with 5 groups
[    0.057403] Dynamic Preempt: voluntary
[    0.057816] rcu: Preemptible hierarchical RCU implementation.
[    0.058250] rcu: RCU event tracing is enabled.
[    0.058599] rcu: RCU restricting CPUs from NR_CPUS=64 to nr_cpu_ids=32.
[    0.059102] Trampoline variant of Tasks RCU enabled.
[    0.059493] Rude variant of Tasks RCU enabled.
[    0.059832] Tracing variant of Tasks RCU enabled.
[    0.060192] rcu: RCU calculated value of scheduler-enlistment delay is 100 jiffies.
[    0.060852] rcu: Adjusting geometry for rcu_fanout_leaf=16, nr_cpu_ids=32
[    0.063082] NR_IRQS: 4352, nr_irqs: 680, preallocated irqs: 16
[    0.063783] rcu: srcu_init: Setting srcu_struct sizes based on contention.
[    0.064447] Console: colour *CGA 80x25
[    0.064745] printk: legacy console [ttyS0] enabled
[    0.064745] printk: legacy console [ttyS0] enabled
[    0.065479] printk: legacy bootconsole [earlyser0] disabled
[    0.065479] printk: legacy bootconsole [earlyser0] disabled
[    0.066407] ACPI: Core revision 20230628
[    0.066777] clocksource: hpet: mask: 0xffffffff max_cycles: 0xffffffff, max_idle_ns: 19112604467 ns
[    0.067531] APIC: Switch to symmetric I/O mode setup
[    0.067924] APIC: Switched APIC routing to: physical flat
[    0.068334] kvm-guest: APIC: send_IPI_mask() replaced with kvm_send_ipi_mask()
[    0.068884] kvm-guest: APIC: send_IPI_mask_allbutself() replaced with kvm_send_ipi_mask_allbutself()
[    0.069582] kvm-guest: setup PV IPIs
[    0.070662] ..TIMER: vector=0x30 apic1=0 pin1=2 apic2=-1 pin2=-1
[    0.071504] tsc: Marking TSC unstable due to TSCs unsynchronized
[    0.072517] Calibrating delay loop (skipped) preset value.. 8983.07 BogoMIPS (lpj=4491536)
[    0.073582] x86/cpu: User Mode Instruction Prevention (UMIP) activated
[    0.074569] Last level iTLB entries: 4KB 512, 2MB 255, 4MB 127
[    0.075514] Last level dTLB entries: 4KB 512, 2MB 255, 4MB 127, 1GB 0
[    0.076364] Spectre V1 : Mitigation: usercopy/swapgs barriers and __user pointer sanitization
[    0.076518] Spectre V2 : Mitigation: Enhanced / Automatic IBRS
[    0.077306] Spectre V2 : Spectre v2 / SpectreRSB mitigation: Filling RSB on context switch
[    0.077516] Spectre V2 : mitigation: Enabling conditional Indirect Branch Prediction Barrier
[    0.078515] Speculative Store Bypass: Mitigation: Speculative Store Bypass disabled via prctl
[    0.079514] Speculative Return Stack Overflow: IBPB-extending microcode not applied!
[    0.080514] Speculative Return Stack Overflow: WARNING: See https://kernel.org/doc/html/latest/admin-guide/hw-vuln/srso.html for mitigation options.
[    0.080515] Speculative Return Stack Overflow: Vulnerable: Safe RET, no microcode
[    0.082534] x86/fpu: Supporting XSAVE feature 0x001: 'x87 floating point registers'
[    0.083514] x86/fpu: Supporting XSAVE feature 0x002: 'SSE registers'
[    0.084514] x86/fpu: Supporting XSAVE feature 0x004: 'AVX registers'
[    0.085514] x86/fpu: Supporting XSAVE feature 0x020: 'AVX-512 opmask'
[    0.086347] x86/fpu: Supporting XSAVE feature 0x040: 'AVX-512 Hi256'
[    0.086514] x86/fpu: Supporting XSAVE feature 0x080: 'AVX-512 ZMM_Hi256'
[    0.087514] x86/fpu: Supporting XSAVE feature 0x200: 'Protection Keys User registers'
[    0.088514] x86/fpu: xstate_offset[2]:  576, xstate_sizes[2]:  256
[    0.089514] x86/fpu: xstate_offset[5]:  832, xstate_sizes[5]:   64
[    0.090514] x86/fpu: xstate_offset[6]:  896, xstate_sizes[6]:  512
[    0.091514] x86/fpu: xstate_offset[7]: 1408, xstate_sizes[7]: 1024
[    0.092313] x86/fpu: xstate_offset[9]: 2432, xstate_sizes[9]:    8
[    0.092514] x86/fpu: Enabled xstate features 0x2e7, context size is 2440 bytes, using 'compacted' format.
[    0.108720] Freeing SMP alternatives memory: 40K
[    0.109330] pid_max: default: 32768 minimum: 301
[    0.109542] Mount-cache hash table entries: 2048 (order: 2, 16384 bytes, linear)
[    0.110515] Mountpoint-cache hash table entries: 2048 (order: 2, 16384 bytes, linear)
[    0.111675] smpboot: CPU0: AMD Ryzen 9 7950X 16-Core Processor (family: 0x19, model: 0x61, stepping: 0x2)
[    0.112603] RCU Tasks: Setting shift to 5 and lim to 1 rcu_task_cb_adjust=1.
[    0.113520] RCU Tasks Rude: Setting shift to 5 and lim to 1 rcu_task_cb_adjust=1.
[    0.114494] RCU Tasks Trace: Setting shift to 5 and lim to 1 rcu_task_cb_adjust=1.
[    0.114523] Performance Events: Fam17h+ core perfctr, AMD PMU driver.
[    0.115414] ... version:                0
[    0.115516] ... bit width:              48
[    0.116052] ... generic registers:      6
[    0.116516] ... value mask:             0000ffffffffffff
[    0.117204] ... max period:             00007fffffffffff
[    0.117516] ... fixed-purpose events:   0
[    0.118038] ... event mask:             000000000000003f
[    0.118585] signal: max sigframe size: 3376
[    0.119145] rcu: Hierarchical SRCU implementation.
[    0.119516] rcu: Max phase no-delay instances is 400.
[    0.122494] smp: Bringing up secondary CPUs ...
[    0.122573] smpboot: x86: Booting SMP configuration:
[    0.123215] .... node  #0, CPUs:        #1  #2  #3  #4  #5  #6  #7  #8  #9 #10 #11 #12 #13 #14 #15 #16 #17 #18 #19 #20 #21 #22 #23 #24 #25 #26 #27 #28 #29 #30 #31
[    0.144525] smp: Brought up 1 node, 32 CPUs
[    0.146073] smpboot: Max logical packages: 1
[    0.146516] smpboot: Total of 32 processors activated (287458.30 BogoMIPS)
[    0.151577] devtmpfs: initialized
[    0.151993] x86/mm: Memory block size: 128MB
[    0.153266] clocksource: jiffies: mask: 0xffffffff max_cycles: 0xffffffff, max_idle_ns: 1911260446275000 ns
[    0.153518] futex hash table entries: 8192 (order: 7, 524288 bytes, linear)
[    0.154597] PM: RTC time: 06:06:45, date: 2024-02-20
[    0.155726] NET: Registered PF_NETLINK/PF_ROUTE protocol family
[    0.156653] thermal_sys: Registered thermal governor 'step_wise'
[    0.156654] thermal_sys: Registered thermal governor 'user_space'
[    0.157523] cpuidle: using governor menu
[    0.159697] PCI: Using configuration type 1 for base access
[    0.160442] PCI: Using configuration type 1 for extended access
[    0.160584] kprobes: kprobe jump-optimization is enabled. All kprobes are optimized if possible.
[    0.176405] HugeTLB: registered 1.00 GiB page size, pre-allocated 0 pages
[    0.176516] HugeTLB: 16380 KiB vmemmap can be freed for a 1.00 GiB page
[    0.177381] HugeTLB: registered 2.00 MiB page size, pre-allocated 0 pages
[    0.177516] HugeTLB: 28 KiB vmemmap can be freed for a 2.00 MiB page
[    0.180899] ACPI: Added _OSI(Module Device)
[    0.181106] ACPI: Added _OSI(Processor Device)
[    0.181516] ACPI: Added _OSI(3.0 _SCP Extensions)
[    0.182112] ACPI: Added _OSI(Processor Aggregator Device)
[    0.183216] ACPI: 1 ACPI AML tables successfully acquired and loaded
[    0.184086] ACPI: _OSC evaluation for CPUs failed, trying _PDC
[    0.184651] ACPI: Interpreter enabled
[    0.185140] ACPI: PM: (supports S0 S3 S4 S5)
[    0.185516] ACPI: Using IOAPIC for interrupt routing
[    0.186182] PCI: Using host bridge windows from ACPI; if necessary, use "pci=nocrs" and report a bug
[    0.186516] PCI: Using E820 reservations for host bridge windows
[    0.187388] ACPI: Enabled 2 GPEs in block 00 to 0F
[    0.190300] ACPI: PCI Root Bridge [PCI0] (domain 0000 [bus 00-ff])
[    0.190519] acpi PNP0A03:00: _OSC: OS supports [ExtendedConfig ASPM ClockPM Segments MSI HPX-Type3]
[    0.191619] PCI host bridge to bus 0000:00
[    0.192153] pci_bus 0000:00: root bus resource [io  0x0000-0x0cf7 window]
[    0.192516] pci_bus 0000:00: root bus resource [io  0x0d00-0xffff window]
[    0.193403] pci_bus 0000:00: root bus resource [mem 0x000a0000-0x000bffff window]
[    0.193516] pci_bus 0000:00: root bus resource [mem 0x40000000-0xfebfffff window]
[    0.194517] pci_bus 0000:00: root bus resource [mem 0x100000000-0x17fffffff window]
[    0.195517] pci_bus 0000:00: root bus resource [bus 00-ff]
[    0.196468] pci 0000:00:00.0: [8086:1237] type 00 class 0x060000 conventional PCI endpoint
[    0.196784] pci 0000:00:01.0: [8086:7000] type 00 class 0x060100 conventional PCI endpoint
[    0.197840] pci 0000:00:01.1: [8086:7010] type 00 class 0x010180 conventional PCI endpoint
[    0.201517] pci 0000:00:01.1: BAR 4 [io  0xc080-0xc08f]
[    0.203010] pci 0000:00:01.1: BAR 0 [io  0x01f0-0x01f7]: legacy IDE quirk
[    0.203516] pci 0000:00:01.1: BAR 1 [io  0x03f6]: legacy IDE quirk
[    0.204334] pci 0000:00:01.1: BAR 2 [io  0x0170-0x0177]: legacy IDE quirk
[    0.204516] pci 0000:00:01.1: BAR 3 [io  0x0376]: legacy IDE quirk
[    0.205423] pci 0000:00:01.3: [8086:7113] type 00 class 0x068000 conventional PCI endpoint
[    0.205761] pci 0000:00:01.3: quirk: [io  0x0600-0x063f] claimed by PIIX4 ACPI
[    0.206520] pci 0000:00:01.3: quirk: [io  0x0700-0x070f] claimed by PIIX4 SMB
[    0.207633] pci 0000:00:02.0: [1af4:1009] type 00 class 0x000200 conventional PCI endpoint
[    0.209517] pci 0000:00:02.0: BAR 0 [io  0xc000-0xc03f]
[    0.211217] pci 0000:00:02.0: BAR 1 [mem 0xfebfd000-0xfebfdfff]
[    0.215216] pci 0000:00:02.0: BAR 4 [mem 0xfebf4000-0xfebf7fff 64bit pref]
[    0.217249] pci 0000:00:03.0: [1af4:1009] type 00 class 0x000200 conventional PCI endpoint
[    0.218517] pci 0000:00:03.0: BAR 0 [io  0xc040-0xc07f]
[    0.220176] pci 0000:00:03.0: BAR 1 [mem 0xfebfe000-0xfebfefff]
[    0.223517] pci 0000:00:03.0: BAR 4 [mem 0xfebf8000-0xfebfbfff 64bit pref]
[    0.225714] pci 0000:00:04.0: [8086:25ab] type 00 class 0x088000 conventional PCI endpoint
[    0.227024] pci 0000:00:04.0: BAR 0 [mem 0xfebff000-0xfebff00f]
[    0.231135] ACPI: PCI: Interrupt link LNKA configured for IRQ 10
[    0.231645] ACPI: PCI: Interrupt link LNKB configured for IRQ 10
[    0.232656] ACPI: PCI: Interrupt link LNKC configured for IRQ 11
[    0.233647] ACPI: PCI: Interrupt link LNKD configured for IRQ 11
[    0.234593] ACPI: PCI: Interrupt link LNKS configured for IRQ 9
[    0.236293] iommu: Default domain type: Translated
[    0.236516] iommu: DMA domain TLB invalidation policy: lazy mode
[    0.237570] SCSI subsystem initialized
[    0.238114] pps_core: LinuxPPS API ver. 1 registered
[    0.238517] pps_core: Software ver. 5.3.6 - Copyright 2005-2007 Rodolfo Giometti <giometti@linux.it>
[    0.239518] PTP clock support registered
[    0.240059] Advanced Linux Sound Architecture Driver Initialized.
[    0.240841] NET: Registered PF_ATMPVC protocol family
[    0.241506] NET: Registered PF_ATMSVC protocol family
[    0.241521] PCI: Using ACPI for IRQ routing
[    0.242146] vgaarb: loaded
[    0.242555] hpet0: at MMIO 0xfed00000, IRQs 2, 8, 0
[    0.243202] hpet0: 3 comparators, 64-bit 100.000000 MHz counter
[    0.247111] clocksource: Switched to clocksource kvm-clock
[    0.248108] VFS: Disk quotas dquot_6.6.0
[    0.249019] VFS: Dquot-cache hash table entries: 512 (order 0, 4096 bytes)
[    0.249990] pnp: PnP ACPI init
[    0.250606] pnp: PnP ACPI: found 5 devices
[    0.257330] clocksource: acpi_pm: mask: 0xffffff max_cycles: 0xffffff, max_idle_ns: 2085701024 ns
[    0.258503] NET: Registered PF_INET protocol family
[    0.259254] IP idents hash table entries: 16384 (order: 5, 131072 bytes, linear)
[    0.260363] tcp_listen_portaddr_hash hash table entries: 512 (order: 1, 8192 bytes, linear)
[    0.261427] Table-perturb hash table entries: 65536 (order: 6, 262144 bytes, linear)
[    0.262409] TCP established hash table entries: 8192 (order: 4, 65536 bytes, linear)
[    0.263394] TCP bind hash table entries: 8192 (order: 6, 262144 bytes, linear)
[    0.264372] TCP: Hash tables configured (established 8192 bind 8192)
[    0.265198] UDP hash table entries: 512 (order: 2, 16384 bytes, linear)
[    0.266049] UDP-Lite hash table entries: 512 (order: 2, 16384 bytes, linear)
[    0.266981] NET: Registered PF_UNIX/PF_LOCAL protocol family
[    0.267715] pci_bus 0000:00: resource 4 [io  0x0000-0x0cf7 window]
[    0.268522] pci_bus 0000:00: resource 5 [io  0x0d00-0xffff window]
[    0.269324] pci_bus 0000:00: resource 6 [mem 0x000a0000-0x000bffff window]
[    0.270201] pci_bus 0000:00: resource 7 [mem 0x40000000-0xfebfffff window]
[    0.271083] pci_bus 0000:00: resource 8 [mem 0x100000000-0x17fffffff window]
[    0.272016] pci 0000:00:01.0: PIIX3: Enabling Passive Release
[    0.272765] pci 0000:00:00.0: Limiting direct PCI/PCI transfers
[    0.273561] PCI: CLS 0 bytes, default 64
[    0.274125] kvm_intel: VMX not supported by CPU 0
[    0.274754] kvm_amd: TSC scaling supported
[    0.275296] kvm_amd: Nested Virtualization enabled
[    0.275914] kvm_amd: Nested Paging enabled
[    0.276467] kvm_amd: Virtual VMLOAD VMSAVE supported
[    0.277112] kvm_amd: Virtual GIF supported
[    0.277650] kvm_amd: Virtual NMI enabled
[    0.278161] kvm_amd: LBR virtualization supported
[    0.375435] workingset: timestamp_bits=56 max_order=18 bucket_order=0
[    0.376352] squashfs: version 4.0 (2009/01/31) Phillip Lougher
[    0.377113] fuse: init (API version 7.39)
[    0.377686] 9p: Installing v9fs 9p2000 file system support
[    0.378438] Key type asymmetric registered
[    0.378997] Block layer SCSI generic (bsg) driver version 0.4 loaded (major 249)
[    0.379959] io scheduler mq-deadline registered
[    0.380552] io scheduler kyber registered
[    0.382134] input: Power Button as /devices/LNXSYSTM:00/LNXPWRBN:00/input/input0
[    0.383166] ACPI: button: Power Button [PWRF]
[    0.383759] Warning: Processor Platform Limit event detected, but not handled.
[    0.384680] Consider compiling CPUfreq support into your kernel.
[    0.402201] ACPI: \_SB_.LNKB: Enabled at IRQ 10
[    0.419055] ACPI: \_SB_.LNKC: Enabled at IRQ 11
[    0.420327] Serial: 8250/16550 driver, 4 ports, IRQ sharing enabled
[    0.421267] 00:03: ttyS0 at I/O 0x3f8 (irq = 4, base_baud = 115200) is a 16550A
[    0.422588] Non-volatile memory driver v1.3
[    0.423137] Linux agpgart interface v0.103
[    0.423726] ACPI: bus type drm_connector registered
[    0.428927] loop: module loaded
[    0.430006] scsi host0: ata_piix
[    0.430558] scsi host1: ata_piix
[    0.431011] ata1: PATA max MWDMA2 cmd 0x1f0 ctl 0x3f6 bmdma 0xc080 irq 14 lpm-pol 0
[    0.432021] ata2: PATA max MWDMA2 cmd 0x170 ctl 0x376 bmdma 0xc088 irq 15 lpm-pol 0
[    0.433253] i8042: PNP: PS/2 Controller [PNP0303:KBD,PNP0f13:MOU] at 0x60,0x64 irq 1,12
[    0.434928] serio: i8042 KBD port at 0x60,0x64 irq 1
[    0.435584] serio: i8042 AUX port at 0x60,0x64 irq 12
[    0.436390] rtc_cmos 00:04: RTC can wake from S4
[    0.437442] input: AT Translated Set 2 keyboard as /devices/platform/i8042/serio0/input/input1
[    0.438675] rtc_cmos 00:04: registered as rtc0
[    0.439569] rtc_cmos 00:04: setting system clock to 2024-02-20T06:06:45 UTC (1708409205)
[    0.441181] rtc_cmos 00:04: alarms up to one day, y3k, 242 bytes nvram, hpet irqs
[    0.442306] input: ImExPS/2 Generic Explorer Mouse as /devices/platform/i8042/serio1/input/input3
[    0.442807] i6300ESB timer 0000:00:04.0: initialized. heartbeat=30 sec (nowayout=0)
[    0.445014] device-mapper: ioctl: 4.48.0-ioctl (2023-03-01) initialised: dm-devel@redhat.com
[    0.446294] NET: Registered PF_PACKET protocol family
[    0.446953] 9pnet: Installing 9P2000 support
[    0.448227] Key type dns_resolver registered
[    0.450638] IPI shorthand broadcast: enabled
[    0.453118] sched_clock: Marking stable (448000932, 4208909)->(495688655, -43478814)
[    0.454543] registered taskstats version 1
[    0.456165] PM:   Magic number: 12:177:115
[    0.456738] printk: legacy console [netcon0] enabled
[    0.457376] netconsole: network logging started
[    0.457997] ALSA device list:
[    0.458387]   No soundcards found.
[    0.588502] ata2: found unknown device (class 0)
[    0.589736] ata2.00: ATAPI: QEMU DVD-ROM, 2.5+, max UDMA/100
[    0.591468] scsi 1:0:0:0: CD-ROM            QEMU     QEMU DVD-ROM     2.5+ PQ: 0 ANSI: 5
[    0.599602] scsi 1:0:0:0: Attached scsi generic sg0 type 5
[    0.600302] md: Skipping autodetection of RAID arrays. (raid=autodetect will force)
[    0.601182] 9pnet_virtio: no channels available for device 
[    0.602224] VFS: Mounted root (9p filesystem) readonly on device 0:19.
[    0.603092] devtmpfs: mounted
[    0.604065] Freeing unused kernel image (initmem) memory: 2992K
[    0.614213] Write protecting the kernel read-only data: 22528k
[    0.615228] Freeing unused kernel image (rodata/data gap) memory: 212K
[    0.644536] x86/mm: Checked W+X mappings: passed, no W+X pages found.
[    0.645259] Run /usr/lib/python3.11/site-packages/virtme/guest/virtme-init as init process
[    0.663768] mount (237) used greatest stack depth: 13480 bytes left
[    0.713392] mount (255) used greatest stack depth: 13064 bytes left
[    0.740418] mount (277) used greatest stack depth: 12984 bytes left
[    0.746486] grep (280) used greatest stack depth: 12968 bytes left
[    0.772254] virtme-init: basic initialization done
[    0.776443] virtme-init: udevd not found
[    0.815969] virtme-init: Setting hostname to virtme-ng...
[    0.825350] ip (331) used greatest stack depth: 12864 bytes left
          _      _                                    
   __   _(_)_ __| |_ _ __ ___   ___       _ __   __ _ 
   \ \ / / |  __| __|  _   _ \ / _ \_____|  _ \ / _  |
    \ V /| | |  | |_| | | | | |  __/_____| | | | (_| |
     \_/ |_|_|   \__|_| |_| |_|\___|     |_| |_|\__  |
                                                |___/ 
   kernel version: 6.8.0-rc4-virtme x86_64

virtme-ng:/nipa-data/kernel# PS1='xx__-> '
xx__-> env
PWD=/nipa-data/kernel
HOME=/
TERM=xterm
SHLVL=2
XDG_RUNTIME_DIR=/run/user/0
PATH=/bin:/sbin:/usr/bin:/usr/sbin:/usr/local/bin
OLDPWD=/
_=/usr/bin/env
xx__-> 