No EFI environment detected.
early console in extract_kernel
input_data: 0x00000000029b22c4
input_len: 0x0000000000bd0414
output: 0x0000000001000000
output_len: 0x000000000253cc30
kernel_total_size: 0x0000000002430000
needed_size: 0x0000000002600000
trampoline_32bit: 0x0000000000000000
Physical KASLR using RDRAND RDTSC...
Virtual KASLR using RDRAND RDTSC...

Decompressing Linux... Parsing ELF... Performing relocations... done.
Booting the kernel (entry_offset: 0x0000000000fc9538).
[    0.000000] Linux version 6.16.0-rc1-virtme (root@e42d8805ae9f) (gcc (Ubuntu 13.3.0-6ubuntu2~24.04) 13.3.0, GNU ld (GNU Binutils for Ubuntu) 2.42) #1 SMP PREEMPT_DYNAMIC Fri Jun 13 18:05:49 UTC 2025
[    0.000000] Command line: virtme_hostname=virtme-ng nr_open=1048576 virtme_link_mods=/nipa-data/kernel/.virtme_mods/lib/modules/0.0.0 virtme_initmount0=nipa-data/kernel virtme_rw_overlay0=/etc virtme_rw_overlay1=/lib virtme_rw_overlay2=/home virtme_rw_overlay3=/opt virtme_rw_overlay4=/srv virtme_rw_overlay5=/usr virtme_rw_overlay6=/var console=hvc0 earlyprintk=serial,ttyS0,115200 virtme_console=ttyS0 psmouse.proto=exps TERM=xterm virtme_chdir=nipa-data/kernel virtme_root_user=1 rootfstype=9p rootflags=version=9p2000.L,trans=virtio,access=any raid=noautodetect ro init=/usr/lib/python3/dist-packages/virtme/guest/virtme-init
[    0.000000] BIOS-provided physical RAM map:
[    0.000000] BIOS-e820: [mem 0x0000000000000000-0x000000000009fbff] usable
[    0.000000] BIOS-e820: [mem 0x000000000009fc00-0x000000000009ffff] reserved
[    0.000000] BIOS-e820: [mem 0x00000000000f0000-0x00000000000fffff] reserved
[    0.000000] BIOS-e820: [mem 0x0000000000100000-0x000000003ffdffff] usable
[    0.000000] BIOS-e820: [mem 0x000000003ffe0000-0x000000003fffffff] reserved
[    0.000000] BIOS-e820: [mem 0x00000000feffc000-0x00000000feffffff] reserved
[    0.000000] BIOS-e820: [mem 0x00000000fffc0000-0x00000000ffffffff] reserved
[    0.000000] BIOS-e820: [mem 0x000000fd00000000-0x000000ffffffffff] reserved
[    0.000000] printk: legacy bootconsole [earlyser0] enabled
[    0.000000] NX (Execute Disable) protection: active
[    0.000000] APIC: Static calls initialized
[    0.000000] SMBIOS 3.0.0 present.
[    0.000000] DMI: QEMU Ubuntu 24.04 PC (i440FX + PIIX, 1996), BIOS 1.16.3-debian-1.16.3-2 04/01/2014
[    0.000000] DMI: Memory slots populated: 1/1
[    0.000000] Hypervisor detected: KVM
[    0.000000] kvm-clock: Using msrs 4b564d01 and 4b564d00
[    0.000000] kvm-clock: using sched offset of 203451101 cycles
[    0.000358] clocksource: kvm-clock: mask: 0xffffffffffffffff max_cycles: 0x1cd42e4dffb, max_idle_ns: 881590591483 ns
[    0.001474] tsc: Detected 4491.564 MHz processor
[    0.002036] last_pfn = 0x3ffe0 max_arch_pfn = 0x400000000
[    0.002427] MTRR map: 4 entries (3 fixed + 1 variable; max 19), built from 8 variable MTRRs
[    0.002999] x86/PAT: Configuration [0-7]: WB  WC  UC- UC  WB  WP  UC- WT  
Memory KASLR using RDRAND RDTSC...
[    0.004928] found SMP MP-table at [mem 0x000f5470-0x000f547f]
[    0.005326] Using GB pages for direct mapping
[    0.005688] ACPI: Early table checksum verification disabled
[    0.006074] ACPI: RSDP 0x00000000000F5290 000014 (v00 BOCHS )
[    0.006467] ACPI: RSDT 0x000000003FFE27BC 000034 (v01 BOCHS  BXPC     00000001 BXPC 00000001)
[    0.007056] ACPI: FACP 0x000000003FFE2578 000074 (v01 BOCHS  BXPC     00000001 BXPC 00000001)
[    0.007641] ACPI: DSDT 0x000000003FFE0040 002538 (v01 BOCHS  BXPC     00000001 BXPC 00000001)
[    0.008224] ACPI: FACS 0x000000003FFE0000 000040
[    0.008540] ACPI: APIC 0x000000003FFE25EC 000170 (v03 BOCHS  BXPC     00000001 BXPC 00000001)
[    0.009126] ACPI: HPET 0x000000003FFE275C 000038 (v01 BOCHS  BXPC     00000001 BXPC 00000001)
[    0.009710] ACPI: WAET 0x000000003FFE2794 000028 (v01 BOCHS  BXPC     00000001 BXPC 00000001)
[    0.010294] ACPI: Reserving FACP table memory at [mem 0x3ffe2578-0x3ffe25eb]
[    0.010775] ACPI: Reserving DSDT table memory at [mem 0x3ffe0040-0x3ffe2577]
[    0.011257] ACPI: Reserving FACS table memory at [mem 0x3ffe0000-0x3ffe003f]
[    0.011742] ACPI: Reserving APIC table memory at [mem 0x3ffe25ec-0x3ffe275b]
[    0.012221] ACPI: Reserving HPET table memory at [mem 0x3ffe275c-0x3ffe2793]
[    0.012701] ACPI: Reserving WAET table memory at [mem 0x3ffe2794-0x3ffe27bb]
[    0.013317] No NUMA configuration found
[    0.013578] Faking a node at [mem 0x0000000000000000-0x000000003ffdffff]
[    0.014034] NODE_DATA(0) allocated [mem 0x3ffdb740-0x3ffdffff]
[    0.014442] Zone ranges:
[    0.014615]   DMA      [mem 0x0000000000001000-0x0000000000ffffff]
[    0.015036]   DMA32    [mem 0x0000000001000000-0x000000003ffdffff]
[    0.015456]   Normal   empty
[    0.015652]   Device   empty
[    0.015848] Movable zone start for each node
[    0.016138] Early memory node ranges
[    0.016381]   node   0: [mem 0x0000000000001000-0x000000000009efff]
[    0.016809]   node   0: [mem 0x0000000000100000-0x000000003ffdffff]
[    0.017238] Initmem setup node 0 [mem 0x0000000000001000-0x000000003ffdffff]
[    0.017719] On node 0, zone DMA: 1 pages in unavailable ranges
[    0.018124] On node 0, zone DMA: 97 pages in unavailable ranges
[    0.019434] On node 0, zone DMA32: 32 pages in unavailable ranges
[    0.020046] ACPI: PM-Timer IO Port: 0x608
[    0.020327] ACPI: LAPIC_NMI (acpi_id[0xff] dfl dfl lint[0x1])
[    0.020738] IOAPIC[0]: apic_id 0, version 17, address 0xfec00000, GSI 0-23
[    0.021209] ACPI: INT_SRC_OVR (bus 0 bus_irq 0 global_irq 2 dfl dfl)
[    0.021642] ACPI: INT_SRC_OVR (bus 0 bus_irq 5 global_irq 5 high level)
[    0.022093] ACPI: INT_SRC_OVR (bus 0 bus_irq 9 global_irq 9 high level)
[    0.022543] ACPI: INT_SRC_OVR (bus 0 bus_irq 10 global_irq 10 high level)
[    0.023006] ACPI: INT_SRC_OVR (bus 0 bus_irq 11 global_irq 11 high level)
[    0.023468] ACPI: Using ACPI (MADT) for SMP configuration information
[    0.023907] ACPI: HPET id: 0x8086a201 base: 0xfed00000
[    0.024257] TSC deadline timer available
[    0.024526] CPU topo: Max. logical packages:   1
[    0.024840] CPU topo: Max. logical dies:       1
[    0.025156] CPU topo: Max. dies per package:   1
[    0.025472] CPU topo: Max. threads per core:   1
[    0.025786] CPU topo: Num. cores per package:    32
[    0.026117] CPU topo: Num. threads per package:  32
[    0.026448] CPU topo: Allowing 32 present CPUs plus 0 hotplug CPUs
[    0.026875] kvm-guest: APIC: eoi() replaced with kvm_guest_apic_eoi_write()
[    0.027355] kvm-guest: KVM setup pv remote TLB flush
[    0.027694] kvm-guest: setup PV sched yield
[    0.027981] PM: hibernation: Registered nosave memory: [mem 0x00000000-0x00000fff]
[    0.028497] PM: hibernation: Registered nosave memory: [mem 0x0009f000-0x000fffff]
[    0.029018] [mem 0x40000000-0xfeffbfff] available for PCI devices
[    0.029431] Booting paravirtualized kernel on KVM
[    0.029750] clocksource: refined-jiffies: mask: 0xffffffff max_cycles: 0xffffffff, max_idle_ns: 1910969940391419 ns
[    0.033131] setup_percpu: NR_CPUS:64 nr_cpumask_bits:32 nr_cpu_ids:32 nr_node_ids:1
[    0.034232] percpu: Embedded 53 pages/cpu s179544 r8192 d29352 u262144
[    0.034708] Kernel command line: virtme_hostname=virtme-ng nr_open=1048576 virtme_link_mods=/nipa-data/kernel/.virtme_mods/lib/modules/0.0.0 virtme_initmount0=nipa-data/kernel virtme_rw_overlay0=/etc virtme_rw_overlay1=/lib virtme_rw_overlay2=/home virtme_rw_overlay3=/opt virtme_rw_overlay4=/srv virtme_rw_overlay5=/usr virtme_rw_overlay6=/var console=hvc0 earlyprintk=serial,ttyS0,115200 virtme_console=ttyS0 psmouse.proto=exps TERM=xterm virtme_chdir=nipa-data/kernel virtme_root_user=1 rootfstype=9p rootflags=version=9p2000.L,trans=virtio,access=any raid=noautodetect ro init=/usr/lib/python3/dist-packages/virtme/guest/virtme-init
[    0.038671] Unknown kernel command line parameters "virtme_hostname=virtme-ng nr_open=1048576 virtme_link_mods=/nipa-data/kernel/.virtme_mods/lib/modules/0.0.0 virtme_initmount0=nipa-data/kernel virtme_rw_overlay0=/etc virtme_rw_overlay1=/lib virtme_rw_overlay2=/home virtme_rw_overlay3=/opt virtme_rw_overlay4=/srv virtme_rw_overlay5=/usr virtme_rw_overlay6=/var virtme_console=ttyS0 virtme_chdir=nipa-data/kernel virtme_root_user=1", will be passed to user space.
[    0.041711] random: crng init done
[    0.041947] printk: log buffer data + meta data: 262144 + 917504 = 1179648 bytes
[    0.042488] Dentry cache hash table entries: 131072 (order: 8, 1048576 bytes, linear)
[    0.043051] Inode-cache hash table entries: 65536 (order: 7, 524288 bytes, linear)
[    0.043667] Fallback order for Node 0: 0 
[    0.043669] Built 1 zonelists, mobility grouping on.  Total pages: 262014
[    0.044423] Policy zone: DMA32
[    0.044635] mem auto-init: stack:all(zero), heap alloc:off, heap free:off
[    0.045594] SLUB: HWalign=64, Order=0-3, MinObjects=0, CPUs=32, Nodes=1
Poking KASLR using RDRAND RDTSC...
[    0.052700] ftrace: allocating 49063 entries in 192 pages
[    0.053080] ftrace: allocated 192 pages with 2 groups
[    0.054020] Dynamic Preempt: voluntary
[    0.054406] rcu: Preemptible hierarchical RCU implementation.
[    0.054806] rcu: RCU event tracing is enabled.
[    0.055121] rcu: RCU restricting CPUs from NR_CPUS=64 to nr_cpu_ids=32.
[    0.055585] Trampoline variant of Tasks RCU enabled.
[    0.055934] Rude variant of Tasks RCU enabled.
[    0.056248] Tracing variant of Tasks RCU enabled.
[    0.056579] rcu: RCU calculated value of scheduler-enlistment delay is 100 jiffies.
[    0.057113] rcu: Adjusting geometry for rcu_fanout_leaf=16, nr_cpu_ids=32
[    0.057589] RCU Tasks: Setting shift to 5 and lim to 1 rcu_task_cb_adjust=1 rcu_task_cpu_ids=32.
[    0.058199] RCU Tasks Rude: Setting shift to 5 and lim to 1 rcu_task_cb_adjust=1 rcu_task_cpu_ids=32.
[    0.058838] RCU Tasks Trace: Setting shift to 5 and lim to 1 rcu_task_cb_adjust=1 rcu_task_cpu_ids=32.
[    0.061155] NR_IRQS: 4352, nr_irqs: 680, preallocated irqs: 16
[    0.061722] rcu: srcu_init: Setting srcu_struct sizes based on contention.
[    0.062336] Console: colour *CGA 80x25
[    0.062604] ACPI: Core revision 20250404
[    0.062944] clocksource: hpet: mask: 0xffffffff max_cycles: 0xffffffff, max_idle_ns: 19112604467 ns
[    0.063628] APIC: Switch to symmetric I/O mode setup
[    0.064106] x2apic enabled
[    0.064458] APIC: Switched APIC routing to: physical x2apic
[    0.064856] kvm-guest: APIC: send_IPI_mask() replaced with kvm_send_ipi_mask()
[    0.065372] kvm-guest: APIC: send_IPI_mask_allbutself() replaced with kvm_send_ipi_mask_allbutself()
[    0.066002] kvm-guest: setup PV IPIs
[    0.066968] ..TIMER: vector=0x30 apic1=0 pin1=2 apic2=-1 pin2=-1
[    0.067725] clocksource: tsc-early: mask: 0xffffffffffffffff max_cycles: 0x40be463295d, max_idle_ns: 440795209293 ns
[    0.069026] Calibrating delay loop (skipped) preset value.. 8983.12 BogoMIPS (lpj=4491564)
[    0.070085] x86/cpu: User Mode Instruction Prevention (UMIP) activated
[    0.071071] Last level iTLB entries: 4KB 512, 2MB 255, 4MB 127
[    0.072025] Last level dTLB entries: 4KB 512, 2MB 255, 4MB 127, 1GB 0
[    0.072824] Speculative Store Bypass: Mitigation: Speculative Store Bypass disabled via prctl
[    0.073025] Speculative Return Stack Overflow: IBPB-extending microcode not applied!
[    0.074025] Speculative Return Stack Overflow: WARNING: See https://kernel.org/doc/html/latest/admin-guide/hw-vuln/srso.html for mitigation options.
[    0.074026] Spectre V2 : Mitigation: Enhanced / Automatic IBRS
[    0.076025] Speculative Return Stack Overflow: Vulnerable: Safe RET, no microcode
[    0.077025] Spectre V1 : Mitigation: usercopy/swapgs barriers and __user pointer sanitization
[    0.078028] Spectre V2 : mitigation: Enabling conditional Indirect Branch Prediction Barrier
[    0.079040] x86/fpu: Supporting XSAVE feature 0x001: 'x87 floating point registers'
[    0.080025] x86/fpu: Supporting XSAVE feature 0x002: 'SSE registers'
[    0.081025] x86/fpu: Supporting XSAVE feature 0x004: 'AVX registers'
[    0.081791] x86/fpu: Supporting XSAVE feature 0x020: 'AVX-512 opmask'
[    0.082025] x86/fpu: Supporting XSAVE feature 0x040: 'AVX-512 Hi256'
[    0.083025] x86/fpu: Supporting XSAVE feature 0x080: 'AVX-512 ZMM_Hi256'
[    0.084025] x86/fpu: Supporting XSAVE feature 0x200: 'Protection Keys User registers'
[    0.085026] x86/fpu: xstate_offset[2]:  576, xstate_sizes[2]:  256
[    0.085770] x86/fpu: xstate_offset[5]:  832, xstate_sizes[5]:   64
[    0.086025] x86/fpu: xstate_offset[6]:  896, xstate_sizes[6]:  512
[    0.087025] x86/fpu: xstate_offset[7]: 1408, xstate_sizes[7]: 1024
[    0.088025] x86/fpu: xstate_offset[9]: 2432, xstate_sizes[9]:    8
[    0.088770] x86/fpu: Enabled xstate features 0x2e7, context size is 2440 bytes, using 'compacted' format.
[    0.103440] Freeing SMP alternatives memory: 44K
[    0.104009] pid_max: default: 32768 minimum: 301
[    0.104044] Mount-cache hash table entries: 2048 (order: 2, 16384 bytes, linear)
[    0.105026] Mountpoint-cache hash table entries: 2048 (order: 2, 16384 bytes, linear)
[    0.106168] smpboot: CPU0: AMD Ryzen 9 7950X 16-Core Processor (family: 0x19, model: 0x61, stepping: 0x2)
[    0.107122] Performance Events: Fam17h+ core perfctr, AMD PMU driver.
[    0.107906] ... version:                0
[    0.108027] ... bit width:              48
[    0.108512] ... generic registers:      6
[    0.108987] ... value mask:             0000ffffffffffff
[    0.109027] ... max period:             00007fffffffffff
[    0.109655] ... fixed-purpose events:   0
[    0.110027] ... event mask:             000000000000003f
[    0.110742] signal: max sigframe size: 3376
[    0.111040] rcu: Hierarchical SRCU implementation.
[    0.111608] rcu: Max phase no-delay instances is 400.
[    0.112049] Timer migration: 2 hierarchy levels; 8 children per group; 2 crossnode level
[    0.115080] smp: Bringing up secondary CPUs ...
[    0.115670] smpboot: x86: Booting SMP configuration:
[    0.116028] .... node  #0, CPUs:        #1  #2  #3  #4  #5  #6  #7  #8  #9 #10 #11 #12 #13 #14 #15 #16 #17 #18 #19 #20 #21 #22 #23 #24 #25 #26 #27 #28 #29 #30 #31
[    0.127136] smp: Brought up 1 node, 32 CPUs
[    0.128531] smpboot: Total of 32 processors activated (287460.09 BogoMIPS)
[    0.130127] Memory: 971012K/1048056K available (16166K kernel code, 2483K rwdata, 6500K rodata, 3208K init, 1640K bss, 62532K reserved, 0K cma-reserved)
[    0.131150] devtmpfs: initialized
[    0.131461] x86/mm: Memory block size: 128MB
[    0.132719] clocksource: jiffies: mask: 0xffffffff max_cycles: 0xffffffff, max_idle_ns: 1911260446275000 ns
[    0.133028] posixtimers hash table entries: 16384 (order: 6, 262144 bytes, linear)
[    0.134042] futex hash table entries: 8192 (524288 bytes on 1 NUMA nodes, total 512 KiB, linear).
[    0.135104] PM: RTC time: 18:06:06, date: 2025-06-13
[    0.136041] NET: Registered PF_NETLINK/PF_ROUTE protocol family
[    0.136902] thermal_sys: Registered thermal governor 'step_wise'
[    0.136913] cpuidle: using governor menu
[    0.138211] PCI: Using configuration type 1 for base access
[    0.138890] PCI: Using configuration type 1 for extended access
[    0.139096] kprobes: kprobe jump-optimization is enabled. All kprobes are optimized if possible.
[    0.147065] HugeTLB: allocation took 0ms with hugepage_allocation_threads=8
[    0.147969] HugeTLB: registered 1.00 GiB page size, pre-allocated 0 pages
[    0.149027] HugeTLB: 16380 KiB vmemmap can be freed for a 1.00 GiB page
[    0.149847] HugeTLB: registered 2.00 MiB page size, pre-allocated 0 pages
[    0.151027] HugeTLB: 28 KiB vmemmap can be freed for a 2.00 MiB page
[    0.155714] ACPI: Added _OSI(Module Device)
[    0.156027] ACPI: Added _OSI(Processor Device)
[    0.156583] ACPI: Added _OSI(Processor Aggregator Device)
[    0.157694] ACPI: 1 ACPI AML tables successfully acquired and loaded
[    0.160175] ACPI: Interpreter enabled
[    0.160644] ACPI: PM: (supports S0 S3 S4 S5)
[    0.161027] ACPI: Using IOAPIC for interrupt routing
[    0.161651] PCI: Using host bridge windows from ACPI; if necessary, use "pci=nocrs" and report a bug
[    0.163027] PCI: Using E820 reservations for host bridge windows
[    0.163856] ACPI: Enabled 2 GPEs in block 00 to 0F
[    0.166674] ACPI: PCI Root Bridge [PCI0] (domain 0000 [bus 00-ff])
[    0.168029] acpi PNP0A03:00: _OSC: OS supports [ExtendedConfig ASPM ClockPM Segments MSI HPX-Type3]
[    0.169115] PCI host bridge to bus 0000:00
[    0.169622] pci_bus 0000:00: root bus resource [io  0x0000-0x0cf7 window]
[    0.170027] pci_bus 0000:00: root bus resource [io  0x0d00-0xffff window]
[    0.170869] pci_bus 0000:00: root bus resource [mem 0x000a0000-0x000bffff window]
[    0.172027] pci_bus 0000:00: root bus resource [mem 0x40000000-0xfebfffff window]
[    0.172954] pci_bus 0000:00: root bus resource [mem 0x100000000-0x17fffffff window]
[    0.174028] pci_bus 0000:00: root bus resource [bus 00-ff]
[    0.174793] pci 0000:00:00.0: [8086:1237] type 00 class 0x060000 conventional PCI endpoint
[    0.176292] pci 0000:00:01.0: [8086:7000] type 00 class 0x060100 conventional PCI endpoint
[    0.177294] pci 0000:00:01.1: [8086:7010] type 00 class 0x010180 conventional PCI endpoint
[    0.178525] pci 0000:00:01.1: BAR 4 [io  0xc0c0-0xc0cf]
[    0.179045] pci 0000:00:01.1: BAR 0 [io  0x01f0-0x01f7]: legacy IDE quirk
[    0.179886] pci 0000:00:01.1: BAR 1 [io  0x03f6]: legacy IDE quirk
[    0.181027] pci 0000:00:01.1: BAR 2 [io  0x0170-0x0177]: legacy IDE quirk
[    0.181866] pci 0000:00:01.1: BAR 3 [io  0x0376]: legacy IDE quirk
[    0.183117] pci 0000:00:01.3: [8086:7113] type 00 class 0x068000 conventional PCI endpoint
[    0.184219] pci 0000:00:01.3: quirk: [io  0x0600-0x063f] claimed by PIIX4 ACPI
[    0.185031] pci 0000:00:01.3: quirk: [io  0x0700-0x070f] claimed by PIIX4 SMB
[    0.186079] pci 0000:00:02.0: [1af4:1009] type 00 class 0x000200 conventional PCI endpoint
[    0.188031] pci 0000:00:02.0: BAR 0 [io  0xc000-0xc03f]
[    0.188686] pci 0000:00:02.0: BAR 1 [mem 0xfebfc000-0xfebfcfff]
[    0.189041] pci 0000:00:02.0: BAR 4 [mem 0xfebf0000-0xfebf3fff 64bit pref]
[    0.191603] pci 0000:00:03.0: [1af4:1009] type 00 class 0x000200 conventional PCI endpoint
[    0.192552] pci 0000:00:03.0: BAR 0 [io  0xc040-0xc07f]
[    0.193031] pci 0000:00:03.0: BAR 1 [mem 0xfebfd000-0xfebfdfff]
[    0.193780] pci 0000:00:03.0: BAR 4 [mem 0xfebf4000-0xfebf7fff 64bit pref]
[    0.195542] pci 0000:00:04.0: [8086:25ab] type 00 class 0x088000 conventional PCI endpoint
[    0.196322] pci 0000:00:04.0: BAR 0 [mem 0xfebfe000-0xfebfe00f]
[    0.197429] pci 0000:00:05.0: [1af4:1003] type 00 class 0x078000 conventional PCI endpoint
[    0.199971] pci 0000:00:05.0: BAR 0 [io  0xc080-0xc0bf]
[    0.201031] pci 0000:00:05.0: BAR 1 [mem 0xfebff000-0xfebfffff]
[    0.201775] pci 0000:00:05.0: BAR 4 [mem 0xfebf8000-0xfebfbfff 64bit pref]
[    0.202738] ACPI: PCI: Interrupt link LNKA configured for IRQ 10
[    0.204131] ACPI: PCI: Interrupt link LNKB configured for IRQ 10
[    0.204969] ACPI: PCI: Interrupt link LNKC configured for IRQ 11
[    0.206124] ACPI: PCI: Interrupt link LNKD configured for IRQ 11
[    0.206938] ACPI: PCI: Interrupt link LNKS configured for IRQ 9
[    0.207852] iommu: Default domain type: Translated
[    0.209027] iommu: DMA domain TLB invalidation policy: lazy mode
[    0.210121] SCSI subsystem initialized
[    0.211057] pps_core: LinuxPPS API ver. 1 registered
[    0.211686] pps_core: Software ver. 5.3.6 - Copyright 2005-2007 Rodolfo Giometti <giometti@linux.it>
[    0.212029] PTP clock support registered
[    0.213043] Advanced Linux Sound Architecture Driver Initialized.
[    0.214281] NET: Registered PF_ATMPVC protocol family
[    0.214918] NET: Registered PF_ATMSVC protocol family
[    0.215033] PCI: Using ACPI for IRQ routing
[    0.215640] vgaarb: loaded
[    0.216031] hpet0: at MMIO 0xfed00000, IRQs 2, 8, 0
[    0.216639] hpet0: 3 comparators, 64-bit 100.000000 MHz counter
[    0.221111] clocksource: Switched to clocksource kvm-clock
[    0.221890] VFS: Disk quotas dquot_6.6.0
[    0.222347] VFS: Dquot-cache hash table entries: 512 (order 0, 4096 bytes)
[    0.223833] pnp: PnP ACPI init
[    0.224388] pnp: PnP ACPI: found 5 devices
[    0.230191] clocksource: acpi_pm: mask: 0xffffff max_cycles: 0xffffff, max_idle_ns: 2085701024 ns
[    0.231305] NET: Registered PF_INET protocol family
[    0.231923] IP idents hash table entries: 16384 (order: 5, 131072 bytes, linear)
[    0.232984] tcp_listen_portaddr_hash hash table entries: 512 (order: 1, 8192 bytes, linear)
[    0.234016] Table-perturb hash table entries: 65536 (order: 6, 262144 bytes, linear)
[    0.234984] TCP established hash table entries: 8192 (order: 4, 65536 bytes, linear)
[    0.236038] TCP bind hash table entries: 8192 (order: 6, 262144 bytes, linear)
[    0.236940] TCP: Hash tables configured (established 8192 bind 8192)
[    0.237735] UDP hash table entries: 512 (order: 3, 32768 bytes, linear)
[    0.238572] UDP-Lite hash table entries: 512 (order: 3, 32768 bytes, linear)
[    0.239467] NET: Registered PF_UNIX/PF_LOCAL protocol family
[    0.240174] pci_bus 0000:00: resource 4 [io  0x0000-0x0cf7 window]
[    0.240938] pci_bus 0000:00: resource 5 [io  0x0d00-0xffff window]
[    0.241697] pci_bus 0000:00: resource 6 [mem 0x000a0000-0x000bffff window]
[    0.242549] pci_bus 0000:00: resource 7 [mem 0x40000000-0xfebfffff window]
[    0.243397] pci_bus 0000:00: resource 8 [mem 0x100000000-0x17fffffff window]
[    0.244289] pci 0000:00:01.0: PIIX3: Enabling Passive Release
[    0.245005] pci 0000:00:00.0: Limiting direct PCI/PCI transfers
[    0.245766] PCI: CLS 0 bytes, default 64
[    0.246308] kvm_intel: VMX not supported by CPU 9
[    0.246924] kvm_amd: TSC scaling supported
[    0.247429] kvm_amd: Nested Virtualization enabled
[    0.248025] kvm_amd: Nested Paging enabled
[    0.248530] kvm_amd: LBR virtualization supported
[    0.249118] kvm_amd: Virtual GIF supported
[    0.249624] kvm_amd: Virtual NMI enabled
[    0.275363] clocksource: tsc: mask: 0xffffffffffffffff max_cycles: 0x40be463295d, max_idle_ns: 440795209293 ns
[    0.281431] Initialise system trusted keyrings
[    0.282063] workingset: timestamp_bits=56 max_order=18 bucket_order=0
[    0.282897] squashfs: version 4.0 (2009/01/31) Phillip Lougher
[    0.283631] fuse: init (API version 7.44)
[    0.284161] 9p: Installing v9fs 9p2000 file system support
[    0.291416] Key type asymmetric registered
[    0.291935] Asymmetric key parser 'x509' registered
[    0.292552] Block layer SCSI generic (bsg) driver version 0.4 loaded (major 249)
[    0.293492] io scheduler mq-deadline registered
[    0.294063] io scheduler kyber registered
[    0.295895] input: Power Button as /devices/LNXSYSTM:00/LNXPWRBN:00/input/input0
[    0.296897] ACPI: button: Power Button [PWRF]
[    0.297839] Warning: Processor Platform Limit event detected, but not handled.
[    0.298713] Consider compiling CPUfreq support into your kernel.
[    0.316097] ACPI: \_SB_.LNKB: Enabled at IRQ 10
[    0.331865] ACPI: \_SB_.LNKC: Enabled at IRQ 11
[    0.347575] ACPI: \_SB_.LNKA: Enabled at IRQ 10
[    0.348609] Serial: 8250/16550 driver, 4 ports, IRQ sharing enabled
[    0.349503] 00:03: ttyS0 at I/O 0x3f8 (irq = 4, base_baud = 115200) is a 16550A
[    0.368543] Non-volatile memory driver v1.3
[    0.369142] Linux agpgart interface v0.103
[    0.369691] ACPI: bus type drm_connector registered
[    0.370794] printk: legacy console [hvc0] enabled
[    0.371391] printk: legacy bootconsole [earlyser0] disabled
          _      _                                    
   __   _(_)_ __| |_ _ __ ___   ___       _ __   __ _ 
   \ \ / / |  __| __|  _   _ \ / _ \_____|  _ \ / _  |
    \ V /| | |  | |_| | | | | |  __/_____| | | | (_| |
     \_/ |_|_|   \__|_| |_| |_|\___|     |_| |_|\__  |
                                                |___/ 
   kernel version: 6.16.0-rc1-virtme x86_64
   (CTRL+d to exit)

root@virtme-ng:/nipa-data/kernel# PS1='xx__-> '
xx__-> env
PWD=/nipa-data/kernel
nr_open=1048576
HOME=/
TERM=xterm
SHLVL=2
XDG_RUNTIME_DIR=/run/user/0
PATH=/bin:/sbin:/usr/bin:/usr/sbin:/usr/local/bin
OLDPWD=/
_=/bin/env
xx__-> 