No EFI environment detected.
early console in extract_kernel
input_data: 0x0000000004cb72c4
input_len: 0x00000000018d23f0
output: 0x0000000001000000
output_len: 0x00000000055136bc
kernel_total_size: 0x0000000005030000
needed_size: 0x0000000005600000
trampoline_32bit: 0x0000000000000000
Physical KASLR using RDRAND RDTSC...
Virtual KASLR using RDRAND RDTSC...

Decompressing Linux... Parsing ELF... Performing relocations... done.
Booting the kernel (entry_offset: 0x0000000000000000).
[    0.000000] Linux version 6.12.0-rc3-virtme (root@b82e2757e1a0) (gcc (Ubuntu 13.2.0-23ubuntu4) 13.2.0, GNU ld (GNU Binutils for Ubuntu) 2.42) #1 SMP PREEMPT_DYNAMIC Tue Oct 22 09:26:13 UTC 2024
[    0.000000] Command line: virtme_hostname=virtme-ng nr_open=1048576 virtme_link_mods=/nipa-data/kernel/.virtme_mods/lib/modules/0.0.0 virtme_initmount0=nipa-data/kernel virtme_rw_overlay0=/etc virtme_rw_overlay1=/lib virtme_rw_overlay2=/home virtme_rw_overlay3=/opt virtme_rw_overlay4=/srv virtme_rw_overlay5=/usr virtme_rw_overlay6=/var console=hvc0 earlyprintk=serial,ttyS0,115200 virtme_console=ttyS0 psmouse.proto=exps TERM=xterm virtme_chdir=nipa-data/kernel virtme_root_user=1 rootfstype=9p rootflags=version=9p2000.L,trans=virtio,access=any raid=noautodetect ro init=/usr/lib/python3/dist-packages/virtme/guest/virtme-init
[    0.000000] BIOS-provided physical RAM map:
[    0.000000] BIOS-e820: [mem 0x0000000000000000-0x000000000009fbff] usable
[    0.000000] BIOS-e820: [mem 0x000000000009fc00-0x000000000009ffff] reserved
[    0.000000] BIOS-e820: [mem 0x00000000000f0000-0x00000000000fffff] reserved
[    0.000000] BIOS-e820: [mem 0x0000000000100000-0x000000003ffdffff] usable
[    0.000000] BIOS-e820: [mem 0x000000003ffe0000-0x000000003fffffff] reserved
[    0.000000] BIOS-e820: [mem 0x00000000feffc000-0x00000000feffffff] reserved
[    0.000000] BIOS-e820: [mem 0x00000000fffc0000-0x00000000ffffffff] reserved
[    0.000000] BIOS-e820: [mem 0x000000fd00000000-0x000000ffffffffff] reserved
[    0.000000] printk: legacy bootconsole [earlyser0] enabled
[    0.000000] NX (Execute Disable) protection: active
[    0.000000] APIC: Static calls initialized
[    0.000000] SMBIOS 3.0.0 present.
[    0.000000] DMI: QEMU Ubuntu 24.04 PC (i440FX + PIIX, 1996), BIOS 1.16.3-debian-1.16.3-2 04/01/2014
[    0.000000] DMI: Memory slots populated: 1/1
[    0.000000] Hypervisor detected: KVM
[    0.000000] kvm-clock: Using msrs 4b564d01 and 4b564d00
[    0.000000] kvm-clock: using sched offset of 317271084 cycles
[    0.000341] clocksource: kvm-clock: mask: 0xffffffffffffffff max_cycles: 0x1cd42e4dffb, max_idle_ns: 881590591483 ns
[    0.001400] tsc: Detected 4491.560 MHz processor
[    0.002024] last_pfn = 0x3ffe0 max_arch_pfn = 0x400000000
[    0.002412] MTRR map: 4 entries (3 fixed + 1 variable; max 19), built from 8 variable MTRRs
[    0.002958] x86/PAT: Configuration [0-7]: WB  WC  UC- UC  WB  WP  UC- WT  
[    0.004823] found SMP MP-table at [mem 0x000f5470-0x000f547f]
[    0.005202] Using GB pages for direct mapping
[    0.005672] ACPI: Early table checksum verification disabled
[    0.006043] ACPI: RSDP 0x00000000000F5290 000014 (v00 BOCHS )
[    0.006420] ACPI: RSDT 0x000000003FFE27BC 000034 (v01 BOCHS  BXPC     00000001 BXPC 00000001)
[    0.006978] ACPI: FACP 0x000000003FFE2578 000074 (v01 BOCHS  BXPC     00000001 BXPC 00000001)
[    0.007535] ACPI: DSDT 0x000000003FFE0040 002538 (v01 BOCHS  BXPC     00000001 BXPC 00000001)
[    0.008092] ACPI: FACS 0x000000003FFE0000 000040
[    0.008394] ACPI: APIC 0x000000003FFE25EC 000170 (v03 BOCHS  BXPC     00000001 BXPC 00000001)
[    0.008950] ACPI: HPET 0x000000003FFE275C 000038 (v01 BOCHS  BXPC     00000001 BXPC 00000001)
[    0.009506] ACPI: WAET 0x000000003FFE2794 000028 (v01 BOCHS  BXPC     00000001 BXPC 00000001)
[    0.010063] ACPI: Reserving FACP table memory at [mem 0x3ffe2578-0x3ffe25eb]
[    0.010522] ACPI: Reserving DSDT table memory at [mem 0x3ffe0040-0x3ffe2577]
[    0.010980] ACPI: Reserving FACS table memory at [mem 0x3ffe0000-0x3ffe003f]
[    0.011438] ACPI: Reserving APIC table memory at [mem 0x3ffe25ec-0x3ffe275b]
[    0.011896] ACPI: Reserving HPET table memory at [mem 0x3ffe275c-0x3ffe2793]
[    0.012354] ACPI: Reserving WAET table memory at [mem 0x3ffe2794-0x3ffe27bb]
[    0.012993] No NUMA configuration found
[    0.013242] Faking a node at [mem 0x0000000000000000-0x000000003ffdffff]
[    0.013679] NODE_DATA(0) allocated [mem 0x3ffdb780-0x3ffdffff]
[    0.014077] Zone ranges:
[    0.014241]   DMA      [mem 0x0000000000001000-0x0000000000ffffff]
[    0.014647]   DMA32    [mem 0x0000000001000000-0x000000003ffdffff]
[    0.015047]   Normal   empty
[    0.015234]   Device   empty
[    0.015421] Movable zone start for each node
[    0.015697] Early memory node ranges
[    0.015928]   node   0: [mem 0x0000000000001000-0x000000000009efff]
[    0.016334]   node   0: [mem 0x0000000000100000-0x000000003ffdffff]
[    0.016745] Initmem setup node 0 [mem 0x0000000000001000-0x000000003ffdffff]
[    0.017207] On node 0, zone DMA: 1 pages in unavailable ranges
[    0.017643] On node 0, zone DMA: 97 pages in unavailable ranges
[    0.022096] On node 0, zone DMA32: 32 pages in unavailable ranges
[    0.030981] kasan: KernelAddressSanitizer initialized
[    0.031519] ACPI: PM-Timer IO Port: 0x608
[    0.031790] ACPI: LAPIC_NMI (acpi_id[0xff] dfl dfl lint[0x1])
[    0.032184] IOAPIC[0]: apic_id 0, version 17, address 0xfec00000, GSI 0-23
[    0.032632] ACPI: INT_SRC_OVR (bus 0 bus_irq 0 global_irq 2 dfl dfl)
[    0.033045] ACPI: INT_SRC_OVR (bus 0 bus_irq 5 global_irq 5 high level)
[    0.033475] ACPI: INT_SRC_OVR (bus 0 bus_irq 9 global_irq 9 high level)
[    0.033905] ACPI: INT_SRC_OVR (bus 0 bus_irq 10 global_irq 10 high level)
[    0.034361] ACPI: INT_SRC_OVR (bus 0 bus_irq 11 global_irq 11 high level)
[    0.034804] ACPI: Using ACPI (MADT) for SMP configuration information
[    0.035223] ACPI: HPET id: 0x8086a201 base: 0xfed00000
[    0.035558] TSC deadline timer available
[    0.035823] CPU topo: Max. logical packages:   1
[    0.036122] CPU topo: Max. logical dies:       1
[    0.036422] CPU topo: Max. dies per package:   1
[    0.036731] CPU topo: Max. threads per core:   1
[    0.037031] CPU topo: Num. cores per package:    32
[    0.037348] CPU topo: Num. threads per package:  32
[    0.037665] CPU topo: Allowing 32 present CPUs plus 0 hotplug CPUs
[    0.038084] kvm-guest: APIC: eoi() replaced with kvm_guest_apic_eoi_write()
[    0.038550] kvm-guest: KVM setup pv remote TLB flush
[    0.038874] kvm-guest: setup PV sched yield
[    0.039152] PM: hibernation: Registered nosave memory: [mem 0x00000000-0x00000fff]
[    0.039644] PM: hibernation: Registered nosave memory: [mem 0x0009f000-0x0009ffff]
[    0.040136] PM: hibernation: Registered nosave memory: [mem 0x000a0000-0x000effff]
[    0.040627] PM: hibernation: Registered nosave memory: [mem 0x000f0000-0x000fffff]
[    0.041120] [mem 0x40000000-0xfeffbfff] available for PCI devices
[    0.041516] Booting paravirtualized kernel on KVM
[    0.041822] clocksource: refined-jiffies: mask: 0xffffffff max_cycles: 0xffffffff, max_idle_ns: 1910969940391419 ns
[    0.050337] setup_percpu: NR_CPUS:64 nr_cpumask_bits:32 nr_cpu_ids:32 nr_node_ids:1
[    0.052052] percpu: Embedded 70 pages/cpu s248792 r8192 d29736 u524288
[    0.052547] Kernel command line: virtme_hostname=virtme-ng nr_open=1048576 virtme_link_mods=/nipa-data/kernel/.virtme_mods/lib/modules/0.0.0 virtme_initmount0=nipa-data/kernel virtme_rw_overlay0=/etc virtme_rw_overlay1=/lib virtme_rw_overlay2=/home virtme_rw_overlay3=/opt virtme_rw_overlay4=/srv virtme_rw_overlay5=/usr virtme_rw_overlay6=/var console=hvc0 earlyprintk=serial,ttyS0,115200 virtme_console=ttyS0 psmouse.proto=exps TERM=xterm virtme_chdir=nipa-data/kernel virtme_root_user=1 rootfstype=9p rootflags=version=9p2000.L,trans=virtio,access=any raid=noautodetect ro init=/usr/lib/python3/dist-packages/virtme/guest/virtme-init
[    0.056389] Unknown kernel command line parameters "virtme_hostname=virtme-ng nr_open=1048576 virtme_link_mods=/nipa-data/kernel/.virtme_mods/lib/modules/0.0.0 virtme_initmount0=nipa-data/kernel virtme_rw_overlay0=/etc virtme_rw_overlay1=/lib virtme_rw_overlay2=/home virtme_rw_overlay3=/opt virtme_rw_overlay4=/srv virtme_rw_overlay5=/usr virtme_rw_overlay6=/var virtme_console=ttyS0 virtme_chdir=nipa-data/kernel virtme_root_user=1", will be passed to user space.
[    0.059316] random: crng init done
[    0.059567] Dentry cache hash table entries: 131072 (order: 8, 1048576 bytes, linear)
[    0.060104] Inode-cache hash table entries: 65536 (order: 7, 524288 bytes, linear)
[    0.061023] Fallback order for Node 0: 0 
[    0.061026] Built 1 zonelists, mobility grouping on.  Total pages: 262014
[    0.061748] Policy zone: DMA32
[    0.061953] mem auto-init: stack:all(zero), heap alloc:off, heap free:off
[    0.062412] stackdepot: allocating hash table via alloc_large_system_hash
[    0.062866] stackdepot hash table entries: 1048576 (order: 12, 16777216 bytes, linear)
[    0.070741] SLUB: HWalign=64, Order=0-3, MinObjects=0, CPUs=32, Nodes=1
Poking KASLR using RDRAND RDTSC...
[    0.071465] ftrace: allocating 48617 entries in 190 pages
[    0.079780] ftrace: allocated 190 pages with 6 groups
[    0.080928] Dynamic Preempt: voluntary
[    0.081607] rcu: Preemptible hierarchical RCU implementation.
[    0.081987] rcu: RCU event tracing is enabled.
[    0.082305] rcu: RCU restricting CPUs from NR_CPUS=64 to nr_cpu_ids=32.
[    0.082748] Trampoline variant of Tasks RCU enabled.
[    0.083082] Rude variant of Tasks RCU enabled.
[    0.083381] Tracing variant of Tasks RCU enabled.
[    0.083698] rcu: RCU calculated value of scheduler-enlistment delay is 100 jiffies.
[    0.084204] rcu: Adjusting geometry for rcu_fanout_leaf=16, nr_cpu_ids=32
[    0.084720] RCU Tasks: Setting shift to 5 and lim to 1 rcu_task_cb_adjust=1 rcu_task_cpu_ids=32.
[    0.085306] RCU Tasks Rude: Setting shift to 5 and lim to 1 rcu_task_cb_adjust=1 rcu_task_cpu_ids=32.
[    0.085922] RCU Tasks Trace: Setting shift to 5 and lim to 1 rcu_task_cb_adjust=1 rcu_task_cpu_ids=32.
[    0.094458] NR_IRQS: 4352, nr_irqs: 680, preallocated irqs: 16
[    0.095090] rcu: srcu_init: Setting srcu_struct sizes based on contention.
[    0.095754] Console: colour *CGA 80x25
[    0.096030] ACPI: Core revision 20240827
[    0.096433] clocksource: hpet: mask: 0xffffffff max_cycles: 0xffffffff, max_idle_ns: 19112604467 ns
[    0.097097] APIC: Switch to symmetric I/O mode setup
[    0.097443] kvm-guest: APIC: send_IPI_mask() replaced with kvm_send_ipi_mask()
[    0.097927] kvm-guest: APIC: send_IPI_mask_allbutself() replaced with kvm_send_ipi_mask_allbutself()
[    0.098535] kvm-guest: setup PV IPIs
[    0.099579] ..TIMER: vector=0x30 apic1=0 pin1=2 apic2=-1 pin2=-1
[    0.100325] clocksource: tsc-early: mask: 0xffffffffffffffff max_cycles: 0x40be4320a4d, max_idle_ns: 440795288133 ns
[    0.101606] Calibrating delay loop (skipped) preset value.. 8983.12 BogoMIPS (lpj=4491560)
[    0.102668] x86/cpu: User Mode Instruction Prevention (UMIP) activated
[    0.103660] Last level iTLB entries: 4KB 512, 2MB 255, 4MB 127
[    0.104604] Last level dTLB entries: 4KB 512, 2MB 255, 4MB 127, 1GB 0
[    0.105359] Spectre V1 : Mitigation: usercopy/swapgs barriers and __user pointer sanitization
[    0.105608] Spectre V2 : Mitigation: Enhanced / Automatic IBRS
[    0.106604] Spectre V2 : Spectre v2 / SpectreRSB mitigation: Filling RSB on context switch
[    0.107606] Spectre V2 : mitigation: Enabling conditional Indirect Branch Prediction Barrier
[    0.108606] Speculative Store Bypass: Mitigation: Speculative Store Bypass disabled via prctl
[    0.109604] Speculative Return Stack Overflow: IBPB-extending microcode not applied!
[    0.110604] Speculative Return Stack Overflow: WARNING: See https://kernel.org/doc/html/latest/admin-guide/hw-vuln/srso.html for mitigation options.
[    0.110605] Speculative Return Stack Overflow: Vulnerable: Safe RET, no microcode
[    0.112619] x86/fpu: Supporting XSAVE feature 0x001: 'x87 floating point registers'
[    0.113496] x86/fpu: Supporting XSAVE feature 0x002: 'SSE registers'
[    0.113604] x86/fpu: Supporting XSAVE feature 0x004: 'AVX registers'
[    0.114604] x86/fpu: Supporting XSAVE feature 0x020: 'AVX-512 opmask'
[    0.115604] x86/fpu: Supporting XSAVE feature 0x040: 'AVX-512 Hi256'
[    0.116328] x86/fpu: Supporting XSAVE feature 0x080: 'AVX-512 ZMM_Hi256'
[    0.116604] x86/fpu: Supporting XSAVE feature 0x200: 'Protection Keys User registers'
[    0.117604] x86/fpu: xstate_offset[2]:  576, xstate_sizes[2]:  256
[    0.118604] x86/fpu: xstate_offset[5]:  832, xstate_sizes[5]:   64
[    0.119604] x86/fpu: xstate_offset[6]:  896, xstate_sizes[6]:  512
[    0.120310] x86/fpu: xstate_offset[7]: 1408, xstate_sizes[7]: 1024
[    0.120604] x86/fpu: xstate_offset[9]: 2432, xstate_sizes[9]:    8
[    0.121604] x86/fpu: Enabled xstate features 0x2e7, context size is 2440 bytes, using 'compacted' format.
[    0.142255] Freeing SMP alternatives memory: 40K
[    0.142605] pid_max: default: 32768 minimum: 301
[    0.143246] Mount-cache hash table entries: 2048 (order: 2, 16384 bytes, linear)
[    0.143606] Mountpoint-cache hash table entries: 2048 (order: 2, 16384 bytes, linear)
[    0.145823] smpboot: CPU0: AMD Ryzen 9 7950X 16-Core Processor (family: 0x19, model: 0x61, stepping: 0x2)
[    0.147055] Performance Events: Fam17h+ core perfctr, AMD PMU driver.
[    0.147608] ... version:                0
[    0.148068] ... bit width:              48
[    0.148537] ... generic registers:      6
[    0.148606] ... value mask:             0000ffffffffffff
[    0.149219] ... max period:             00007fffffffffff
[    0.149606] ... fixed-purpose events:   0
[    0.150065] ... event mask:             000000000000003f
[    0.150713] signal: max sigframe size: 3376
[    0.151236] rcu: Hierarchical SRCU implementation.
[    0.151607] rcu: Max phase no-delay instances is 400.
[    0.152269] Timer migration: 2 hierarchy levels; 8 children per group; 2 crossnode level
[    0.156221] smp: Bringing up secondary CPUs ...
[    0.156885] smpboot: x86: Booting SMP configuration:
[    0.157454] .... node  #0, CPUs:        #1  #2  #3  #4  #5  #6  #7  #8  #9 #10 #11 #12 #13 #14 #15 #16 #17 #18 #19 #20 #21 #22 #23 #24 #25 #26 #27 #28 #29 #30 #31
[    0.181607] smp: Brought up 1 node, 32 CPUs
[    0.183099] smpboot: Total of 32 processors activated (287459.84 BogoMIPS)
[    0.186724] Memory: 763400K/1048056K available (45056K kernel code, 11389K rwdata, 10008K rodata, 6004K init, 1784K bss, 269032K reserved, 0K cma-reserved)
[    0.187722] devtmpfs: initialized
[    0.188156] x86/mm: Memory block size: 128MB
[    0.194352] clocksource: jiffies: mask: 0xffffffff max_cycles: 0xffffffff, max_idle_ns: 1911260446275000 ns
[    0.195613] futex hash table entries: 8192 (order: 7, 524288 bytes, linear)
[    0.196726] PM: RTC time: 09:26:38, date: 2024-10-22
[    0.197999] NET: Registered PF_NETLINK/PF_ROUTE protocol family
[    0.199435] thermal_sys: Registered thermal governor 'step_wise'
[    0.199438] thermal_sys: Registered thermal governor 'user_space'
[    0.199633] cpuidle: using governor menu
[    0.201831] PCI: Using configuration type 1 for base access
[    0.202484] PCI: Using configuration type 1 for extended access
[    0.202732] kprobes: kprobe jump-optimization is enabled. All kprobes are optimized if possible.
[    0.216789] HugeTLB: registered 1.00 GiB page size, pre-allocated 0 pages
[    0.217607] HugeTLB: 16380 KiB vmemmap can be freed for a 1.00 GiB page
[    0.218422] HugeTLB: registered 2.00 MiB page size, pre-allocated 0 pages
[    0.218606] HugeTLB: 28 KiB vmemmap can be freed for a 2.00 MiB page
[    0.220913] ACPI: Added _OSI(Module Device)
[    0.221425] ACPI: Added _OSI(Processor Device)
[    0.221607] ACPI: Added _OSI(3.0 _SCP Extensions)
[    0.222186] ACPI: Added _OSI(Processor Aggregator Device)
[    0.244530] ACPI: 1 ACPI AML tables successfully acquired and loaded
[    0.249350] ACPI: Interpreter enabled
[    0.249663] ACPI: PM: (supports S0 S3 S4 S5)
[    0.250190] ACPI: Using IOAPIC for interrupt routing
[    0.250652] PCI: Using host bridge windows from ACPI; if necessary, use "pci=nocrs" and report a bug
[    0.252606] PCI: Using E820 reservations for host bridge windows
[    0.254356] ACPI: Enabled 2 GPEs in block 00 to 0F
[    0.299353] ACPI: PCI Root Bridge [PCI0] (domain 0000 [bus 00-ff])
[    0.300620] acpi PNP0A03:00: _OSC: OS supports [ExtendedConfig ASPM ClockPM Segments MSI HPX-Type3]
[    0.302086] PCI host bridge to bus 0000:00
[    0.302649] pci_bus 0000:00: root bus resource [io  0x0000-0x0cf7 window]
[    0.303489] pci_bus 0000:00: root bus resource [io  0x0d00-0xffff window]
[    0.303608] pci_bus 0000:00: root bus resource [mem 0x000a0000-0x000bffff window]
[    0.304533] pci_bus 0000:00: root bus resource [mem 0x40000000-0xfebfffff window]
[    0.305609] pci_bus 0000:00: root bus resource [mem 0x100000000-0x17fffffff window]
[    0.306547] pci_bus 0000:00: root bus resource [bus 00-ff]
[    0.307700] pci 0000:00:00.0: [8086:1237] type 00 class 0x060000 conventional PCI endpoint
[    0.309422] pci 0000:00:01.0: [8086:7000] type 00 class 0x060100 conventional PCI endpoint
[    0.311471] pci 0000:00:01.1: [8086:7010] type 00 class 0x010180 conventional PCI endpoint
[    0.314283] pci 0000:00:01.1: BAR 4 [io  0xc0c0-0xc0cf]
[    0.315328] pci 0000:00:01.1: BAR 0 [io  0x01f0-0x01f7]: legacy IDE quirk
[    0.316607] pci 0000:00:01.1: BAR 1 [io  0x03f6]: legacy IDE quirk
[    0.317359] pci 0000:00:01.1: BAR 2 [io  0x0170-0x0177]: legacy IDE quirk
[    0.317606] pci 0000:00:01.1: BAR 3 [io  0x0376]: legacy IDE quirk
[    0.319019] pci 0000:00:01.3: [8086:7113] type 00 class 0x068000 conventional PCI endpoint
[    0.320856] pci 0000:00:01.3: quirk: [io  0x0600-0x063f] claimed by PIIX4 ACPI
[    0.321610] pci 0000:00:01.3: quirk: [io  0x0700-0x070f] claimed by PIIX4 SMB
[    0.323194] pci 0000:00:02.0: [1af4:1009] type 00 class 0x000200 conventional PCI endpoint
[    0.323998] pci 0000:00:02.0: BAR 0 [io  0xc000-0xc03f]
[    0.324970] pci 0000:00:02.0: BAR 1 [mem 0xfebfc000-0xfebfcfff]
[    0.328607] pci 0000:00:02.0: BAR 4 [mem 0xfebf0000-0xfebf3fff 64bit pref]
[    0.341881] pci 0000:00:03.0: [1af4:1009] type 00 class 0x000200 conventional PCI endpoint
[    0.342928] pci 0000:00:03.0: BAR 0 [io  0xc040-0xc07f]
[    0.343739] pci 0000:00:03.0: BAR 1 [mem 0xfebfd000-0xfebfdfff]
[    0.345248] pci 0000:00:03.0: BAR 4 [mem 0xfebf4000-0xfebf7fff 64bit pref]
[    0.357684] pci 0000:00:04.0: [8086:25ab] type 00 class 0x088000 conventional PCI endpoint
[    0.358748] pci 0000:00:04.0: BAR 0 [mem 0xfebfe000-0xfebfe00f]
[    0.370686] pci 0000:00:05.0: [1af4:1003] type 00 class 0x078000 conventional PCI endpoint
[    0.371890] pci 0000:00:05.0: BAR 0 [io  0xc080-0xc0bf]
[    0.372720] pci 0000:00:05.0: BAR 1 [mem 0xfebff000-0xfebfffff]
[    0.374181] pci 0000:00:05.0: BAR 4 [mem 0xfebf8000-0xfebfbfff 64bit pref]
[    0.387853] ACPI: PCI: Interrupt link LNKA configured for IRQ 10
[    0.389502] ACPI: PCI: Interrupt link LNKB configured for IRQ 10
[    0.391483] ACPI: PCI: Interrupt link LNKC configured for IRQ 11
[    0.393481] ACPI: PCI: Interrupt link LNKD configured for IRQ 11
[    0.393977] ACPI: PCI: Interrupt link LNKS configured for IRQ 9
[    0.411945] iommu: Default domain type: Translated
[    0.412545] iommu: DMA domain TLB invalidation policy: lazy mode
[    0.414048] SCSI subsystem initialized
[    0.414820] pps_core: LinuxPPS API ver. 1 registered
[    0.415436] pps_core: Software ver. 5.3.6 - Copyright 2005-2007 Rodolfo Giometti <giometti@linux.it>
[    0.416619] PTP clock support registered
[    0.417735] Advanced Linux Sound Architecture Driver Initialized.
[    0.419382] NET: Registered PF_ATMPVC protocol family
[    0.419607] NET: Registered PF_ATMSVC protocol family
[    0.420265] PCI: Using ACPI for IRQ routing
[    0.421736] vgaarb: loaded
[    0.421971] hpet0: at MMIO 0xfed00000, IRQs 2, 8, 0
[    0.422606] hpet0: 3 comparators, 64-bit 100.000000 MHz counter
[    0.428815] clocksource: Switched to clocksource kvm-clock
[    0.429805] VFS: Disk quotas dquot_6.6.0
[    0.430311] VFS: Dquot-cache hash table entries: 512 (order 0, 4096 bytes)
[    0.431812] pnp: PnP ACPI init
[    0.438238] pnp: PnP ACPI: found 5 devices
[    0.450353] clocksource: acpi_pm: mask: 0xffffff max_cycles: 0xffffff, max_idle_ns: 2085701024 ns
[    0.451499] NET: Registered PF_INET protocol family
[    0.452144] IP idents hash table entries: 16384 (order: 5, 131072 bytes, linear)
[    0.453417] tcp_listen_portaddr_hash hash table entries: 512 (order: 1, 8192 bytes, linear)
[    0.454460] Table-perturb hash table entries: 65536 (order: 6, 262144 bytes, linear)
[    0.455425] TCP established hash table entries: 8192 (order: 4, 65536 bytes, linear)
[    0.456380] TCP bind hash table entries: 8192 (order: 6, 262144 bytes, linear)
[    0.457275] TCP: Hash tables configured (established 8192 bind 8192)
[    0.458211] UDP hash table entries: 512 (order: 2, 16384 bytes, linear)
[    0.459064] UDP-Lite hash table entries: 512 (order: 2, 16384 bytes, linear)
[    0.460145] NET: Registered PF_UNIX/PF_LOCAL protocol family
[    0.460857] pci_bus 0000:00: resource 4 [io  0x0000-0x0cf7 window]
[    0.461621] pci_bus 0000:00: resource 5 [io  0x0d00-0xffff window]
[    0.462382] pci_bus 0000:00: resource 6 [mem 0x000a0000-0x000bffff window]
[    0.463223] pci_bus 0000:00: resource 7 [mem 0x40000000-0xfebfffff window]
[    0.464065] pci_bus 0000:00: resource 8 [mem 0x100000000-0x17fffffff window]
[    0.465113] pci 0000:00:01.0: PIIX3: Enabling Passive Release
[    0.465829] pci 0000:00:00.0: Limiting direct PCI/PCI transfers
[    0.466592] PCI: CLS 0 bytes, default 64
[    0.467277] kvm_intel: VMX not supported by CPU 17
[    0.467890] kvm_amd: TSC scaling supported
[    0.468405] kvm_amd: Nested Virtualization enabled
[    0.468990] kvm_amd: Nested Paging enabled
[    0.469497] kvm_amd: LBR virtualization supported
[    0.470094] kvm_amd: Virtual VMLOAD VMSAVE supported
[    0.470698] kvm_amd: Virtual GIF supported
[    0.471200] kvm_amd: Virtual NMI enabled
[    0.503576] clocksource: tsc: mask: 0xffffffffffffffff max_cycles: 0x40be4320a4d, max_idle_ns: 440795288133 ns
[    0.521868] Initialise system trusted keyrings
[    0.522556] workingset: timestamp_bits=56 max_order=18 bucket_order=0
[    0.523452] squashfs: version 4.0 (2009/01/31) Phillip Lougher
[    0.524188] fuse: init (API version 7.41)
[    0.524804] 9p: Installing v9fs 9p2000 file system support
[    0.534494] Key type asymmetric registered
[    0.535006] Asymmetric key parser 'x509' registered
[    0.535674] Block layer SCSI generic (bsg) driver version 0.4 loaded (major 249)
[    0.536627] io scheduler mq-deadline registered
[    0.537196] io scheduler kyber registered
[    0.539597] input: Power Button as /devices/LNXSYSTM:00/LNXPWRBN:00/input/input0
[    0.540729] ACPI: button: Power Button [PWRF]
[    0.542612] Warning: Processor Platform Limit event detected, but not handled.
[    0.543499] Consider compiling CPUfreq support into your kernel.
[    1.342091] ACPI: \_SB_.LNKB: Enabled at IRQ 10
[    2.134487] ACPI: \_SB_.LNKC: Enabled at IRQ 11
[    2.927129] ACPI: \_SB_.LNKA: Enabled at IRQ 10
[    2.928572] Serial: 8250/16550 driver, 4 ports, IRQ sharing enabled
[    2.929700] 00:03: ttyS0 at I/O 0x3f8 (irq = 4, base_baud = 115200) is a 16550A
[    2.951998] Non-volatile memory driver v1.3
[    2.952540] Linux agpgart interface v0.103
[    2.953275] ACPI: bus type drm_connector registered
[    2.953894] printk: legacy console [hvc0] enabled
[    2.954489] printk: legacy bootconsole [earlyser0] disabled
          _      _                                    
   __   _(_)_ __| |_ _ __ ___   ___       _ __   __ _ 
   \ \ / / |  __| __|  _   _ \ / _ \_____|  _ \ / _  |
    \ V /| | |  | |_| | | | | |  __/_____| | | | (_| |
     \_/ |_|_|   \__|_| |_| |_|\___|     |_| |_|\__  |
                                                |___/ 
   kernel version: 6.12.0-rc3-virtme x86_64
   (CTRL+d to exit)

root@virtme-ng:/nipa-data/kernel# PS1='xx__-> '
xx__-> env
PWD=/nipa-data/kernel
nr_open=1048576
HOME=/
TERM=xterm
SHLVL=2
XDG_RUNTIME_DIR=/run/user/0
PATH=/bin:/sbin:/usr/bin:/usr/sbin:/usr/local/bin
OLDPWD=/
_=/bin/env
xx__-> 