No EFI environment detected.
early console in extract_kernel
input_data: 0x00000000029f72b9
input_len: 0x0000000000ad9206
output: 0x0000000001000000
output_len: 0x000000000248ab48
kernel_total_size: 0x0000000002230000
needed_size: 0x0000000002600000
trampoline_32bit: 0x0000000000000000
Physical KASLR using RDRAND RDTSC...
Virtual KASLR using RDRAND RDTSC...

Decompressing Linux... Parsing ELF... Performing relocations... done.
Booting the kernel (entry_offset: 0x0000000000000000).
[    0.000000] Linux version 6.8.0-rc7-virtme (root@55e8840d27e5) (gcc (Alpine 13.2.1_git20231014) 13.2.1 20231014, GNU ld (GNU Binutils) 2.42) #1 SMP PREEMPT_DYNAMIC Sun Mar 10 21:06:23 UTC 2024
[    0.000000] Command line: virtme_hostname=virtme-ng nr_open=1048576 virtme_link_mods=/nipa-data/kernel/.virtme_mods/lib/modules/0.0.0 virtme_initmount0=nipa-data/kernel virtme_rw_overlay0=/etc virtme_rw_overlay1=/lib virtme_rw_overlay2=/home virtme_rw_overlay3=/opt virtme_rw_overlay4=/srv virtme_rw_overlay5=/usr virtme_rw_overlay6=/var console=hvc0 earlyprintk=serial,ttyS0,115200 virtme_console=ttyS0 psmouse.proto=exps TERM=xterm virtme_chdir=nipa-data/kernel virtme_root_user=1 rootfstype=9p rootflags=version=9p2000.L,trans=virtio,access=any raid=noautodetect ro init=/usr/lib/python3.11/site-packages/virtme/guest/virtme-init
[    0.000000] BIOS-provided physical RAM map:
[    0.000000] BIOS-e820: [mem 0x0000000000000000-0x000000000009fbff] usable
[    0.000000] BIOS-e820: [mem 0x000000000009fc00-0x000000000009ffff] reserved
[    0.000000] BIOS-e820: [mem 0x00000000000f0000-0x00000000000fffff] reserved
[    0.000000] BIOS-e820: [mem 0x0000000000100000-0x000000003ffdffff] usable
[    0.000000] BIOS-e820: [mem 0x000000003ffe0000-0x000000003fffffff] reserved
[    0.000000] BIOS-e820: [mem 0x00000000feffc000-0x00000000feffffff] reserved
[    0.000000] BIOS-e820: [mem 0x00000000fffc0000-0x00000000ffffffff] reserved
[    0.000000] BIOS-e820: [mem 0x000000fd00000000-0x000000ffffffffff] reserved
[    0.000000] printk: legacy bootconsole [earlyser0] enabled
[    0.000000] NX (Execute Disable) protection: active
[    0.000000] APIC: Static calls initialized
[    0.000000] SMBIOS 3.0.0 present.
[    0.000000] DMI: QEMU Standard PC (i440FX + PIIX, 1996), BIOS rel-1.16.3-0-ga6ed6b701f0a-prebuilt.qemu.org 04/01/2014
[    0.000000] Hypervisor detected: KVM
[    0.000000] kvm-clock: Using msrs 4b564d01 and 4b564d00
[    0.000000] kvm-clock: using sched offset of 260672321 cycles
[    0.000368] clocksource: kvm-clock: mask: 0xffffffffffffffff max_cycles: 0x1cd42e4dffb, max_idle_ns: 881590591483 ns
[    0.001512] tsc: Detected 4491.556 MHz processor
[    0.002097] last_pfn = 0x3ffe0 max_arch_pfn = 0x400000000
[    0.002500] MTRR map: 4 entries (3 fixed + 1 variable; max 19), built from 8 variable MTRRs
[    0.003089] x86/PAT: Configuration [0-7]: WB  WC  UC- UC  WB  WP  UC- WT  
Memory KASLR using RDRAND RDTSC...
[    0.005100] found SMP MP-table at [mem 0x000f5470-0x000f547f]
[    0.005539] Using GB pages for direct mapping
[    0.005896] ACPI: Early table checksum verification disabled
[    0.006295] ACPI: RSDP 0x00000000000F5290 000014 (v00 BOCHS )
[    0.006702] ACPI: RSDT 0x000000003FFE27BC 000034 (v01 BOCHS  BXPC     00000001 BXPC 00000001)
[    0.007304] ACPI: FACP 0x000000003FFE2578 000074 (v01 BOCHS  BXPC     00000001 BXPC 00000001)
[    0.007920] ACPI: DSDT 0x000000003FFE0040 002538 (v01 BOCHS  BXPC     00000001 BXPC 00000001)
[    0.008535] ACPI: FACS 0x000000003FFE0000 000040
[    0.008869] ACPI: APIC 0x000000003FFE25EC 000170 (v03 BOCHS  BXPC     00000001 BXPC 00000001)
[    0.009487] ACPI: HPET 0x000000003FFE275C 000038 (v01 BOCHS  BXPC     00000001 BXPC 00000001)
[    0.010104] ACPI: WAET 0x000000003FFE2794 000028 (v01 BOCHS  BXPC     00000001 BXPC 00000001)
[    0.010715] ACPI: Reserving FACP table memory at [mem 0x3ffe2578-0x3ffe25eb]
[    0.011227] ACPI: Reserving DSDT table memory at [mem 0x3ffe0040-0x3ffe2577]
[    0.011734] ACPI: Reserving FACS table memory at [mem 0x3ffe0000-0x3ffe003f]
[    0.012241] ACPI: Reserving APIC table memory at [mem 0x3ffe25ec-0x3ffe275b]
[    0.012749] ACPI: Reserving HPET table memory at [mem 0x3ffe275c-0x3ffe2793]
[    0.013259] ACPI: Reserving WAET table memory at [mem 0x3ffe2794-0x3ffe27bb]
[    0.013908] No NUMA configuration found
[    0.014188] Faking a node at [mem 0x0000000000000000-0x000000003ffdffff]
[    0.014671] NODE_DATA(0) allocated [mem 0x3ffdb000-0x3ffdffff]
[    0.015102] Zone ranges:
[    0.015284]   DMA      [mem 0x0000000000001000-0x0000000000ffffff]
[    0.015732]   DMA32    [mem 0x0000000001000000-0x000000003ffdffff]
[    0.016177]   Normal   empty
[    0.016385]   Device   empty
[    0.016592] Movable zone start for each node
[    0.016900] Early memory node ranges
[    0.017158]   node   0: [mem 0x0000000000001000-0x000000000009efff]
[    0.017613]   node   0: [mem 0x0000000000100000-0x000000003ffdffff]
[    0.018066] Initmem setup node 0 [mem 0x0000000000001000-0x000000003ffdffff]
[    0.018580] On node 0, zone DMA: 1 pages in unavailable ranges
[    0.019008] On node 0, zone DMA: 97 pages in unavailable ranges
[    0.020389] On node 0, zone DMA32: 32 pages in unavailable ranges
[    0.021027] ACPI: PM-Timer IO Port: 0x608
[    0.021326] ACPI: LAPIC_NMI (acpi_id[0xff] dfl dfl lint[0x1])
[    0.021753] IOAPIC[0]: apic_id 0, version 17, address 0xfec00000, GSI 0-23
[    0.022246] ACPI: INT_SRC_OVR (bus 0 bus_irq 0 global_irq 2 dfl dfl)
[    0.022703] ACPI: INT_SRC_OVR (bus 0 bus_irq 5 global_irq 5 high level)
[    0.023177] ACPI: INT_SRC_OVR (bus 0 bus_irq 9 global_irq 9 high level)
[    0.023652] ACPI: INT_SRC_OVR (bus 0 bus_irq 10 global_irq 10 high level)
[    0.024138] ACPI: INT_SRC_OVR (bus 0 bus_irq 11 global_irq 11 high level)
[    0.024627] ACPI: Using ACPI (MADT) for SMP configuration information
[    0.025090] ACPI: HPET id: 0x8086a201 base: 0xfed00000
[    0.025463] TSC deadline timer available
[    0.025746] smpboot: Allowing 32 CPUs, 0 hotplug CPUs
[    0.026119] kvm-guest: APIC: eoi() replaced with kvm_guest_apic_eoi_write()
[    0.026626] kvm-guest: KVM setup pv remote TLB flush
[    0.026985] kvm-guest: setup PV sched yield
[    0.027289] PM: hibernation: Registered nosave memory: [mem 0x00000000-0x00000fff]
[    0.027834] PM: hibernation: Registered nosave memory: [mem 0x0009f000-0x0009ffff]
[    0.028383] PM: hibernation: Registered nosave memory: [mem 0x000a0000-0x000effff]
[    0.028928] PM: hibernation: Registered nosave memory: [mem 0x000f0000-0x000fffff]
[    0.029476] [mem 0x40000000-0xfeffbfff] available for PCI devices
[    0.029914] Booting paravirtualized kernel on KVM
[    0.030253] clocksource: refined-jiffies: mask: 0xffffffff max_cycles: 0xffffffff, max_idle_ns: 1910969940391419 ns
[    0.033763] setup_percpu: NR_CPUS:64 nr_cpumask_bits:32 nr_cpu_ids:32 nr_node_ids:1
[    0.034922] percpu: Embedded 56 pages/cpu s191784 r8192 d29400 u262144
[    0.035423] Kernel command line: virtme_hostname=virtme-ng nr_open=1048576 virtme_link_mods=/nipa-data/kernel/.virtme_mods/lib/modules/0.0.0 virtme_initmount0=nipa-data/kernel virtme_rw_overlay0=/etc virtme_rw_overlay1=/lib virtme_rw_overlay2=/home virtme_rw_overlay3=/opt virtme_rw_overlay4=/srv virtme_rw_overlay5=/usr virtme_rw_overlay6=/var console=hvc0 earlyprintk=serial,ttyS0,115200 virtme_console=ttyS0 psmouse.proto=exps TERM=xterm virtme_chdir=nipa-data/kernel virtme_root_user=1 rootfstype=9p rootflags=version=9p2000.L,trans=virtio,access=any raid=noautodetect ro init=/usr/lib/python3.11/site-packages/virtme/guest/virtme-init
[    0.039647] Unknown kernel command line parameters "virtme_hostname=virtme-ng nr_open=1048576 virtme_link_mods=/nipa-data/kernel/.virtme_mods/lib/modules/0.0.0 virtme_initmount0=nipa-data/kernel virtme_rw_overlay0=/etc virtme_rw_overlay1=/lib virtme_rw_overlay2=/home virtme_rw_overlay3=/opt virtme_rw_overlay4=/srv virtme_rw_overlay5=/usr virtme_rw_overlay6=/var virtme_console=ttyS0 virtme_chdir=nipa-data/kernel virtme_root_user=1", will be passed to user space.
[    0.042886] random: crng init done
[    0.043170] Dentry cache hash table entries: 131072 (order: 8, 1048576 bytes, linear)
[    0.043771] Inode-cache hash table entries: 65536 (order: 7, 524288 bytes, linear)
[    0.044419] Fallback order for Node 0: 0 
[    0.044421] Built 1 zonelists, mobility grouping on.  Total pages: 257760
[    0.045223] Policy zone: DMA32
[    0.045457] mem auto-init: stack:all(zero), heap alloc:off, heap free:off
[    0.046778] Memory: 986868K/1048056K available (16384K kernel code, 2351K rwdata, 5936K rodata, 2996K init, 2328K bss, 60928K reserved, 0K cma-reserved)
[    0.047820] SLUB: HWalign=64, Order=0-3, MinObjects=0, CPUs=32, Nodes=1
Poking KASLR using RDRAND RDTSC...
[    0.048554] ftrace: allocating 46331 entries in 181 pages
[    0.055458] ftrace: allocated 181 pages with 5 groups
[    0.056392] Dynamic Preempt: voluntary
[    0.056795] rcu: Preemptible hierarchical RCU implementation.
[    0.057223] rcu: RCU event tracing is enabled.
[    0.057563] rcu: RCU restricting CPUs from NR_CPUS=64 to nr_cpu_ids=32.
[    0.058061] Trampoline variant of Tasks RCU enabled.
[    0.058437] Rude variant of Tasks RCU enabled.
[    0.058773] Tracing variant of Tasks RCU enabled.
[    0.059129] rcu: RCU calculated value of scheduler-enlistment delay is 100 jiffies.
[    0.059699] rcu: Adjusting geometry for rcu_fanout_leaf=16, nr_cpu_ids=32
[    0.061451] NR_IRQS: 4352, nr_irqs: 680, preallocated irqs: 16
[    0.062124] rcu: srcu_init: Setting srcu_struct sizes based on contention.
[    0.062772] Console: colour *CGA 80x25
[    0.063056] ACPI: Core revision 20230628
[    0.063410] clocksource: hpet: mask: 0xffffffff max_cycles: 0xffffffff, max_idle_ns: 19112604467 ns
[    0.064153] APIC: Switch to symmetric I/O mode setup
[    0.064534] APIC: Switched APIC routing to: physical flat
[    0.064932] kvm-guest: APIC: send_IPI_mask() replaced with kvm_send_ipi_mask()
[    0.065479] kvm-guest: APIC: send_IPI_mask_allbutself() replaced with kvm_send_ipi_mask_allbutself()
[    0.066202] kvm-guest: setup PV IPIs
[    0.067231] ..TIMER: vector=0x30 apic1=0 pin1=2 apic2=-1 pin2=-1
[    0.068020] tsc: Marking TSC unstable due to TSCs unsynchronized
[    0.068815] Calibrating delay loop (skipped) preset value.. 8983.11 BogoMIPS (lpj=4491556)
[    0.069869] x86/cpu: User Mode Instruction Prevention (UMIP) activated
[    0.070862] Last level iTLB entries: 4KB 512, 2MB 255, 4MB 127
[    0.071812] Last level dTLB entries: 4KB 512, 2MB 255, 4MB 127, 1GB 0
[    0.072815] Spectre V1 : Mitigation: usercopy/swapgs barriers and __user pointer sanitization
[    0.073816] Spectre V2 : Mitigation: Enhanced / Automatic IBRS
[    0.074812] Spectre V2 : Spectre v2 / SpectreRSB mitigation: Filling RSB on context switch
[    0.075814] Spectre V2 : mitigation: Enabling conditional Indirect Branch Prediction Barrier
[    0.076813] Speculative Store Bypass: Mitigation: Speculative Store Bypass disabled via prctl
[    0.077812] Speculative Return Stack Overflow: IBPB-extending microcode not applied!
[    0.078812] Speculative Return Stack Overflow: WARNING: See https://kernel.org/doc/html/latest/admin-guide/hw-vuln/srso.html for mitigation options.
[    0.078813] Speculative Return Stack Overflow: Vulnerable: Safe RET, no microcode
[    0.080827] x86/fpu: Supporting XSAVE feature 0x001: 'x87 floating point registers'
[    0.081812] x86/fpu: Supporting XSAVE feature 0x002: 'SSE registers'
[    0.082621] x86/fpu: Supporting XSAVE feature 0x004: 'AVX registers'
[    0.082812] x86/fpu: Supporting XSAVE feature 0x020: 'AVX-512 opmask'
[    0.083812] x86/fpu: Supporting XSAVE feature 0x040: 'AVX-512 Hi256'
[    0.084812] x86/fpu: Supporting XSAVE feature 0x080: 'AVX-512 ZMM_Hi256'
[    0.085812] x86/fpu: Supporting XSAVE feature 0x200: 'Protection Keys User registers'
[    0.086813] x86/fpu: xstate_offset[2]:  576, xstate_sizes[2]:  256
[    0.087812] x86/fpu: xstate_offset[5]:  832, xstate_sizes[5]:   64
[    0.088584] x86/fpu: xstate_offset[6]:  896, xstate_sizes[6]:  512
[    0.088812] x86/fpu: xstate_offset[7]: 1408, xstate_sizes[7]: 1024
[    0.089812] x86/fpu: xstate_offset[9]: 2432, xstate_sizes[9]:    8
[    0.090812] x86/fpu: Enabled xstate features 0x2e7, context size is 2440 bytes, using 'compacted' format.
[    0.106070] Freeing SMP alternatives memory: 40K
[    0.106655] pid_max: default: 32768 minimum: 301
[    0.106839] Mount-cache hash table entries: 2048 (order: 2, 16384 bytes, linear)
[    0.107813] Mountpoint-cache hash table entries: 2048 (order: 2, 16384 bytes, linear)
[    0.108964] smpboot: CPU0: AMD Ryzen 9 7950X 16-Core Processor (family: 0x19, model: 0x61, stepping: 0x2)
[    0.109898] RCU Tasks: Setting shift to 5 and lim to 1 rcu_task_cb_adjust=1.
[    0.110790] RCU Tasks Rude: Setting shift to 5 and lim to 1 rcu_task_cb_adjust=1.
[    0.110823] RCU Tasks Trace: Setting shift to 5 and lim to 1 rcu_task_cb_adjust=1.
[    0.111785] Performance Events: Fam17h+ core perfctr, AMD PMU driver.
[    0.111816] ... version:                0
[    0.112319] ... bit width:              48
[    0.112814] ... generic registers:      6
[    0.113316] ... value mask:             0000ffffffffffff
[    0.113814] ... max period:             00007fffffffffff
[    0.114482] ... fixed-purpose events:   0
[    0.114814] ... event mask:             000000000000003f
[    0.115546] signal: max sigframe size: 3376
[    0.115829] rcu: Hierarchical SRCU implementation.
[    0.116430] rcu: Max phase no-delay instances is 400.
[    0.119078] smp: Bringing up secondary CPUs ...
[    0.119703] smpboot: x86: Booting SMP configuration:
[    0.119815] .... node  #0, CPUs:        #1  #2  #3  #4  #5  #6  #7  #8  #9 #10 #11 #12 #13 #14 #15 #16 #17 #18 #19 #20 #21 #22 #23 #24 #25 #26 #27 #28 #29 #30 #31
[    0.137964] smp: Brought up 1 node, 32 CPUs
[    0.139572] smpboot: Max logical packages: 1
[    0.139815] smpboot: Total of 32 processors activated (287459.58 BogoMIPS)
[    0.144882] devtmpfs: initialized
[    0.145843] x86/mm: Memory block size: 128MB
[    0.147583] clocksource: jiffies: mask: 0xffffffff max_cycles: 0xffffffff, max_idle_ns: 1911260446275000 ns
[    0.147817] futex hash table entries: 8192 (order: 7, 524288 bytes, linear)
[    0.149008] PM: RTC time: 21:06:54, date: 2024-03-10
[    0.150212] NET: Registered PF_NETLINK/PF_ROUTE protocol family
[    0.150974] thermal_sys: Registered thermal governor 'step_wise'
[    0.150976] thermal_sys: Registered thermal governor 'user_space'
[    0.151844] cpuidle: using governor menu
[    0.154081] PCI: Using configuration type 1 for base access
[    0.154815] PCI: Using configuration type 1 for extended access
[    0.155902] kprobes: kprobe jump-optimization is enabled. All kprobes are optimized if possible.
[    0.171719] HugeTLB: registered 1.00 GiB page size, pre-allocated 0 pages
[    0.171815] HugeTLB: 16380 KiB vmemmap can be freed for a 1.00 GiB page
[    0.172664] HugeTLB: registered 2.00 MiB page size, pre-allocated 0 pages
[    0.172814] HugeTLB: 28 KiB vmemmap can be freed for a 2.00 MiB page
[    0.176240] ACPI: Added _OSI(Module Device)
[    0.176815] ACPI: Added _OSI(Processor Device)
[    0.177398] ACPI: Added _OSI(3.0 _SCP Extensions)
[    0.177814] ACPI: Added _OSI(Processor Aggregator Device)
[    0.179211] ACPI: 1 ACPI AML tables successfully acquired and loaded
[    0.180836] ACPI: _OSC evaluation for CPUs failed, trying _PDC
[    0.181908] ACPI: Interpreter enabled
[    0.182424] ACPI: PM: (supports S0 S3 S4 S5)
[    0.182815] ACPI: Using IOAPIC for interrupt routing
[    0.183451] PCI: Using host bridge windows from ACPI; if necessary, use "pci=nocrs" and report a bug
[    0.183814] PCI: Using E820 reservations for host bridge windows
[    0.184668] ACPI: Enabled 2 GPEs in block 00 to 0F
[    0.187648] ACPI: PCI Root Bridge [PCI0] (domain 0000 [bus 00-ff])
[    0.187817] acpi PNP0A03:00: _OSC: OS supports [ExtendedConfig ASPM ClockPM Segments MSI HPX-Type3]
[    0.188903] PCI host bridge to bus 0000:00
[    0.189428] pci_bus 0000:00: root bus resource [io  0x0000-0x0cf7 window]
[    0.189814] pci_bus 0000:00: root bus resource [io  0x0d00-0xffff window]
[    0.190684] pci_bus 0000:00: root bus resource [mem 0x000a0000-0x000bffff window]
[    0.190814] pci_bus 0000:00: root bus resource [mem 0x40000000-0xfebfffff window]
[    0.191762] pci_bus 0000:00: root bus resource [mem 0x100000000-0x17fffffff window]
[    0.191814] pci_bus 0000:00: root bus resource [bus 00-ff]
[    0.192626] pci 0000:00:00.0: [8086:1237] type 00 class 0x060000 conventional PCI endpoint
[    0.193062] pci 0000:00:01.0: [8086:7000] type 00 class 0x060100 conventional PCI endpoint
[    0.194133] pci 0000:00:01.1: [8086:7010] type 00 class 0x010180 conventional PCI endpoint
[    0.197065] pci 0000:00:01.1: BAR 4 [io  0xc0c0-0xc0cf]
[    0.198577] pci 0000:00:01.1: BAR 0 [io  0x01f0-0x01f7]: legacy IDE quirk
[    0.198815] pci 0000:00:01.1: BAR 1 [io  0x03f6]: legacy IDE quirk
[    0.199600] pci 0000:00:01.1: BAR 2 [io  0x0170-0x0177]: legacy IDE quirk
[    0.199814] pci 0000:00:01.1: BAR 3 [io  0x0376]: legacy IDE quirk
[    0.200689] pci 0000:00:01.3: [8086:7113] type 00 class 0x068000 conventional PCI endpoint
[    0.201057] pci 0000:00:01.3: quirk: [io  0x0600-0x063f] claimed by PIIX4 ACPI
[    0.202572] pci 0000:00:01.3: quirk: [io  0x0700-0x070f] claimed by PIIX4 SMB
[    0.203016] pci 0000:00:02.0: [1af4:1009] type 00 class 0x000200 conventional PCI endpoint
[    0.204815] pci 0000:00:02.0: BAR 0 [io  0xc000-0xc03f]
[    0.206495] pci 0000:00:02.0: BAR 1 [mem 0xfebfc000-0xfebfcfff]
[    0.209815] pci 0000:00:02.0: BAR 4 [mem 0xfebf0000-0xfebf3fff 64bit pref]
[    0.212417] pci 0000:00:03.0: [1af4:1009] type 00 class 0x000200 conventional PCI endpoint
[    0.213815] pci 0000:00:03.0: BAR 0 [io  0xc040-0xc07f]
[    0.215478] pci 0000:00:03.0: BAR 1 [mem 0xfebfd000-0xfebfdfff]
[    0.219815] pci 0000:00:03.0: BAR 4 [mem 0xfebf4000-0xfebf7fff 64bit pref]
[    0.221987] pci 0000:00:04.0: [8086:25ab] type 00 class 0x088000 conventional PCI endpoint
[    0.223354] pci 0000:00:04.0: BAR 0 [mem 0xfebfe000-0xfebfe00f]
[    0.226651] pci 0000:00:05.0: [1af4:1003] type 00 class 0x078000 conventional PCI endpoint
[    0.227815] pci 0000:00:05.0: BAR 0 [io  0xc080-0xc0bf]
[    0.229472] pci 0000:00:05.0: BAR 1 [mem 0xfebff000-0xfebfffff]
[    0.232815] pci 0000:00:05.0: BAR 4 [mem 0xfebf8000-0xfebfbfff 64bit pref]
[    0.235548] ACPI: PCI: Interrupt link LNKA configured for IRQ 10
[    0.235923] ACPI: PCI: Interrupt link LNKB configured for IRQ 10
[    0.236787] ACPI: PCI: Interrupt link LNKC configured for IRQ 11
[    0.236910] ACPI: PCI: Interrupt link LNKD configured for IRQ 11
[    0.237770] ACPI: PCI: Interrupt link LNKS configured for IRQ 9
[    0.238681] iommu: Default domain type: Translated
[    0.238814] iommu: DMA domain TLB invalidation policy: lazy mode
[    0.239631] SCSI subsystem initialized
[    0.239845] pps_core: LinuxPPS API ver. 1 registered
[    0.240472] pps_core: Software ver. 5.3.6 - Copyright 2005-2007 Rodolfo Giometti <giometti@linux.it>
[    0.240816] PTP clock support registered
[    0.241335] Advanced Linux Sound Architecture Driver Initialized.
[    0.242106] NET: Registered PF_ATMPVC protocol family
[    0.242757] NET: Registered PF_ATMSVC protocol family
[    0.242818] PCI: Using ACPI for IRQ routing
[    0.243428] vgaarb: loaded
[    0.243850] hpet0: at MMIO 0xfed00000, IRQs 2, 8, 0
[    0.244468] hpet0: 3 comparators, 64-bit 100.000000 MHz counter
[    0.250281] clocksource: Switched to clocksource kvm-clock
[    0.251072] VFS: Disk quotas dquot_6.6.0
[    0.251279] VFS: Dquot-cache hash table entries: 512 (order 0, 4096 bytes)
[    0.252523] pnp: PnP ACPI init
[    0.253091] pnp: PnP ACPI: found 5 devices
[    0.261337] clocksource: acpi_pm: mask: 0xffffff max_cycles: 0xffffff, max_idle_ns: 2085701024 ns
[    0.262512] NET: Registered PF_INET protocol family
[    0.263240] IP idents hash table entries: 16384 (order: 5, 131072 bytes, linear)
[    0.264350] tcp_listen_portaddr_hash hash table entries: 512 (order: 1, 8192 bytes, linear)
[    0.265692] Table-perturb hash table entries: 65536 (order: 6, 262144 bytes, linear)
[    0.266768] TCP established hash table entries: 8192 (order: 4, 65536 bytes, linear)
[    0.267761] TCP bind hash table entries: 8192 (order: 6, 262144 bytes, linear)
[    0.268689] TCP: Hash tables configured (established 8192 bind 8192)
[    0.269515] UDP hash table entries: 512 (order: 2, 16384 bytes, linear)
[    0.270352] UDP-Lite hash table entries: 512 (order: 2, 16384 bytes, linear)
[    0.271277] NET: Registered PF_UNIX/PF_LOCAL protocol family
[    0.272006] pci_bus 0000:00: resource 4 [io  0x0000-0x0cf7 window]
[    0.272799] pci_bus 0000:00: resource 5 [io  0x0d00-0xffff window]
[    0.273586] pci_bus 0000:00: resource 6 [mem 0x000a0000-0x000bffff window]
[    0.274458] pci_bus 0000:00: resource 7 [mem 0x40000000-0xfebfffff window]
[    0.275324] pci_bus 0000:00: resource 8 [mem 0x100000000-0x17fffffff window]
[    0.276247] pci 0000:00:01.0: PIIX3: Enabling Passive Release
[    0.276985] pci 0000:00:00.0: Limiting direct PCI/PCI transfers
[    0.277777] PCI: CLS 0 bytes, default 64
[    0.278328] kvm_intel: VMX not supported by CPU 0
[    0.278984] kvm_amd: TSC scaling supported
[    0.279514] kvm_amd: Nested Virtualization enabled
[    0.280115] kvm_amd: Nested Paging enabled
[    0.280656] kvm_amd: Virtual VMLOAD VMSAVE supported
[    0.281284] kvm_amd: Virtual GIF supported
[    0.281807] kvm_amd: Virtual NMI enabled
[    0.282303] kvm_amd: LBR virtualization supported
[    0.382937] workingset: timestamp_bits=56 max_order=18 bucket_order=0
[    0.383811] squashfs: version 4.0 (2009/01/31) Phillip Lougher
[    0.384577] fuse: init (API version 7.39)
[    0.385134] 9p: Installing v9fs 9p2000 file system support
[    0.385872] Key type asymmetric registered
[    0.386405] Block layer SCSI generic (bsg) driver version 0.4 loaded (major 249)
[    0.387359] io scheduler mq-deadline registered
[    0.387936] io scheduler kyber registered
[    0.389432] input: Power Button as /devices/LNXSYSTM:00/LNXPWRBN:00/input/input0
[    0.390433] ACPI: button: Power Button [PWRF]
[    0.391011] Warning: Processor Platform Limit event detected, but not handled.
[    0.391937] Consider compiling CPUfreq support into your kernel.
[    0.408950] ACPI: \_SB_.LNKB: Enabled at IRQ 10
[    0.425603] ACPI: \_SB_.LNKC: Enabled at IRQ 11
[    0.442227] ACPI: \_SB_.LNKA: Enabled at IRQ 10
[    0.443410] Serial: 8250/16550 driver, 4 ports, IRQ sharing enabled
[    0.444327] 00:03: ttyS0 at I/O 0x3f8 (irq = 4, base_baud = 115200) is a 16550A
[    0.481944] Non-volatile memory driver v1.3
[    0.482507] Linux agpgart interface v0.103
[    0.482573] ACPI: bus type drm_connector registered
[    0.483917] printk: legacy console [hvc0] enabled
[    0.484788] printk: legacy bootconsole [earlyser0] disabled
          _      _                                    
   __   _(_)_ __| |_ _ __ ___   ___       _ __   __ _ 
   \ \ / / |  __| __|  _   _ \ / _ \_____|  _ \ / _  |
    \ V /| | |  | |_| | | | | |  __/_____| | | | (_| |
     \_/ |_|_|   \__|_| |_| |_|\___|     |_| |_|\__  |
                                                |___/ 
   kernel version: 6.8.0-rc7-virtme x86_64
   (CTRL+d to exit)

virtme-ng:/nipa-data/kernel# PS1='xx__-> '
xx__-> env
PWD=/nipa-data/kernel
nr_open=1048576
HOME=/
TERM=xterm
SHLVL=2
XDG_RUNTIME_DIR=/run/user/0
PATH=/bin:/sbin:/usr/bin:/usr/sbin:/usr/local/bin
OLDPWD=/
_=/usr/bin/env
xx__-> 