No EFI environment detected.
early console in extract_kernel
input_data: 0x0000000004ab62b9
input_len: 0x00000000018270b5
output: 0x0000000001000000
output_len: 0x000000000526a488
kernel_total_size: 0x0000000004e30000
needed_size: 0x0000000005400000
trampoline_32bit: 0x0000000000000000
Physical KASLR using RDRAND RDTSC...
Virtual KASLR using RDRAND RDTSC...

Decompressing Linux... Parsing ELF... Performing relocations... done.
Booting the kernel (entry_offset: 0x0000000000000000).
[    0.000000] Linux version 6.9.0-rc5-virtme (root@f9a6cfd699d9) (gcc (Alpine 13.2.1_git20240309) 13.2.1 20240309, GNU ld (GNU Binutils) 2.42) #1 SMP PREEMPT_DYNAMIC Fri Apr 26 21:26:35 UTC 2024
[    0.000000] Command line: virtme_hostname=virtme-ng nr_open=1048576 virtme_link_mods=/nipa-data/kernel/.virtme_mods/lib/modules/0.0.0 virtme_initmount0=nipa-data/kernel virtme_rw_overlay0=/etc virtme_rw_overlay1=/lib virtme_rw_overlay2=/home virtme_rw_overlay3=/opt virtme_rw_overlay4=/srv virtme_rw_overlay5=/usr virtme_rw_overlay6=/var console=hvc0 earlyprintk=serial,ttyS0,115200 virtme_console=ttyS0 psmouse.proto=exps TERM=xterm virtme_chdir=nipa-data/kernel virtme_root_user=1 rootfstype=9p rootflags=version=9p2000.L,trans=virtio,access=any raid=noautodetect ro init=/usr/lib/python3.12/site-packages/virtme/guest/virtme-init
[    0.000000] BIOS-provided physical RAM map:
[    0.000000] BIOS-e820: [mem 0x0000000000000000-0x000000000009fbff] usable
[    0.000000] BIOS-e820: [mem 0x000000000009fc00-0x000000000009ffff] reserved
[    0.000000] BIOS-e820: [mem 0x00000000000f0000-0x00000000000fffff] reserved
[    0.000000] BIOS-e820: [mem 0x0000000000100000-0x000000003ffdffff] usable
[    0.000000] BIOS-e820: [mem 0x000000003ffe0000-0x000000003fffffff] reserved
[    0.000000] BIOS-e820: [mem 0x00000000feffc000-0x00000000feffffff] reserved
[    0.000000] BIOS-e820: [mem 0x00000000fffc0000-0x00000000ffffffff] reserved
[    0.000000] BIOS-e820: [mem 0x000000fd00000000-0x000000ffffffffff] reserved
[    0.000000] printk: legacy bootconsole [earlyser0] enabled
[    0.000000] NX (Execute Disable) protection: active
[    0.000000] APIC: Static calls initialized
[    0.000000] SMBIOS 3.0.0 present.
[    0.000000] DMI: QEMU Standard PC (i440FX + PIIX, 1996), BIOS rel-1.16.3-0-ga6ed6b701f0a-prebuilt.qemu.org 04/01/2014
[    0.000000] Hypervisor detected: KVM
[    0.000000] kvm-clock: Using msrs 4b564d01 and 4b564d00
[    0.000000] kvm-clock: using sched offset of 358962175 cycles
[    0.000395] clocksource: kvm-clock: mask: 0xffffffffffffffff max_cycles: 0x1cd42e4dffb, max_idle_ns: 881590591483 ns
[    0.001618] tsc: Detected 4491.556 MHz processor
[    0.002328] last_pfn = 0x3ffe0 max_arch_pfn = 0x400000000
[    0.002762] MTRR map: 4 entries (3 fixed + 1 variable; max 19), built from 8 variable MTRRs
[    0.003391] x86/PAT: Configuration [0-7]: WB  WC  UC- UC  WB  WP  UC- WT  
[    0.005456] found SMP MP-table at [mem 0x000f5470-0x000f547f]
[    0.005901] Using GB pages for direct mapping
[    0.006397] ACPI: Early table checksum verification disabled
[    0.006826] ACPI: RSDP 0x00000000000F5290 000014 (v00 BOCHS )
[    0.007262] ACPI: RSDT 0x000000003FFE27BC 000034 (v01 BOCHS  BXPC     00000001 BXPC 00000001)
[    0.007910] ACPI: FACP 0x000000003FFE2578 000074 (v01 BOCHS  BXPC     00000001 BXPC 00000001)
[    0.008559] ACPI: DSDT 0x000000003FFE0040 002538 (v01 BOCHS  BXPC     00000001 BXPC 00000001)
[    0.009205] ACPI: FACS 0x000000003FFE0000 000040
[    0.009556] ACPI: APIC 0x000000003FFE25EC 000170 (v03 BOCHS  BXPC     00000001 BXPC 00000001)
[    0.010209] ACPI: HPET 0x000000003FFE275C 000038 (v01 BOCHS  BXPC     00000001 BXPC 00000001)
[    0.010866] ACPI: WAET 0x000000003FFE2794 000028 (v01 BOCHS  BXPC     00000001 BXPC 00000001)
[    0.011510] ACPI: Reserving FACP table memory at [mem 0x3ffe2578-0x3ffe25eb]
[    0.012042] ACPI: Reserving DSDT table memory at [mem 0x3ffe0040-0x3ffe2577]
[    0.012574] ACPI: Reserving FACS table memory at [mem 0x3ffe0000-0x3ffe003f]
[    0.013108] ACPI: Reserving APIC table memory at [mem 0x3ffe25ec-0x3ffe275b]
[    0.013639] ACPI: Reserving HPET table memory at [mem 0x3ffe275c-0x3ffe2793]
[    0.014172] ACPI: Reserving WAET table memory at [mem 0x3ffe2794-0x3ffe27bb]
[    0.014911] No NUMA configuration found
[    0.015200] Faking a node at [mem 0x0000000000000000-0x000000003ffdffff]
[    0.015709] NODE_DATA(0) allocated [mem 0x3ffdb000-0x3ffdffff]
[    0.016167] Zone ranges:
[    0.016359]   DMA      [mem 0x0000000000001000-0x0000000000ffffff]
[    0.016827]   DMA32    [mem 0x0000000001000000-0x000000003ffdffff]
[    0.017294]   Normal   empty
[    0.017512]   Device   empty
[    0.017731] Movable zone start for each node
[    0.018053] Early memory node ranges
[    0.018324]   node   0: [mem 0x0000000000001000-0x000000000009efff]
[    0.018804]   node   0: [mem 0x0000000000100000-0x000000003ffdffff]
[    0.019278] Initmem setup node 0 [mem 0x0000000000001000-0x000000003ffdffff]
[    0.019816] On node 0, zone DMA: 1 pages in unavailable ranges
[    0.020315] On node 0, zone DMA: 97 pages in unavailable ranges
[    0.025074] On node 0, zone DMA32: 32 pages in unavailable ranges
[    0.034587] kasan: KernelAddressSanitizer initialized
[    0.035201] ACPI: PM-Timer IO Port: 0x608
[    0.035512] ACPI: LAPIC_NMI (acpi_id[0xff] dfl dfl lint[0x1])
[    0.035969] IOAPIC[0]: apic_id 0, version 17, address 0xfec00000, GSI 0-23
[    0.036488] ACPI: INT_SRC_OVR (bus 0 bus_irq 0 global_irq 2 dfl dfl)
[    0.036967] ACPI: INT_SRC_OVR (bus 0 bus_irq 5 global_irq 5 high level)
[    0.037463] ACPI: INT_SRC_OVR (bus 0 bus_irq 9 global_irq 9 high level)
[    0.037960] ACPI: INT_SRC_OVR (bus 0 bus_irq 10 global_irq 10 high level)
[    0.038474] ACPI: INT_SRC_OVR (bus 0 bus_irq 11 global_irq 11 high level)
[    0.038987] ACPI: Using ACPI (MADT) for SMP configuration information
[    0.039473] ACPI: HPET id: 0x8086a201 base: 0xfed00000
[    0.039863] TSC deadline timer available
[    0.040163] CPU topo: Max. logical packages:   1
[    0.040512] CPU topo: Max. logical dies:       1
[    0.040859] CPU topo: Max. dies per package:   1
[    0.041206] CPU topo: Max. threads per core:   1
[    0.041552] CPU topo: Num. cores per package:    32
[    0.041917] CPU topo: Num. threads per package:  32
[    0.042282] CPU topo: Allowing 32 present CPUs plus 0 hotplug CPUs
[    0.042764] kvm-guest: APIC: eoi() replaced with kvm_guest_apic_eoi_write()
[    0.043302] kvm-guest: KVM setup pv remote TLB flush
[    0.043678] kvm-guest: setup PV sched yield
[    0.043999] PM: hibernation: Registered nosave memory: [mem 0x00000000-0x00000fff]
[    0.044566] PM: hibernation: Registered nosave memory: [mem 0x0009f000-0x0009ffff]
[    0.045132] PM: hibernation: Registered nosave memory: [mem 0x000a0000-0x000effff]
[    0.045699] PM: hibernation: Registered nosave memory: [mem 0x000f0000-0x000fffff]
[    0.046266] [mem 0x40000000-0xfeffbfff] available for PCI devices
[    0.046726] Booting paravirtualized kernel on KVM
[    0.047081] clocksource: refined-jiffies: mask: 0xffffffff max_cycles: 0xffffffff, max_idle_ns: 1910969940391419 ns
[    0.055982] setup_percpu: NR_CPUS:64 nr_cpumask_bits:32 nr_cpu_ids:32 nr_node_ids:1
[    0.057822] percpu: Embedded 70 pages/cpu s248616 r8192 d29912 u524288
[    0.058383] Kernel command line: virtme_hostname=virtme-ng nr_open=1048576 virtme_link_mods=/nipa-data/kernel/.virtme_mods/lib/modules/0.0.0 virtme_initmount0=nipa-data/kernel virtme_rw_overlay0=/etc virtme_rw_overlay1=/lib virtme_rw_overlay2=/home virtme_rw_overlay3=/opt virtme_rw_overlay4=/srv virtme_rw_overlay5=/usr virtme_rw_overlay6=/var console=hvc0 earlyprintk=serial,ttyS0,115200 virtme_console=ttyS0 psmouse.proto=exps TERM=xterm virtme_chdir=nipa-data/kernel virtme_root_user=1 rootfstype=9p rootflags=version=9p2000.L,trans=virtio,access=any raid=noautodetect ro init=/usr/lib/python3.12/site-packages/virtme/guest/virtme-init
[    0.062862] Unknown kernel command line parameters "virtme_hostname=virtme-ng nr_open=1048576 virtme_link_mods=/nipa-data/kernel/.virtme_mods/lib/modules/0.0.0 virtme_initmount0=nipa-data/kernel virtme_rw_overlay0=/etc virtme_rw_overlay1=/lib virtme_rw_overlay2=/home virtme_rw_overlay3=/opt virtme_rw_overlay4=/srv virtme_rw_overlay5=/usr virtme_rw_overlay6=/var virtme_console=ttyS0 virtme_chdir=nipa-data/kernel virtme_root_user=1", will be passed to user space.
[    0.066216] random: crng init done
[    0.066596] Dentry cache hash table entries: 131072 (order: 8, 1048576 bytes, linear)
[    0.067218] Inode-cache hash table entries: 65536 (order: 7, 524288 bytes, linear)
[    0.068247] Fallback order for Node 0: 0 
[    0.068252] Built 1 zonelists, mobility grouping on.  Total pages: 257760
[    0.069096] Policy zone: DMA32
[    0.069335] mem auto-init: stack:all(zero), heap alloc:off, heap free:off
[    0.069865] stackdepot: allocating hash table via alloc_large_system_hash
[    0.070395] stackdepot hash table entries: 1048576 (order: 12, 16777216 bytes, linear)
[    0.078501] Memory: 781080K/1048056K available (43008K kernel code, 11129K rwdata, 9744K rodata, 5844K init, 2388K bss, 266720K reserved, 0K cma-reserved)
[    0.079753] SLUB: HWalign=64, Order=0-3, MinObjects=0, CPUs=32, Nodes=1
Poking KASLR using RDRAND RDTSC...
[    0.080564] ftrace: allocating 47717 entries in 187 pages
[    0.089558] ftrace: allocated 187 pages with 6 groups
[    0.090836] Dynamic Preempt: voluntary
[    0.091614] rcu: Preemptible hierarchical RCU implementation.
[    0.092063] rcu: RCU event tracing is enabled.
[    0.092416] rcu: RCU restricting CPUs from NR_CPUS=64 to nr_cpu_ids=32.
[    0.092939] Trampoline variant of Tasks RCU enabled.
[    0.093333] Rude variant of Tasks RCU enabled.
[    0.093686] Tracing variant of Tasks RCU enabled.
[    0.094059] rcu: RCU calculated value of scheduler-enlistment delay is 100 jiffies.
[    0.094662] rcu: Adjusting geometry for rcu_fanout_leaf=16, nr_cpu_ids=32
[    0.095229] RCU Tasks: Setting shift to 5 and lim to 1 rcu_task_cb_adjust=1.
[    0.095780] RCU Tasks Rude: Setting shift to 5 and lim to 1 rcu_task_cb_adjust=1.
[    0.096364] RCU Tasks Trace: Setting shift to 5 and lim to 1 rcu_task_cb_adjust=1.
[    0.105214] NR_IRQS: 4352, nr_irqs: 680, preallocated irqs: 16
[    0.105922] rcu: srcu_init: Setting srcu_struct sizes based on contention.
[    0.106726] Console: colour *CGA 80x25
[    0.107040] ACPI: Core revision 20230628
[    0.107495] clocksource: hpet: mask: 0xffffffff max_cycles: 0xffffffff, max_idle_ns: 19112604467 ns
[    0.108260] APIC: Switch to symmetric I/O mode setup
[    0.108644] APIC: Switched APIC routing to: physical flat
[    0.109058] kvm-guest: APIC: send_IPI_mask() replaced with kvm_send_ipi_mask()
[    0.109608] kvm-guest: APIC: send_IPI_mask_allbutself() replaced with kvm_send_ipi_mask_allbutself()
[    0.110316] kvm-guest: setup PV IPIs
[    0.111477] ..TIMER: vector=0x30 apic1=0 pin1=2 apic2=-1 pin2=-1
[    0.112308] tsc: Marking TSC unstable due to TSCs unsynchronized
[    0.113111] Calibrating delay loop (skipped) preset value.. 8983.11 BogoMIPS (lpj=4491556)
[    0.115174] x86/cpu: User Mode Instruction Prevention (UMIP) activated
[    0.116115] Last level iTLB entries: 4KB 512, 2MB 255, 4MB 127
[    0.116896] Last level dTLB entries: 4KB 512, 2MB 255, 4MB 127, 1GB 0
[    0.117114] Spectre V1 : Mitigation: usercopy/swapgs barriers and __user pointer sanitization
[    0.118113] Spectre V2 : Mitigation: Enhanced / Automatic IBRS
[    0.119109] Spectre V2 : Spectre v2 / SpectreRSB mitigation: Filling RSB on context switch
[    0.120111] Spectre V2 : mitigation: Enabling conditional Indirect Branch Prediction Barrier
[    0.121111] Speculative Store Bypass: Mitigation: Speculative Store Bypass disabled via prctl
[    0.122109] Speculative Return Stack Overflow: IBPB-extending microcode not applied!
[    0.123109] Speculative Return Stack Overflow: WARNING: See https://kernel.org/doc/html/latest/admin-guide/hw-vuln/srso.html for mitigation options.
[    0.123110] Speculative Return Stack Overflow: Vulnerable: Safe RET, no microcode
[    0.125125] x86/fpu: Supporting XSAVE feature 0x001: 'x87 floating point registers'
[    0.126109] x86/fpu: Supporting XSAVE feature 0x002: 'SSE registers'
[    0.127109] x86/fpu: Supporting XSAVE feature 0x004: 'AVX registers'
[    0.128109] x86/fpu: Supporting XSAVE feature 0x020: 'AVX-512 opmask'
[    0.129109] x86/fpu: Supporting XSAVE feature 0x040: 'AVX-512 Hi256'
[    0.130109] x86/fpu: Supporting XSAVE feature 0x080: 'AVX-512 ZMM_Hi256'
[    0.131109] x86/fpu: Supporting XSAVE feature 0x200: 'Protection Keys User registers'
[    0.132109] x86/fpu: xstate_offset[2]:  576, xstate_sizes[2]:  256
[    0.133109] x86/fpu: xstate_offset[5]:  832, xstate_sizes[5]:   64
[    0.133915] x86/fpu: xstate_offset[6]:  896, xstate_sizes[6]:  512
[    0.134109] x86/fpu: xstate_offset[7]: 1408, xstate_sizes[7]: 1024
[    0.135109] x86/fpu: xstate_offset[9]: 2432, xstate_sizes[9]:    8
[    0.136109] x86/fpu: Enabled xstate features 0x2e7, context size is 2440 bytes, using 'compacted' format.
[    0.159075] Freeing SMP alternatives memory: 40K
[    0.159110] pid_max: default: 32768 minimum: 301
[    0.160255] Mount-cache hash table entries: 2048 (order: 2, 16384 bytes, linear)
[    0.161111] Mountpoint-cache hash table entries: 2048 (order: 2, 16384 bytes, linear)
[    0.163184] smpboot: CPU0: AMD Ryzen 9 7950X 16-Core Processor (family: 0x19, model: 0x61, stepping: 0x2)
[    0.164575] Performance Events: Fam17h+ core perfctr, AMD PMU driver.
[    0.165114] ... version:                0
[    0.165643] ... bit width:              48
[    0.166111] ... generic registers:      6
[    0.166634] ... value mask:             0000ffffffffffff
[    0.167111] ... max period:             00007fffffffffff
[    0.167804] ... fixed-purpose events:   0
[    0.168111] ... event mask:             000000000000003f
[    0.168926] signal: max sigframe size: 3376
[    0.169160] rcu: Hierarchical SRCU implementation.
[    0.169786] rcu: Max phase no-delay instances is 400.
[    0.174338] smp: Bringing up secondary CPUs ...
[    0.175125] smpboot: x86: Booting SMP configuration:
[    0.175775] .... node  #0, CPUs:        #1  #2  #3  #4  #5  #6  #7  #8  #9 #10 #11 #12 #13 #14 #15 #16 #17 #18 #19 #20 #21 #22 #23 #24 #25 #26 #27 #28 #29 #30 #31
[    0.200286] smp: Brought up 1 node, 32 CPUs
[    0.201822] smpboot: Total of 32 processors activated (287459.58 BogoMIPS)
[    0.209405] devtmpfs: initialized
[    0.210291] x86/mm: Memory block size: 128MB
[    0.217391] clocksource: jiffies: mask: 0xffffffff max_cycles: 0xffffffff, max_idle_ns: 1911260446275000 ns
[    0.218187] futex hash table entries: 8192 (order: 7, 524288 bytes, linear)
[    0.219443] PM: RTC time: 21:27:10, date: 2024-04-26
[    0.220942] NET: Registered PF_NETLINK/PF_ROUTE protocol family
[    0.222078] thermal_sys: Registered thermal governor 'step_wise'
[    0.222081] thermal_sys: Registered thermal governor 'user_space'
[    0.222142] cpuidle: using governor menu
[    0.224684] PCI: Using configuration type 1 for base access
[    0.225112] PCI: Using configuration type 1 for extended access
[    0.226058] kprobes: kprobe jump-optimization is enabled. All kprobes are optimized if possible.
[    0.243114] HugeTLB: registered 1.00 GiB page size, pre-allocated 0 pages
[    0.244113] HugeTLB: 16380 KiB vmemmap can be freed for a 1.00 GiB page
[    0.245113] HugeTLB: registered 2.00 MiB page size, pre-allocated 0 pages
[    0.246112] HugeTLB: 28 KiB vmemmap can be freed for a 2.00 MiB page
[    0.247446] Demotion targets for Node 0: null
[    0.248554] ACPI: Added _OSI(Module Device)
[    0.249113] ACPI: Added _OSI(Processor Device)
[    0.249871] ACPI: Added _OSI(3.0 _SCP Extensions)
[    0.251112] ACPI: Added _OSI(Processor Aggregator Device)
[    0.285684] ACPI: 1 ACPI AML tables successfully acquired and loaded
[    0.289353] ACPI: _OSC evaluation for CPUs failed, trying _PDC
[    0.294279] ACPI: Interpreter enabled
[    0.294992] ACPI: PM: (supports S0 S3 S4 S5)
[    0.295113] ACPI: Using IOAPIC for interrupt routing
[    0.296024] PCI: Using host bridge windows from ACPI; if necessary, use "pci=nocrs" and report a bug
[    0.298112] PCI: Using E820 reservations for host bridge windows
[    0.300638] ACPI: Enabled 2 GPEs in block 00 to 0F
[    0.361435] ACPI: PCI Root Bridge [PCI0] (domain 0000 [bus 00-ff])
[    0.362128] acpi PNP0A03:00: _OSC: OS supports [ExtendedConfig ASPM ClockPM Segments MSI HPX-Type3]
[    0.364807] PCI host bridge to bus 0000:00
[    0.365116] pci_bus 0000:00: root bus resource [io  0x0000-0x0cf7 window]
[    0.366116] pci_bus 0000:00: root bus resource [io  0x0d00-0xffff window]
[    0.367116] pci_bus 0000:00: root bus resource [mem 0x000a0000-0x000bffff window]
[    0.369116] pci_bus 0000:00: root bus resource [mem 0x40000000-0xfebfffff window]
[    0.370115] pci_bus 0000:00: root bus resource [mem 0x100000000-0x17fffffff window]
[    0.371116] pci_bus 0000:00: root bus resource [bus 00-ff]
[    0.372210] pci 0000:00:00.0: [8086:1237] type 00 class 0x060000 conventional PCI endpoint
[    0.374284] pci 0000:00:01.0: [8086:7000] type 00 class 0x060100 conventional PCI endpoint
[    0.377343] pci 0000:00:01.1: [8086:7010] type 00 class 0x010180 conventional PCI endpoint
[    0.382479] pci 0000:00:01.1: BAR 4 [io  0xc0c0-0xc0cf]
[    0.384125] pci 0000:00:01.1: BAR 0 [io  0x01f0-0x01f7]: legacy IDE quirk
[    0.385075] pci 0000:00:01.1: BAR 1 [io  0x03f6]: legacy IDE quirk
[    0.386113] pci 0000:00:01.1: BAR 2 [io  0x0170-0x0177]: legacy IDE quirk
[    0.387039] pci 0000:00:01.1: BAR 3 [io  0x0376]: legacy IDE quirk
[    0.388884] pci 0000:00:01.3: [8086:7113] type 00 class 0x068000 conventional PCI endpoint
[    0.391410] pci 0000:00:01.3: quirk: [io  0x0600-0x063f] claimed by PIIX4 ACPI
[    0.392117] pci 0000:00:01.3: quirk: [io  0x0700-0x070f] claimed by PIIX4 SMB
[    0.393906] pci 0000:00:02.0: [1af4:1009] type 00 class 0x000200 conventional PCI endpoint
[    0.396112] pci 0000:00:02.0: BAR 0 [io  0xc000-0xc03f]
[    0.398901] pci 0000:00:02.0: BAR 1 [mem 0xfebfc000-0xfebfcfff]
[    0.404874] pci 0000:00:02.0: BAR 4 [mem 0xfebf0000-0xfebf3fff 64bit pref]
[    0.419549] pci 0000:00:03.0: [1af4:1009] type 00 class 0x000200 conventional PCI endpoint
[    0.422112] pci 0000:00:03.0: BAR 0 [io  0xc040-0xc07f]
[    0.424838] pci 0000:00:03.0: BAR 1 [mem 0xfebfd000-0xfebfdfff]
[    0.430113] pci 0000:00:03.0: BAR 4 [mem 0xfebf4000-0xfebf7fff 64bit pref]
[    0.451384] pci 0000:00:04.0: [8086:25ab] type 00 class 0x088000 conventional PCI endpoint
[    0.452729] pci 0000:00:04.0: BAR 0 [mem 0xfebfe000-0xfebfe00f]
[    0.474347] pci 0000:00:05.0: [1af4:1003] type 00 class 0x078000 conventional PCI endpoint
[    0.476112] pci 0000:00:05.0: BAR 0 [io  0xc080-0xc0bf]
[    0.478878] pci 0000:00:05.0: BAR 1 [mem 0xfebff000-0xfebfffff]
[    0.484112] pci 0000:00:05.0: BAR 4 [mem 0xfebf8000-0xfebfbfff 64bit pref]
[    0.502985] ACPI: PCI: Interrupt link LNKA configured for IRQ 10
[    0.505132] ACPI: PCI: Interrupt link LNKB configured for IRQ 10
[    0.506937] ACPI: PCI: Interrupt link LNKC configured for IRQ 11
[    0.508115] ACPI: PCI: Interrupt link LNKD configured for IRQ 11
[    0.509334] ACPI: PCI: Interrupt link LNKS configured for IRQ 9
[    0.529789] iommu: Default domain type: Translated
[    0.531111] iommu: DMA domain TLB invalidation policy: lazy mode
[    0.532465] SCSI subsystem initialized
[    0.533424] pps_core: LinuxPPS API ver. 1 registered
[    0.534112] pps_core: Software ver. 5.3.6 - Copyright 2005-2007 Rodolfo Giometti <giometti@linux.it>
[    0.535129] PTP clock support registered
[    0.536284] Advanced Linux Sound Architecture Driver Initialized.
[    0.538637] NET: Registered PF_ATMPVC protocol family
[    0.539111] NET: Registered PF_ATMSVC protocol family
[    0.539812] PCI: Using ACPI for IRQ routing
[    0.541263] vgaarb: loaded
[    0.541496] hpet0: at MMIO 0xfed00000, IRQs 2, 8, 0
[    0.542111] hpet0: 3 comparators, 64-bit 100.000000 MHz counter
[    0.548976] clocksource: Switched to clocksource kvm-clock
[    0.549910] VFS: Disk quotas dquot_6.6.0
[    0.550464] VFS: Dquot-cache hash table entries: 512 (order 0, 4096 bytes)
[    0.551591] pnp: PnP ACPI init
[    0.558464] pnp: PnP ACPI: found 5 devices
[    0.570972] clocksource: acpi_pm: mask: 0xffffff max_cycles: 0xffffff, max_idle_ns: 2085701024 ns
[    0.572268] NET: Registered PF_INET protocol family
[    0.572963] IP idents hash table entries: 16384 (order: 5, 131072 bytes, linear)
[    0.574386] tcp_listen_portaddr_hash hash table entries: 512 (order: 1, 8192 bytes, linear)
[    0.575511] Table-perturb hash table entries: 65536 (order: 6, 262144 bytes, linear)
[    0.576579] TCP established hash table entries: 8192 (order: 4, 65536 bytes, linear)
[    0.577619] TCP bind hash table entries: 8192 (order: 6, 262144 bytes, linear)
[    0.578599] TCP: Hash tables configured (established 8192 bind 8192)
[    0.579727] UDP hash table entries: 512 (order: 2, 16384 bytes, linear)
[    0.580679] UDP-Lite hash table entries: 512 (order: 2, 16384 bytes, linear)
[    0.581863] NET: Registered PF_UNIX/PF_LOCAL protocol family
[    0.582650] pci_bus 0000:00: resource 4 [io  0x0000-0x0cf7 window]
[    0.583471] pci_bus 0000:00: resource 5 [io  0x0d00-0xffff window]
[    0.584307] pci_bus 0000:00: resource 6 [mem 0x000a0000-0x000bffff window]
[    0.585223] pci_bus 0000:00: resource 7 [mem 0x40000000-0xfebfffff window]
[    0.586136] pci_bus 0000:00: resource 8 [mem 0x100000000-0x17fffffff window]
[    0.587291] pci 0000:00:01.0: PIIX3: Enabling Passive Release
[    0.588053] pci 0000:00:00.0: Limiting direct PCI/PCI transfers
[    0.588897] PCI: CLS 0 bytes, default 64
[    0.589479] kvm_intel: VMX not supported by CPU 11
[    0.590169] kvm_amd: TSC scaling supported
[    0.590715] kvm_amd: Nested Virtualization enabled
[    0.591352] kvm_amd: Nested Paging enabled
[    0.591913] kvm_amd: Virtual VMLOAD VMSAVE supported
[    0.592595] kvm_amd: Virtual GIF supported
[    0.593137] kvm_amd: Virtual NMI enabled
[    0.593662] kvm_amd: LBR virtualization supported
[    0.716344] Initialise system trusted keyrings
[    0.717126] workingset: timestamp_bits=56 max_order=18 bucket_order=0
[    0.718133] squashfs: version 4.0 (2009/01/31) Phillip Lougher
[    0.718986] fuse: init (API version 7.40)
[    0.719697] 9p: Installing v9fs 9p2000 file system support
[    0.730888] Key type asymmetric registered
[    0.731458] Asymmetric key parser 'x509' registered
[    0.732207] Block layer SCSI generic (bsg) driver version 0.4 loaded (major 249)
[    0.733248] io scheduler mq-deadline registered
[    0.733870] io scheduler kyber registered
[    0.735940] input: Power Button as /devices/LNXSYSTM:00/LNXPWRBN:00/input/input0
[    0.737216] ACPI: button: Power Button [PWRF]
[    0.737964] Warning: Processor Platform Limit event detected, but not handled.
[    0.738938] Consider compiling CPUfreq support into your kernel.
[    1.641076] ACPI: \_SB_.LNKB: Enabled at IRQ 10
[    2.502251] ACPI: \_SB_.LNKC: Enabled at IRQ 11
[    3.361929] ACPI: \_SB_.LNKA: Enabled at IRQ 10
[    3.363490] Serial: 8250/16550 driver, 4 ports, IRQ sharing enabled
[    3.364714] 00:03: ttyS0 at I/O 0x3f8 (irq = 4, base_baud = 115200) is a 16550A
[    3.412427] Non-volatile memory driver v1.3
[    3.413040] Linux agpgart interface v0.103
[    3.413701] printk: legacy console [hvc0] enabled
[    3.413895] ACPI: bus type drm_connector registered
[    3.414359] printk: legacy bootconsole [earlyser0] disabled
          _      _                                    
   __   _(_)_ __| |_ _ __ ___   ___       _ __   __ _ 
   \ \ / / |  __| __|  _   _ \ / _ \_____|  _ \ / _  |
    \ V /| | |  | |_| | | | | |  __/_____| | | | (_| |
     \_/ |_|_|   \__|_| |_| |_|\___|     |_| |_|\__  |
                                                |___/ 
   kernel version: 6.9.0-rc5-virtme x86_64
   (CTRL+d to exit)

virtme-ng:/nipa-data/kernel# PS1='xx__-> '
xx__-> env
PWD=/nipa-data/kernel
nr_open=1048576
HOME=/root
TERM=xterm
SHLVL=2
XDG_RUNTIME_DIR=/run/user/0
PATH=/bin:/sbin:/usr/bin:/usr/sbin:/usr/local/bin
OLDPWD=/
_=/usr/bin/env
xx__-> 