No EFI environment detected.
early console in extract_kernel
input_data: 0x00000000029b92c4
input_len: 0x0000000000bbe916
output: 0x0000000001000000
output_len: 0x00000000025321f8
kernel_total_size: 0x0000000002430000
needed_size: 0x0000000002600000
trampoline_32bit: 0x0000000000000000
Physical KASLR using RDRAND RDTSC...
Virtual KASLR using RDRAND RDTSC...

Decompressing Linux... Parsing ELF... Performing relocations... done.
Booting the kernel (entry_offset: 0x0000000000fb51c0).
[    0.000000] Linux version 6.15.0-rc1-virtme (root@269943bcb7ef) (gcc (Ubuntu 13.3.0-6ubuntu2~24.04) 13.3.0, GNU ld (GNU Binutils for Ubuntu) 2.42) #1 SMP PREEMPT_DYNAMIC Tue Apr 15 15:06:33 UTC 2025
[    0.000000] Command line: virtme_hostname=virtme-ng nr_open=1048576 virtme_link_mods=/nipa-data/kernel/.virtme_mods/lib/modules/0.0.0 virtme_initmount0=nipa-data/kernel virtme_rw_overlay0=/etc virtme_rw_overlay1=/lib virtme_rw_overlay2=/home virtme_rw_overlay3=/opt virtme_rw_overlay4=/srv virtme_rw_overlay5=/usr virtme_rw_overlay6=/var console=hvc0 earlyprintk=serial,ttyS0,115200 virtme_console=ttyS0 psmouse.proto=exps TERM=xterm virtme_chdir=nipa-data/kernel virtme_root_user=1 rootfstype=9p rootflags=version=9p2000.L,trans=virtio,access=any raid=noautodetect ro init=/usr/lib/python3/dist-packages/virtme/guest/virtme-init
[    0.000000] BIOS-provided physical RAM map:
[    0.000000] BIOS-e820: [mem 0x0000000000000000-0x000000000009fbff] usable
[    0.000000] BIOS-e820: [mem 0x000000000009fc00-0x000000000009ffff] reserved
[    0.000000] BIOS-e820: [mem 0x00000000000f0000-0x00000000000fffff] reserved
[    0.000000] BIOS-e820: [mem 0x0000000000100000-0x000000003ffdffff] usable
[    0.000000] BIOS-e820: [mem 0x000000003ffe0000-0x000000003fffffff] reserved
[    0.000000] BIOS-e820: [mem 0x00000000feffc000-0x00000000feffffff] reserved
[    0.000000] BIOS-e820: [mem 0x00000000fffc0000-0x00000000ffffffff] reserved
[    0.000000] BIOS-e820: [mem 0x000000fd00000000-0x000000ffffffffff] reserved
[    0.000000] printk: legacy bootconsole [earlyser0] enabled
[    0.000000] NX (Execute Disable) protection: active
[    0.000000] APIC: Static calls initialized
[    0.000000] SMBIOS 3.0.0 present.
[    0.000000] DMI: QEMU Ubuntu 24.04 PC (i440FX + PIIX, 1996), BIOS 1.16.3-debian-1.16.3-2 04/01/2014
[    0.000000] DMI: Memory slots populated: 1/1
[    0.000000] Hypervisor detected: KVM
[    0.000000] kvm-clock: Using msrs 4b564d01 and 4b564d00
[    0.000000] kvm-clock: using sched offset of 201381295 cycles
[    0.000371] clocksource: kvm-clock: mask: 0xffffffffffffffff max_cycles: 0x1cd42e4dffb, max_idle_ns: 881590591483 ns
[    0.001524] tsc: Detected 4491.524 MHz processor
[    0.002104] last_pfn = 0x3ffe0 max_arch_pfn = 0x400000000
[    0.002509] MTRR map: 4 entries (3 fixed + 1 variable; max 19), built from 8 variable MTRRs
[    0.003102] x86/PAT: Configuration [0-7]: WB  WC  UC- UC  WB  WP  UC- WT  
Memory KASLR using RDRAND RDTSC...
[    0.005083] found SMP MP-table at [mem 0x000f5470-0x000f547f]
[    0.005493] Using GB pages for direct mapping
[    0.005849] ACPI: Early table checksum verification disabled
[    0.006249] ACPI: RSDP 0x00000000000F5290 000014 (v00 BOCHS )
[    0.006655] ACPI: RSDT 0x000000003FFE27BC 000034 (v01 BOCHS  BXPC     00000001 BXPC 00000001)
[    0.007259] ACPI: FACP 0x000000003FFE2578 000074 (v01 BOCHS  BXPC     00000001 BXPC 00000001)
[    0.007878] ACPI: DSDT 0x000000003FFE0040 002538 (v01 BOCHS  BXPC     00000001 BXPC 00000001)
[    0.008481] ACPI: FACS 0x000000003FFE0000 000040
[    0.008807] ACPI: APIC 0x000000003FFE25EC 000170 (v03 BOCHS  BXPC     00000001 BXPC 00000001)
[    0.009409] ACPI: HPET 0x000000003FFE275C 000038 (v01 BOCHS  BXPC     00000001 BXPC 00000001)
[    0.010011] ACPI: WAET 0x000000003FFE2794 000028 (v01 BOCHS  BXPC     00000001 BXPC 00000001)
[    0.010613] ACPI: Reserving FACP table memory at [mem 0x3ffe2578-0x3ffe25eb]
[    0.011111] ACPI: Reserving DSDT table memory at [mem 0x3ffe0040-0x3ffe2577]
[    0.011611] ACPI: Reserving FACS table memory at [mem 0x3ffe0000-0x3ffe003f]
[    0.012107] ACPI: Reserving APIC table memory at [mem 0x3ffe25ec-0x3ffe275b]
[    0.012603] ACPI: Reserving HPET table memory at [mem 0x3ffe275c-0x3ffe2793]
[    0.013100] ACPI: Reserving WAET table memory at [mem 0x3ffe2794-0x3ffe27bb]
[    0.013734] No NUMA configuration found
[    0.014004] Faking a node at [mem 0x0000000000000000-0x000000003ffdffff]
[    0.014478] NODE_DATA(0) allocated [mem 0x3ffdb600-0x3ffdffff]
[    0.014899] Zone ranges:
[    0.015078]   DMA      [mem 0x0000000000001000-0x0000000000ffffff]
[    0.015516]   DMA32    [mem 0x0000000001000000-0x000000003ffdffff]
[    0.015953]   Normal   empty
[    0.016156]   Device   empty
[    0.016359] Movable zone start for each node
[    0.016660] Early memory node ranges
[    0.016912]   node   0: [mem 0x0000000000001000-0x000000000009efff]
[    0.017354]   node   0: [mem 0x0000000000100000-0x000000003ffdffff]
[    0.017795] Initmem setup node 0 [mem 0x0000000000001000-0x000000003ffdffff]
[    0.018294] On node 0, zone DMA: 1 pages in unavailable ranges
[    0.018713] On node 0, zone DMA: 97 pages in unavailable ranges
[    0.020089] On node 0, zone DMA32: 32 pages in unavailable ranges
[    0.020714] ACPI: PM-Timer IO Port: 0x608
[    0.021003] ACPI: LAPIC_NMI (acpi_id[0xff] dfl dfl lint[0x1])
[    0.021427] IOAPIC[0]: apic_id 0, version 17, address 0xfec00000, GSI 0-23
[    0.021915] ACPI: INT_SRC_OVR (bus 0 bus_irq 0 global_irq 2 dfl dfl)
[    0.022370] ACPI: INT_SRC_OVR (bus 0 bus_irq 5 global_irq 5 high level)
[    0.022836] ACPI: INT_SRC_OVR (bus 0 bus_irq 9 global_irq 9 high level)
[    0.023302] ACPI: INT_SRC_OVR (bus 0 bus_irq 10 global_irq 10 high level)
[    0.023792] ACPI: INT_SRC_OVR (bus 0 bus_irq 11 global_irq 11 high level)
[    0.024271] ACPI: Using ACPI (MADT) for SMP configuration information
[    0.024725] ACPI: HPET id: 0x8086a201 base: 0xfed00000
[    0.025088] TSC deadline timer available
[    0.025367] CPU topo: Max. logical packages:   1
[    0.025692] CPU topo: Max. logical dies:       1
[    0.026018] CPU topo: Max. dies per package:   1
[    0.026344] CPU topo: Max. threads per core:   1
[    0.026670] CPU topo: Num. cores per package:    32
[    0.027013] CPU topo: Num. threads per package:  32
[    0.027356] CPU topo: Allowing 32 present CPUs plus 0 hotplug CPUs
[    0.027802] kvm-guest: APIC: eoi() replaced with kvm_guest_apic_eoi_write()
[    0.028300] kvm-guest: KVM setup pv remote TLB flush
[    0.028650] kvm-guest: setup PV sched yield
[    0.028947] PM: hibernation: Registered nosave memory: [mem 0x00000000-0x00000fff]
[    0.029481] PM: hibernation: Registered nosave memory: [mem 0x0009f000-0x0009ffff]
[    0.030015] PM: hibernation: Registered nosave memory: [mem 0x000a0000-0x000effff]
[    0.030550] PM: hibernation: Registered nosave memory: [mem 0x000f0000-0x000fffff]
[    0.031081] [mem 0x40000000-0xfeffbfff] available for PCI devices
[    0.031512] Booting paravirtualized kernel on KVM
[    0.031843] clocksource: refined-jiffies: mask: 0xffffffff max_cycles: 0xffffffff, max_idle_ns: 1910969940391419 ns
[    0.035315] setup_percpu: NR_CPUS:64 nr_cpumask_bits:32 nr_cpu_ids:32 nr_node_ids:1
[    0.036468] percpu: Embedded 53 pages/cpu s178392 r8192 d30504 u262144
[    0.036959] Kernel command line: virtme_hostname=virtme-ng nr_open=1048576 virtme_link_mods=/nipa-data/kernel/.virtme_mods/lib/modules/0.0.0 virtme_initmount0=nipa-data/kernel virtme_rw_overlay0=/etc virtme_rw_overlay1=/lib virtme_rw_overlay2=/home virtme_rw_overlay3=/opt virtme_rw_overlay4=/srv virtme_rw_overlay5=/usr virtme_rw_overlay6=/var console=hvc0 earlyprintk=serial,ttyS0,115200 virtme_console=ttyS0 psmouse.proto=exps TERM=xterm virtme_chdir=nipa-data/kernel virtme_root_user=1 rootfstype=9p rootflags=version=9p2000.L,trans=virtio,access=any raid=noautodetect ro init=/usr/lib/python3/dist-packages/virtme/guest/virtme-init
[    0.041077] Unknown kernel command line parameters "virtme_hostname=virtme-ng nr_open=1048576 virtme_link_mods=/nipa-data/kernel/.virtme_mods/lib/modules/0.0.0 virtme_initmount0=nipa-data/kernel virtme_rw_overlay0=/etc virtme_rw_overlay1=/lib virtme_rw_overlay2=/home virtme_rw_overlay3=/opt virtme_rw_overlay4=/srv virtme_rw_overlay5=/usr virtme_rw_overlay6=/var virtme_console=ttyS0 virtme_chdir=nipa-data/kernel virtme_root_user=1", will be passed to user space.
[    0.044222] random: crng init done
[    0.044468] printk: log buffer data + meta data: 262144 + 917504 = 1179648 bytes
[    0.045029] Dentry cache hash table entries: 131072 (order: 8, 1048576 bytes, linear)
[    0.045613] Inode-cache hash table entries: 65536 (order: 7, 524288 bytes, linear)
[    0.046245] Fallback order for Node 0: 0 
[    0.046247] Built 1 zonelists, mobility grouping on.  Total pages: 262014
[    0.047031] Policy zone: DMA32
[    0.047251] mem auto-init: stack:all(zero), heap alloc:off, heap free:off
[    0.048292] SLUB: HWalign=64, Order=0-3, MinObjects=0, CPUs=32, Nodes=1
Poking KASLR using RDRAND RDTSC...
[    0.055575] ftrace: allocating 48737 entries in 192 pages
[    0.055967] ftrace: allocated 192 pages with 2 groups
[    0.056897] Dynamic Preempt: voluntary
[    0.057299] rcu: Preemptible hierarchical RCU implementation.
[    0.057714] rcu: RCU event tracing is enabled.
[    0.058040] rcu: RCU restricting CPUs from NR_CPUS=64 to nr_cpu_ids=32.
[    0.058526] Trampoline variant of Tasks RCU enabled.
[    0.058889] Rude variant of Tasks RCU enabled.
[    0.059214] Tracing variant of Tasks RCU enabled.
[    0.059574] rcu: RCU calculated value of scheduler-enlistment delay is 100 jiffies.
[    0.060124] rcu: Adjusting geometry for rcu_fanout_leaf=16, nr_cpu_ids=32
[    0.060620] RCU Tasks: Setting shift to 5 and lim to 1 rcu_task_cb_adjust=1 rcu_task_cpu_ids=32.
[    0.061254] RCU Tasks Rude: Setting shift to 5 and lim to 1 rcu_task_cb_adjust=1 rcu_task_cpu_ids=32.
[    0.061920] RCU Tasks Trace: Setting shift to 5 and lim to 1 rcu_task_cb_adjust=1 rcu_task_cpu_ids=32.
[    0.064312] NR_IRQS: 4352, nr_irqs: 680, preallocated irqs: 16
[    0.064900] rcu: srcu_init: Setting srcu_struct sizes based on contention.
[    0.065531] Console: colour *CGA 80x25
[    0.065805] ACPI: Core revision 20240827
[    0.066153] clocksource: hpet: mask: 0xffffffff max_cycles: 0xffffffff, max_idle_ns: 19112604467 ns
[    0.066858] APIC: Switch to symmetric I/O mode setup
[    0.067356] x2apic enabled
[    0.067726] APIC: Switched APIC routing to: physical x2apic
[    0.068130] kvm-guest: APIC: send_IPI_mask() replaced with kvm_send_ipi_mask()
[    0.068648] kvm-guest: APIC: send_IPI_mask_allbutself() replaced with kvm_send_ipi_mask_allbutself()
[    0.069289] kvm-guest: setup PV IPIs
[    0.070267] ..TIMER: vector=0x30 apic1=0 pin1=2 apic2=-1 pin2=-1
[    0.071049] clocksource: tsc-early: mask: 0xffffffffffffffff max_cycles: 0x40be215b5d9, max_idle_ns: 440795359804 ns
[    0.072390] Calibrating delay loop (skipped) preset value.. 8983.04 BogoMIPS (lpj=4491524)
[    0.073451] x86/cpu: User Mode Instruction Prevention (UMIP) activated
[    0.074437] Last level iTLB entries: 4KB 512, 2MB 255, 4MB 127
[    0.075390] Last level dTLB entries: 4KB 512, 2MB 255, 4MB 127, 1GB 0
[    0.076393] Spectre V1 : Mitigation: usercopy/swapgs barriers and __user pointer sanitization
[    0.077393] Spectre V2 : Mitigation: Enhanced / Automatic IBRS
[    0.078120] Spectre V2 : Spectre v2 / SpectreRSB mitigation: Filling RSB on context switch
[    0.078391] Spectre V2 : mitigation: Enabling conditional Indirect Branch Prediction Barrier
[    0.079391] Speculative Store Bypass: Mitigation: Speculative Store Bypass disabled via prctl
[    0.080390] Speculative Return Stack Overflow: IBPB-extending microcode not applied!
[    0.081389] Speculative Return Stack Overflow: WARNING: See https://kernel.org/doc/html/latest/admin-guide/hw-vuln/srso.html for mitigation options.
[    0.081390] Speculative Return Stack Overflow: Vulnerable: Safe RET, no microcode
[    0.083404] x86/fpu: Supporting XSAVE feature 0x001: 'x87 floating point registers'
[    0.084390] x86/fpu: Supporting XSAVE feature 0x002: 'SSE registers'
[    0.085390] x86/fpu: Supporting XSAVE feature 0x004: 'AVX registers'
[    0.086389] x86/fpu: Supporting XSAVE feature 0x020: 'AVX-512 opmask'
[    0.087390] x86/fpu: Supporting XSAVE feature 0x040: 'AVX-512 Hi256'
[    0.088165] x86/fpu: Supporting XSAVE feature 0x080: 'AVX-512 ZMM_Hi256'
[    0.088390] x86/fpu: Supporting XSAVE feature 0x200: 'Protection Keys User registers'
[    0.089390] x86/fpu: xstate_offset[2]:  576, xstate_sizes[2]:  256
[    0.090390] x86/fpu: xstate_offset[5]:  832, xstate_sizes[5]:   64
[    0.091390] x86/fpu: xstate_offset[6]:  896, xstate_sizes[6]:  512
[    0.092147] x86/fpu: xstate_offset[7]: 1408, xstate_sizes[7]: 1024
[    0.092390] x86/fpu: xstate_offset[9]: 2432, xstate_sizes[9]:    8
[    0.093389] x86/fpu: Enabled xstate features 0x2e7, context size is 2440 bytes, using 'compacted' format.
[    0.109154] Freeing SMP alternatives memory: 44K
[    0.109391] pid_max: default: 32768 minimum: 301
[    0.109974] Mount-cache hash table entries: 2048 (order: 2, 16384 bytes, linear)
[    0.110390] Mountpoint-cache hash table entries: 2048 (order: 2, 16384 bytes, linear)
[    0.111524] smpboot: CPU0: AMD Ryzen 9 7950X 16-Core Processor (family: 0x19, model: 0x61, stepping: 0x2)
[    0.112490] Performance Events: Fam17h+ core perfctr, AMD PMU driver.
[    0.113297] ... version:                0
[    0.113391] ... bit width:              48
[    0.113896] ... generic registers:      6
[    0.114385] ... value mask:             0000ffffffffffff
[    0.114391] ... max period:             00007fffffffffff
[    0.115040] ... fixed-purpose events:   0
[    0.115391] ... event mask:             000000000000003f
[    0.116113] signal: max sigframe size: 3376
[    0.116405] rcu: Hierarchical SRCU implementation.
[    0.116991] rcu: Max phase no-delay instances is 400.
[    0.117414] Timer migration: 2 hierarchy levels; 8 children per group; 2 crossnode level
[    0.120447] smp: Bringing up secondary CPUs ...
[    0.121055] smpboot: x86: Booting SMP configuration:
[    0.121393] .... node  #0, CPUs:        #1  #2  #3  #4  #5  #6  #7  #8  #9 #10 #11 #12 #13 #14 #15 #16 #17 #18 #19 #20 #21 #22 #23 #24 #25 #26 #27 #28 #29 #30 #31
[    0.132480] smp: Brought up 1 node, 32 CPUs
[    0.133910] smpboot: Total of 32 processors activated (287457.53 BogoMIPS)
[    0.135528] Memory: 971000K/1048056K available (16085K kernel code, 2477K rwdata, 6424K rodata, 3200K init, 1680K bss, 62536K reserved, 0K cma-reserved)
[    0.136516] devtmpfs: initialized
[    0.136836] x86/mm: Memory block size: 128MB
[    0.138109] clocksource: jiffies: mask: 0xffffffff max_cycles: 0xffffffff, max_idle_ns: 1911260446275000 ns
[    0.138392] posixtimers hash table entries: 16384 (order: 6, 262144 bytes, linear)
[    0.139370] futex hash table entries: 8192 (order: 7, 524288 bytes, linear)
[    0.139515] PM: RTC time: 15:06:51, date: 2025-04-15
[    0.140465] NET: Registered PF_NETLINK/PF_ROUTE protocol family
[    0.141348] thermal_sys: Registered thermal governor 'step_wise'
[    0.141357] cpuidle: using governor menu
[    0.142756] PCI: Using configuration type 1 for base access
[    0.143394] PCI: Using configuration type 1 for extended access
[    0.144194] kprobes: kprobe jump-optimization is enabled. All kprobes are optimized if possible.
[    0.151461] HugeTLB: allocation took 0ms with hugepage_allocation_threads=8
[    0.152420] HugeTLB: registered 1.00 GiB page size, pre-allocated 0 pages
[    0.153244] HugeTLB: 16380 KiB vmemmap can be freed for a 1.00 GiB page
[    0.154391] HugeTLB: registered 2.00 MiB page size, pre-allocated 0 pages
[    0.155216] HugeTLB: 28 KiB vmemmap can be freed for a 2.00 MiB page
[    0.156459] ACPI: Added _OSI(Module Device)
[    0.156950] ACPI: Added _OSI(Processor Device)
[    0.157391] ACPI: Added _OSI(3.0 _SCP Extensions)
[    0.157962] ACPI: Added _OSI(Processor Aggregator Device)
[    0.159040] ACPI: 1 ACPI AML tables successfully acquired and loaded
[    0.160822] ACPI: Interpreter enabled
[    0.161399] ACPI: PM: (supports S0 S3 S4 S5)
[    0.161918] ACPI: Using IOAPIC for interrupt routing
[    0.162399] PCI: Using host bridge windows from ACPI; if necessary, use "pci=nocrs" and report a bug
[    0.163391] PCI: Using E820 reservations for host bridge windows
[    0.164206] ACPI: Enabled 2 GPEs in block 00 to 0F
[    0.167033] ACPI: PCI Root Bridge [PCI0] (domain 0000 [bus 00-ff])
[    0.168394] acpi PNP0A03:00: _OSC: OS supports [ExtendedConfig ASPM ClockPM Segments MSI HPX-Type3]
[    0.169480] PCI host bridge to bus 0000:00
[    0.169981] pci_bus 0000:00: root bus resource [io  0x0000-0x0cf7 window]
[    0.170391] pci_bus 0000:00: root bus resource [io  0x0d00-0xffff window]
[    0.171217] pci_bus 0000:00: root bus resource [mem 0x000a0000-0x000bffff window]
[    0.172392] pci_bus 0000:00: root bus resource [mem 0x40000000-0xfebfffff window]
[    0.173300] pci_bus 0000:00: root bus resource [mem 0x100000000-0x17fffffff window]
[    0.174391] pci_bus 0000:00: root bus resource [bus 00-ff]
[    0.175184] pci 0000:00:00.0: [8086:1237] type 00 class 0x060000 conventional PCI endpoint
[    0.176657] pci 0000:00:01.0: [8086:7000] type 00 class 0x060100 conventional PCI endpoint
[    0.177658] pci 0000:00:01.1: [8086:7010] type 00 class 0x010180 conventional PCI endpoint
[    0.178865] pci 0000:00:01.1: BAR 4 [io  0xc0c0-0xc0cf]
[    0.179409] pci 0000:00:01.1: BAR 0 [io  0x01f0-0x01f7]: legacy IDE quirk
[    0.180229] pci 0000:00:01.1: BAR 1 [io  0x03f6]: legacy IDE quirk
[    0.181391] pci 0000:00:01.1: BAR 2 [io  0x0170-0x0177]: legacy IDE quirk
[    0.182212] pci 0000:00:01.1: BAR 3 [io  0x0376]: legacy IDE quirk
[    0.183482] pci 0000:00:01.3: [8086:7113] type 00 class 0x068000 conventional PCI endpoint
[    0.184579] pci 0000:00:01.3: quirk: [io  0x0600-0x063f] claimed by PIIX4 ACPI
[    0.185395] pci 0000:00:01.3: quirk: [io  0x0700-0x070f] claimed by PIIX4 SMB
[    0.186424] pci 0000:00:02.0: [1af4:1009] type 00 class 0x000200 conventional PCI endpoint
[    0.188391] pci 0000:00:02.0: BAR 0 [io  0xc000-0xc03f]
[    0.189030] pci 0000:00:02.0: BAR 1 [mem 0xfebfc000-0xfebfcfff]
[    0.189405] pci 0000:00:02.0: BAR 4 [mem 0xfebf0000-0xfebf3fff 64bit pref]
[    0.190861] pci 0000:00:03.0: [1af4:1009] type 00 class 0x000200 conventional PCI endpoint
[    0.192837] pci 0000:00:03.0: BAR 0 [io  0xc040-0xc07f]
[    0.193395] pci 0000:00:03.0: BAR 1 [mem 0xfebfd000-0xfebfdfff]
[    0.194124] pci 0000:00:03.0: BAR 4 [mem 0xfebf4000-0xfebf7fff 64bit pref]
[    0.194900] pci 0000:00:04.0: [8086:25ab] type 00 class 0x088000 conventional PCI endpoint
[    0.196662] pci 0000:00:04.0: BAR 0 [mem 0xfebfe000-0xfebfe00f]
[    0.197777] pci 0000:00:05.0: [1af4:1003] type 00 class 0x078000 conventional PCI endpoint
[    0.199274] pci 0000:00:05.0: BAR 0 [io  0xc080-0xc0bf]
[    0.200396] pci 0000:00:05.0: BAR 1 [mem 0xfebff000-0xfebfffff]
[    0.201211] pci 0000:00:05.0: BAR 4 [mem 0xfebf8000-0xfebfbfff 64bit pref]
[    0.202099] ACPI: PCI: Interrupt link LNKA configured for IRQ 10
[    0.203493] ACPI: PCI: Interrupt link LNKB configured for IRQ 10
[    0.204331] ACPI: PCI: Interrupt link LNKC configured for IRQ 11
[    0.205488] ACPI: PCI: Interrupt link LNKD configured for IRQ 11
[    0.206282] ACPI: PCI: Interrupt link LNKS configured for IRQ 9
[    0.207206] iommu: Default domain type: Translated
[    0.208392] iommu: DMA domain TLB invalidation policy: lazy mode
[    0.209171] SCSI subsystem initialized
[    0.209424] pps_core: LinuxPPS API ver. 1 registered
[    0.210025] pps_core: Software ver. 5.3.6 - Copyright 2005-2007 Rodolfo Giometti <giometti@linux.it>
[    0.211394] PTP clock support registered
[    0.211880] Advanced Linux Sound Architecture Driver Initialized.
[    0.212668] NET: Registered PF_ATMPVC protocol family
[    0.213284] NET: Registered PF_ATMSVC protocol family
[    0.213397] PCI: Using ACPI for IRQ routing
[    0.213990] vgaarb: loaded
[    0.214427] hpet0: at MMIO 0xfed00000, IRQs 2, 8, 0
[    0.215392] hpet0: 3 comparators, 64-bit 100.000000 MHz counter
[    0.219467] clocksource: Switched to clocksource kvm-clock
[    0.220258] VFS: Disk quotas dquot_6.6.0
[    0.220707] VFS: Dquot-cache hash table entries: 512 (order 0, 4096 bytes)
[    0.221688] pnp: PnP ACPI init
[    0.222247] pnp: PnP ACPI: found 5 devices
[    0.228076] clocksource: acpi_pm: mask: 0xffffff max_cycles: 0xffffff, max_idle_ns: 2085701024 ns
[    0.229171] NET: Registered PF_INET protocol family
[    0.229774] IP idents hash table entries: 16384 (order: 5, 131072 bytes, linear)
[    0.230809] tcp_listen_portaddr_hash hash table entries: 512 (order: 1, 8192 bytes, linear)
[    0.231839] Table-perturb hash table entries: 65536 (order: 6, 262144 bytes, linear)
[    0.232783] TCP established hash table entries: 8192 (order: 4, 65536 bytes, linear)
[    0.233724] TCP bind hash table entries: 8192 (order: 6, 262144 bytes, linear)
[    0.234604] TCP: Hash tables configured (established 8192 bind 8192)
[    0.235450] UDP hash table entries: 512 (order: 3, 32768 bytes, linear)
[    0.236264] UDP-Lite hash table entries: 512 (order: 3, 32768 bytes, linear)
[    0.237142] NET: Registered PF_UNIX/PF_LOCAL protocol family
[    0.237829] pci_bus 0000:00: resource 4 [io  0x0000-0x0cf7 window]
[    0.238573] pci_bus 0000:00: resource 5 [io  0x0d00-0xffff window]
[    0.239312] pci_bus 0000:00: resource 6 [mem 0x000a0000-0x000bffff window]
[    0.240143] pci_bus 0000:00: resource 7 [mem 0x40000000-0xfebfffff window]
[    0.240960] pci_bus 0000:00: resource 8 [mem 0x100000000-0x17fffffff window]
[    0.241822] pci 0000:00:01.0: PIIX3: Enabling Passive Release
[    0.242513] pci 0000:00:00.0: Limiting direct PCI/PCI transfers
[    0.243253] PCI: CLS 0 bytes, default 64
[    0.243778] kvm_intel: VMX not supported by CPU 2
[    0.244370] kvm_amd: TSC scaling supported
[    0.244858] kvm_amd: Nested Virtualization enabled
[    0.245434] kvm_amd: Nested Paging enabled
[    0.245922] kvm_amd: LBR virtualization supported
[    0.246490] kvm_amd: Virtual GIF supported
[    0.246976] kvm_amd: Virtual NMI enabled
[    0.271771] clocksource: tsc: mask: 0xffffffffffffffff max_cycles: 0x40be215b5d9, max_idle_ns: 440795359804 ns
[    0.278066] Initialise system trusted keyrings
[    0.278766] workingset: timestamp_bits=56 max_order=18 bucket_order=0
[    0.279562] squashfs: version 4.0 (2009/01/31) Phillip Lougher
[    0.280280] fuse: init (API version 7.43)
[    0.280786] 9p: Installing v9fs 9p2000 file system support
[    0.287660] Key type asymmetric registered
[    0.288176] Asymmetric key parser 'x509' registered
[    0.288775] Block layer SCSI generic (bsg) driver version 0.4 loaded (major 249)
[    0.289688] io scheduler mq-deadline registered
[    0.290244] io scheduler kyber registered
[    0.292177] input: Power Button as /devices/LNXSYSTM:00/LNXPWRBN:00/input/input0
[    0.293146] ACPI: button: Power Button [PWRF]
[    0.294058] Warning: Processor Platform Limit event detected, but not handled.
[    0.294962] Consider compiling CPUfreq support into your kernel.
[    0.311954] ACPI: \_SB_.LNKB: Enabled at IRQ 10
[    0.327319] ACPI: \_SB_.LNKC: Enabled at IRQ 11
[    0.342620] ACPI: \_SB_.LNKA: Enabled at IRQ 10
[    0.343615] Serial: 8250/16550 driver, 4 ports, IRQ sharing enabled
[    0.344481] 00:03: ttyS0 at I/O 0x3f8 (irq = 4, base_baud = 115200) is a 16550A
[    0.365600] Non-volatile memory driver v1.3
[    0.366134] Linux agpgart interface v0.103
[    0.366675] ACPI: bus type drm_connector registered
[    0.367730] printk: legacy console [hvc0] enabled
[    0.368328] printk: legacy bootconsole [earlyser0] disabled
          _      _                                    
   __   _(_)_ __| |_ _ __ ___   ___       _ __   __ _ 
   \ \ / / |  __| __|  _   _ \ / _ \_____|  _ \ / _  |
    \ V /| | |  | |_| | | | | |  __/_____| | | | (_| |
     \_/ |_|_|   \__|_| |_| |_|\___|     |_| |_|\__  |
                                                |___/ 
   kernel version: 6.15.0-rc1-virtme x86_64
   (CTRL+d to exit)

root@virtme-ng:/nipa-data/kernel# PS1='xx__-> '
xx__-> env
PWD=/nipa-data/kernel
nr_open=1048576
HOME=/
TERM=xterm
SHLVL=2
XDG_RUNTIME_DIR=/run/user/0
PATH=/bin:/sbin:/usr/bin:/usr/sbin:/usr/local/bin
OLDPWD=/
_=/bin/env
xx__-> 