No EFI environment detected.
early console in extract_kernel
input_data: 0x0000000004aaf2c4
input_len: 0x0000000001864d41
output: 0x0000000001000000
output_len: 0x00000000052a0724
kernel_total_size: 0x0000000004e30000
needed_size: 0x0000000005400000
trampoline_32bit: 0x0000000000000000
Physical KASLR using RDRAND RDTSC...
Virtual KASLR using RDRAND RDTSC...

Decompressing Linux... Parsing ELF... Performing relocations... done.
Booting the kernel (entry_offset: 0x0000000000000000).
[    0.000000] Linux version 6.10.0-rc3-virtme (root@10d292548111) (gcc (Alpine 13.2.1_git20240309) 13.2.1 20240309, GNU ld (GNU Binutils) 2.42) #1 SMP PREEMPT_DYNAMIC Sat Jun 15 09:26:46 UTC 2024
[    0.000000] Command line: virtme_hostname=virtme-ng nr_open=1048576 virtme_link_mods=/nipa-data/kernel/.virtme_mods/lib/modules/0.0.0 virtme_initmount0=nipa-data/kernel virtme_rw_overlay0=/etc virtme_rw_overlay1=/lib virtme_rw_overlay2=/home virtme_rw_overlay3=/opt virtme_rw_overlay4=/srv virtme_rw_overlay5=/usr virtme_rw_overlay6=/var console=hvc0 earlyprintk=serial,ttyS0,115200 virtme_console=ttyS0 psmouse.proto=exps TERM=xterm virtme_chdir=nipa-data/kernel virtme_root_user=1 rootfstype=9p rootflags=version=9p2000.L,trans=virtio,access=any raid=noautodetect ro init=/usr/lib/python3.12/site-packages/virtme/guest/virtme-init
[    0.000000] BIOS-provided physical RAM map:
[    0.000000] BIOS-e820: [mem 0x0000000000000000-0x000000000009fbff] usable
[    0.000000] BIOS-e820: [mem 0x000000000009fc00-0x000000000009ffff] reserved
[    0.000000] BIOS-e820: [mem 0x00000000000f0000-0x00000000000fffff] reserved
[    0.000000] BIOS-e820: [mem 0x0000000000100000-0x000000003ffdffff] usable
[    0.000000] BIOS-e820: [mem 0x000000003ffe0000-0x000000003fffffff] reserved
[    0.000000] BIOS-e820: [mem 0x00000000feffc000-0x00000000feffffff] reserved
[    0.000000] BIOS-e820: [mem 0x00000000fffc0000-0x00000000ffffffff] reserved
[    0.000000] BIOS-e820: [mem 0x000000fd00000000-0x000000ffffffffff] reserved
[    0.000000] printk: legacy bootconsole [earlyser0] enabled
[    0.000000] NX (Execute Disable) protection: active
[    0.000000] APIC: Static calls initialized
[    0.000000] SMBIOS 2.8 present.
[    0.000000] DMI: QEMU Standard PC (i440FX + PIIX, 1996), BIOS rel-1.16.3-0-ga6ed6b701f0a-prebuilt.qemu.org 04/01/2014
[    0.000000] DMI: Memory slots populated: 1/1
[    0.000000] Hypervisor detected: KVM
[    0.000000] kvm-clock: Using msrs 4b564d01 and 4b564d00
[    0.000000] kvm-clock: using sched offset of 348127278 cycles
[    0.000399] clocksource: kvm-clock: mask: 0xffffffffffffffff max_cycles: 0x1cd42e4dffb, max_idle_ns: 881590591483 ns
[    0.001635] tsc: Detected 4491.556 MHz processor
[    0.002347] last_pfn = 0x3ffe0 max_arch_pfn = 0x400000000
[    0.002783] MTRR map: 4 entries (3 fixed + 1 variable; max 19), built from 8 variable MTRRs
[    0.003420] x86/PAT: Configuration [0-7]: WB  WC  UC- UC  WB  WP  UC- WT  
[    0.005488] found SMP MP-table at [mem 0x000f5470-0x000f547f]
[    0.005930] Using GB pages for direct mapping
[    0.006497] ACPI: Early table checksum verification disabled
[    0.006930] ACPI: RSDP 0x00000000000F5290 000014 (v00 BOCHS )
[    0.007369] ACPI: RSDT 0x000000003FFE27BC 000034 (v01 BOCHS  BXPC     00000001 BXPC 00000001)
[    0.008020] ACPI: FACP 0x000000003FFE2578 000074 (v01 BOCHS  BXPC     00000001 BXPC 00000001)
[    0.008671] ACPI: DSDT 0x000000003FFE0040 002538 (v01 BOCHS  BXPC     00000001 BXPC 00000001)
[    0.009318] ACPI: FACS 0x000000003FFE0000 000040
[    0.009671] ACPI: APIC 0x000000003FFE25EC 000170 (v03 BOCHS  BXPC     00000001 BXPC 00000001)
[    0.010318] ACPI: HPET 0x000000003FFE275C 000038 (v01 BOCHS  BXPC     00000001 BXPC 00000001)
[    0.010970] ACPI: WAET 0x000000003FFE2794 000028 (v01 BOCHS  BXPC     00000001 BXPC 00000001)
[    0.011617] ACPI: Reserving FACP table memory at [mem 0x3ffe2578-0x3ffe25eb]
[    0.012151] ACPI: Reserving DSDT table memory at [mem 0x3ffe0040-0x3ffe2577]
[    0.012685] ACPI: Reserving FACS table memory at [mem 0x3ffe0000-0x3ffe003f]
[    0.013219] ACPI: Reserving APIC table memory at [mem 0x3ffe25ec-0x3ffe275b]
[    0.013753] ACPI: Reserving HPET table memory at [mem 0x3ffe275c-0x3ffe2793]
[    0.014287] ACPI: Reserving WAET table memory at [mem 0x3ffe2794-0x3ffe27bb]
[    0.015027] No NUMA configuration found
[    0.015319] Faking a node at [mem 0x0000000000000000-0x000000003ffdffff]
[    0.015830] NODE_DATA(0) allocated [mem 0x3ffdb000-0x3ffdffff]
[    0.016294] Zone ranges:
[    0.016488]   DMA      [mem 0x0000000000001000-0x0000000000ffffff]
[    0.016959]   DMA32    [mem 0x0000000001000000-0x000000003ffdffff]
[    0.017429]   Normal   empty
[    0.017650]   Device   empty
[    0.017871] Movable zone start for each node
[    0.018198] Early memory node ranges
[    0.018472]   node   0: [mem 0x0000000000001000-0x000000000009efff]
[    0.018955]   node   0: [mem 0x0000000000100000-0x000000003ffdffff]
[    0.019435] Initmem setup node 0 [mem 0x0000000000001000-0x000000003ffdffff]
[    0.019975] On node 0, zone DMA: 1 pages in unavailable ranges
[    0.020477] On node 0, zone DMA: 97 pages in unavailable ranges
[    0.025238] On node 0, zone DMA32: 32 pages in unavailable ranges
[    0.034740] kasan: KernelAddressSanitizer initialized
[    0.035367] ACPI: PM-Timer IO Port: 0x608
[    0.035681] ACPI: LAPIC_NMI (acpi_id[0xff] dfl dfl lint[0x1])
[    0.036141] IOAPIC[0]: apic_id 0, version 17, address 0xfec00000, GSI 0-23
[    0.036664] ACPI: INT_SRC_OVR (bus 0 bus_irq 0 global_irq 2 dfl dfl)
[    0.037145] ACPI: INT_SRC_OVR (bus 0 bus_irq 5 global_irq 5 high level)
[    0.037646] ACPI: INT_SRC_OVR (bus 0 bus_irq 9 global_irq 9 high level)
[    0.038150] ACPI: INT_SRC_OVR (bus 0 bus_irq 10 global_irq 10 high level)
[    0.038668] ACPI: INT_SRC_OVR (bus 0 bus_irq 11 global_irq 11 high level)
[    0.039187] ACPI: Using ACPI (MADT) for SMP configuration information
[    0.039674] ACPI: HPET id: 0x8086a201 base: 0xfed00000
[    0.040065] TSC deadline timer available
[    0.040364] CPU topo: Max. logical packages:   1
[    0.040714] CPU topo: Max. logical dies:       1
[    0.041064] CPU topo: Max. dies per package:   1
[    0.041416] CPU topo: Max. threads per core:   1
[    0.041766] CPU topo: Num. cores per package:    32
[    0.042136] CPU topo: Num. threads per package:  32
[    0.042506] CPU topo: Allowing 32 present CPUs plus 0 hotplug CPUs
[    0.042996] kvm-guest: APIC: eoi() replaced with kvm_guest_apic_eoi_write()
[    0.043537] kvm-guest: KVM setup pv remote TLB flush
[    0.043914] kvm-guest: setup PV sched yield
[    0.044236] PM: hibernation: Registered nosave memory: [mem 0x00000000-0x00000fff]
[    0.044809] PM: hibernation: Registered nosave memory: [mem 0x0009f000-0x0009ffff]
[    0.045380] PM: hibernation: Registered nosave memory: [mem 0x000a0000-0x000effff]
[    0.045952] PM: hibernation: Registered nosave memory: [mem 0x000f0000-0x000fffff]
[    0.046524] [mem 0x40000000-0xfeffbfff] available for PCI devices
[    0.046989] Booting paravirtualized kernel on KVM
[    0.047346] clocksource: refined-jiffies: mask: 0xffffffff max_cycles: 0xffffffff, max_idle_ns: 1910969940391419 ns
[    0.056329] setup_percpu: NR_CPUS:64 nr_cpumask_bits:32 nr_cpu_ids:32 nr_node_ids:1
[    0.058195] percpu: Embedded 70 pages/cpu s248600 r8192 d29928 u524288
[    0.058754] Kernel command line: virtme_hostname=virtme-ng nr_open=1048576 virtme_link_mods=/nipa-data/kernel/.virtme_mods/lib/modules/0.0.0 virtme_initmount0=nipa-data/kernel virtme_rw_overlay0=/etc virtme_rw_overlay1=/lib virtme_rw_overlay2=/home virtme_rw_overlay3=/opt virtme_rw_overlay4=/srv virtme_rw_overlay5=/usr virtme_rw_overlay6=/var console=hvc0 earlyprintk=serial,ttyS0,115200 virtme_console=ttyS0 psmouse.proto=exps TERM=xterm virtme_chdir=nipa-data/kernel virtme_root_user=1 rootfstype=9p rootflags=version=9p2000.L,trans=virtio,access=any raid=noautodetect ro init=/usr/lib/python3.12/site-packages/virtme/guest/virtme-init
[    0.063291] Unknown kernel command line parameters "virtme_hostname=virtme-ng nr_open=1048576 virtme_link_mods=/nipa-data/kernel/.virtme_mods/lib/modules/0.0.0 virtme_initmount0=nipa-data/kernel virtme_rw_overlay0=/etc virtme_rw_overlay1=/lib virtme_rw_overlay2=/home virtme_rw_overlay3=/opt virtme_rw_overlay4=/srv virtme_rw_overlay5=/usr virtme_rw_overlay6=/var virtme_console=ttyS0 virtme_chdir=nipa-data/kernel virtme_root_user=1", will be passed to user space.
[    0.066688] random: crng init done
[    0.067067] Dentry cache hash table entries: 131072 (order: 8, 1048576 bytes, linear)
[    0.067695] Inode-cache hash table entries: 65536 (order: 7, 524288 bytes, linear)
[    0.068725] Fallback order for Node 0: 0 
[    0.068730] Built 1 zonelists, mobility grouping on.  Total pages: 262014
[    0.069577] Policy zone: DMA32
[    0.069817] mem auto-init: stack:all(zero), heap alloc:off, heap free:off, mlocked free:off
[    0.070474] stackdepot: allocating hash table via alloc_large_system_hash
[    0.071011] stackdepot hash table entries: 1048576 (order: 12, 16777216 bytes, linear)
[    0.079140] Memory: 781040K/1048056K available (43008K kernel code, 11201K rwdata, 9820K rodata, 5912K init, 2192K bss, 266760K reserved, 0K cma-reserved)
[    0.080399] SLUB: HWalign=64, Order=0-3, MinObjects=0, CPUs=32, Nodes=1
Poking KASLR using RDRAND RDTSC...
[    0.081215] ftrace: allocating 47997 entries in 188 pages
[    0.090042] ftrace: allocated 188 pages with 5 groups
[    0.091313] Dynamic Preempt: voluntary
[    0.092082] rcu: Preemptible hierarchical RCU implementation.
[    0.092531] rcu: RCU event tracing is enabled.
[    0.092884] rcu: RCU restricting CPUs from NR_CPUS=64 to nr_cpu_ids=32.
[    0.093405] Trampoline variant of Tasks RCU enabled.
[    0.093797] Rude variant of Tasks RCU enabled.
[    0.094149] Tracing variant of Tasks RCU enabled.
[    0.094521] rcu: RCU calculated value of scheduler-enlistment delay is 100 jiffies.
[    0.095120] rcu: Adjusting geometry for rcu_fanout_leaf=16, nr_cpu_ids=32
[    0.095715] RCU Tasks: Setting shift to 5 and lim to 1 rcu_task_cb_adjust=1.
[    0.096263] RCU Tasks Rude: Setting shift to 5 and lim to 1 rcu_task_cb_adjust=1.
[    0.096845] RCU Tasks Trace: Setting shift to 5 and lim to 1 rcu_task_cb_adjust=1.
[    0.105829] NR_IRQS: 4352, nr_irqs: 680, preallocated irqs: 16
[    0.106537] rcu: srcu_init: Setting srcu_struct sizes based on contention.
[    0.107329] Console: colour *CGA 80x25
[    0.107665] ACPI: Core revision 20240322
[    0.108126] clocksource: hpet: mask: 0xffffffff max_cycles: 0xffffffff, max_idle_ns: 19112604467 ns
[    0.108898] APIC: Switch to symmetric I/O mode setup
[    0.109302] APIC: Switched APIC routing to: physical flat
[    0.109718] kvm-guest: APIC: send_IPI_mask() replaced with kvm_send_ipi_mask()
[    0.110269] kvm-guest: APIC: send_IPI_mask_allbutself() replaced with kvm_send_ipi_mask_allbutself()
[    0.110986] kvm-guest: setup PV IPIs
[    0.112143] ..TIMER: vector=0x30 apic1=0 pin1=2 apic2=-1 pin2=-1
[    0.112980] tsc: Marking TSC unstable due to TSCs unsynchronized
[    0.113789] Calibrating delay loop (skipped) preset value.. 8983.11 BogoMIPS (lpj=4491556)
[    0.114855] x86/cpu: User Mode Instruction Prevention (UMIP) activated
[    0.115843] Last level iTLB entries: 4KB 512, 2MB 255, 4MB 127
[    0.116626] Last level dTLB entries: 4KB 512, 2MB 255, 4MB 127, 1GB 0
[    0.116792] Spectre V1 : Mitigation: usercopy/swapgs barriers and __user pointer sanitization
[    0.117792] Spectre V2 : Mitigation: Enhanced / Automatic IBRS
[    0.118787] Spectre V2 : Spectre v2 / SpectreRSB mitigation: Filling RSB on context switch
[    0.119789] Spectre V2 : mitigation: Enabling conditional Indirect Branch Prediction Barrier
[    0.120789] Speculative Store Bypass: Mitigation: Speculative Store Bypass disabled via prctl
[    0.122787] Speculative Return Stack Overflow: IBPB-extending microcode not applied!
[    0.123787] Speculative Return Stack Overflow: WARNING: See https://kernel.org/doc/html/latest/admin-guide/hw-vuln/srso.html for mitigation options.
[    0.123788] Speculative Return Stack Overflow: Vulnerable: Safe RET, no microcode
[    0.125804] x86/fpu: Supporting XSAVE feature 0x001: 'x87 floating point registers'
[    0.126787] x86/fpu: Supporting XSAVE feature 0x002: 'SSE registers'
[    0.127624] x86/fpu: Supporting XSAVE feature 0x004: 'AVX registers'
[    0.127787] x86/fpu: Supporting XSAVE feature 0x020: 'AVX-512 opmask'
[    0.128787] x86/fpu: Supporting XSAVE feature 0x040: 'AVX-512 Hi256'
[    0.129787] x86/fpu: Supporting XSAVE feature 0x080: 'AVX-512 ZMM_Hi256'
[    0.130787] x86/fpu: Supporting XSAVE feature 0x200: 'Protection Keys User registers'
[    0.131787] x86/fpu: xstate_offset[2]:  576, xstate_sizes[2]:  256
[    0.132787] x86/fpu: xstate_offset[5]:  832, xstate_sizes[5]:   64
[    0.133787] x86/fpu: xstate_offset[6]:  896, xstate_sizes[6]:  512
[    0.134603] x86/fpu: xstate_offset[7]: 1408, xstate_sizes[7]: 1024
[    0.134787] x86/fpu: xstate_offset[9]: 2432, xstate_sizes[9]:    8
[    0.135787] x86/fpu: Enabled xstate features 0x2e7, context size is 2440 bytes, using 'compacted' format.
[    0.160289] Freeing SMP alternatives memory: 40K
[    0.160788] pid_max: default: 32768 minimum: 301
[    0.161534] Mount-cache hash table entries: 2048 (order: 2, 16384 bytes, linear)
[    0.161789] Mountpoint-cache hash table entries: 2048 (order: 2, 16384 bytes, linear)
[    0.164395] smpboot: CPU0: AMD Ryzen 9 7950X 16-Core Processor (family: 0x19, model: 0x61, stepping: 0x2)
[    0.165274] Performance Events: Fam17h+ core perfctr, AMD PMU driver.
[    0.165792] ... version:                0
[    0.166319] ... bit width:              48
[    0.166789] ... generic registers:      6
[    0.167314] ... value mask:             0000ffffffffffff
[    0.167789] ... max period:             00007fffffffffff
[    0.168488] ... fixed-purpose events:   0
[    0.168789] ... event mask:             000000000000003f
[    0.169612] signal: max sigframe size: 3376
[    0.169836] rcu: Hierarchical SRCU implementation.
[    0.170465] rcu: Max phase no-delay instances is 400.
[    0.175020] smp: Bringing up secondary CPUs ...
[    0.175847] smpboot: x86: Booting SMP configuration:
[    0.176508] .... node  #0, CPUs:        #1  #2  #3  #4  #5  #6  #7  #8  #9 #10 #11 #12 #13 #14 #15 #16 #17 #18 #19 #20 #21 #22 #23 #24 #25 #26 #27 #28 #29 #30 #31
[    0.206950] smp: Brought up 1 node, 32 CPUs
[    0.208345] smpboot: Total of 32 processors activated (287459.58 BogoMIPS)
[    0.220049] devtmpfs: initialized
[    0.220979] x86/mm: Memory block size: 128MB
[    0.228052] clocksource: jiffies: mask: 0xffffffff max_cycles: 0xffffffff, max_idle_ns: 1911260446275000 ns
[    0.228865] futex hash table entries: 8192 (order: 7, 524288 bytes, linear)
[    0.230129] PM: RTC time: 09:27:20, date: 2024-06-15
[    0.231559] NET: Registered PF_NETLINK/PF_ROUTE protocol family
[    0.232730] thermal_sys: Registered thermal governor 'step_wise'
[    0.232733] thermal_sys: Registered thermal governor 'user_space'
[    0.232820] cpuidle: using governor menu
[    0.235328] PCI: Using configuration type 1 for base access
[    0.235790] PCI: Using configuration type 1 for extended access
[    0.236735] kprobes: kprobe jump-optimization is enabled. All kprobes are optimized if possible.
[    0.253945] HugeTLB: registered 1.00 GiB page size, pre-allocated 0 pages
[    0.254789] HugeTLB: 16380 KiB vmemmap can be freed for a 1.00 GiB page
[    0.255695] HugeTLB: registered 2.00 MiB page size, pre-allocated 0 pages
[    0.255789] HugeTLB: 28 KiB vmemmap can be freed for a 2.00 MiB page
[    0.256882] Demotion targets for Node 0: null
[    0.258040] ACPI: Added _OSI(Module Device)
[    0.258608] ACPI: Added _OSI(Processor Device)
[    0.258790] ACPI: Added _OSI(3.0 _SCP Extensions)
[    0.259430] ACPI: Added _OSI(Processor Aggregator Device)
[    0.284497] ACPI: 1 ACPI AML tables successfully acquired and loaded
[    0.286431] ACPI: _OSC evaluation for CPUs failed, trying _PDC
[    0.289154] ACPI: Interpreter enabled
[    0.289723] ACPI: PM: (supports S0 S3 S4 S5)
[    0.289789] ACPI: Using IOAPIC for interrupt routing
[    0.290512] PCI: Using host bridge windows from ACPI; if necessary, use "pci=nocrs" and report a bug
[    0.290789] PCI: Using E820 reservations for host bridge windows
[    0.292742] ACPI: Enabled 2 GPEs in block 00 to 0F
[    0.342856] ACPI: PCI Root Bridge [PCI0] (domain 0000 [bus 00-ff])
[    0.343713] acpi PNP0A03:00: _OSC: OS supports [ExtendedConfig ASPM ClockPM Segments MSI HPX-Type3]
[    0.344313] PCI host bridge to bus 0000:00
[    0.344792] pci_bus 0000:00: root bus resource [io  0x0000-0x0cf7 window]
[    0.345714] pci_bus 0000:00: root bus resource [io  0x0d00-0xffff window]
[    0.345792] pci_bus 0000:00: root bus resource [mem 0x000a0000-0x000bffff window]
[    0.346786] pci_bus 0000:00: root bus resource [mem 0x40000000-0xfebfffff window]
[    0.347790] pci_bus 0000:00: root bus resource [mem 0x100000000-0x17fffffff window]
[    0.348793] pci_bus 0000:00: root bus resource [bus 00-ff]
[    0.349686] pci 0000:00:00.0: [8086:1237] type 00 class 0x060000 conventional PCI endpoint
[    0.350689] pci 0000:00:01.0: [8086:7000] type 00 class 0x060100 conventional PCI endpoint
[    0.351727] pci 0000:00:01.1: [8086:7010] type 00 class 0x010180 conventional PCI endpoint
[    0.354039] pci 0000:00:01.1: BAR 4 [io  0xc0c0-0xc0cf]
[    0.355542] pci 0000:00:01.1: BAR 0 [io  0x01f0-0x01f7]: legacy IDE quirk
[    0.355790] pci 0000:00:01.1: BAR 1 [io  0x03f6]: legacy IDE quirk
[    0.356601] pci 0000:00:01.1: BAR 2 [io  0x0170-0x0177]: legacy IDE quirk
[    0.356789] pci 0000:00:01.1: BAR 3 [io  0x0376]: legacy IDE quirk
[    0.358327] pci 0000:00:01.3: [8086:7113] type 00 class 0x068000 conventional PCI endpoint
[    0.359063] pci 0000:00:01.3: quirk: [io  0x0600-0x063f] claimed by PIIX4 ACPI
[    0.359794] pci 0000:00:01.3: quirk: [io  0x0700-0x070f] claimed by PIIX4 SMB
[    0.361502] pci 0000:00:02.0: [1af4:1009] type 00 class 0x000200 conventional PCI endpoint
[    0.362790] pci 0000:00:02.0: BAR 0 [io  0xc000-0xc03f]
[    0.364453] pci 0000:00:02.0: BAR 1 [mem 0xfebfc000-0xfebfcfff]
[    0.368264] pci 0000:00:02.0: BAR 4 [mem 0xfebf0000-0xfebf3fff 64bit pref]
[    0.381835] pci 0000:00:03.0: [1af4:1009] type 00 class 0x000200 conventional PCI endpoint
[    0.383790] pci 0000:00:03.0: BAR 0 [io  0xc040-0xc07f]
[    0.385462] pci 0000:00:03.0: BAR 1 [mem 0xfebfd000-0xfebfdfff]
[    0.389488] pci 0000:00:03.0: BAR 4 [mem 0xfebf4000-0xfebf7fff 64bit pref]
[    0.402893] pci 0000:00:04.0: [8086:25ab] type 00 class 0x088000 conventional PCI endpoint
[    0.404194] pci 0000:00:04.0: BAR 0 [mem 0xfebfe000-0xfebfe00f]
[    0.419503] pci 0000:00:05.0: [1af4:1003] type 00 class 0x078000 conventional PCI endpoint
[    0.420790] pci 0000:00:05.0: BAR 0 [io  0xc080-0xc0bf]
[    0.422484] pci 0000:00:05.0: BAR 1 [mem 0xfebff000-0xfebfffff]
[    0.426456] pci 0000:00:05.0: BAR 4 [mem 0xfebf8000-0xfebfbfff 64bit pref]
[    0.442487] ACPI: PCI: Interrupt link LNKA configured for IRQ 10
[    0.443760] ACPI: PCI: Interrupt link LNKB configured for IRQ 10
[    0.444739] ACPI: PCI: Interrupt link LNKC configured for IRQ 11
[    0.445734] ACPI: PCI: Interrupt link LNKD configured for IRQ 11
[    0.446191] ACPI: PCI: Interrupt link LNKS configured for IRQ 9
[    0.465905] iommu: Default domain type: Translated
[    0.466540] iommu: DMA domain TLB invalidation policy: lazy mode
[    0.467269] SCSI subsystem initialized
[    0.468028] pps_core: LinuxPPS API ver. 1 registered
[    0.468790] pps_core: Software ver. 5.3.6 - Copyright 2005-2007 Rodolfo Giometti <giometti@linux.it>
[    0.469803] PTP clock support registered
[    0.470413] Advanced Linux Sound Architecture Driver Initialized.
[    0.471962] NET: Registered PF_ATMPVC protocol family
[    0.472645] NET: Registered PF_ATMSVC protocol family
[    0.472814] PCI: Using ACPI for IRQ routing
[    0.473515] vgaarb: loaded
[    0.473917] hpet0: at MMIO 0xfed00000, IRQs 2, 8, 0
[    0.474580] hpet0: 3 comparators, 64-bit 100.000000 MHz counter
[    0.479209] clocksource: Switched to clocksource kvm-clock
[    0.480278] VFS: Disk quotas dquot_6.6.0
[    0.481074] VFS: Dquot-cache hash table entries: 512 (order 0, 4096 bytes)
[    0.482868] pnp: PnP ACPI init
[    0.485828] pnp: PnP ACPI: found 5 devices
[    0.498878] clocksource: acpi_pm: mask: 0xffffff max_cycles: 0xffffff, max_idle_ns: 2085701024 ns
[    0.500134] NET: Registered PF_INET protocol family
[    0.500925] IP idents hash table entries: 16384 (order: 5, 131072 bytes, linear)
[    0.502332] tcp_listen_portaddr_hash hash table entries: 512 (order: 1, 8192 bytes, linear)
[    0.503464] Table-perturb hash table entries: 65536 (order: 6, 262144 bytes, linear)
[    0.504517] TCP established hash table entries: 8192 (order: 4, 65536 bytes, linear)
[    0.505569] TCP bind hash table entries: 8192 (order: 6, 262144 bytes, linear)
[    0.506545] TCP: Hash tables configured (established 8192 bind 8192)
[    0.507565] UDP hash table entries: 512 (order: 2, 16384 bytes, linear)
[    0.508455] UDP-Lite hash table entries: 512 (order: 2, 16384 bytes, linear)
[    0.509622] NET: Registered PF_UNIX/PF_LOCAL protocol family
[    0.510402] pci_bus 0000:00: resource 4 [io  0x0000-0x0cf7 window]
[    0.511230] pci_bus 0000:00: resource 5 [io  0x0d00-0xffff window]
[    0.512052] pci_bus 0000:00: resource 6 [mem 0x000a0000-0x000bffff window]
[    0.512967] pci_bus 0000:00: resource 7 [mem 0x40000000-0xfebfffff window]
[    0.513886] pci_bus 0000:00: resource 8 [mem 0x100000000-0x17fffffff window]
[    0.515042] pci 0000:00:01.0: PIIX3: Enabling Passive Release
[    0.515817] pci 0000:00:00.0: Limiting direct PCI/PCI transfers
[    0.516643] PCI: CLS 0 bytes, default 64
[    0.517250] kvm_intel: VMX not supported by CPU 0
[    0.517919] kvm_amd: TSC scaling supported
[    0.518463] kvm_amd: Nested Virtualization enabled
[    0.519103] kvm_amd: Nested Paging enabled
[    0.519648] kvm_amd: LBR virtualization supported
[    0.520293] kvm_amd: Virtual VMLOAD VMSAVE supported
[    0.520955] kvm_amd: Virtual GIF supported
[    0.521504] kvm_amd: Virtual NMI enabled
[    0.628443] Initialise system trusted keyrings
[    0.629429] workingset: timestamp_bits=56 max_order=18 bucket_order=0
[    0.630740] squashfs: version 4.0 (2009/01/31) Phillip Lougher
[    0.631793] fuse: init (API version 7.40)
[    0.632692] 9p: Installing v9fs 9p2000 file system support
[    0.647827] Key type asymmetric registered
[    0.648417] Asymmetric key parser 'x509' registered
[    0.649171] Block layer SCSI generic (bsg) driver version 0.4 loaded (major 249)
[    0.650229] io scheduler mq-deadline registered
[    0.650866] io scheduler kyber registered
[    0.652921] input: Power Button as /devices/LNXSYSTM:00/LNXPWRBN:00/input/input0
[    0.654505] ACPI: button: Power Button [PWRF]
[    0.655456] Warning: Processor Platform Limit event detected, but not handled.
[    0.656711] Consider compiling CPUfreq support into your kernel.
[    1.590233] ACPI: \_SB_.LNKB: Enabled at IRQ 10
[    2.513473] ACPI: \_SB_.LNKC: Enabled at IRQ 11
[    3.475239] ACPI: \_SB_.LNKA: Enabled at IRQ 10
[    3.476886] Serial: 8250/16550 driver, 4 ports, IRQ sharing enabled
[    3.478130] 00:03: ttyS0 at I/O 0x3f8 (irq = 4, base_baud = 115200) is a 16550A
[    3.520338] Non-volatile memory driver v1.3
[    3.521090] Linux agpgart interface v0.103
[    3.521826] printk: legacy console [hvc0] enabled
[    3.522071] ACPI: bus type drm_connector registered
          _      _                                    
   __   _(_)_ __| |_ _ __ ___   ___       _ __   __ _ 
   \ \ / / |  __| __|  _   _ \ / _ \_____|  _ \ / _  |
    \ V /| | |  | |_| | | | | |  __/_____| | | | (_| |
     \_/ |_|_|   \__|_| |_| |_|\___|     |_| |_|\__  |
                                                |___/ 
   kernel version: 6.10.0-rc3-virtme x86_64
   (CTRL+d to exit)

virtme-ng:/nipa-data/kernel# PS1='xx__-> '
xx__-> env
PWD=/nipa-data/kernel
nr_open=1048576
HOME=/root
TERM=xterm
SHLVL=2
XDG_RUNTIME_DIR=/run/user/0
PATH=/bin:/sbin:/usr/bin:/usr/sbin:/usr/local/bin
OLDPWD=/
_=/usr/bin/env
xx__-> 