No EFI environment detected.
early console in extract_kernel
input_data: 0x0000000004c882c4
input_len: 0x00000000019726fb
output: 0x0000000001000000
output_len: 0x00000000055844cc
kernel_total_size: 0x0000000005230000
needed_size: 0x0000000005600000
trampoline_32bit: 0x0000000000000000
Physical KASLR using RDRAND RDTSC...
Virtual KASLR using RDRAND RDTSC...

Decompressing Linux... Parsing ELF... Performing relocations... done.
Booting the kernel (entry_offset: 0x0000000002bbb030).
[    0.000000] Linux version 6.14.0-virtme (root@1e4afcce7b70) (gcc (Ubuntu 13.3.0-6ubuntu2~24.04) 13.3.0, GNU ld (GNU Binutils for Ubuntu) 2.42) #1 SMP PREEMPT_DYNAMIC Wed Apr  2 18:26:57 UTC 2025
[    0.000000] Command line: virtme_hostname=virtme-ng nr_open=1048576 virtme_link_mods=/nipa-data/kernel/.virtme_mods/lib/modules/0.0.0 virtme_initmount0=nipa-data/kernel virtme_rw_overlay0=/etc virtme_rw_overlay1=/lib virtme_rw_overlay2=/home virtme_rw_overlay3=/opt virtme_rw_overlay4=/srv virtme_rw_overlay5=/usr virtme_rw_overlay6=/var console=hvc0 earlyprintk=serial,ttyS0,115200 virtme_console=ttyS0 psmouse.proto=exps TERM=xterm virtme_chdir=nipa-data/kernel virtme_root_user=1 rootfstype=9p rootflags=version=9p2000.L,trans=virtio,access=any raid=noautodetect ro init=/usr/lib/python3/dist-packages/virtme/guest/virtme-init
[    0.000000] BIOS-provided physical RAM map:
[    0.000000] BIOS-e820: [mem 0x0000000000000000-0x000000000009fbff] usable
[    0.000000] BIOS-e820: [mem 0x000000000009fc00-0x000000000009ffff] reserved
[    0.000000] BIOS-e820: [mem 0x00000000000f0000-0x00000000000fffff] reserved
[    0.000000] BIOS-e820: [mem 0x0000000000100000-0x000000003ffdffff] usable
[    0.000000] BIOS-e820: [mem 0x000000003ffe0000-0x000000003fffffff] reserved
[    0.000000] BIOS-e820: [mem 0x00000000feffc000-0x00000000feffffff] reserved
[    0.000000] BIOS-e820: [mem 0x00000000fffc0000-0x00000000ffffffff] reserved
[    0.000000] BIOS-e820: [mem 0x000000fd00000000-0x000000ffffffffff] reserved
[    0.000000] printk: legacy bootconsole [earlyser0] enabled
[    0.000000] NX (Execute Disable) protection: active
[    0.000000] APIC: Static calls initialized
[    0.000000] SMBIOS 3.0.0 present.
[    0.000000] DMI: QEMU Ubuntu 24.04 PC (i440FX + PIIX, 1996), BIOS 1.16.3-debian-1.16.3-2 04/01/2014
[    0.000000] DMI: Memory slots populated: 1/1
[    0.000000] Hypervisor detected: KVM
[    0.000000] kvm-clock: Using msrs 4b564d01 and 4b564d00
[    0.000000] kvm-clock: using sched offset of 329344818 cycles
[    0.000352] clocksource: kvm-clock: mask: 0xffffffffffffffff max_cycles: 0x1cd42e4dffb, max_idle_ns: 881590591483 ns
[    0.001447] tsc: Detected 4491.560 MHz processor
[    0.002085] last_pfn = 0x3ffe0 max_arch_pfn = 0x400000000
[    0.002470] MTRR map: 4 entries (3 fixed + 1 variable; max 19), built from 8 variable MTRRs
[    0.003032] x86/PAT: Configuration [0-7]: WB  WC  UC- UC  WB  WP  UC- WT  
[    0.004883] found SMP MP-table at [mem 0x000f5470-0x000f547f]
[    0.005276] Using GB pages for direct mapping
[    0.005714] ACPI: Early table checksum verification disabled
[    0.006096] ACPI: RSDP 0x00000000000F5290 000014 (v00 BOCHS )
[    0.006484] ACPI: RSDT 0x000000003FFE27BC 000034 (v01 BOCHS  BXPC     00000001 BXPC 00000001)
[    0.007061] ACPI: FACP 0x000000003FFE2578 000074 (v01 BOCHS  BXPC     00000001 BXPC 00000001)
[    0.007639] ACPI: DSDT 0x000000003FFE0040 002538 (v01 BOCHS  BXPC     00000001 BXPC 00000001)
[    0.008212] ACPI: FACS 0x000000003FFE0000 000040
[    0.008534] ACPI: APIC 0x000000003FFE25EC 000170 (v03 BOCHS  BXPC     00000001 BXPC 00000001)
[    0.009105] ACPI: HPET 0x000000003FFE275C 000038 (v01 BOCHS  BXPC     00000001 BXPC 00000001)
[    0.009677] ACPI: WAET 0x000000003FFE2794 000028 (v01 BOCHS  BXPC     00000001 BXPC 00000001)
[    0.010248] ACPI: Reserving FACP table memory at [mem 0x3ffe2578-0x3ffe25eb]
[    0.010720] ACPI: Reserving DSDT table memory at [mem 0x3ffe0040-0x3ffe2577]
[    0.011190] ACPI: Reserving FACS table memory at [mem 0x3ffe0000-0x3ffe003f]
[    0.011660] ACPI: Reserving APIC table memory at [mem 0x3ffe25ec-0x3ffe275b]
[    0.012130] ACPI: Reserving HPET table memory at [mem 0x3ffe275c-0x3ffe2793]
[    0.012601] ACPI: Reserving WAET table memory at [mem 0x3ffe2794-0x3ffe27bb]
[    0.013254] No NUMA configuration found
[    0.013511] Faking a node at [mem 0x0000000000000000-0x000000003ffdffff]
[    0.013961] NODE_DATA(0) allocated [mem 0x3ffdb600-0x3ffdffff]
[    0.014367] Zone ranges:
[    0.014538]   DMA      [mem 0x0000000000001000-0x0000000000ffffff]
[    0.014952]   DMA32    [mem 0x0000000001000000-0x000000003ffdffff]
[    0.015366]   Normal   empty
[    0.015561]   Device   empty
[    0.015754] Movable zone start for each node
[    0.016041] Early memory node ranges
[    0.016280]   node   0: [mem 0x0000000000001000-0x000000000009efff]
[    0.016703]   node   0: [mem 0x0000000000100000-0x000000003ffdffff]
[    0.017122] Initmem setup node 0 [mem 0x0000000000001000-0x000000003ffdffff]
[    0.017598] On node 0, zone DMA: 1 pages in unavailable ranges
[    0.018040] On node 0, zone DMA: 97 pages in unavailable ranges
[    0.022284] On node 0, zone DMA32: 32 pages in unavailable ranges
[    0.031213] kasan: KernelAddressSanitizer initialized
[    0.031769] ACPI: PM-Timer IO Port: 0x608
[    0.032051] ACPI: LAPIC_NMI (acpi_id[0xff] dfl dfl lint[0x1])
[    0.032462] IOAPIC[0]: apic_id 0, version 17, address 0xfec00000, GSI 0-23
[    0.032935] ACPI: INT_SRC_OVR (bus 0 bus_irq 0 global_irq 2 dfl dfl)
[    0.033360] ACPI: INT_SRC_OVR (bus 0 bus_irq 5 global_irq 5 high level)
[    0.033802] ACPI: INT_SRC_OVR (bus 0 bus_irq 9 global_irq 9 high level)
[    0.034244] ACPI: INT_SRC_OVR (bus 0 bus_irq 10 global_irq 10 high level)
[    0.034697] ACPI: INT_SRC_OVR (bus 0 bus_irq 11 global_irq 11 high level)
[    0.035153] ACPI: Using ACPI (MADT) for SMP configuration information
[    0.035585] ACPI: HPET id: 0x8086a201 base: 0xfed00000
[    0.035931] TSC deadline timer available
[    0.036196] CPU topo: Max. logical packages:   1
[    0.036508] CPU topo: Max. logical dies:       1
[    0.036822] CPU topo: Max. dies per package:   1
[    0.037133] CPU topo: Max. threads per core:   1
[    0.037448] CPU topo: Num. cores per package:    32
[    0.037773] CPU topo: Num. threads per package:  32
[    0.038098] CPU topo: Allowing 32 present CPUs plus 0 hotplug CPUs
[    0.038526] kvm-guest: APIC: eoi() replaced with kvm_guest_apic_eoi_write()
[    0.039003] kvm-guest: KVM setup pv remote TLB flush
[    0.039337] kvm-guest: setup PV sched yield
[    0.039623] PM: hibernation: Registered nosave memory: [mem 0x00000000-0x00000fff]
[    0.040128] PM: hibernation: Registered nosave memory: [mem 0x0009f000-0x0009ffff]
[    0.040636] PM: hibernation: Registered nosave memory: [mem 0x000a0000-0x000effff]
[    0.041142] PM: hibernation: Registered nosave memory: [mem 0x000f0000-0x000fffff]
[    0.041649] [mem 0x40000000-0xfeffbfff] available for PCI devices
[    0.042057] Booting paravirtualized kernel on KVM
[    0.042372] clocksource: refined-jiffies: mask: 0xffffffff max_cycles: 0xffffffff, max_idle_ns: 1910969940391419 ns
[    0.050709] setup_percpu: NR_CPUS:64 nr_cpumask_bits:32 nr_cpu_ids:32 nr_node_ids:1
[    0.052423] percpu: Embedded 65 pages/cpu s228056 r8192 d29992 u524288
[    0.052933] Kernel command line: virtme_hostname=virtme-ng nr_open=1048576 virtme_link_mods=/nipa-data/kernel/.virtme_mods/lib/modules/0.0.0 virtme_initmount0=nipa-data/kernel virtme_rw_overlay0=/etc virtme_rw_overlay1=/lib virtme_rw_overlay2=/home virtme_rw_overlay3=/opt virtme_rw_overlay4=/srv virtme_rw_overlay5=/usr virtme_rw_overlay6=/var console=hvc0 earlyprintk=serial,ttyS0,115200 virtme_console=ttyS0 psmouse.proto=exps TERM=xterm virtme_chdir=nipa-data/kernel virtme_root_user=1 rootfstype=9p rootflags=version=9p2000.L,trans=virtio,access=any raid=noautodetect ro init=/usr/lib/python3/dist-packages/virtme/guest/virtme-init
[    0.056903] Unknown kernel command line parameters "virtme_hostname=virtme-ng nr_open=1048576 virtme_link_mods=/nipa-data/kernel/.virtme_mods/lib/modules/0.0.0 virtme_initmount0=nipa-data/kernel virtme_rw_overlay0=/etc virtme_rw_overlay1=/lib virtme_rw_overlay2=/home virtme_rw_overlay3=/opt virtme_rw_overlay4=/srv virtme_rw_overlay5=/usr virtme_rw_overlay6=/var virtme_console=ttyS0 virtme_chdir=nipa-data/kernel virtme_root_user=1", will be passed to user space.
[    0.059907] random: crng init done
[    0.060141] printk: log buffer data + meta data: 262144 + 917504 = 1179648 bytes
[    0.060675] Dentry cache hash table entries: 131072 (order: 8, 1048576 bytes, linear)
[    0.061224] Inode-cache hash table entries: 65536 (order: 7, 524288 bytes, linear)
[    0.062131] Fallback order for Node 0: 0 
[    0.062134] Built 1 zonelists, mobility grouping on.  Total pages: 262014
[    0.062876] Policy zone: DMA32
[    0.063087] mem auto-init: stack:all(zero), heap alloc:off, heap free:off
[    0.063558] stackdepot: allocating hash table via alloc_large_system_hash
[    0.064028] stackdepot hash table entries: 1048576 (order: 12, 16777216 bytes, linear)
[    0.071895] SLUB: HWalign=64, Order=0-3, MinObjects=0, CPUs=32, Nodes=1
Poking KASLR using RDRAND RDTSC...
[    0.080935] ftrace: allocating 48898 entries in 192 pages
[    0.081307] ftrace: allocated 192 pages with 2 groups
[    0.082503] Dynamic Preempt: voluntary
[    0.083211] rcu: Preemptible hierarchical RCU implementation.
[    0.083606] rcu: RCU event tracing is enabled.
[    0.083916] rcu: RCU restricting CPUs from NR_CPUS=64 to nr_cpu_ids=32.
[    0.084376] Trampoline variant of Tasks RCU enabled.
[    0.084724] Rude variant of Tasks RCU enabled.
[    0.085033] Tracing variant of Tasks RCU enabled.
[    0.085361] rcu: RCU calculated value of scheduler-enlistment delay is 100 jiffies.
[    0.085886] rcu: Adjusting geometry for rcu_fanout_leaf=16, nr_cpu_ids=32
[    0.086416] RCU Tasks: Setting shift to 5 and lim to 1 rcu_task_cb_adjust=1 rcu_task_cpu_ids=32.
[    0.087020] RCU Tasks Rude: Setting shift to 5 and lim to 1 rcu_task_cb_adjust=1 rcu_task_cpu_ids=32.
[    0.087653] RCU Tasks Trace: Setting shift to 5 and lim to 1 rcu_task_cb_adjust=1 rcu_task_cpu_ids=32.
[    0.097377] NR_IRQS: 4352, nr_irqs: 680, preallocated irqs: 16
[    0.098026] rcu: srcu_init: Setting srcu_struct sizes based on contention.
[    0.098882] Console: colour *CGA 80x25
[    0.099171] ACPI: Core revision 20240827
[    0.099594] clocksource: hpet: mask: 0xffffffff max_cycles: 0xffffffff, max_idle_ns: 19112604467 ns
[    0.100279] APIC: Switch to symmetric I/O mode setup
[    0.100817] x2apic enabled
[    0.101193] APIC: Switched APIC routing to: physical x2apic
[    0.101588] kvm-guest: APIC: send_IPI_mask() replaced with kvm_send_ipi_mask()
[    0.102095] kvm-guest: APIC: send_IPI_mask_allbutself() replaced with kvm_send_ipi_mask_allbutself()
[    0.102715] kvm-guest: setup PV IPIs
[    0.103758] ..TIMER: vector=0x30 apic1=0 pin1=2 apic2=-1 pin2=-1
[    0.104508] clocksource: tsc-early: mask: 0xffffffffffffffff max_cycles: 0x40be4320a4d, max_idle_ns: 440795288133 ns
[    0.105797] Calibrating delay loop (skipped) preset value.. 8983.12 BogoMIPS (lpj=4491560)
[    0.106859] x86/cpu: User Mode Instruction Prevention (UMIP) activated
[    0.107851] Last level iTLB entries: 4KB 512, 2MB 255, 4MB 127
[    0.108795] Last level dTLB entries: 4KB 512, 2MB 255, 4MB 127, 1GB 0
[    0.109574] Spectre V1 : Mitigation: usercopy/swapgs barriers and __user pointer sanitization
[    0.109799] Spectre V2 : Mitigation: Enhanced / Automatic IBRS
[    0.110795] Spectre V2 : Spectre v2 / SpectreRSB mitigation: Filling RSB on context switch
[    0.111798] Spectre V2 : mitigation: Enabling conditional Indirect Branch Prediction Barrier
[    0.112797] Speculative Store Bypass: Mitigation: Speculative Store Bypass disabled via prctl
[    0.113795] Speculative Return Stack Overflow: IBPB-extending microcode not applied!
[    0.114795] Speculative Return Stack Overflow: WARNING: See https://kernel.org/doc/html/latest/admin-guide/hw-vuln/srso.html for mitigation options.
[    0.114797] Speculative Return Stack Overflow: Vulnerable: Safe RET, no microcode
[    0.116809] x86/fpu: Supporting XSAVE feature 0x001: 'x87 floating point registers'
[    0.117795] x86/fpu: Supporting XSAVE feature 0x002: 'SSE registers'
[    0.118538] x86/fpu: Supporting XSAVE feature 0x004: 'AVX registers'
[    0.118795] x86/fpu: Supporting XSAVE feature 0x020: 'AVX-512 opmask'
[    0.119795] x86/fpu: Supporting XSAVE feature 0x040: 'AVX-512 Hi256'
[    0.120795] x86/fpu: Supporting XSAVE feature 0x080: 'AVX-512 ZMM_Hi256'
[    0.121579] x86/fpu: Supporting XSAVE feature 0x200: 'Protection Keys User registers'
[    0.121795] x86/fpu: xstate_offset[2]:  576, xstate_sizes[2]:  256
[    0.122795] x86/fpu: xstate_offset[5]:  832, xstate_sizes[5]:   64
[    0.123795] x86/fpu: xstate_offset[6]:  896, xstate_sizes[6]:  512
[    0.124795] x86/fpu: xstate_offset[7]: 1408, xstate_sizes[7]: 1024
[    0.125517] x86/fpu: xstate_offset[9]: 2432, xstate_sizes[9]:    8
[    0.125795] x86/fpu: Enabled xstate features 0x2e7, context size is 2440 bytes, using 'compacted' format.
[    0.147334] Freeing SMP alternatives memory: 40K
[    0.147797] pid_max: default: 32768 minimum: 301
[    0.148460] Mount-cache hash table entries: 2048 (order: 2, 16384 bytes, linear)
[    0.148797] Mountpoint-cache hash table entries: 2048 (order: 2, 16384 bytes, linear)
[    0.151009] smpboot: CPU0: AMD Ryzen 9 7950X 16-Core Processor (family: 0x19, model: 0x61, stepping: 0x2)
[    0.152230] Performance Events: Fam17h+ core perfctr, AMD PMU driver.
[    0.152799] ... version:                0
[    0.153269] ... bit width:              48
[    0.153750] ... generic registers:      6
[    0.153797] ... value mask:             0000ffffffffffff
[    0.154419] ... max period:             00007fffffffffff
[    0.154797] ... fixed-purpose events:   0
[    0.155269] ... event mask:             000000000000003f
[    0.155942] signal: max sigframe size: 3376
[    0.156476] rcu: Hierarchical SRCU implementation.
[    0.156797] rcu: Max phase no-delay instances is 400.
[    0.157484] Timer migration: 2 hierarchy levels; 8 children per group; 2 crossnode level
[    0.161520] smp: Bringing up secondary CPUs ...
[    0.161979] smpboot: x86: Booting SMP configuration:
[    0.162563] .... node  #0, CPUs:        #1  #2  #3  #4  #5  #6  #7  #8  #9 #10 #11 #12 #13 #14 #15 #16 #17 #18 #19 #20 #21 #22 #23 #24 #25 #26 #27 #28 #29 #30 #31
[    0.193892] smp: Brought up 1 node, 32 CPUs
[    0.195304] smpboot: Total of 32 processors activated (287459.84 BogoMIPS)
[    0.199007] Memory: 761332K/1048056K available (44781K kernel code, 11588K rwdata, 10264K rodata, 6148K init, 1336K bss, 270688K reserved, 0K cma-reserved)
[    0.199919] devtmpfs: initialized
[    0.200801] x86/mm: Memory block size: 128MB
[    0.207322] clocksource: jiffies: mask: 0xffffffff max_cycles: 0xffffffff, max_idle_ns: 1911260446275000 ns
[    0.207801] posixtimers hash table entries: 16384 (order: 6, 262144 bytes, linear)
[    0.208727] futex hash table entries: 8192 (order: 7, 524288 bytes, linear)
[    0.209165] PM: RTC time: 18:27:25, date: 2025-04-02
[    0.210572] NET: Registered PF_NETLINK/PF_ROUTE protocol family
[    0.211670] thermal_sys: Registered thermal governor 'step_wise'
[    0.211700] cpuidle: using governor menu
[    0.213533] PCI: Using configuration type 1 for base access
[    0.213798] PCI: Using configuration type 1 for extended access
[    0.214656] kprobes: kprobe jump-optimization is enabled. All kprobes are optimized if possible.
[    0.229040] HugeTLB: allocation took 0ms with hugepage_allocation_threads=8
[    0.229829] HugeTLB: registered 1.00 GiB page size, pre-allocated 0 pages
[    0.230667] HugeTLB: 16380 KiB vmemmap can be freed for a 1.00 GiB page
[    0.231798] HugeTLB: registered 2.00 MiB page size, pre-allocated 0 pages
[    0.232647] HugeTLB: 28 KiB vmemmap can be freed for a 2.00 MiB page
[    0.234185] ACPI: Added _OSI(Module Device)
[    0.234798] ACPI: Added _OSI(Processor Device)
[    0.235351] ACPI: Added _OSI(3.0 _SCP Extensions)
[    0.235797] ACPI: Added _OSI(Processor Aggregator Device)
[    0.261635] ACPI: 1 ACPI AML tables successfully acquired and loaded
[    0.266823] ACPI: Interpreter enabled
[    0.267348] ACPI: PM: (supports S0 S3 S4 S5)
[    0.267798] ACPI: Using IOAPIC for interrupt routing
[    0.268468] PCI: Using host bridge windows from ACPI; if necessary, use "pci=nocrs" and report a bug
[    0.268797] PCI: Using E820 reservations for host bridge windows
[    0.270672] ACPI: Enabled 2 GPEs in block 00 to 0F
[    0.322385] ACPI: PCI Root Bridge [PCI0] (domain 0000 [bus 00-ff])
[    0.322813] acpi PNP0A03:00: _OSC: OS supports [ExtendedConfig ASPM ClockPM Segments MSI HPX-Type3]
[    0.324324] PCI host bridge to bus 0000:00
[    0.324855] pci_bus 0000:00: root bus resource [io  0x0000-0x0cf7 window]
[    0.325698] pci_bus 0000:00: root bus resource [io  0x0d00-0xffff window]
[    0.326800] pci_bus 0000:00: root bus resource [mem 0x000a0000-0x000bffff window]
[    0.327727] pci_bus 0000:00: root bus resource [mem 0x40000000-0xfebfffff window]
[    0.328800] pci_bus 0000:00: root bus resource [mem 0x100000000-0x17fffffff window]
[    0.329751] pci_bus 0000:00: root bus resource [bus 00-ff]
[    0.330893] pci 0000:00:00.0: [8086:1237] type 00 class 0x060000 conventional PCI endpoint
[    0.332735] pci 0000:00:01.0: [8086:7000] type 00 class 0x060100 conventional PCI endpoint
[    0.334713] pci 0000:00:01.1: [8086:7010] type 00 class 0x010180 conventional PCI endpoint
[    0.336228] pci 0000:00:01.1: BAR 4 [io  0xc0c0-0xc0cf]
[    0.336819] pci 0000:00:01.1: BAR 0 [io  0x01f0-0x01f7]: legacy IDE quirk
[    0.337660] pci 0000:00:01.1: BAR 1 [io  0x03f6]: legacy IDE quirk
[    0.337797] pci 0000:00:01.1: BAR 2 [io  0x0170-0x0177]: legacy IDE quirk
[    0.338637] pci 0000:00:01.1: BAR 3 [io  0x0376]: legacy IDE quirk
[    0.340526] pci 0000:00:01.3: [8086:7113] type 00 class 0x068000 conventional PCI endpoint
[    0.342017] pci 0000:00:01.3: quirk: [io  0x0600-0x063f] claimed by PIIX4 ACPI
[    0.342801] pci 0000:00:01.3: quirk: [io  0x0700-0x070f] claimed by PIIX4 SMB
[    0.344469] pci 0000:00:02.0: [1af4:1009] type 00 class 0x000200 conventional PCI endpoint
[    0.346802] pci 0000:00:02.0: BAR 0 [io  0xc000-0xc03f]
[    0.347458] pci 0000:00:02.0: BAR 1 [mem 0xfebfc000-0xfebfcfff]
[    0.347812] pci 0000:00:02.0: BAR 4 [mem 0xfebf0000-0xfebf3fff 64bit pref]
[    0.360947] pci 0000:00:03.0: [1af4:1009] type 00 class 0x000200 conventional PCI endpoint
[    0.362802] pci 0000:00:03.0: BAR 0 [io  0xc040-0xc07f]
[    0.363462] pci 0000:00:03.0: BAR 1 [mem 0xfebfd000-0xfebfdfff]
[    0.364812] pci 0000:00:03.0: BAR 4 [mem 0xfebf4000-0xfebf7fff 64bit pref]
[    0.377872] pci 0000:00:04.0: [8086:25ab] type 00 class 0x088000 conventional PCI endpoint
[    0.379147] pci 0000:00:04.0: BAR 0 [mem 0xfebfe000-0xfebfe00f]
[    0.391867] pci 0000:00:05.0: [1af4:1003] type 00 class 0x078000 conventional PCI endpoint
[    0.393536] pci 0000:00:05.0: BAR 0 [io  0xc080-0xc0bf]
[    0.393802] pci 0000:00:05.0: BAR 1 [mem 0xfebff000-0xfebfffff]
[    0.394550] pci 0000:00:05.0: BAR 4 [mem 0xfebf8000-0xfebfbfff 64bit pref]
[    0.410485] ACPI: PCI: Interrupt link LNKA configured for IRQ 10
[    0.411800] ACPI: PCI: Interrupt link LNKB configured for IRQ 10
[    0.413535] ACPI: PCI: Interrupt link LNKC configured for IRQ 11
[    0.415776] ACPI: PCI: Interrupt link LNKD configured for IRQ 11
[    0.417205] ACPI: PCI: Interrupt link LNKS configured for IRQ 9
[    0.437447] iommu: Default domain type: Translated
[    0.437798] iommu: DMA domain TLB invalidation policy: lazy mode
[    0.439050] SCSI subsystem initialized
[    0.439865] pps_core: LinuxPPS API ver. 1 registered
[    0.440492] pps_core: Software ver. 5.3.6 - Copyright 2005-2007 Rodolfo Giometti <giometti@linux.it>
[    0.441813] PTP clock support registered
[    0.442918] Advanced Linux Sound Architecture Driver Initialized.
[    0.444983] NET: Registered PF_ATMPVC protocol family
[    0.445617] NET: Registered PF_ATMSVC protocol family
[    0.445837] PCI: Using ACPI for IRQ routing
[    0.446833] vgaarb: loaded
[    0.446923] hpet0: at MMIO 0xfed00000, IRQs 2, 8, 0
[    0.447539] hpet0: 3 comparators, 64-bit 100.000000 MHz counter
[    0.452939] clocksource: Switched to clocksource kvm-clock
[    0.454036] VFS: Disk quotas dquot_6.6.0
[    0.454542] VFS: Dquot-cache hash table entries: 512 (order 0, 4096 bytes)
[    0.456187] pnp: PnP ACPI init
[    0.459113] pnp: PnP ACPI: found 5 devices
[    0.470951] clocksource: acpi_pm: mask: 0xffffff max_cycles: 0xffffff, max_idle_ns: 2085701024 ns
[    0.472115] NET: Registered PF_INET protocol family
[    0.472857] IP idents hash table entries: 16384 (order: 5, 131072 bytes, linear)
[    0.474169] tcp_listen_portaddr_hash hash table entries: 512 (order: 1, 8192 bytes, linear)
[    0.475215] Table-perturb hash table entries: 65536 (order: 6, 262144 bytes, linear)
[    0.476191] TCP established hash table entries: 8192 (order: 4, 65536 bytes, linear)
[    0.477160] TCP bind hash table entries: 8192 (order: 6, 262144 bytes, linear)
[    0.478061] TCP: Hash tables configured (established 8192 bind 8192)
[    0.479016] UDP hash table entries: 512 (order: 3, 32768 bytes, linear)
[    0.479867] UDP-Lite hash table entries: 512 (order: 3, 32768 bytes, linear)
[    0.480973] NET: Registered PF_UNIX/PF_LOCAL protocol family
[    0.481697] pci_bus 0000:00: resource 4 [io  0x0000-0x0cf7 window]
[    0.482462] pci_bus 0000:00: resource 5 [io  0x0d00-0xffff window]
[    0.483223] pci_bus 0000:00: resource 6 [mem 0x000a0000-0x000bffff window]
[    0.484071] pci_bus 0000:00: resource 7 [mem 0x40000000-0xfebfffff window]
[    0.484923] pci_bus 0000:00: resource 8 [mem 0x100000000-0x17fffffff window]
[    0.486002] pci 0000:00:01.0: PIIX3: Enabling Passive Release
[    0.486718] pci 0000:00:00.0: Limiting direct PCI/PCI transfers
[    0.487486] PCI: CLS 0 bytes, default 64
[    0.488086] kvm_intel: VMX not supported by CPU 26
[    0.488839] kvm_amd: TSC scaling supported
[    0.489355] kvm_amd: Nested Virtualization enabled
[    0.489945] kvm_amd: Nested Paging enabled
[    0.490457] kvm_amd: LBR virtualization supported
[    0.491046] kvm_amd: Virtual GIF supported
[    0.491555] kvm_amd: Virtual NMI enabled
[    0.520037] clocksource: tsc: mask: 0xffffffffffffffff max_cycles: 0x40be4320a4d, max_idle_ns: 440795288133 ns
[    0.540013] Initialise system trusted keyrings
[    0.540723] workingset: timestamp_bits=56 max_order=18 bucket_order=0
[    0.541646] squashfs: version 4.0 (2009/01/31) Phillip Lougher
[    0.542392] fuse: init (API version 7.42)
[    0.543026] 9p: Installing v9fs 9p2000 file system support
[    0.552919] Key type asymmetric registered
[    0.553437] Asymmetric key parser 'x509' registered
[    0.554106] Block layer SCSI generic (bsg) driver version 0.4 loaded (major 249)
[    0.555072] io scheduler mq-deadline registered
[    0.555648] io scheduler kyber registered
[    0.558087] input: Power Button as /devices/LNXSYSTM:00/LNXPWRBN:00/input/input0
[    0.559250] ACPI: button: Power Button [PWRF]
[    0.561227] Warning: Processor Platform Limit event detected, but not handled.
[    0.562076] Consider compiling CPUfreq support into your kernel.
[    1.465338] ACPI: \_SB_.LNKB: Enabled at IRQ 10
[    2.359857] ACPI: \_SB_.LNKC: Enabled at IRQ 11
[    3.255007] ACPI: \_SB_.LNKA: Enabled at IRQ 10
[    3.256368] Serial: 8250/16550 driver, 4 ports, IRQ sharing enabled
[    3.257491] 00:03: ttyS0 at I/O 0x3f8 (irq = 4, base_baud = 115200) is a 16550A
[    3.283504] Non-volatile memory driver v1.3
[    3.284056] Linux agpgart interface v0.103
[    3.284752] ACPI: bus type drm_connector registered
[    3.285372] printk: legacy console [hvc0] enabled
[    3.285959] printk: legacy bootconsole [earlyser0] disabled
          _      _                                    
   __   _(_)_ __| |_ _ __ ___   ___       _ __   __ _ 
   \ \ / / |  __| __|  _   _ \ / _ \_____|  _ \ / _  |
    \ V /| | |  | |_| | | | | |  __/_____| | | | (_| |
     \_/ |_|_|   \__|_| |_| |_|\___|     |_| |_|\__  |
                                                |___/ 
   kernel version: 6.14.0-virtme x86_64
   (CTRL+d to exit)

root@virtme-ng:/nipa-data/kernel# PS1='xx__-> '
xx__-> env
PWD=/nipa-data/kernel
nr_open=1048576
HOME=/
TERM=xterm
SHLVL=2
XDG_RUNTIME_DIR=/run/user/0
PATH=/bin:/sbin:/usr/bin:/usr/sbin:/usr/local/bin
OLDPWD=/
_=/bin/env
xx__-> 