No EFI environment detected.
early console in extract_kernel
input_data: 0x0000000004cbb2c4
input_len: 0x000000000189bb0e
output: 0x0000000001000000
output_len: 0x00000000054e14d4
kernel_total_size: 0x0000000005030000
needed_size: 0x0000000005600000
trampoline_32bit: 0x000000000009d000
Physical KASLR using RDRAND RDTSC...
Virtual KASLR using RDRAND RDTSC...

Decompressing Linux... Parsing ELF... Performing relocations... done.
Booting the kernel (entry_offset: 0x0000000000000000).
[    0.000000] Linux version 6.11.0-virtme (root@d93a224d5e23) (gcc (Ubuntu 13.2.0-23ubuntu4) 13.2.0, GNU ld (GNU Binutils for Ubuntu) 2.42) #1 SMP PREEMPT_DYNAMIC Wed Sep 18 12:27:46 UTC 2024
[    0.000000] Command line: virtme_hostname=virtme-ng nr_open=1048576 virtme_link_mods=/nipa-data/kernel/.virtme_mods/lib/modules/0.0.0 virtme_initmount0=nipa-data/kernel virtme_rw_overlay0=/etc virtme_rw_overlay1=/lib virtme_rw_overlay2=/home virtme_rw_overlay3=/opt virtme_rw_overlay4=/srv virtme_rw_overlay5=/usr virtme_rw_overlay6=/var console=hvc0 earlyprintk=serial,ttyS0,115200 virtme_console=ttyS0 psmouse.proto=exps TERM=xterm virtme_chdir=nipa-data/kernel virtme_root_user=1 rootfstype=9p rootflags=version=9p2000.L,trans=virtio,access=any raid=noautodetect ro init=/usr/lib/python3/dist-packages/virtme/guest/virtme-init
[    0.000000] x86/split lock detection: #DB: warning on user-space bus_locks
[    0.000000] BIOS-provided physical RAM map:
[    0.000000] BIOS-e820: [mem 0x0000000000000000-0x000000000009fbff] usable
[    0.000000] BIOS-e820: [mem 0x000000000009fc00-0x000000000009ffff] reserved
[    0.000000] BIOS-e820: [mem 0x00000000000f0000-0x00000000000fffff] reserved
[    0.000000] BIOS-e820: [mem 0x0000000000100000-0x000000003ffdffff] usable
[    0.000000] BIOS-e820: [mem 0x000000003ffe0000-0x000000003fffffff] reserved
[    0.000000] BIOS-e820: [mem 0x00000000feffc000-0x00000000feffffff] reserved
[    0.000000] BIOS-e820: [mem 0x00000000fffc0000-0x00000000ffffffff] reserved
[    0.000000] printk: legacy bootconsole [earlyser0] enabled
[    0.000000] NX (Execute Disable) protection: active
[    0.000000] APIC: Static calls initialized
[    0.000000] SMBIOS 3.0.0 present.
[    0.000000] DMI: QEMU Ubuntu 24.04 PC (i440FX + PIIX, 1996), BIOS 1.16.3-debian-1.16.3-2 04/01/2014
[    0.000000] DMI: Memory slots populated: 1/1
[    0.000000] Hypervisor detected: KVM
[    0.000000] kvm-clock: Using msrs 4b564d01 and 4b564d00
[    0.000001] kvm-clock: using sched offset of 990787323 cycles
[    0.000755] clocksource: kvm-clock: mask: 0xffffffffffffffff max_cycles: 0x1cd42e4dffb, max_idle_ns: 881590591483 ns
[    0.003096] tsc: Detected 2000.000 MHz processor
[    0.004411] last_pfn = 0x3ffe0 max_arch_pfn = 0x10000000000
[    0.005272] MTRR map: 4 entries (3 fixed + 1 variable; max 19), built from 8 variable MTRRs
[    0.006485] x86/PAT: Configuration [0-7]: WB  WC  UC- UC  WB  WP  UC- WT  
[    0.014443] found SMP MP-table at [mem 0x000f5470-0x000f547f]
[    0.015288] Using GB pages for direct mapping
[    0.016195] ACPI: Early table checksum verification disabled
[    0.017013] ACPI: RSDP 0x00000000000F5290 000014 (v00 BOCHS )
[    0.017852] ACPI: RSDT 0x000000003FFE308E 000034 (v01 BOCHS  BXPC     00000001 BXPC 00000001)
[    0.019089] ACPI: FACP 0x000000003FFE2D8A 000074 (v01 BOCHS  BXPC     00000001 BXPC 00000001)
[    0.020325] ACPI: DSDT 0x000000003FFE0040 002D4A (v01 BOCHS  BXPC     00000001 BXPC 00000001)
[    0.021554] ACPI: FACS 0x000000003FFE0000 000040
[    0.022228] ACPI: APIC 0x000000003FFE2DFE 000230 (v03 BOCHS  BXPC     00000001 BXPC 00000001)
[    0.023459] ACPI: HPET 0x000000003FFE302E 000038 (v01 BOCHS  BXPC     00000001 BXPC 00000001)
[    0.024688] ACPI: WAET 0x000000003FFE3066 000028 (v01 BOCHS  BXPC     00000001 BXPC 00000001)
[    0.025921] ACPI: Reserving FACP table memory at [mem 0x3ffe2d8a-0x3ffe2dfd]
[    0.026936] ACPI: Reserving DSDT table memory at [mem 0x3ffe0040-0x3ffe2d89]
[    0.027948] ACPI: Reserving FACS table memory at [mem 0x3ffe0000-0x3ffe003f]
[    0.028960] ACPI: Reserving APIC table memory at [mem 0x3ffe2dfe-0x3ffe302d]
[    0.030153] ACPI: Reserving HPET table memory at [mem 0x3ffe302e-0x3ffe3065]
[    0.031161] ACPI: Reserving WAET table memory at [mem 0x3ffe3066-0x3ffe308d]
[    0.032670] No NUMA configuration found
[    0.033218] Faking a node at [mem 0x0000000000000000-0x000000003ffdffff]
[    0.034185] NODE_DATA(0) allocated [mem 0x3ffdb000-0x3ffdffff]
[    0.035172] Zone ranges:
[    0.035534]   DMA      [mem 0x0000000000001000-0x0000000000ffffff]
[    0.036418]   DMA32    [mem 0x0000000001000000-0x000000003ffdffff]
[    0.037302]   Normal   empty
[    0.037722]   Device   empty
[    0.038140] Movable zone start for each node
[    0.038750] Early memory node ranges
[    0.039259]   node   0: [mem 0x0000000000001000-0x000000000009efff]
[    0.040156]   node   0: [mem 0x0000000000100000-0x000000003ffdffff]
[    0.041051] Initmem setup node 0 [mem 0x0000000000001000-0x000000003ffdffff]
[    0.042068] On node 0, zone DMA: 1 pages in unavailable ranges
[    0.043002] On node 0, zone DMA: 97 pages in unavailable ranges
[    0.052499] On node 0, zone DMA32: 32 pages in unavailable ranges
[    0.086366] kasan: KernelAddressSanitizer initialized
[    0.087629] ACPI: PM-Timer IO Port: 0x608
[    0.088233] ACPI: LAPIC_NMI (acpi_id[0xff] dfl dfl lint[0x1])
[    0.089112] IOAPIC[0]: apic_id 0, version 17, address 0xfec00000, GSI 0-23
[    0.090105] ACPI: INT_SRC_OVR (bus 0 bus_irq 0 global_irq 2 dfl dfl)
[    0.091013] ACPI: INT_SRC_OVR (bus 0 bus_irq 5 global_irq 5 high level)
[    0.091957] ACPI: INT_SRC_OVR (bus 0 bus_irq 9 global_irq 9 high level)
[    0.092901] ACPI: INT_SRC_OVR (bus 0 bus_irq 10 global_irq 10 high level)
[    0.093875] ACPI: INT_SRC_OVR (bus 0 bus_irq 11 global_irq 11 high level)
[    0.094849] ACPI: Using ACPI (MADT) for SMP configuration information
[    0.095767] ACPI: HPET id: 0x8086a201 base: 0xfed00000
[    0.096504] TSC deadline timer available
[    0.097067] CPU topo: Max. logical packages:   1
[    0.097726] CPU topo: Max. logical dies:       1
[    0.098390] CPU topo: Max. dies per package:   1
[    0.099061] CPU topo: Max. threads per core:   1
[    0.099718] CPU topo: Num. cores per package:    56
[    0.100414] CPU topo: Num. threads per package:  56
[    0.101109] CPU topo: Allowing 56 present CPUs plus 0 hotplug CPUs
[    0.102104] kvm-guest: APIC: eoi() replaced with kvm_guest_apic_eoi_write()
[    0.103123] kvm-guest: KVM setup pv remote TLB flush
[    0.103836] kvm-guest: setup PV sched yield
[    0.104441] PM: hibernation: Registered nosave memory: [mem 0x00000000-0x00000fff]
[    0.105520] PM: hibernation: Registered nosave memory: [mem 0x0009f000-0x0009ffff]
[    0.106604] PM: hibernation: Registered nosave memory: [mem 0x000a0000-0x000effff]
[    0.107683] PM: hibernation: Registered nosave memory: [mem 0x000f0000-0x000fffff]
[    0.108763] [mem 0x40000000-0xfeffbfff] available for PCI devices
[    0.109632] Booting paravirtualized kernel on KVM
[    0.110307] clocksource: refined-jiffies: mask: 0xffffffff max_cycles: 0xffffffff, max_idle_ns: 1910969940391419 ns
[    0.132885] setup_percpu: NR_CPUS:64 nr_cpumask_bits:56 nr_cpu_ids:56 nr_node_ids:1
[    0.143348] percpu: Embedded 70 pages/cpu s248024 r8192 d30504 u524288
[    0.144498] Kernel command line: virtme_hostname=virtme-ng nr_open=1048576 virtme_link_mods=/nipa-data/kernel/.virtme_mods/lib/modules/0.0.0 virtme_initmount0=nipa-data/kernel virtme_rw_overlay0=/etc virtme_rw_overlay1=/lib virtme_rw_overlay2=/home virtme_rw_overlay3=/opt virtme_rw_overlay4=/srv virtme_rw_overlay5=/usr virtme_rw_overlay6=/var console=hvc0 earlyprintk=serial,ttyS0,115200 virtme_console=ttyS0 psmouse.proto=exps TERM=xterm virtme_chdir=nipa-data/kernel virtme_root_user=1 rootfstype=9p rootflags=version=9p2000.L,trans=virtio,access=any raid=noautodetect ro init=/usr/lib/python3/dist-packages/virtme/guest/virtme-init
[    0.152856] Unknown kernel command line parameters "virtme_hostname=virtme-ng nr_open=1048576 virtme_link_mods=/nipa-data/kernel/.virtme_mods/lib/modules/0.0.0 virtme_initmount0=nipa-data/kernel virtme_rw_overlay0=/etc virtme_rw_overlay1=/lib virtme_rw_overlay2=/home virtme_rw_overlay3=/opt virtme_rw_overlay4=/srv virtme_rw_overlay5=/usr virtme_rw_overlay6=/var virtme_console=ttyS0 virtme_chdir=nipa-data/kernel virtme_root_user=1", will be passed to user space.
[    0.158774] random: crng init done
[    0.159269] printk: log_buf_len individual max cpu contribution: 4096 bytes
[    0.160281] printk: log_buf_len total cpu_extra contributions: 225280 bytes
[    0.161283] printk: log_buf_len min size: 262144 bytes
[    0.162849] printk: log_buf_len: 524288 bytes
[    0.163503] printk: early log buf free: 253864(96%)
[    0.164664] Dentry cache hash table entries: 131072 (order: 8, 1048576 bytes, linear)
[    0.165881] Inode-cache hash table entries: 65536 (order: 7, 524288 bytes, linear)
[    0.169570] Fallback order for Node 0: 0 
[    0.169586] Built 1 zonelists, mobility grouping on.  Total pages: 262014
[    0.171099] Policy zone: DMA32
[    0.171519] mem auto-init: stack:all(zero), heap alloc:off, heap free:off
[    0.172450] stackdepot: allocating hash table via alloc_large_system_hash
[    0.173385] stackdepot hash table entries: 1048576 (order: 12, 16777216 bytes, linear)
[    0.197956] SLUB: HWalign=64, Order=0-3, MinObjects=0, CPUs=56, Nodes=1
Poking KASLR using RDRAND RDTSC...
[    0.199477] ftrace: allocating 48402 entries in 190 pages
[    0.219584] ftrace: allocated 190 pages with 6 groups
[    0.222275] Dynamic Preempt: voluntary
[    0.224821] rcu: Preemptible hierarchical RCU implementation.
[    0.225618] rcu: RCU event tracing is enabled.
[    0.226246] rcu: RCU restricting CPUs from NR_CPUS=64 to nr_cpu_ids=56.
[    0.227169] Trampoline variant of Tasks RCU enabled.
[    0.227862] Rude variant of Tasks RCU enabled.
[    0.228484] Tracing variant of Tasks RCU enabled.
[    0.229140] rcu: RCU calculated value of scheduler-enlistment delay is 100 jiffies.
[    0.230195] rcu: Adjusting geometry for rcu_fanout_leaf=16, nr_cpu_ids=56
[    0.231427] RCU Tasks: Setting shift to 6 and lim to 1 rcu_task_cb_adjust=1.
[    0.232402] RCU Tasks Rude: Setting shift to 6 and lim to 1 rcu_task_cb_adjust=1.
[    0.233434] RCU Tasks Trace: Setting shift to 6 and lim to 1 rcu_task_cb_adjust=1.
[    0.254468] NR_IRQS: 4352, nr_irqs: 872, preallocated irqs: 16
[    0.255830] rcu: srcu_init: Setting srcu_struct sizes based on contention.
[    0.257265] Console: colour *CGA 80x25
[    0.257912] ACPI: Core revision 20240322
[    0.258813] clocksource: hpet: mask: 0xffffffff max_cycles: 0xffffffff, max_idle_ns: 19112604467 ns
[    0.260206] APIC: Switch to symmetric I/O mode setup
[    0.261080] APIC: Switched APIC routing to: physical flat
[    0.261900] kvm-guest: APIC: send_IPI_mask() replaced with kvm_send_ipi_mask()
[    0.262973] kvm-guest: APIC: send_IPI_mask_allbutself() replaced with kvm_send_ipi_mask_allbutself()
[    0.264586] kvm-guest: setup PV IPIs
[    0.266850] ..TIMER: vector=0x30 apic1=0 pin1=2 apic2=-1 pin2=-1
[    0.268201] clocksource: tsc-early: mask: 0xffffffffffffffff max_cycles: 0x39a85c9bff6, max_idle_ns: 881590591483 ns
[    0.270588] Calibrating delay loop (skipped) preset value.. 4000.00 BogoMIPS (lpj=2000000)
[    0.271815] x86/cpu: User Mode Instruction Prevention (UMIP) activated
[    0.273597] Last level iTLB entries: 4KB 0, 2MB 0, 4MB 0
[    0.274582] Last level dTLB entries: 4KB 0, 2MB 0, 4MB 0, 1GB 0
[    0.275605] Spectre V1 : Mitigation: usercopy/swapgs barriers and __user pointer sanitization
[    0.276595] Spectre V2 : Spectre BHI mitigation: SW BHB clearing on syscall and VM exit
[    0.277590] Spectre V2 : Mitigation: Enhanced / Automatic IBRS
[    0.278590] Spectre V2 : Spectre v2 / SpectreRSB mitigation: Filling RSB on context switch
[    0.279583] Spectre V2 : Spectre v2 / PBRSB-eIBRS: Retire a single CALL on VMEXIT
[    0.280590] Spectre V2 : mitigation: Enabling conditional Indirect Branch Prediction Barrier
[    0.281586] Speculative Store Bypass: Mitigation: Speculative Store Bypass disabled via prctl
[    0.282582] TAA: Mitigation: TSX disabled
[    0.283670] x86/fpu: Supporting XSAVE feature 0x001: 'x87 floating point registers'
[    0.284582] x86/fpu: Supporting XSAVE feature 0x002: 'SSE registers'
[    0.285582] x86/fpu: Supporting XSAVE feature 0x004: 'AVX registers'
[    0.286582] x86/fpu: Supporting XSAVE feature 0x020: 'AVX-512 opmask'
[    0.287582] x86/fpu: Supporting XSAVE feature 0x040: 'AVX-512 Hi256'
[    0.288582] x86/fpu: Supporting XSAVE feature 0x080: 'AVX-512 ZMM_Hi256'
[    0.289582] x86/fpu: Supporting XSAVE feature 0x200: 'Protection Keys User registers'
[    0.290582] x86/fpu: Supporting XSAVE feature 0x20000: 'AMX Tile config'
[    0.291582] x86/fpu: Supporting XSAVE feature 0x40000: 'AMX Tile data'
[    0.292582] x86/fpu: xstate_offset[2]:  576, xstate_sizes[2]:  256
[    0.293582] x86/fpu: xstate_offset[5]:  832, xstate_sizes[5]:   64
[    0.294582] x86/fpu: xstate_offset[6]:  896, xstate_sizes[6]:  512
[    0.295582] x86/fpu: xstate_offset[7]: 1408, xstate_sizes[7]: 1024
[    0.296582] x86/fpu: xstate_offset[9]: 2432, xstate_sizes[9]:    8
[    0.297582] x86/fpu: xstate_offset[17]: 2496, xstate_sizes[17]:   64
[    0.298582] x86/fpu: xstate_offset[18]: 2560, xstate_sizes[18]: 8192
[    0.299582] x86/fpu: Enabled xstate features 0x602e7, context size is 10752 bytes, using 'compacted' format.
[    0.345052] Freeing SMP alternatives memory: 40K
[    0.345583] pid_max: default: 57344 minimum: 448
[    0.346872] Mount-cache hash table entries: 2048 (order: 2, 16384 bytes, linear)
[    0.347585] Mountpoint-cache hash table entries: 2048 (order: 2, 16384 bytes, linear)
[    0.349866] smpboot: CPU0: Intel(R) Xeon(R) Platinum 8480+ (family: 0x6, model: 0x8f, stepping: 0x6)
[    0.351381] Performance Events: PEBS fmt0-, Sapphire Rapids events, full-width counters, Intel PMU driver.
[    0.351589] ... version:                2
[    0.352390] ... bit width:              48
[    0.352584] ... generic registers:      8
[    0.353388] ... value mask:             0000ffffffffffff
[    0.353584] ... max period:             00007fffffffffff
[    0.354584] ... fixed-purpose events:   3
[    0.355386] ... event mask:             00000007000000ff
[    0.355925] signal: max sigframe size: 11952
[    0.356654] rcu: Hierarchical SRCU implementation.
[    0.357584] rcu: Max phase no-delay instances is 400.
[    0.358695] Timer migration: 2 hierarchy levels; 8 children per group; 2 crossnode level
[    0.362250] smp: Bringing up secondary CPUs ...
[    0.362875] smpboot: x86: Booting SMP configuration:
[    0.363588] .... node  #0, CPUs:        #1  #2  #3  #4  #5  #6  #7  #8  #9 #10 #11 #12 #13 #14 #15 #16 #17 #18 #19 #20 #21 #22 #23 #24 #25 #26 #27 #28 #29 #30 #31 #32 #33 #34 #35 #36 #37 #38 #39 #40 #41 #42 #43 #44 #45 #46 #47 #48 #49 #50 #51 #52 #53 #54 #55
[    0.429659] smp: Brought up 1 node, 56 CPUs
[    0.431426] smpboot: Total of 56 processors activated (224000.00 BogoMIPS)
[    0.448691] Memory: 742780K/1048056K available (45056K kernel code, 11300K rwdata, 9932K rodata, 5956K init, 1960K bss, 280380K reserved, 0K cma-reserved)
[    0.450141] devtmpfs: initialized
[    0.450849] x86/mm: Memory block size: 128MB
[    0.460991] clocksource: jiffies: mask: 0xffffffff max_cycles: 0xffffffff, max_idle_ns: 1911260446275000 ns
[    0.461608] futex hash table entries: 16384 (order: 8, 1048576 bytes, linear)
[    0.463586] PM: RTC time: 12:28:32, date: 2024-09-18
[    0.467780] NET: Registered PF_NETLINK/PF_ROUTE protocol family
[    0.469776] thermal_sys: Registered thermal governor 'step_wise'
[    0.469781] thermal_sys: Registered thermal governor 'user_space'
[    0.470662] cpuidle: using governor menu
[    0.475353] PCI: Using configuration type 1 for base access
[    0.475769] kprobes: kprobe jump-optimization is enabled. All kprobes are optimized if possible.
[    0.523780] HugeTLB: registered 1.00 GiB page size, pre-allocated 0 pages
[    0.525588] HugeTLB: 16380 KiB vmemmap can be freed for a 1.00 GiB page
[    0.527587] HugeTLB: registered 2.00 MiB page size, pre-allocated 0 pages
[    0.529585] HugeTLB: 28 KiB vmemmap can be freed for a 2.00 MiB page
[    0.533398] ACPI: Added _OSI(Module Device)
[    0.534595] ACPI: Added _OSI(Processor Device)
[    0.535586] ACPI: Added _OSI(3.0 _SCP Extensions)
[    0.536586] ACPI: Added _OSI(Processor Aggregator Device)
[    0.568480] ACPI: 1 ACPI AML tables successfully acquired and loaded
[    0.579378] ACPI: Interpreter enabled
[    0.580664] ACPI: PM: (supports S0 S3 S4 S5)
[    0.581548] ACPI: Using IOAPIC for interrupt routing
[    0.581659] PCI: Using host bridge windows from ACPI; if necessary, use "pci=nocrs" and report a bug
[    0.583585] PCI: Using E820 reservations for host bridge windows
[    0.586039] ACPI: Enabled 2 GPEs in block 00 to 0F
[    0.651909] ACPI: PCI Root Bridge [PCI0] (domain 0000 [bus 00-ff])
[    0.652602] acpi PNP0A03:00: _OSC: OS supports [ASPM ClockPM Segments MSI HPX-Type3]
[    0.654585] acpi PNP0A03:00: _OSC: not requesting OS control; OS requires [ExtendedConfig ASPM ClockPM MSI]
[    0.656716] acpi PNP0A03:00: fail to add MMCONFIG information, can't access extended configuration space under this bridge
[    0.659027] PCI host bridge to bus 0000:00
[    0.660649] pci_bus 0000:00: root bus resource [io  0x0000-0x0cf7 window]
[    0.661587] pci_bus 0000:00: root bus resource [io  0x0d00-0xffff window]
[    0.662587] pci_bus 0000:00: root bus resource [mem 0x000a0000-0x000bffff window]
[    0.664587] pci_bus 0000:00: root bus resource [mem 0x40000000-0xfebfffff window]
[    0.665587] pci_bus 0000:00: root bus resource [mem 0x100000000-0x17fffffff window]
[    0.667588] pci_bus 0000:00: root bus resource [bus 00-ff]
[    0.668653] pci 0000:00:00.0: [8086:1237] type 00 class 0x060000 conventional PCI endpoint
[    0.671819] pci 0000:00:01.0: [8086:7000] type 00 class 0x060100 conventional PCI endpoint
[    0.674948] pci 0000:00:01.1: [8086:7010] type 00 class 0x010180 conventional PCI endpoint
[    0.679903] pci 0000:00:01.1: BAR 4 [io  0xc0c0-0xc0cf]
[    0.681935] pci 0000:00:01.1: BAR 0 [io  0x01f0-0x01f7]: legacy IDE quirk
[    0.683588] pci 0000:00:01.1: BAR 1 [io  0x03f6]: legacy IDE quirk
[    0.684584] pci 0000:00:01.1: BAR 2 [io  0x0170-0x0177]: legacy IDE quirk
[    0.686584] pci 0000:00:01.1: BAR 3 [io  0x0376]: legacy IDE quirk
[    0.689590] pci 0000:00:01.3: [8086:7113] type 00 class 0x068000 conventional PCI endpoint
[    0.692185] pci 0000:00:01.3: quirk: [io  0x0600-0x063f] claimed by PIIX4 ACPI
[    0.693594] pci 0000:00:01.3: quirk: [io  0x0700-0x070f] claimed by PIIX4 SMB
[    0.695603] pci 0000:00:02.0: [1af4:1009] type 00 class 0x000200 conventional PCI endpoint
[    0.699596] pci 0000:00:02.0: BAR 0 [io  0xc000-0xc03f]
[    0.701588] pci 0000:00:02.0: BAR 1 [mem 0xfebfc000-0xfebfcfff]
[    0.708588] pci 0000:00:02.0: BAR 4 [mem 0xfebf0000-0xfebf3fff 64bit pref]
[    0.725685] pci 0000:00:03.0: [1af4:1009] type 00 class 0x000200 conventional PCI endpoint
[    0.728552] pci 0000:00:03.0: BAR 0 [io  0xc040-0xc07f]
[    0.730456] pci 0000:00:03.0: BAR 1 [mem 0xfebfd000-0xfebfdfff]
[    0.735590] pci 0000:00:03.0: BAR 4 [mem 0xfebf4000-0xfebf7fff 64bit pref]
[    0.751905] pci 0000:00:04.0: [8086:25ab] type 00 class 0x088000 conventional PCI endpoint
[    0.754904] pci 0000:00:04.0: BAR 0 [mem 0xfebfe000-0xfebfe00f]
[    0.770973] pci 0000:00:05.0: [1af4:1003] type 00 class 0x078000 conventional PCI endpoint
[    0.773587] pci 0000:00:05.0: BAR 0 [io  0xc080-0xc0bf]
[    0.775586] pci 0000:00:05.0: BAR 1 [mem 0xfebff000-0xfebfffff]
[    0.780558] pci 0000:00:05.0: BAR 4 [mem 0xfebf8000-0xfebfbfff 64bit pref]
[    0.799195] ACPI: PCI: Interrupt link LNKA configured for IRQ 10
[    0.801663] ACPI: PCI: Interrupt link LNKB configured for IRQ 10
[    0.803630] ACPI: PCI: Interrupt link LNKC configured for IRQ 11
[    0.805622] ACPI: PCI: Interrupt link LNKD configured for IRQ 11
[    0.807017] ACPI: PCI: Interrupt link LNKS configured for IRQ 9
[    0.843314] iommu: Default domain type: Translated
[    0.843584] iommu: DMA domain TLB invalidation policy: lazy mode
[    0.845165] SCSI subsystem initialized
[    0.846863] pps_core: LinuxPPS API ver. 1 registered
[    0.848587] pps_core: Software ver. 5.3.6 - Copyright 2005-2007 Rodolfo Giometti <giometti@linux.it>
[    0.850600] PTP clock support registered
[    0.852821] Advanced Linux Sound Architecture Driver Initialized.
[    0.857339] NET: Registered PF_ATMPVC protocol family
[    0.857585] NET: Registered PF_ATMSVC protocol family
[    0.858615] PCI: Using ACPI for IRQ routing
[    0.860705] vgaarb: loaded
[    0.861806] hpet0: at MMIO 0xfed00000, IRQs 2, 8, 0
[    0.862584] hpet0: 3 comparators, 64-bit 100.000000 MHz counter
[    0.870110] clocksource: Switched to clocksource kvm-clock
[    0.871447] VFS: Disk quotas dquot_6.6.0
[    0.872292] VFS: Dquot-cache hash table entries: 512 (order 0, 4096 bytes)
[    0.878090] pnp: PnP ACPI init
[    0.883541] pnp: PnP ACPI: found 5 devices
[    0.903920] clocksource: acpi_pm: mask: 0xffffff max_cycles: 0xffffff, max_idle_ns: 2085701024 ns
[    0.905883] NET: Registered PF_INET protocol family
[    0.906955] IP idents hash table entries: 16384 (order: 5, 131072 bytes, linear)
[    0.909180] tcp_listen_portaddr_hash hash table entries: 512 (order: 1, 8192 bytes, linear)
[    0.910880] Table-perturb hash table entries: 65536 (order: 6, 262144 bytes, linear)
[    0.912459] TCP established hash table entries: 8192 (order: 4, 65536 bytes, linear)
[    0.914020] TCP bind hash table entries: 8192 (order: 6, 262144 bytes, linear)
[    0.915491] TCP: Hash tables configured (established 8192 bind 8192)
[    0.917452] UDP hash table entries: 512 (order: 2, 16384 bytes, linear)
[    0.918820] UDP-Lite hash table entries: 512 (order: 2, 16384 bytes, linear)
[    0.920648] NET: Registered PF_UNIX/PF_LOCAL protocol family
[    0.921836] pci_bus 0000:00: resource 4 [io  0x0000-0x0cf7 window]
[    0.923070] pci_bus 0000:00: resource 5 [io  0x0d00-0xffff window]
[    0.924293] pci_bus 0000:00: resource 6 [mem 0x000a0000-0x000bffff window]
[    0.925665] pci_bus 0000:00: resource 7 [mem 0x40000000-0xfebfffff window]
[    0.927027] pci_bus 0000:00: resource 8 [mem 0x100000000-0x17fffffff window]
[    0.928665] pci 0000:00:01.0: PIIX3: Enabling Passive Release
[    0.929827] pci 0000:00:00.0: Limiting direct PCI/PCI transfers
[    0.931104] PCI: CLS 0 bytes, default 64
[    0.947297] RAPL PMU: API unit is 2^-32 Joules, 1 fixed counters, 10737418240 ms ovfl timer
[    0.948988] RAPL PMU: hw unit of domain psys 2^-0 Joules
[    1.273372] kwatchdog (374) used greatest stack depth: 30696 bytes left
[    1.550184] kvm_amd: CPU 33 isn't AMD or Hygon
[    1.551106] clocksource: tsc: mask: 0xffffffffffffffff max_cycles: 0x39a85c9bff6, max_idle_ns: 881590591483 ns
[    1.702835] Initialise system trusted keyrings
[    1.704652] workingset: timestamp_bits=56 max_order=18 bucket_order=0
[    1.706488] squashfs: version 4.0 (2009/01/31) Phillip Lougher
[    1.707710] fuse: init (API version 7.40)
[    1.709020] 9p: Installing v9fs 9p2000 file system support
[    1.728905] Key type asymmetric registered
[    1.729731] Asymmetric key parser 'x509' registered
[    1.730795] Block layer SCSI generic (bsg) driver version 0.4 loaded (major 249)
[    1.732320] io scheduler mq-deadline registered
[    1.733237] io scheduler kyber registered
[    1.754453] input: Power Button as /devices/LNXSYSTM:00/LNXPWRBN:00/input/input0
[    1.756861] ACPI: button: Power Button [PWRF]
[    1.761102] Warning: Processor Platform Limit event detected, but not handled.
[    1.764381] Consider compiling CPUfreq support into your kernel.
[    2.675011] ACPI: \_SB_.LNKB: Enabled at IRQ 10
[    3.546980] ACPI: \_SB_.LNKC: Enabled at IRQ 11
[    4.406534] ACPI: \_SB_.LNKA: Enabled at IRQ 10
[    4.408324] Serial: 8250/16550 driver, 4 ports, IRQ sharing enabled
[    4.409289] 00:03: ttyS0 at I/O 0x3f8 (irq = 4, base_baud = 115200) is a 16550A
[    4.435290] Non-volatile memory driver v1.3
[    4.435784] Linux agpgart interface v0.103
[    4.437042] ACPI: bus type drm_connector registered
[    4.438934] printk: legacy console [hvc0] enabled
[    4.439975] printk: legacy bootconsole [earlyser0] disabled
          _      _                                    
   __   _(_)_ __| |_ _ __ ___   ___       _ __   __ _ 
   \ \ / / |  __| __|  _   _ \ / _ \_____|  _ \ / _  |
    \ V /| | |  | |_| | | | | |  __/_____| | | | (_| |
     \_/ |_|_|   \__|_| |_| |_|\___|     |_| |_|\__  |
                                                |___/ 
   kernel version: 6.11.0-virtme x86_64
   (CTRL+d to exit)

root@virtme-ng:/nipa-data/kernel# PS1='xx__-> '
xx__-> env
PWD=/nipa-data/kernel
nr_open=1048576
HOME=/
TERM=xterm
SHLVL=2
XDG_RUNTIME_DIR=/run/user/0
PATH=/bin:/sbin:/usr/bin:/usr/sbin:/usr/local/bin
OLDPWD=/
_=/bin/env
xx__-> 