No EFI environment detected.
early console in extract_kernel
input_data: 0x0000000004ab32c4
input_len: 0x0000000001921c3c
output: 0x0000000001000000
output_len: 0x00000000053613b4
kernel_total_size: 0x0000000005030000
needed_size: 0x0000000005400000
trampoline_32bit: 0x0000000000000000
Physical KASLR using RDRAND RDTSC...
Virtual KASLR using RDRAND RDTSC...

Decompressing Linux... Parsing ELF... Performing relocations... done.
Booting the kernel (entry_offset: 0x0000000002b45790).
[    0.000000] Linux version 6.14.0-rc5-virtme (root@45df65e0933f) (gcc (Ubuntu 13.3.0-6ubuntu2~24.04) 13.3.0, GNU ld (GNU Binutils for Ubuntu) 2.42) #1 SMP PREEMPT_DYNAMIC Mon Mar 10 09:25:49 UTC 2025
[    0.000000] Command line: virtme_hostname=virtme-ng nr_open=1048576 virtme_link_mods=/nipa-data/kernel/.virtme_mods/lib/modules/0.0.0 virtme_initmount0=nipa-data/kernel virtme_rw_overlay0=/etc virtme_rw_overlay1=/lib virtme_rw_overlay2=/home virtme_rw_overlay3=/opt virtme_rw_overlay4=/srv virtme_rw_overlay5=/usr virtme_rw_overlay6=/var console=hvc0 earlyprintk=serial,ttyS0,115200 virtme_console=ttyS0 psmouse.proto=exps TERM=xterm virtme_chdir=nipa-data/kernel virtme_root_user=1 rootfstype=9p rootflags=version=9p2000.L,trans=virtio,access=any raid=noautodetect ro init=/usr/lib/python3/dist-packages/virtme/guest/virtme-init
[    0.000000] BIOS-provided physical RAM map:
[    0.000000] BIOS-e820: [mem 0x0000000000000000-0x000000000009fbff] usable
[    0.000000] BIOS-e820: [mem 0x000000000009fc00-0x000000000009ffff] reserved
[    0.000000] BIOS-e820: [mem 0x00000000000f0000-0x00000000000fffff] reserved
[    0.000000] BIOS-e820: [mem 0x0000000000100000-0x000000003ffdffff] usable
[    0.000000] BIOS-e820: [mem 0x000000003ffe0000-0x000000003fffffff] reserved
[    0.000000] BIOS-e820: [mem 0x00000000feffc000-0x00000000feffffff] reserved
[    0.000000] BIOS-e820: [mem 0x00000000fffc0000-0x00000000ffffffff] reserved
[    0.000000] BIOS-e820: [mem 0x000000fd00000000-0x000000ffffffffff] reserved
[    0.000000] printk: legacy bootconsole [earlyser0] enabled
[    0.000000] NX (Execute Disable) protection: active
[    0.000000] APIC: Static calls initialized
[    0.000000] SMBIOS 3.0.0 present.
[    0.000000] DMI: QEMU Ubuntu 24.04 PC (i440FX + PIIX, 1996), BIOS 1.16.3-debian-1.16.3-2 04/01/2014
[    0.000000] DMI: Memory slots populated: 1/1
[    0.000000] Hypervisor detected: KVM
[    0.000000] kvm-clock: Using msrs 4b564d01 and 4b564d00
[    0.000000] kvm-clock: using sched offset of 281825724 cycles
[    0.000373] clocksource: kvm-clock: mask: 0xffffffffffffffff max_cycles: 0x1cd42e4dffb, max_idle_ns: 881590591483 ns
[    0.001532] tsc: Detected 4491.560 MHz processor
[    0.002201] last_pfn = 0x3ffe0 max_arch_pfn = 0x400000000
[    0.002610] MTRR map: 4 entries (3 fixed + 1 variable; max 19), built from 8 variable MTRRs
[    0.003206] x86/PAT: Configuration [0-7]: WB  WC  UC- UC  WB  WP  UC- WT  
[    0.005146] found SMP MP-table at [mem 0x000f5470-0x000f547f]
[    0.005584] Using GB pages for direct mapping
[    0.006087] ACPI: Early table checksum verification disabled
[    0.006491] ACPI: RSDP 0x00000000000F5290 000014 (v00 BOCHS )
[    0.006902] ACPI: RSDT 0x000000003FFE27BC 000034 (v01 BOCHS  BXPC     00000001 BXPC 00000001)
[    0.007512] ACPI: FACP 0x000000003FFE2578 000074 (v01 BOCHS  BXPC     00000001 BXPC 00000001)
[    0.008121] ACPI: DSDT 0x000000003FFE0040 002538 (v01 BOCHS  BXPC     00000001 BXPC 00000001)
[    0.008729] ACPI: FACS 0x000000003FFE0000 000040
[    0.009059] ACPI: APIC 0x000000003FFE25EC 000170 (v03 BOCHS  BXPC     00000001 BXPC 00000001)
[    0.009670] ACPI: HPET 0x000000003FFE275C 000038 (v01 BOCHS  BXPC     00000001 BXPC 00000001)
[    0.010278] ACPI: WAET 0x000000003FFE2794 000028 (v01 BOCHS  BXPC     00000001 BXPC 00000001)
[    0.010899] ACPI: Reserving FACP table memory at [mem 0x3ffe2578-0x3ffe25eb]
[    0.011506] ACPI: Reserving DSDT table memory at [mem 0x3ffe0040-0x3ffe2577]
[    0.012072] ACPI: Reserving FACS table memory at [mem 0x3ffe0000-0x3ffe003f]
[    0.012573] ACPI: Reserving APIC table memory at [mem 0x3ffe25ec-0x3ffe275b]
[    0.013075] ACPI: Reserving HPET table memory at [mem 0x3ffe275c-0x3ffe2793]
[    0.013579] ACPI: Reserving WAET table memory at [mem 0x3ffe2794-0x3ffe27bb]
[    0.014274] No NUMA configuration found
[    0.014547] Faking a node at [mem 0x0000000000000000-0x000000003ffdffff]
[    0.015026] NODE_DATA(0) allocated [mem 0x3ffdb780-0x3ffdffff]
[    0.015458] Zone ranges:
[    0.015638]   DMA      [mem 0x0000000000001000-0x0000000000ffffff]
[    0.016081]   DMA32    [mem 0x0000000001000000-0x000000003ffdffff]
[    0.016521]   Normal   empty
[    0.016725]   Device   empty
[    0.016930] Movable zone start for each node
[    0.017234] Early memory node ranges
[    0.017490]   node   0: [mem 0x0000000000001000-0x000000000009efff]
[    0.017933]   node   0: [mem 0x0000000000100000-0x000000003ffdffff]
[    0.018377] Initmem setup node 0 [mem 0x0000000000001000-0x000000003ffdffff]
[    0.018880] On node 0, zone DMA: 1 pages in unavailable ranges
[    0.019348] On node 0, zone DMA: 97 pages in unavailable ranges
[    0.023930] On node 0, zone DMA32: 32 pages in unavailable ranges
[    0.033061] kasan: KernelAddressSanitizer initialized
[    0.033662] ACPI: PM-Timer IO Port: 0x608
[    0.033957] ACPI: LAPIC_NMI (acpi_id[0xff] dfl dfl lint[0x1])
[    0.034391] IOAPIC[0]: apic_id 0, version 17, address 0xfec00000, GSI 0-23
[    0.034883] ACPI: INT_SRC_OVR (bus 0 bus_irq 0 global_irq 2 dfl dfl)
[    0.035339] ACPI: INT_SRC_OVR (bus 0 bus_irq 5 global_irq 5 high level)
[    0.035808] ACPI: INT_SRC_OVR (bus 0 bus_irq 9 global_irq 9 high level)
[    0.036276] ACPI: INT_SRC_OVR (bus 0 bus_irq 10 global_irq 10 high level)
[    0.036756] ACPI: INT_SRC_OVR (bus 0 bus_irq 11 global_irq 11 high level)
[    0.037239] ACPI: Using ACPI (MADT) for SMP configuration information
[    0.037708] ACPI: HPET id: 0x8086a201 base: 0xfed00000
[    0.038074] TSC deadline timer available
[    0.038354] CPU topo: Max. logical packages:   1
[    0.038681] CPU topo: Max. logical dies:       1
[    0.039008] CPU topo: Max. dies per package:   1
[    0.039337] CPU topo: Max. threads per core:   1
[    0.039665] CPU topo: Num. cores per package:    32
[    0.040011] CPU topo: Num. threads per package:  32
[    0.040356] CPU topo: Allowing 32 present CPUs plus 0 hotplug CPUs
[    0.040809] kvm-guest: APIC: eoi() replaced with kvm_guest_apic_eoi_write()
[    0.041315] kvm-guest: KVM setup pv remote TLB flush
[    0.041671] kvm-guest: setup PV sched yield
[    0.041974] PM: hibernation: Registered nosave memory: [mem 0x00000000-0x00000fff]
[    0.042511] PM: hibernation: Registered nosave memory: [mem 0x0009f000-0x0009ffff]
[    0.043046] PM: hibernation: Registered nosave memory: [mem 0x000a0000-0x000effff]
[    0.043582] PM: hibernation: Registered nosave memory: [mem 0x000f0000-0x000fffff]
[    0.044118] [mem 0x40000000-0xfeffbfff] available for PCI devices
[    0.044550] Booting paravirtualized kernel on KVM
[    0.044884] clocksource: refined-jiffies: mask: 0xffffffff max_cycles: 0xffffffff, max_idle_ns: 1910969940391419 ns
[    0.053533] setup_percpu: NR_CPUS:64 nr_cpumask_bits:32 nr_cpu_ids:32 nr_node_ids:1
[    0.055335] percpu: Embedded 70 pages/cpu s247960 r8192 d30568 u524288
[    0.055866] Kernel command line: virtme_hostname=virtme-ng nr_open=1048576 virtme_link_mods=/nipa-data/kernel/.virtme_mods/lib/modules/0.0.0 virtme_initmount0=nipa-data/kernel virtme_rw_overlay0=/etc virtme_rw_overlay1=/lib virtme_rw_overlay2=/home virtme_rw_overlay3=/opt virtme_rw_overlay4=/srv virtme_rw_overlay5=/usr virtme_rw_overlay6=/var console=hvc0 earlyprintk=serial,ttyS0,115200 virtme_console=ttyS0 psmouse.proto=exps TERM=xterm virtme_chdir=nipa-data/kernel virtme_root_user=1 rootfstype=9p rootflags=version=9p2000.L,trans=virtio,access=any raid=noautodetect ro init=/usr/lib/python3/dist-packages/virtme/guest/virtme-init
[    0.060066] Unknown kernel command line parameters "virtme_hostname=virtme-ng nr_open=1048576 virtme_link_mods=/nipa-data/kernel/.virtme_mods/lib/modules/0.0.0 virtme_initmount0=nipa-data/kernel virtme_rw_overlay0=/etc virtme_rw_overlay1=/lib virtme_rw_overlay2=/home virtme_rw_overlay3=/opt virtme_rw_overlay4=/srv virtme_rw_overlay5=/usr virtme_rw_overlay6=/var virtme_console=ttyS0 virtme_chdir=nipa-data/kernel virtme_root_user=1", will be passed to user space.
[    0.063246] random: crng init done
[    0.063494] printk: log buffer data + meta data: 262144 + 917504 = 1179648 bytes
[    0.064053] Dentry cache hash table entries: 131072 (order: 8, 1048576 bytes, linear)
[    0.064635] Inode-cache hash table entries: 65536 (order: 7, 524288 bytes, linear)
[    0.065590] Fallback order for Node 0: 0 
[    0.065594] Built 1 zonelists, mobility grouping on.  Total pages: 262014
[    0.066471] Policy zone: DMA32
[    0.066740] mem auto-init: stack:all(zero), heap alloc:off, heap free:off
[    0.067284] stackdepot: allocating hash table via alloc_large_system_hash
[    0.067782] stackdepot hash table entries: 1048576 (order: 12, 16777216 bytes, linear)
[    0.075883] SLUB: HWalign=64, Order=0-3, MinObjects=0, CPUs=32, Nodes=1
Poking KASLR using RDRAND RDTSC...
[    0.076677] ftrace: allocating 49124 entries in 192 pages
[    0.094646] ftrace: allocated 192 pages with 2 groups
[    0.095861] Dynamic Preempt: voluntary
[    0.096574] rcu: Preemptible hierarchical RCU implementation.
[    0.096994] rcu: RCU event tracing is enabled.
[    0.097324] rcu: RCU restricting CPUs from NR_CPUS=64 to nr_cpu_ids=32.
[    0.097816] Trampoline variant of Tasks RCU enabled.
[    0.098184] Rude variant of Tasks RCU enabled.
[    0.098514] Tracing variant of Tasks RCU enabled.
[    0.098863] rcu: RCU calculated value of scheduler-enlistment delay is 100 jiffies.
[    0.099420] rcu: Adjusting geometry for rcu_fanout_leaf=16, nr_cpu_ids=32
[    0.099982] RCU Tasks: Setting shift to 5 and lim to 1 rcu_task_cb_adjust=1 rcu_task_cpu_ids=32.
[    0.100625] RCU Tasks Rude: Setting shift to 5 and lim to 1 rcu_task_cb_adjust=1 rcu_task_cpu_ids=32.
[    0.101298] RCU Tasks Trace: Setting shift to 5 and lim to 1 rcu_task_cb_adjust=1 rcu_task_cpu_ids=32.
[    0.110867] NR_IRQS: 4352, nr_irqs: 680, preallocated irqs: 16
[    0.111536] rcu: srcu_init: Setting srcu_struct sizes based on contention.
[    0.112246] Console: colour *CGA 80x25
[    0.112548] ACPI: Core revision 20240827
[    0.112984] clocksource: hpet: mask: 0xffffffff max_cycles: 0xffffffff, max_idle_ns: 19112604467 ns
[    0.113719] APIC: Switch to symmetric I/O mode setup
[    0.114103] kvm-guest: APIC: send_IPI_mask() replaced with kvm_send_ipi_mask()
[    0.114629] kvm-guest: APIC: send_IPI_mask_allbutself() replaced with kvm_send_ipi_mask_allbutself()
[    0.115269] kvm-guest: setup PV IPIs
[    0.116373] ..TIMER: vector=0x30 apic1=0 pin1=2 apic2=-1 pin2=-1
[    0.117161] clocksource: tsc-early: mask: 0xffffffffffffffff max_cycles: 0x40be4320a4d, max_idle_ns: 440795288133 ns
[    0.118517] Calibrating delay loop (skipped) preset value.. 8983.12 BogoMIPS (lpj=4491560)
[    0.119582] x86/cpu: User Mode Instruction Prevention (UMIP) activated
[    0.120573] Last level iTLB entries: 4KB 512, 2MB 255, 4MB 127
[    0.121515] Last level dTLB entries: 4KB 512, 2MB 255, 4MB 127, 1GB 0
[    0.122520] Spectre V1 : Mitigation: usercopy/swapgs barriers and __user pointer sanitization
[    0.123519] Spectre V2 : Mitigation: Enhanced / Automatic IBRS
[    0.124515] Spectre V2 : Spectre v2 / SpectreRSB mitigation: Filling RSB on context switch
[    0.125517] Spectre V2 : mitigation: Enabling conditional Indirect Branch Prediction Barrier
[    0.126517] Speculative Store Bypass: Mitigation: Speculative Store Bypass disabled via prctl
[    0.127515] Speculative Return Stack Overflow: IBPB-extending microcode not applied!
[    0.128515] Speculative Return Stack Overflow: WARNING: See https://kernel.org/doc/html/latest/admin-guide/hw-vuln/srso.html for mitigation options.
[    0.128516] Speculative Return Stack Overflow: Vulnerable: Safe RET, no microcode
[    0.130530] x86/fpu: Supporting XSAVE feature 0x001: 'x87 floating point registers'
[    0.131515] x86/fpu: Supporting XSAVE feature 0x002: 'SSE registers'
[    0.132300] x86/fpu: Supporting XSAVE feature 0x004: 'AVX registers'
[    0.132515] x86/fpu: Supporting XSAVE feature 0x020: 'AVX-512 opmask'
[    0.133515] x86/fpu: Supporting XSAVE feature 0x040: 'AVX-512 Hi256'
[    0.134515] x86/fpu: Supporting XSAVE feature 0x080: 'AVX-512 ZMM_Hi256'
[    0.135515] x86/fpu: Supporting XSAVE feature 0x200: 'Protection Keys User registers'
[    0.136515] x86/fpu: xstate_offset[2]:  576, xstate_sizes[2]:  256
[    0.137281] x86/fpu: xstate_offset[5]:  832, xstate_sizes[5]:   64
[    0.137515] x86/fpu: xstate_offset[6]:  896, xstate_sizes[6]:  512
[    0.138515] x86/fpu: xstate_offset[7]: 1408, xstate_sizes[7]: 1024
[    0.139515] x86/fpu: xstate_offset[9]: 2432, xstate_sizes[9]:    8
[    0.140515] x86/fpu: Enabled xstate features 0x2e7, context size is 2440 bytes, using 'compacted' format.
[    0.162322] Freeing SMP alternatives memory: 40K
[    0.162517] pid_max: default: 32768 minimum: 301
[    0.163605] Mount-cache hash table entries: 2048 (order: 2, 16384 bytes, linear)
[    0.164514] Mountpoint-cache hash table entries: 2048 (order: 2, 16384 bytes, linear)
[    0.166119] smpboot: CPU0: AMD Ryzen 9 7950X 16-Core Processor (family: 0x19, model: 0x61, stepping: 0x2)
[    0.166980] Performance Events: Fam17h+ core perfctr, AMD PMU driver.
[    0.167520] ... version:                0
[    0.168013] ... bit width:              48
[    0.168517] ... generic registers:      6
[    0.169012] ... value mask:             0000ffffffffffff
[    0.169517] ... max period:             00007fffffffffff
[    0.170176] ... fixed-purpose events:   0
[    0.170517] ... event mask:             000000000000003f
[    0.171281] signal: max sigframe size: 3376
[    0.171562] rcu: Hierarchical SRCU implementation.
[    0.172153] rcu: Max phase no-delay instances is 400.
[    0.172595] Timer migration: 2 hierarchy levels; 8 children per group; 2 crossnode level
[    0.177311] smp: Bringing up secondary CPUs ...
[    0.177697] smpboot: x86: Booting SMP configuration:
[    0.178309] .... node  #0, CPUs:        #1  #2  #3  #4  #5  #6  #7  #8  #9 #10 #11 #12 #13 #14 #15 #16 #17 #18 #19 #20 #21 #22 #23 #24 #25 #26 #27 #28 #29 #30 #31
[    0.204622] smp: Brought up 1 node, 32 CPUs
[    0.206039] smpboot: Total of 32 processors activated (287459.84 BogoMIPS)
[    0.210576] Memory: 763148K/1048056K available (44311K kernel code, 11503K rwdata, 10168K rodata, 6124K init, 1504K bss, 269012K reserved, 0K cma-reserved)
[    0.211635] devtmpfs: initialized
[    0.212169] x86/mm: Memory block size: 128MB
[    0.218695] clocksource: jiffies: mask: 0xffffffff max_cycles: 0xffffffff, max_idle_ns: 1911260446275000 ns
[    0.219522] futex hash table entries: 8192 (order: 7, 524288 bytes, linear)
[    0.220751] PM: RTC time: 09:26:16, date: 2025-03-10
[    0.222097] NET: Registered PF_NETLINK/PF_ROUTE protocol family
[    0.223409] thermal_sys: Registered thermal governor 'step_wise'
[    0.223437] cpuidle: using governor menu
[    0.225125] PCI: Using configuration type 1 for base access
[    0.225517] PCI: Using configuration type 1 for extended access
[    0.226396] kprobes: kprobe jump-optimization is enabled. All kprobes are optimized if possible.
[    0.243609] HugeTLB: registered 1.00 GiB page size, pre-allocated 0 pages
[    0.244517] HugeTLB: 16380 KiB vmemmap can be freed for a 1.00 GiB page
[    0.245354] HugeTLB: registered 2.00 MiB page size, pre-allocated 0 pages
[    0.245517] HugeTLB: 28 KiB vmemmap can be freed for a 2.00 MiB page
[    0.246843] ACPI: Added _OSI(Module Device)
[    0.247518] ACPI: Added _OSI(Processor Device)
[    0.248097] ACPI: Added _OSI(3.0 _SCP Extensions)
[    0.248518] ACPI: Added _OSI(Processor Aggregator Device)
[    0.271812] ACPI: 1 ACPI AML tables successfully acquired and loaded
[    0.276198] ACPI: Interpreter enabled
[    0.276576] ACPI: PM: (supports S0 S3 S4 S5)
[    0.277114] ACPI: Using IOAPIC for interrupt routing
[    0.277563] PCI: Using host bridge windows from ACPI; if necessary, use "pci=nocrs" and report a bug
[    0.278517] PCI: Using E820 reservations for host bridge windows
[    0.280312] ACPI: Enabled 2 GPEs in block 00 to 0F
[    0.325573] ACPI: PCI Root Bridge [PCI0] (domain 0000 [bus 00-ff])
[    0.326384] acpi PNP0A03:00: _OSC: OS supports [ExtendedConfig ASPM ClockPM Segments MSI HPX-Type3]
[    0.326994] PCI host bridge to bus 0000:00
[    0.327561] pci_bus 0000:00: root bus resource [io  0x0000-0x0cf7 window]
[    0.328414] pci_bus 0000:00: root bus resource [io  0x0d00-0xffff window]
[    0.328520] pci_bus 0000:00: root bus resource [mem 0x000a0000-0x000bffff window]
[    0.329446] pci_bus 0000:00: root bus resource [mem 0x40000000-0xfebfffff window]
[    0.329519] pci_bus 0000:00: root bus resource [mem 0x100000000-0x17fffffff window]
[    0.330498] pci_bus 0000:00: root bus resource [bus 00-ff]
[    0.330615] pci 0000:00:00.0: [8086:1237] type 00 class 0x060000 conventional PCI endpoint
[    0.332369] pci 0000:00:01.0: [8086:7000] type 00 class 0x060100 conventional PCI endpoint
[    0.333355] pci 0000:00:01.1: [8086:7010] type 00 class 0x010180 conventional PCI endpoint
[    0.333908] pci 0000:00:01.1: BAR 4 [io  0xc0c0-0xc0cf]
[    0.334536] pci 0000:00:01.1: BAR 0 [io  0x01f0-0x01f7]: legacy IDE quirk
[    0.335381] pci 0000:00:01.1: BAR 1 [io  0x03f6]: legacy IDE quirk
[    0.335517] pci 0000:00:01.1: BAR 2 [io  0x0170-0x0177]: legacy IDE quirk
[    0.336368] pci 0000:00:01.1: BAR 3 [io  0x0376]: legacy IDE quirk
[    0.337165] pci 0000:00:01.3: [8086:7113] type 00 class 0x068000 conventional PCI endpoint
[    0.337740] pci 0000:00:01.3: quirk: [io  0x0600-0x063f] claimed by PIIX4 ACPI
[    0.338521] pci 0000:00:01.3: quirk: [io  0x0700-0x070f] claimed by PIIX4 SMB
[    0.340122] pci 0000:00:02.0: [1af4:1009] type 00 class 0x000200 conventional PCI endpoint
[    0.341265] pci 0000:00:02.0: BAR 0 [io  0xc000-0xc03f]
[    0.341521] pci 0000:00:02.0: BAR 1 [mem 0xfebfc000-0xfebfcfff]
[    0.342278] pci 0000:00:02.0: BAR 4 [mem 0xfebf0000-0xfebf3fff 64bit pref]
[    0.353466] pci 0000:00:03.0: [1af4:1009] type 00 class 0x000200 conventional PCI endpoint
[    0.354319] pci 0000:00:03.0: BAR 0 [io  0xc040-0xc07f]
[    0.354522] pci 0000:00:03.0: BAR 1 [mem 0xfebfd000-0xfebfdfff]
[    0.355273] pci 0000:00:03.0: BAR 4 [mem 0xfebf4000-0xfebf7fff 64bit pref]
[    0.366379] pci 0000:00:04.0: [8086:25ab] type 00 class 0x088000 conventional PCI endpoint
[    0.366805] pci 0000:00:04.0: BAR 0 [mem 0xfebfe000-0xfebfe00f]
[    0.378255] pci 0000:00:05.0: [1af4:1003] type 00 class 0x078000 conventional PCI endpoint
[    0.379020] pci 0000:00:05.0: BAR 0 [io  0xc080-0xc0bf]
[    0.379522] pci 0000:00:05.0: BAR 1 [mem 0xfebff000-0xfebfffff]
[    0.380278] pci 0000:00:05.0: BAR 4 [mem 0xfebf8000-0xfebfbfff 64bit pref]
[    0.393640] ACPI: PCI: Interrupt link LNKA configured for IRQ 10
[    0.395262] ACPI: PCI: Interrupt link LNKB configured for IRQ 10
[    0.396407] ACPI: PCI: Interrupt link LNKC configured for IRQ 11
[    0.397393] ACPI: PCI: Interrupt link LNKD configured for IRQ 11
[    0.397887] ACPI: PCI: Interrupt link LNKS configured for IRQ 9
[    0.416015] iommu: Default domain type: Translated
[    0.416518] iommu: DMA domain TLB invalidation policy: lazy mode
[    0.417699] SCSI subsystem initialized
[    0.418586] pps_core: LinuxPPS API ver. 1 registered
[    0.419208] pps_core: Software ver. 5.3.6 - Copyright 2005-2007 Rodolfo Giometti <giometti@linux.it>
[    0.419532] PTP clock support registered
[    0.420099] Advanced Linux Sound Architecture Driver Initialized.
[    0.421522] NET: Registered PF_ATMPVC protocol family
[    0.422162] NET: Registered PF_ATMSVC protocol family
[    0.422556] PCI: Using ACPI for IRQ routing
[    0.423212] vgaarb: loaded
[    0.423631] hpet0: at MMIO 0xfed00000, IRQs 2, 8, 0
[    0.424248] hpet0: 3 comparators, 64-bit 100.000000 MHz counter
[    0.427713] clocksource: Switched to clocksource kvm-clock
[    0.428751] VFS: Disk quotas dquot_6.6.0
[    0.429252] VFS: Dquot-cache hash table entries: 512 (order 0, 4096 bytes)
[    0.430800] pnp: PnP ACPI init
[    0.433446] pnp: PnP ACPI: found 5 devices
[    0.445443] clocksource: acpi_pm: mask: 0xffffff max_cycles: 0xffffff, max_idle_ns: 2085701024 ns
[    0.446609] NET: Registered PF_INET protocol family
[    0.447255] IP idents hash table entries: 16384 (order: 5, 131072 bytes, linear)
[    0.448553] tcp_listen_portaddr_hash hash table entries: 512 (order: 1, 8192 bytes, linear)
[    0.449603] Table-perturb hash table entries: 65536 (order: 6, 262144 bytes, linear)
[    0.450581] TCP established hash table entries: 8192 (order: 4, 65536 bytes, linear)
[    0.451548] TCP bind hash table entries: 8192 (order: 6, 262144 bytes, linear)
[    0.452452] TCP: Hash tables configured (established 8192 bind 8192)
[    0.453398] UDP hash table entries: 512 (order: 3, 32768 bytes, linear)
[    0.454229] UDP-Lite hash table entries: 512 (order: 3, 32768 bytes, linear)
[    0.455309] NET: Registered PF_UNIX/PF_LOCAL protocol family
[    0.456036] pci_bus 0000:00: resource 4 [io  0x0000-0x0cf7 window]
[    0.456804] pci_bus 0000:00: resource 5 [io  0x0d00-0xffff window]
[    0.457574] pci_bus 0000:00: resource 6 [mem 0x000a0000-0x000bffff window]
[    0.458420] pci_bus 0000:00: resource 7 [mem 0x40000000-0xfebfffff window]
[    0.459274] pci_bus 0000:00: resource 8 [mem 0x100000000-0x17fffffff window]
[    0.460349] pci 0000:00:01.0: PIIX3: Enabling Passive Release
[    0.461068] pci 0000:00:00.0: Limiting direct PCI/PCI transfers
[    0.461841] PCI: CLS 0 bytes, default 64
[    0.462542] kvm_intel: VMX not supported by CPU 0
[    0.463149] kvm_amd: TSC scaling supported
[    0.463671] kvm_amd: Nested Virtualization enabled
[    0.464264] kvm_amd: Nested Paging enabled
[    0.464781] kvm_amd: LBR virtualization supported
[    0.465370] kvm_amd: Virtual GIF supported
[    0.465882] kvm_amd: Virtual NMI enabled
[    0.510060] clocksource: tsc: mask: 0xffffffffffffffff max_cycles: 0x40be4320a4d, max_idle_ns: 440795288133 ns
[    0.529054] Initialise system trusted keyrings
[    0.529995] workingset: timestamp_bits=56 max_order=18 bucket_order=0
[    0.530916] squashfs: version 4.0 (2009/01/31) Phillip Lougher
[    0.531670] fuse: init (API version 7.42)
[    0.532312] 9p: Installing v9fs 9p2000 file system support
[    0.542101] Key type asymmetric registered
[    0.542624] Asymmetric key parser 'x509' registered
[    0.543292] Block layer SCSI generic (bsg) driver version 0.4 loaded (major 249)
[    0.544262] io scheduler mq-deadline registered
[    0.544835] io scheduler kyber registered
[    0.547637] input: Power Button as /devices/LNXSYSTM:00/LNXPWRBN:00/input/input0
[    0.548755] ACPI: button: Power Button [PWRF]
[    0.550635] Warning: Processor Platform Limit event detected, but not handled.
[    0.551550] Consider compiling CPUfreq support into your kernel.
[    1.353379] ACPI: \_SB_.LNKB: Enabled at IRQ 10
[    2.148887] ACPI: \_SB_.LNKC: Enabled at IRQ 11
[    2.943478] ACPI: \_SB_.LNKA: Enabled at IRQ 10
[    2.944821] Serial: 8250/16550 driver, 4 ports, IRQ sharing enabled
[    2.945921] 00:03: ttyS0 at I/O 0x3f8 (irq = 4, base_baud = 115200) is a 16550A
[    2.970179] Non-volatile memory driver v1.3
[    2.970724] Linux agpgart interface v0.103
[    2.971402] ACPI: bus type drm_connector registered
[    2.972043] printk: legacy console [hvc0] enabled
[    2.972634] printk: legacy bootconsole [earlyser0] disabled
          _      _                                    
   __   _(_)_ __| |_ _ __ ___   ___       _ __   __ _ 
   \ \ / / |  __| __|  _   _ \ / _ \_____|  _ \ / _  |
    \ V /| | |  | |_| | | | | |  __/_____| | | | (_| |
     \_/ |_|_|   \__|_| |_| |_|\___|     |_| |_|\__  |
                                                |___/ 
   kernel version: 6.14.0-rc5-virtme x86_64
   (CTRL+d to exit)

root@virtme-ng:/nipa-data/kernel# PS1='xx__-> '
xx__-> env
PWD=/nipa-data/kernel
nr_open=1048576
HOME=/
TERM=xterm
SHLVL=2
XDG_RUNTIME_DIR=/run/user/0
PATH=/bin:/sbin:/usr/bin:/usr/sbin:/usr/local/bin
OLDPWD=/
_=/bin/env
xx__-> 