No EFI environment detected.
early console in extract_kernel
input_data: 0x0000000004ab72b9
input_len: 0x0000000001826929
output: 0x0000000001000000
output_len: 0x000000000526a444
kernel_total_size: 0x0000000004e30000
needed_size: 0x0000000005400000
trampoline_32bit: 0x0000000000000000
Physical KASLR using RDRAND RDTSC...
Virtual KASLR using RDRAND RDTSC...

Decompressing Linux... Parsing ELF... Performing relocations... done.
Booting the kernel (entry_offset: 0x0000000000000000).
[    0.000000] Linux version 6.9.0-rc5-virtme (root@399f6bd8978b) (gcc (Alpine 13.2.1_git20240309) 13.2.1 20240309, GNU ld (GNU Binutils) 2.42) #1 SMP PREEMPT_DYNAMIC Sat Apr 27 03:26:45 UTC 2024
[    0.000000] Command line: virtme_hostname=virtme-ng nr_open=1048576 virtme_link_mods=/nipa-data/kernel/.virtme_mods/lib/modules/0.0.0 virtme_initmount0=nipa-data/kernel virtme_rw_overlay0=/etc virtme_rw_overlay1=/lib virtme_rw_overlay2=/home virtme_rw_overlay3=/opt virtme_rw_overlay4=/srv virtme_rw_overlay5=/usr virtme_rw_overlay6=/var console=hvc0 earlyprintk=serial,ttyS0,115200 virtme_console=ttyS0 psmouse.proto=exps TERM=xterm virtme_chdir=nipa-data/kernel virtme_root_user=1 rootfstype=9p rootflags=version=9p2000.L,trans=virtio,access=any raid=noautodetect ro init=/usr/lib/python3.12/site-packages/virtme/guest/virtme-init
[    0.000000] BIOS-provided physical RAM map:
[    0.000000] BIOS-e820: [mem 0x0000000000000000-0x000000000009fbff] usable
[    0.000000] BIOS-e820: [mem 0x000000000009fc00-0x000000000009ffff] reserved
[    0.000000] BIOS-e820: [mem 0x00000000000f0000-0x00000000000fffff] reserved
[    0.000000] BIOS-e820: [mem 0x0000000000100000-0x000000003ffdffff] usable
[    0.000000] BIOS-e820: [mem 0x000000003ffe0000-0x000000003fffffff] reserved
[    0.000000] BIOS-e820: [mem 0x00000000feffc000-0x00000000feffffff] reserved
[    0.000000] BIOS-e820: [mem 0x00000000fffc0000-0x00000000ffffffff] reserved
[    0.000000] BIOS-e820: [mem 0x000000fd00000000-0x000000ffffffffff] reserved
[    0.000000] printk: legacy bootconsole [earlyser0] enabled
[    0.000000] NX (Execute Disable) protection: active
[    0.000000] APIC: Static calls initialized
[    0.000000] SMBIOS 3.0.0 present.
[    0.000000] DMI: QEMU Standard PC (i440FX + PIIX, 1996), BIOS rel-1.16.3-0-ga6ed6b701f0a-prebuilt.qemu.org 04/01/2014
[    0.000000] Hypervisor detected: KVM
[    0.000000] kvm-clock: Using msrs 4b564d01 and 4b564d00
[    0.000000] kvm-clock: using sched offset of 372619175 cycles
[    0.000491] clocksource: kvm-clock: mask: 0xffffffffffffffff max_cycles: 0x1cd42e4dffb, max_idle_ns: 881590591483 ns
[    0.001883] tsc: Detected 4491.556 MHz processor
[    0.002597] last_pfn = 0x3ffe0 max_arch_pfn = 0x400000000
[    0.003029] MTRR map: 4 entries (3 fixed + 1 variable; max 19), built from 8 variable MTRRs
[    0.003658] x86/PAT: Configuration [0-7]: WB  WC  UC- UC  WB  WP  UC- WT  
[    0.005725] found SMP MP-table at [mem 0x000f5470-0x000f547f]
[    0.006168] Using GB pages for direct mapping
[    0.006662] ACPI: Early table checksum verification disabled
[    0.007094] ACPI: RSDP 0x00000000000F5290 000014 (v00 BOCHS )
[    0.007533] ACPI: RSDT 0x000000003FFE27BC 000034 (v01 BOCHS  BXPC     00000001 BXPC 00000001)
[    0.008182] ACPI: FACP 0x000000003FFE2578 000074 (v01 BOCHS  BXPC     00000001 BXPC 00000001)
[    0.008832] ACPI: DSDT 0x000000003FFE0040 002538 (v01 BOCHS  BXPC     00000001 BXPC 00000001)
[    0.009476] ACPI: FACS 0x000000003FFE0000 000040
[    0.009826] ACPI: APIC 0x000000003FFE25EC 000170 (v03 BOCHS  BXPC     00000001 BXPC 00000001)
[    0.010469] ACPI: HPET 0x000000003FFE275C 000038 (v01 BOCHS  BXPC     00000001 BXPC 00000001)
[    0.011110] ACPI: WAET 0x000000003FFE2794 000028 (v01 BOCHS  BXPC     00000001 BXPC 00000001)
[    0.011753] ACPI: Reserving FACP table memory at [mem 0x3ffe2578-0x3ffe25eb]
[    0.012284] ACPI: Reserving DSDT table memory at [mem 0x3ffe0040-0x3ffe2577]
[    0.012815] ACPI: Reserving FACS table memory at [mem 0x3ffe0000-0x3ffe003f]
[    0.013357] ACPI: Reserving APIC table memory at [mem 0x3ffe25ec-0x3ffe275b]
[    0.013888] ACPI: Reserving HPET table memory at [mem 0x3ffe275c-0x3ffe2793]
[    0.014419] ACPI: Reserving WAET table memory at [mem 0x3ffe2794-0x3ffe27bb]
[    0.015155] No NUMA configuration found
[    0.015444] Faking a node at [mem 0x0000000000000000-0x000000003ffdffff]
[    0.015950] NODE_DATA(0) allocated [mem 0x3ffdb000-0x3ffdffff]
[    0.016408] Zone ranges:
[    0.016599]   DMA      [mem 0x0000000000001000-0x0000000000ffffff]
[    0.017064]   DMA32    [mem 0x0000000001000000-0x000000003ffdffff]
[    0.017531]   Normal   empty
[    0.017748]   Device   empty
[    0.017964] Movable zone start for each node
[    0.018283] Early memory node ranges
[    0.018552]   node   0: [mem 0x0000000000001000-0x000000000009efff]
[    0.019023]   node   0: [mem 0x0000000000100000-0x000000003ffdffff]
[    0.019495] Initmem setup node 0 [mem 0x0000000000001000-0x000000003ffdffff]
[    0.020026] On node 0, zone DMA: 1 pages in unavailable ranges
[    0.020520] On node 0, zone DMA: 97 pages in unavailable ranges
[    0.025236] On node 0, zone DMA32: 32 pages in unavailable ranges
[    0.034733] kasan: KernelAddressSanitizer initialized
[    0.035348] ACPI: PM-Timer IO Port: 0x608
[    0.035659] ACPI: LAPIC_NMI (acpi_id[0xff] dfl dfl lint[0x1])
[    0.036112] IOAPIC[0]: apic_id 0, version 17, address 0xfec00000, GSI 0-23
[    0.036628] ACPI: INT_SRC_OVR (bus 0 bus_irq 0 global_irq 2 dfl dfl)
[    0.037105] ACPI: INT_SRC_OVR (bus 0 bus_irq 5 global_irq 5 high level)
[    0.037608] ACPI: INT_SRC_OVR (bus 0 bus_irq 9 global_irq 9 high level)
[    0.038103] ACPI: INT_SRC_OVR (bus 0 bus_irq 10 global_irq 10 high level)
[    0.038610] ACPI: INT_SRC_OVR (bus 0 bus_irq 11 global_irq 11 high level)
[    0.039120] ACPI: Using ACPI (MADT) for SMP configuration information
[    0.039601] ACPI: HPET id: 0x8086a201 base: 0xfed00000
[    0.039987] TSC deadline timer available
[    0.040283] CPU topo: Max. logical packages:   1
[    0.040628] CPU topo: Max. logical dies:       1
[    0.040974] CPU topo: Max. dies per package:   1
[    0.041331] CPU topo: Max. threads per core:   1
[    0.041677] CPU topo: Num. cores per package:    32
[    0.042043] CPU topo: Num. threads per package:  32
[    0.042409] CPU topo: Allowing 32 present CPUs plus 0 hotplug CPUs
[    0.042888] kvm-guest: APIC: eoi() replaced with kvm_guest_apic_eoi_write()
[    0.043421] kvm-guest: KVM setup pv remote TLB flush
[    0.043796] kvm-guest: setup PV sched yield
[    0.044117] PM: hibernation: Registered nosave memory: [mem 0x00000000-0x00000fff]
[    0.044689] PM: hibernation: Registered nosave memory: [mem 0x0009f000-0x0009ffff]
[    0.045264] PM: hibernation: Registered nosave memory: [mem 0x000a0000-0x000effff]
[    0.045832] PM: hibernation: Registered nosave memory: [mem 0x000f0000-0x000fffff]
[    0.046399] [mem 0x40000000-0xfeffbfff] available for PCI devices
[    0.046856] Booting paravirtualized kernel on KVM
[    0.047210] clocksource: refined-jiffies: mask: 0xffffffff max_cycles: 0xffffffff, max_idle_ns: 1910969940391419 ns
[    0.056094] setup_percpu: NR_CPUS:64 nr_cpumask_bits:32 nr_cpu_ids:32 nr_node_ids:1
[    0.057944] percpu: Embedded 70 pages/cpu s248616 r8192 d29912 u524288
[    0.058498] Kernel command line: virtme_hostname=virtme-ng nr_open=1048576 virtme_link_mods=/nipa-data/kernel/.virtme_mods/lib/modules/0.0.0 virtme_initmount0=nipa-data/kernel virtme_rw_overlay0=/etc virtme_rw_overlay1=/lib virtme_rw_overlay2=/home virtme_rw_overlay3=/opt virtme_rw_overlay4=/srv virtme_rw_overlay5=/usr virtme_rw_overlay6=/var console=hvc0 earlyprintk=serial,ttyS0,115200 virtme_console=ttyS0 psmouse.proto=exps TERM=xterm virtme_chdir=nipa-data/kernel virtme_root_user=1 rootfstype=9p rootflags=version=9p2000.L,trans=virtio,access=any raid=noautodetect ro init=/usr/lib/python3.12/site-packages/virtme/guest/virtme-init
[    0.062932] Unknown kernel command line parameters "virtme_hostname=virtme-ng nr_open=1048576 virtme_link_mods=/nipa-data/kernel/.virtme_mods/lib/modules/0.0.0 virtme_initmount0=nipa-data/kernel virtme_rw_overlay0=/etc virtme_rw_overlay1=/lib virtme_rw_overlay2=/home virtme_rw_overlay3=/opt virtme_rw_overlay4=/srv virtme_rw_overlay5=/usr virtme_rw_overlay6=/var virtme_console=ttyS0 virtme_chdir=nipa-data/kernel virtme_root_user=1", will be passed to user space.
[    0.066285] random: crng init done
[    0.066663] Dentry cache hash table entries: 131072 (order: 8, 1048576 bytes, linear)
[    0.067282] Inode-cache hash table entries: 65536 (order: 7, 524288 bytes, linear)
[    0.068306] Fallback order for Node 0: 0 
[    0.068311] Built 1 zonelists, mobility grouping on.  Total pages: 257760
[    0.069147] Policy zone: DMA32
[    0.069388] mem auto-init: stack:all(zero), heap alloc:off, heap free:off
[    0.069913] stackdepot: allocating hash table via alloc_large_system_hash
[    0.070438] stackdepot hash table entries: 1048576 (order: 12, 16777216 bytes, linear)
[    0.078500] Memory: 781044K/1048056K available (43008K kernel code, 11129K rwdata, 9744K rodata, 5844K init, 2388K bss, 266756K reserved, 0K cma-reserved)
[    0.079748] SLUB: HWalign=64, Order=0-3, MinObjects=0, CPUs=32, Nodes=1
Poking KASLR using RDRAND RDTSC...
[    0.080551] ftrace: allocating 47715 entries in 187 pages
[    0.089481] ftrace: allocated 187 pages with 6 groups
[    0.090726] Dynamic Preempt: voluntary
[    0.091495] rcu: Preemptible hierarchical RCU implementation.
[    0.091940] rcu: RCU event tracing is enabled.
[    0.092291] rcu: RCU restricting CPUs from NR_CPUS=64 to nr_cpu_ids=32.
[    0.092810] Trampoline variant of Tasks RCU enabled.
[    0.093214] Rude variant of Tasks RCU enabled.
[    0.093568] Tracing variant of Tasks RCU enabled.
[    0.093939] rcu: RCU calculated value of scheduler-enlistment delay is 100 jiffies.
[    0.094532] rcu: Adjusting geometry for rcu_fanout_leaf=16, nr_cpu_ids=32
[    0.095096] RCU Tasks: Setting shift to 5 and lim to 1 rcu_task_cb_adjust=1.
[    0.095645] RCU Tasks Rude: Setting shift to 5 and lim to 1 rcu_task_cb_adjust=1.
[    0.096228] RCU Tasks Trace: Setting shift to 5 and lim to 1 rcu_task_cb_adjust=1.
[    0.105024] NR_IRQS: 4352, nr_irqs: 680, preallocated irqs: 16
[    0.105751] rcu: srcu_init: Setting srcu_struct sizes based on contention.
[    0.106496] Console: colour *CGA 80x25
[    0.106812] ACPI: Core revision 20230628
[    0.107270] clocksource: hpet: mask: 0xffffffff max_cycles: 0xffffffff, max_idle_ns: 19112604467 ns
[    0.108031] APIC: Switch to symmetric I/O mode setup
[    0.108413] APIC: Switched APIC routing to: physical flat
[    0.108826] kvm-guest: APIC: send_IPI_mask() replaced with kvm_send_ipi_mask()
[    0.109381] kvm-guest: APIC: send_IPI_mask_allbutself() replaced with kvm_send_ipi_mask_allbutself()
[    0.110081] kvm-guest: setup PV IPIs
[    0.111245] ..TIMER: vector=0x30 apic1=0 pin1=2 apic2=-1 pin2=-1
[    0.112078] tsc: Marking TSC unstable due to TSCs unsynchronized
[    0.112881] Calibrating delay loop (skipped) preset value.. 8983.11 BogoMIPS (lpj=4491556)
[    0.114944] x86/cpu: User Mode Instruction Prevention (UMIP) activated
[    0.115872] Last level iTLB entries: 4KB 512, 2MB 255, 4MB 127
[    0.115879] Last level dTLB entries: 4KB 512, 2MB 255, 4MB 127, 1GB 0
[    0.116884] Spectre V1 : Mitigation: usercopy/swapgs barriers and __user pointer sanitization
[    0.117883] Spectre V2 : Mitigation: Enhanced / Automatic IBRS
[    0.118879] Spectre V2 : Spectre v2 / SpectreRSB mitigation: Filling RSB on context switch
[    0.119881] Spectre V2 : mitigation: Enabling conditional Indirect Branch Prediction Barrier
[    0.120881] Speculative Store Bypass: Mitigation: Speculative Store Bypass disabled via prctl
[    0.121879] Speculative Return Stack Overflow: IBPB-extending microcode not applied!
[    0.122879] Speculative Return Stack Overflow: WARNING: See https://kernel.org/doc/html/latest/admin-guide/hw-vuln/srso.html for mitigation options.
[    0.122880] Speculative Return Stack Overflow: Vulnerable: Safe RET, no microcode
[    0.124895] x86/fpu: Supporting XSAVE feature 0x001: 'x87 floating point registers'
[    0.125879] x86/fpu: Supporting XSAVE feature 0x002: 'SSE registers'
[    0.126879] x86/fpu: Supporting XSAVE feature 0x004: 'AVX registers'
[    0.127879] x86/fpu: Supporting XSAVE feature 0x020: 'AVX-512 opmask'
[    0.128879] x86/fpu: Supporting XSAVE feature 0x040: 'AVX-512 Hi256'
[    0.129879] x86/fpu: Supporting XSAVE feature 0x080: 'AVX-512 ZMM_Hi256'
[    0.130879] x86/fpu: Supporting XSAVE feature 0x200: 'Protection Keys User registers'
[    0.131879] x86/fpu: xstate_offset[2]:  576, xstate_sizes[2]:  256
[    0.132879] x86/fpu: xstate_offset[5]:  832, xstate_sizes[5]:   64
[    0.133694] x86/fpu: xstate_offset[6]:  896, xstate_sizes[6]:  512
[    0.133879] x86/fpu: xstate_offset[7]: 1408, xstate_sizes[7]: 1024
[    0.134879] x86/fpu: xstate_offset[9]: 2432, xstate_sizes[9]:    8
[    0.135879] x86/fpu: Enabled xstate features 0x2e7, context size is 2440 bytes, using 'compacted' format.
[    0.158624] Freeing SMP alternatives memory: 40K
[    0.158880] pid_max: default: 32768 minimum: 301
[    0.160007] Mount-cache hash table entries: 2048 (order: 2, 16384 bytes, linear)
[    0.160880] Mountpoint-cache hash table entries: 2048 (order: 2, 16384 bytes, linear)
[    0.162548] smpboot: CPU0: AMD Ryzen 9 7950X 16-Core Processor (family: 0x19, model: 0x61, stepping: 0x2)
[    0.163350] Performance Events: Fam17h+ core perfctr, AMD PMU driver.
[    0.163884] ... version:                0
[    0.164410] ... bit width:              48
[    0.164881] ... generic registers:      6
[    0.165407] ... value mask:             0000ffffffffffff
[    0.165881] ... max period:             00007fffffffffff
[    0.166578] ... fixed-purpose events:   0
[    0.166881] ... event mask:             000000000000003f
[    0.167704] signal: max sigframe size: 3376
[    0.167930] rcu: Hierarchical SRCU implementation.
[    0.168561] rcu: Max phase no-delay instances is 400.
[    0.173121] smp: Bringing up secondary CPUs ...
[    0.173914] smpboot: x86: Booting SMP configuration:
[    0.174570] .... node  #0, CPUs:        #1  #2  #3  #4  #5  #6  #7  #8  #9 #10 #11 #12 #13 #14 #15 #16 #17 #18 #19 #20 #21 #22 #23 #24 #25 #26 #27 #28 #29 #30 #31
[    0.199061] smp: Brought up 1 node, 32 CPUs
[    0.200427] smpboot: Total of 32 processors activated (287459.58 BogoMIPS)
[    0.205145] devtmpfs: initialized
[    0.206062] x86/mm: Memory block size: 128MB
[    0.213147] clocksource: jiffies: mask: 0xffffffff max_cycles: 0xffffffff, max_idle_ns: 1911260446275000 ns
[    0.213962] futex hash table entries: 8192 (order: 7, 524288 bytes, linear)
[    0.215222] PM: RTC time: 03:27:20, date: 2024-04-27
[    0.216699] NET: Registered PF_NETLINK/PF_ROUTE protocol family
[    0.217811] thermal_sys: Registered thermal governor 'step_wise'
[    0.217814] thermal_sys: Registered thermal governor 'user_space'
[    0.217914] cpuidle: using governor menu
[    0.220445] PCI: Using configuration type 1 for base access
[    0.220881] PCI: Using configuration type 1 for extended access
[    0.221793] kprobes: kprobe jump-optimization is enabled. All kprobes are optimized if possible.
[    0.238030] HugeTLB: registered 1.00 GiB page size, pre-allocated 0 pages
[    0.238881] HugeTLB: 16380 KiB vmemmap can be freed for a 1.00 GiB page
[    0.239762] HugeTLB: registered 2.00 MiB page size, pre-allocated 0 pages
[    0.240881] HugeTLB: 28 KiB vmemmap can be freed for a 2.00 MiB page
[    0.241982] Demotion targets for Node 0: null
[    0.243142] ACPI: Added _OSI(Module Device)
[    0.243695] ACPI: Added _OSI(Processor Device)
[    0.243881] ACPI: Added _OSI(3.0 _SCP Extensions)
[    0.244504] ACPI: Added _OSI(Processor Aggregator Device)
[    0.269348] ACPI: 1 ACPI AML tables successfully acquired and loaded
[    0.273100] ACPI: _OSC evaluation for CPUs failed, trying _PDC
[    0.276248] ACPI: Interpreter enabled
[    0.276806] ACPI: PM: (supports S0 S3 S4 S5)
[    0.276881] ACPI: Using IOAPIC for interrupt routing
[    0.277601] PCI: Using host bridge windows from ACPI; if necessary, use "pci=nocrs" and report a bug
[    0.278881] PCI: Using E820 reservations for host bridge windows
[    0.280816] ACPI: Enabled 2 GPEs in block 00 to 0F
[    0.333112] ACPI: PCI Root Bridge [PCI0] (domain 0000 [bus 00-ff])
[    0.333896] acpi PNP0A03:00: _OSC: OS supports [ExtendedConfig ASPM ClockPM Segments MSI HPX-Type3]
[    0.335409] PCI host bridge to bus 0000:00
[    0.335886] pci_bus 0000:00: root bus resource [io  0x0000-0x0cf7 window]
[    0.336792] pci_bus 0000:00: root bus resource [io  0x0d00-0xffff window]
[    0.337884] pci_bus 0000:00: root bus resource [mem 0x000a0000-0x000bffff window]
[    0.338881] pci_bus 0000:00: root bus resource [mem 0x40000000-0xfebfffff window]
[    0.339872] pci_bus 0000:00: root bus resource [mem 0x100000000-0x17fffffff window]
[    0.340888] pci_bus 0000:00: root bus resource [bus 00-ff]
[    0.341998] pci 0000:00:00.0: [8086:1237] type 00 class 0x060000 conventional PCI endpoint
[    0.343773] pci 0000:00:01.0: [8086:7000] type 00 class 0x060100 conventional PCI endpoint
[    0.345823] pci 0000:00:01.1: [8086:7010] type 00 class 0x010180 conventional PCI endpoint
[    0.349387] pci 0000:00:01.1: BAR 4 [io  0xc0c0-0xc0cf]
[    0.350890] pci 0000:00:01.1: BAR 0 [io  0x01f0-0x01f7]: legacy IDE quirk
[    0.351777] pci 0000:00:01.1: BAR 1 [io  0x03f6]: legacy IDE quirk
[    0.352881] pci 0000:00:01.1: BAR 2 [io  0x0170-0x0177]: legacy IDE quirk
[    0.353751] pci 0000:00:01.1: BAR 3 [io  0x0376]: legacy IDE quirk
[    0.355611] pci 0000:00:01.3: [8086:7113] type 00 class 0x068000 conventional PCI endpoint
[    0.356156] pci 0000:00:01.3: quirk: [io  0x0600-0x063f] claimed by PIIX4 ACPI
[    0.358886] pci 0000:00:01.3: quirk: [io  0x0700-0x070f] claimed by PIIX4 SMB
[    0.360540] pci 0000:00:02.0: [1af4:1009] type 00 class 0x000200 conventional PCI endpoint
[    0.362882] pci 0000:00:02.0: BAR 0 [io  0xc000-0xc03f]
[    0.364882] pci 0000:00:02.0: BAR 1 [mem 0xfebfc000-0xfebfcfff]
[    0.372882] pci 0000:00:02.0: BAR 4 [mem 0xfebf0000-0xfebf3fff 64bit pref]
[    0.391412] pci 0000:00:03.0: [1af4:1009] type 00 class 0x000200 conventional PCI endpoint
[    0.394882] pci 0000:00:03.0: BAR 0 [io  0xc040-0xc07f]
[    0.396645] pci 0000:00:03.0: BAR 1 [mem 0xfebfd000-0xfebfdfff]
[    0.401881] pci 0000:00:03.0: BAR 4 [mem 0xfebf4000-0xfebf7fff 64bit pref]
[    0.417785] pci 0000:00:04.0: [8086:25ab] type 00 class 0x088000 conventional PCI endpoint
[    0.419337] pci 0000:00:04.0: BAR 0 [mem 0xfebfe000-0xfebfe00f]
[    0.435282] pci 0000:00:05.0: [1af4:1003] type 00 class 0x078000 conventional PCI endpoint
[    0.436882] pci 0000:00:05.0: BAR 0 [io  0xc080-0xc0bf]
[    0.439577] pci 0000:00:05.0: BAR 1 [mem 0xfebff000-0xfebfffff]
[    0.443882] pci 0000:00:05.0: BAR 4 [mem 0xfebf8000-0xfebfbfff 64bit pref]
[    0.461982] ACPI: PCI: Interrupt link LNKA configured for IRQ 10
[    0.463678] ACPI: PCI: Interrupt link LNKB configured for IRQ 10
[    0.465824] ACPI: PCI: Interrupt link LNKC configured for IRQ 11
[    0.467817] ACPI: PCI: Interrupt link LNKD configured for IRQ 11
[    0.468281] ACPI: PCI: Interrupt link LNKS configured for IRQ 9
[    0.487703] iommu: Default domain type: Translated
[    0.488881] iommu: DMA domain TLB invalidation policy: lazy mode
[    0.490142] SCSI subsystem initialized
[    0.491019] pps_core: LinuxPPS API ver. 1 registered
[    0.491662] pps_core: Software ver. 5.3.6 - Copyright 2005-2007 Rodolfo Giometti <giometti@linux.it>
[    0.492896] PTP clock support registered
[    0.494018] Advanced Linux Sound Architecture Driver Initialized.
[    0.496089] NET: Registered PF_ATMPVC protocol family
[    0.496752] NET: Registered PF_ATMSVC protocol family
[    0.496906] PCI: Using ACPI for IRQ routing
[    0.497928] vgaarb: loaded
[    0.498003] hpet0: at MMIO 0xfed00000, IRQs 2, 8, 0
[    0.498648] hpet0: 3 comparators, 64-bit 100.000000 MHz counter
[    0.504452] clocksource: Switched to clocksource kvm-clock
[    0.505742] VFS: Disk quotas dquot_6.6.0
[    0.506292] VFS: Dquot-cache hash table entries: 512 (order 0, 4096 bytes)
[    0.507393] pnp: PnP ACPI init
[    0.514060] pnp: PnP ACPI: found 5 devices
[    0.528831] clocksource: acpi_pm: mask: 0xffffff max_cycles: 0xffffff, max_idle_ns: 2085701024 ns
[    0.530067] NET: Registered PF_INET protocol family
[    0.530744] IP idents hash table entries: 16384 (order: 5, 131072 bytes, linear)
[    0.532115] tcp_listen_portaddr_hash hash table entries: 512 (order: 1, 8192 bytes, linear)
[    0.533210] Table-perturb hash table entries: 65536 (order: 6, 262144 bytes, linear)
[    0.534224] TCP established hash table entries: 8192 (order: 4, 65536 bytes, linear)
[    0.535310] TCP bind hash table entries: 8192 (order: 6, 262144 bytes, linear)
[    0.536251] TCP: Hash tables configured (established 8192 bind 8192)
[    0.537248] UDP hash table entries: 512 (order: 2, 16384 bytes, linear)
[    0.538155] UDP-Lite hash table entries: 512 (order: 2, 16384 bytes, linear)
[    0.539289] NET: Registered PF_UNIX/PF_LOCAL protocol family
[    0.540042] pci_bus 0000:00: resource 4 [io  0x0000-0x0cf7 window]
[    0.540834] pci_bus 0000:00: resource 5 [io  0x0d00-0xffff window]
[    0.541633] pci_bus 0000:00: resource 6 [mem 0x000a0000-0x000bffff window]
[    0.542518] pci_bus 0000:00: resource 7 [mem 0x40000000-0xfebfffff window]
[    0.543406] pci_bus 0000:00: resource 8 [mem 0x100000000-0x17fffffff window]
[    0.544525] pci 0000:00:01.0: PIIX3: Enabling Passive Release
[    0.545266] pci 0000:00:00.0: Limiting direct PCI/PCI transfers
[    0.546119] PCI: CLS 0 bytes, default 64
[    0.546906] kvm_intel: VMX not supported by CPU 18
[    0.547553] kvm_amd: TSC scaling supported
[    0.548097] kvm_amd: Nested Virtualization enabled
[    0.548710] kvm_amd: Nested Paging enabled
[    0.549252] kvm_amd: Virtual VMLOAD VMSAVE supported
[    0.549885] kvm_amd: Virtual GIF supported
[    0.550402] kvm_amd: Virtual NMI enabled
[    0.550911] kvm_amd: LBR virtualization supported
[    0.672141] Initialise system trusted keyrings
[    0.673075] workingset: timestamp_bits=56 max_order=18 bucket_order=0
[    0.674315] squashfs: version 4.0 (2009/01/31) Phillip Lougher
[    0.675315] fuse: init (API version 7.40)
[    0.676176] 9p: Installing v9fs 9p2000 file system support
[    0.690819] Key type asymmetric registered
[    0.691528] Asymmetric key parser 'x509' registered
[    0.692447] Block layer SCSI generic (bsg) driver version 0.4 loaded (major 249)
[    0.693749] io scheduler mq-deadline registered
[    0.694517] io scheduler kyber registered
[    0.697093] input: Power Button as /devices/LNXSYSTM:00/LNXPWRBN:00/input/input0
[    0.698671] ACPI: button: Power Button [PWRF]
[    0.699555] Warning: Processor Platform Limit event detected, but not handled.
[    0.700757] Consider compiling CPUfreq support into your kernel.
[    1.621032] ACPI: \_SB_.LNKB: Enabled at IRQ 10
[    2.465722] ACPI: \_SB_.LNKC: Enabled at IRQ 11
[    3.310675] ACPI: \_SB_.LNKA: Enabled at IRQ 10
[    3.312689] Serial: 8250/16550 driver, 4 ports, IRQ sharing enabled
[    3.314173] 00:03: ttyS0 at I/O 0x3f8 (irq = 4, base_baud = 115200) is a 16550A
[    3.361900] Non-volatile memory driver v1.3
[    3.362763] Linux agpgart interface v0.103
[    3.363460] printk: legacy console [hvc0] enabled
[    3.363725] ACPI: bus type drm_connector registered
[    3.364241] printk: legacy bootconsole [earlyser0] disabled
          _      _                                    
   __   _(_)_ __| |_ _ __ ___   ___       _ __   __ _ 
   \ \ / / |  __| __|  _   _ \ / _ \_____|  _ \ / _  |
    \ V /| | |  | |_| | | | | |  __/_____| | | | (_| |
     \_/ |_|_|   \__|_| |_| |_|\___|     |_| |_|\__  |
                                                |___/ 
   kernel version: 6.9.0-rc5-virtme x86_64
   (CTRL+d to exit)

virtme-ng:/nipa-data/kernel# PS1='xx__-> '
xx__-> env
PWD=/nipa-data/kernel
nr_open=1048576
HOME=/root
TERM=xterm
SHLVL=2
XDG_RUNTIME_DIR=/run/user/0
PATH=/bin:/sbin:/usr/bin:/usr/sbin:/usr/local/bin
OLDPWD=/
_=/usr/bin/env
xx__-> 