No EFI environment detected.
early console in extract_kernel
input_data: 0x0000000004c882c4
input_len: 0x00000000019725d6
output: 0x0000000001000000
output_len: 0x00000000055844c8
kernel_total_size: 0x0000000005230000
needed_size: 0x0000000005600000
trampoline_32bit: 0x0000000000000000
Physical KASLR using RDRAND RDTSC...
Virtual KASLR using RDRAND RDTSC...

Decompressing Linux... Parsing ELF... Performing relocations... done.
Booting the kernel (entry_offset: 0x0000000002bbb030).
[    0.000000] Linux version 6.14.0-virtme (root@bbd5f28a6f7a) (gcc (Ubuntu 13.3.0-6ubuntu2~24.04) 13.3.0, GNU ld (GNU Binutils for Ubuntu) 2.42) #1 SMP PREEMPT_DYNAMIC Thu Apr  3 12:26:49 UTC 2025
[    0.000000] Command line: virtme_hostname=virtme-ng nr_open=1048576 virtme_link_mods=/nipa-data/kernel/.virtme_mods/lib/modules/0.0.0 virtme_initmount0=nipa-data/kernel virtme_rw_overlay0=/etc virtme_rw_overlay1=/lib virtme_rw_overlay2=/home virtme_rw_overlay3=/opt virtme_rw_overlay4=/srv virtme_rw_overlay5=/usr virtme_rw_overlay6=/var console=hvc0 earlyprintk=serial,ttyS0,115200 virtme_console=ttyS0 psmouse.proto=exps TERM=xterm virtme_chdir=nipa-data/kernel virtme_root_user=1 rootfstype=9p rootflags=version=9p2000.L,trans=virtio,access=any raid=noautodetect ro init=/usr/lib/python3/dist-packages/virtme/guest/virtme-init
[    0.000000] BIOS-provided physical RAM map:
[    0.000000] BIOS-e820: [mem 0x0000000000000000-0x000000000009fbff] usable
[    0.000000] BIOS-e820: [mem 0x000000000009fc00-0x000000000009ffff] reserved
[    0.000000] BIOS-e820: [mem 0x00000000000f0000-0x00000000000fffff] reserved
[    0.000000] BIOS-e820: [mem 0x0000000000100000-0x000000003ffdffff] usable
[    0.000000] BIOS-e820: [mem 0x000000003ffe0000-0x000000003fffffff] reserved
[    0.000000] BIOS-e820: [mem 0x00000000feffc000-0x00000000feffffff] reserved
[    0.000000] BIOS-e820: [mem 0x00000000fffc0000-0x00000000ffffffff] reserved
[    0.000000] BIOS-e820: [mem 0x000000fd00000000-0x000000ffffffffff] reserved
[    0.000000] printk: legacy bootconsole [earlyser0] enabled
[    0.000000] NX (Execute Disable) protection: active
[    0.000000] APIC: Static calls initialized
[    0.000000] SMBIOS 3.0.0 present.
[    0.000000] DMI: QEMU Ubuntu 24.04 PC (i440FX + PIIX, 1996), BIOS 1.16.3-debian-1.16.3-2 04/01/2014
[    0.000000] DMI: Memory slots populated: 1/1
[    0.000000] Hypervisor detected: KVM
[    0.000000] kvm-clock: Using msrs 4b564d01 and 4b564d00
[    0.000000] kvm-clock: using sched offset of 333349236 cycles
[    0.000367] clocksource: kvm-clock: mask: 0xffffffffffffffff max_cycles: 0x1cd42e4dffb, max_idle_ns: 881590591483 ns
[    0.001507] tsc: Detected 4491.560 MHz processor
[    0.002173] last_pfn = 0x3ffe0 max_arch_pfn = 0x400000000
[    0.002573] MTRR map: 4 entries (3 fixed + 1 variable; max 19), built from 8 variable MTRRs
[    0.003156] x86/PAT: Configuration [0-7]: WB  WC  UC- UC  WB  WP  UC- WT  
[    0.005054] found SMP MP-table at [mem 0x000f5470-0x000f547f]
[    0.005460] Using GB pages for direct mapping
[    0.005914] ACPI: Early table checksum verification disabled
[    0.006310] ACPI: RSDP 0x00000000000F5290 000014 (v00 BOCHS )
[    0.006713] ACPI: RSDT 0x000000003FFE27BC 000034 (v01 BOCHS  BXPC     00000001 BXPC 00000001)
[    0.007312] ACPI: FACP 0x000000003FFE2578 000074 (v01 BOCHS  BXPC     00000001 BXPC 00000001)
[    0.007911] ACPI: DSDT 0x000000003FFE0040 002538 (v01 BOCHS  BXPC     00000001 BXPC 00000001)
[    0.008511] ACPI: FACS 0x000000003FFE0000 000040
[    0.008835] ACPI: APIC 0x000000003FFE25EC 000170 (v03 BOCHS  BXPC     00000001 BXPC 00000001)
[    0.009432] ACPI: HPET 0x000000003FFE275C 000038 (v01 BOCHS  BXPC     00000001 BXPC 00000001)
[    0.010034] ACPI: WAET 0x000000003FFE2794 000028 (v01 BOCHS  BXPC     00000001 BXPC 00000001)
[    0.010630] ACPI: Reserving FACP table memory at [mem 0x3ffe2578-0x3ffe25eb]
[    0.011121] ACPI: Reserving DSDT table memory at [mem 0x3ffe0040-0x3ffe2577]
[    0.011612] ACPI: Reserving FACS table memory at [mem 0x3ffe0000-0x3ffe003f]
[    0.012102] ACPI: Reserving APIC table memory at [mem 0x3ffe25ec-0x3ffe275b]
[    0.012593] ACPI: Reserving HPET table memory at [mem 0x3ffe275c-0x3ffe2793]
[    0.013084] ACPI: Reserving WAET table memory at [mem 0x3ffe2794-0x3ffe27bb]
[    0.013767] No NUMA configuration found
[    0.014035] Faking a node at [mem 0x0000000000000000-0x000000003ffdffff]
[    0.014502] NODE_DATA(0) allocated [mem 0x3ffdb600-0x3ffdffff]
[    0.014925] Zone ranges:
[    0.015105]   DMA      [mem 0x0000000000001000-0x0000000000ffffff]
[    0.015536]   DMA32    [mem 0x0000000001000000-0x000000003ffdffff]
[    0.015965]   Normal   empty
[    0.016166]   Device   empty
[    0.016367] Movable zone start for each node
[    0.016663] Early memory node ranges
[    0.016911]   node   0: [mem 0x0000000000001000-0x000000000009efff]
[    0.017347]   node   0: [mem 0x0000000000100000-0x000000003ffdffff]
[    0.017784] Initmem setup node 0 [mem 0x0000000000001000-0x000000003ffdffff]
[    0.018279] On node 0, zone DMA: 1 pages in unavailable ranges
[    0.018775] On node 0, zone DMA: 97 pages in unavailable ranges
[    0.023426] On node 0, zone DMA32: 32 pages in unavailable ranges
[    0.032456] kasan: KernelAddressSanitizer initialized
[    0.033033] ACPI: PM-Timer IO Port: 0x608
[    0.033324] ACPI: LAPIC_NMI (acpi_id[0xff] dfl dfl lint[0x1])
[    0.033755] IOAPIC[0]: apic_id 0, version 17, address 0xfec00000, GSI 0-23
[    0.034235] ACPI: INT_SRC_OVR (bus 0 bus_irq 0 global_irq 2 dfl dfl)
[    0.034677] ACPI: INT_SRC_OVR (bus 0 bus_irq 5 global_irq 5 high level)
[    0.035138] ACPI: INT_SRC_OVR (bus 0 bus_irq 9 global_irq 9 high level)
[    0.035599] ACPI: INT_SRC_OVR (bus 0 bus_irq 10 global_irq 10 high level)
[    0.036072] ACPI: INT_SRC_OVR (bus 0 bus_irq 11 global_irq 11 high level)
[    0.036546] ACPI: Using ACPI (MADT) for SMP configuration information
[    0.036994] ACPI: HPET id: 0x8086a201 base: 0xfed00000
[    0.037354] TSC deadline timer available
[    0.037640] CPU topo: Max. logical packages:   1
[    0.037961] CPU topo: Max. logical dies:       1
[    0.038283] CPU topo: Max. dies per package:   1
[    0.038610] CPU topo: Max. threads per core:   1
[    0.038932] CPU topo: Num. cores per package:    32
[    0.039272] CPU topo: Num. threads per package:  32
[    0.039612] CPU topo: Allowing 32 present CPUs plus 0 hotplug CPUs
[    0.040057] kvm-guest: APIC: eoi() replaced with kvm_guest_apic_eoi_write()
[    0.040554] kvm-guest: KVM setup pv remote TLB flush
[    0.040901] kvm-guest: setup PV sched yield
[    0.041199] PM: hibernation: Registered nosave memory: [mem 0x00000000-0x00000fff]
[    0.041736] PM: hibernation: Registered nosave memory: [mem 0x0009f000-0x0009ffff]
[    0.042262] PM: hibernation: Registered nosave memory: [mem 0x000a0000-0x000effff]
[    0.042786] PM: hibernation: Registered nosave memory: [mem 0x000f0000-0x000fffff]
[    0.043315] [mem 0x40000000-0xfeffbfff] available for PCI devices
[    0.043737] Booting paravirtualized kernel on KVM
[    0.044063] clocksource: refined-jiffies: mask: 0xffffffff max_cycles: 0xffffffff, max_idle_ns: 1910969940391419 ns
[    0.052632] setup_percpu: NR_CPUS:64 nr_cpumask_bits:32 nr_cpu_ids:32 nr_node_ids:1
[    0.054368] percpu: Embedded 65 pages/cpu s228056 r8192 d29992 u524288
[    0.054891] Kernel command line: virtme_hostname=virtme-ng nr_open=1048576 virtme_link_mods=/nipa-data/kernel/.virtme_mods/lib/modules/0.0.0 virtme_initmount0=nipa-data/kernel virtme_rw_overlay0=/etc virtme_rw_overlay1=/lib virtme_rw_overlay2=/home virtme_rw_overlay3=/opt virtme_rw_overlay4=/srv virtme_rw_overlay5=/usr virtme_rw_overlay6=/var console=hvc0 earlyprintk=serial,ttyS0,115200 virtme_console=ttyS0 psmouse.proto=exps TERM=xterm virtme_chdir=nipa-data/kernel virtme_root_user=1 rootfstype=9p rootflags=version=9p2000.L,trans=virtio,access=any raid=noautodetect ro init=/usr/lib/python3/dist-packages/virtme/guest/virtme-init
[    0.059021] Unknown kernel command line parameters "virtme_hostname=virtme-ng nr_open=1048576 virtme_link_mods=/nipa-data/kernel/.virtme_mods/lib/modules/0.0.0 virtme_initmount0=nipa-data/kernel virtme_rw_overlay0=/etc virtme_rw_overlay1=/lib virtme_rw_overlay2=/home virtme_rw_overlay3=/opt virtme_rw_overlay4=/srv virtme_rw_overlay5=/usr virtme_rw_overlay6=/var virtme_console=ttyS0 virtme_chdir=nipa-data/kernel virtme_root_user=1", will be passed to user space.
[    0.062124] random: crng init done
[    0.062368] printk: log buffer data + meta data: 262144 + 917504 = 1179648 bytes
[    0.062917] Dentry cache hash table entries: 131072 (order: 8, 1048576 bytes, linear)
[    0.063491] Inode-cache hash table entries: 65536 (order: 7, 524288 bytes, linear)
[    0.064433] Fallback order for Node 0: 0 
[    0.064437] Built 1 zonelists, mobility grouping on.  Total pages: 262014
[    0.065210] Policy zone: DMA32
[    0.065429] mem auto-init: stack:all(zero), heap alloc:off, heap free:off
[    0.065918] stackdepot: allocating hash table via alloc_large_system_hash
[    0.066404] stackdepot hash table entries: 1048576 (order: 12, 16777216 bytes, linear)
[    0.074377] SLUB: HWalign=64, Order=0-3, MinObjects=0, CPUs=32, Nodes=1
Poking KASLR using RDRAND RDTSC...
[    0.083523] ftrace: allocating 48896 entries in 192 pages
[    0.083907] ftrace: allocated 192 pages with 2 groups
[    0.085124] Dynamic Preempt: voluntary
[    0.085852] rcu: Preemptible hierarchical RCU implementation.
[    0.086261] rcu: RCU event tracing is enabled.
[    0.086582] rcu: RCU restricting CPUs from NR_CPUS=64 to nr_cpu_ids=32.
[    0.087057] Trampoline variant of Tasks RCU enabled.
[    0.087420] Rude variant of Tasks RCU enabled.
[    0.087743] Tracing variant of Tasks RCU enabled.
[    0.088084] rcu: RCU calculated value of scheduler-enlistment delay is 100 jiffies.
[    0.088630] rcu: Adjusting geometry for rcu_fanout_leaf=16, nr_cpu_ids=32
[    0.089180] RCU Tasks: Setting shift to 5 and lim to 1 rcu_task_cb_adjust=1 rcu_task_cpu_ids=32.
[    0.089814] RCU Tasks Rude: Setting shift to 5 and lim to 1 rcu_task_cb_adjust=1 rcu_task_cpu_ids=32.
[    0.090469] RCU Tasks Trace: Setting shift to 5 and lim to 1 rcu_task_cb_adjust=1 rcu_task_cpu_ids=32.
[    0.100394] NR_IRQS: 4352, nr_irqs: 680, preallocated irqs: 16
[    0.101060] rcu: srcu_init: Setting srcu_struct sizes based on contention.
[    0.101992] Console: colour *CGA 80x25
[    0.102295] ACPI: Core revision 20240827
[    0.102723] clocksource: hpet: mask: 0xffffffff max_cycles: 0xffffffff, max_idle_ns: 19112604467 ns
[    0.103432] APIC: Switch to symmetric I/O mode setup
[    0.103931] x2apic enabled
[    0.104308] APIC: Switched APIC routing to: physical x2apic
[    0.104703] kvm-guest: APIC: send_IPI_mask() replaced with kvm_send_ipi_mask()
[    0.105217] kvm-guest: APIC: send_IPI_mask_allbutself() replaced with kvm_send_ipi_mask_allbutself()
[    0.105995] kvm-guest: setup PV IPIs
[    0.107175] ..TIMER: vector=0x30 apic1=0 pin1=2 apic2=-1 pin2=-1
[    0.107958] clocksource: tsc-early: mask: 0xffffffffffffffff max_cycles: 0x40be4320a4d, max_idle_ns: 440795288133 ns
[    0.109307] Calibrating delay loop (skipped) preset value.. 8983.12 BogoMIPS (lpj=4491560)
[    0.111308] x86/cpu: User Mode Instruction Prevention (UMIP) activated
[    0.112189] Last level iTLB entries: 4KB 512, 2MB 255, 4MB 127
[    0.112304] Last level dTLB entries: 4KB 512, 2MB 255, 4MB 127, 1GB 0
[    0.113309] Spectre V1 : Mitigation: usercopy/swapgs barriers and __user pointer sanitization
[    0.114308] Spectre V2 : Mitigation: Enhanced / Automatic IBRS
[    0.115304] Spectre V2 : Spectre v2 / SpectreRSB mitigation: Filling RSB on context switch
[    0.116306] Spectre V2 : mitigation: Enabling conditional Indirect Branch Prediction Barrier
[    0.117306] Speculative Store Bypass: Mitigation: Speculative Store Bypass disabled via prctl
[    0.118304] Speculative Return Stack Overflow: IBPB-extending microcode not applied!
[    0.119304] Speculative Return Stack Overflow: WARNING: See https://kernel.org/doc/html/latest/admin-guide/hw-vuln/srso.html for mitigation options.
[    0.119306] Speculative Return Stack Overflow: Vulnerable: Safe RET, no microcode
[    0.121319] x86/fpu: Supporting XSAVE feature 0x001: 'x87 floating point registers'
[    0.122304] x86/fpu: Supporting XSAVE feature 0x002: 'SSE registers'
[    0.123083] x86/fpu: Supporting XSAVE feature 0x004: 'AVX registers'
[    0.123304] x86/fpu: Supporting XSAVE feature 0x020: 'AVX-512 opmask'
[    0.124304] x86/fpu: Supporting XSAVE feature 0x040: 'AVX-512 Hi256'
[    0.125304] x86/fpu: Supporting XSAVE feature 0x080: 'AVX-512 ZMM_Hi256'
[    0.126304] x86/fpu: Supporting XSAVE feature 0x200: 'Protection Keys User registers'
[    0.127304] x86/fpu: xstate_offset[2]:  576, xstate_sizes[2]:  256
[    0.128061] x86/fpu: xstate_offset[5]:  832, xstate_sizes[5]:   64
[    0.128304] x86/fpu: xstate_offset[6]:  896, xstate_sizes[6]:  512
[    0.129304] x86/fpu: xstate_offset[7]: 1408, xstate_sizes[7]: 1024
[    0.130304] x86/fpu: xstate_offset[9]: 2432, xstate_sizes[9]:    8
[    0.131061] x86/fpu: Enabled xstate features 0x2e7, context size is 2440 bytes, using 'compacted' format.
[    0.154387] Freeing SMP alternatives memory: 40K
[    0.154959] pid_max: default: 32768 minimum: 301
[    0.155448] Mount-cache hash table entries: 2048 (order: 2, 16384 bytes, linear)
[    0.156305] Mountpoint-cache hash table entries: 2048 (order: 2, 16384 bytes, linear)
[    0.157993] smpboot: CPU0: AMD Ryzen 9 7950X 16-Core Processor (family: 0x19, model: 0x61, stepping: 0x2)
[    0.158766] Performance Events: Fam17h+ core perfctr, AMD PMU driver.
[    0.159307] ... version:                0
[    0.159799] ... bit width:              48
[    0.160299] ... generic registers:      6
[    0.160305] ... value mask:             0000ffffffffffff
[    0.160954] ... max period:             00007fffffffffff
[    0.161305] ... fixed-purpose events:   0
[    0.161795] ... event mask:             000000000000003f
[    0.162457] signal: max sigframe size: 3376
[    0.163016] rcu: Hierarchical SRCU implementation.
[    0.163306] rcu: Max phase no-delay instances is 400.
[    0.164024] Timer migration: 2 hierarchy levels; 8 children per group; 2 crossnode level
[    0.168402] smp: Bringing up secondary CPUs ...
[    0.169468] smpboot: x86: Booting SMP configuration:
[    0.170079] .... node  #0, CPUs:        #1  #2  #3  #4  #5  #6  #7  #8  #9 #10 #11 #12 #13 #14 #15 #16 #17 #18 #19 #20 #21 #22 #23 #24 #25 #26 #27 #28 #29 #30 #31
[    0.198412] smp: Brought up 1 node, 32 CPUs
[    0.199835] smpboot: Total of 32 processors activated (287459.84 BogoMIPS)
[    0.204364] Memory: 761328K/1048056K available (44781K kernel code, 11588K rwdata, 10264K rodata, 6148K init, 1336K bss, 270692K reserved, 0K cma-reserved)
[    0.205438] devtmpfs: initialized
[    0.206329] x86/mm: Memory block size: 128MB
[    0.213498] clocksource: jiffies: mask: 0xffffffff max_cycles: 0xffffffff, max_idle_ns: 1911260446275000 ns
[    0.214309] posixtimers hash table entries: 16384 (order: 6, 262144 bytes, linear)
[    0.215270] futex hash table entries: 8192 (order: 7, 524288 bytes, linear)
[    0.215686] PM: RTC time: 12:27:16, date: 2025-04-03
[    0.217135] NET: Registered PF_NETLINK/PF_ROUTE protocol family
[    0.218201] thermal_sys: Registered thermal governor 'step_wise'
[    0.218231] cpuidle: using governor menu
[    0.220075] PCI: Using configuration type 1 for base access
[    0.220306] PCI: Using configuration type 1 for extended access
[    0.221177] kprobes: kprobe jump-optimization is enabled. All kprobes are optimized if possible.
[    0.234365] HugeTLB: allocation took 0ms with hugepage_allocation_threads=8
[    0.235339] HugeTLB: registered 1.00 GiB page size, pre-allocated 0 pages
[    0.236169] HugeTLB: 16380 KiB vmemmap can be freed for a 1.00 GiB page
[    0.237306] HugeTLB: registered 2.00 MiB page size, pre-allocated 0 pages
[    0.238133] HugeTLB: 28 KiB vmemmap can be freed for a 2.00 MiB page
[    0.239675] ACPI: Added _OSI(Module Device)
[    0.239675] ACPI: Added _OSI(Processor Device)
[    0.239852] ACPI: Added _OSI(3.0 _SCP Extensions)
[    0.241306] ACPI: Added _OSI(Processor Aggregator Device)
[    0.266652] ACPI: 1 ACPI AML tables successfully acquired and loaded
[    0.271342] ACPI: Interpreter enabled
[    0.271859] ACPI: PM: (supports S0 S3 S4 S5)
[    0.272306] ACPI: Using IOAPIC for interrupt routing
[    0.272963] PCI: Using host bridge windows from ACPI; if necessary, use "pci=nocrs" and report a bug
[    0.274306] PCI: Using E820 reservations for host bridge windows
[    0.276160] ACPI: Enabled 2 GPEs in block 00 to 0F
[    0.326254] ACPI: PCI Root Bridge [PCI0] (domain 0000 [bus 00-ff])
[    0.327321] acpi PNP0A03:00: _OSC: OS supports [ExtendedConfig ASPM ClockPM Segments MSI HPX-Type3]
[    0.328829] PCI host bridge to bus 0000:00
[    0.329364] pci_bus 0000:00: root bus resource [io  0x0000-0x0cf7 window]
[    0.330205] pci_bus 0000:00: root bus resource [io  0x0d00-0xffff window]
[    0.331309] pci_bus 0000:00: root bus resource [mem 0x000a0000-0x000bffff window]
[    0.332233] pci_bus 0000:00: root bus resource [mem 0x40000000-0xfebfffff window]
[    0.333308] pci_bus 0000:00: root bus resource [mem 0x100000000-0x17fffffff window]
[    0.334257] pci_bus 0000:00: root bus resource [bus 00-ff]
[    0.334401] pci 0000:00:00.0: [8086:1237] type 00 class 0x060000 conventional PCI endpoint
[    0.336233] pci 0000:00:01.0: [8086:7000] type 00 class 0x060100 conventional PCI endpoint
[    0.338210] pci 0000:00:01.1: [8086:7010] type 00 class 0x010180 conventional PCI endpoint
[    0.339743] pci 0000:00:01.1: BAR 4 [io  0xc0c0-0xc0cf]
[    0.340324] pci 0000:00:01.1: BAR 0 [io  0x01f0-0x01f7]: legacy IDE quirk
[    0.341160] pci 0000:00:01.1: BAR 1 [io  0x03f6]: legacy IDE quirk
[    0.342306] pci 0000:00:01.1: BAR 2 [io  0x0170-0x0177]: legacy IDE quirk
[    0.343134] pci 0000:00:01.1: BAR 3 [io  0x0376]: legacy IDE quirk
[    0.345026] pci 0000:00:01.3: [8086:7113] type 00 class 0x068000 conventional PCI endpoint
[    0.345525] pci 0000:00:01.3: quirk: [io  0x0600-0x063f] claimed by PIIX4 ACPI
[    0.346310] pci 0000:00:01.3: quirk: [io  0x0700-0x070f] claimed by PIIX4 SMB
[    0.347960] pci 0000:00:02.0: [1af4:1009] type 00 class 0x000200 conventional PCI endpoint
[    0.350310] pci 0000:00:02.0: BAR 0 [io  0xc000-0xc03f]
[    0.350956] pci 0000:00:02.0: BAR 1 [mem 0xfebfc000-0xfebfcfff]
[    0.352320] pci 0000:00:02.0: BAR 4 [mem 0xfebf0000-0xfebf3fff 64bit pref]
[    0.365310] pci 0000:00:03.0: [1af4:1009] type 00 class 0x000200 conventional PCI endpoint
[    0.367310] pci 0000:00:03.0: BAR 0 [io  0xc040-0xc07f]
[    0.367963] pci 0000:00:03.0: BAR 1 [mem 0xfebfd000-0xfebfdfff]
[    0.368320] pci 0000:00:03.0: BAR 4 [mem 0xfebf4000-0xfebf7fff 64bit pref]
[    0.381271] pci 0000:00:04.0: [8086:25ab] type 00 class 0x088000 conventional PCI endpoint
[    0.382654] pci 0000:00:04.0: BAR 0 [mem 0xfebfe000-0xfebfe00f]
[    0.395293] pci 0000:00:05.0: [1af4:1003] type 00 class 0x078000 conventional PCI endpoint
[    0.397033] pci 0000:00:05.0: BAR 0 [io  0xc080-0xc0bf]
[    0.398310] pci 0000:00:05.0: BAR 1 [mem 0xfebff000-0xfebfffff]
[    0.399054] pci 0000:00:05.0: BAR 4 [mem 0xfebf8000-0xfebfbfff 64bit pref]
[    0.413878] ACPI: PCI: Interrupt link LNKA configured for IRQ 10
[    0.415293] ACPI: PCI: Interrupt link LNKB configured for IRQ 10
[    0.417283] ACPI: PCI: Interrupt link LNKC configured for IRQ 11
[    0.419276] ACPI: PCI: Interrupt link LNKD configured for IRQ 11
[    0.420710] ACPI: PCI: Interrupt link LNKS configured for IRQ 9
[    0.440754] iommu: Default domain type: Translated
[    0.441306] iommu: DMA domain TLB invalidation policy: lazy mode
[    0.442548] SCSI subsystem initialized
[    0.443361] pps_core: LinuxPPS API ver. 1 registered
[    0.443977] pps_core: Software ver. 5.3.6 - Copyright 2005-2007 Rodolfo Giometti <giometti@linux.it>
[    0.445321] PTP clock support registered
[    0.445906] Advanced Linux Sound Architecture Driver Initialized.
[    0.447470] NET: Registered PF_ATMPVC protocol family
[    0.448102] NET: Registered PF_ATMSVC protocol family
[    0.449344] PCI: Using ACPI for IRQ routing
[    0.449998] vgaarb: loaded
[    0.450433] hpet0: at MMIO 0xfed00000, IRQs 2, 8, 0
[    0.451036] hpet0: 3 comparators, 64-bit 100.000000 MHz counter
[    0.458401] clocksource: Switched to clocksource kvm-clock
[    0.459627] VFS: Disk quotas dquot_6.6.0
[    0.460134] VFS: Dquot-cache hash table entries: 512 (order 0, 4096 bytes)
[    0.461781] pnp: PnP ACPI init
[    0.464650] pnp: PnP ACPI: found 5 devices
[    0.476249] clocksource: acpi_pm: mask: 0xffffff max_cycles: 0xffffff, max_idle_ns: 2085701024 ns
[    0.477407] NET: Registered PF_INET protocol family
[    0.478139] IP idents hash table entries: 16384 (order: 5, 131072 bytes, linear)
[    0.479433] tcp_listen_portaddr_hash hash table entries: 512 (order: 1, 8192 bytes, linear)
[    0.480466] Table-perturb hash table entries: 65536 (order: 6, 262144 bytes, linear)
[    0.481438] TCP established hash table entries: 8192 (order: 4, 65536 bytes, linear)
[    0.482392] TCP bind hash table entries: 8192 (order: 6, 262144 bytes, linear)
[    0.483285] TCP: Hash tables configured (established 8192 bind 8192)
[    0.484229] UDP hash table entries: 512 (order: 3, 32768 bytes, linear)
[    0.485070] UDP-Lite hash table entries: 512 (order: 3, 32768 bytes, linear)
[    0.486163] NET: Registered PF_UNIX/PF_LOCAL protocol family
[    0.486878] pci_bus 0000:00: resource 4 [io  0x0000-0x0cf7 window]
[    0.487631] pci_bus 0000:00: resource 5 [io  0x0d00-0xffff window]
[    0.488387] pci_bus 0000:00: resource 6 [mem 0x000a0000-0x000bffff window]
[    0.489228] pci_bus 0000:00: resource 7 [mem 0x40000000-0xfebfffff window]
[    0.490072] pci_bus 0000:00: resource 8 [mem 0x100000000-0x17fffffff window]
[    0.491140] pci 0000:00:01.0: PIIX3: Enabling Passive Release
[    0.491850] pci 0000:00:00.0: Limiting direct PCI/PCI transfers
[    0.492607] PCI: CLS 0 bytes, default 64
[    0.493209] kvm_intel: VMX not supported by CPU 12
[    0.493956] kvm_amd: TSC scaling supported
[    0.494455] kvm_amd: Nested Virtualization enabled
[    0.495042] kvm_amd: Nested Paging enabled
[    0.495540] kvm_amd: LBR virtualization supported
[    0.496133] kvm_amd: Virtual GIF supported
[    0.496631] kvm_amd: Virtual NMI enabled
[    0.525160] clocksource: tsc: mask: 0xffffffffffffffff max_cycles: 0x40be4320a4d, max_idle_ns: 440795288133 ns
[    0.543647] Initialise system trusted keyrings
[    0.544305] workingset: timestamp_bits=56 max_order=18 bucket_order=0
[    0.545220] squashfs: version 4.0 (2009/01/31) Phillip Lougher
[    0.545958] fuse: init (API version 7.42)
[    0.546580] 9p: Installing v9fs 9p2000 file system support
[    0.556407] Key type asymmetric registered
[    0.556923] Asymmetric key parser 'x509' registered
[    0.557601] Block layer SCSI generic (bsg) driver version 0.4 loaded (major 249)
[    0.558550] io scheduler mq-deadline registered
[    0.559121] io scheduler kyber registered
[    0.561355] input: Power Button as /devices/LNXSYSTM:00/LNXPWRBN:00/input/input0
[    0.562515] ACPI: button: Power Button [PWRF]
[    0.564473] Warning: Processor Platform Limit event detected, but not handled.
[    0.565392] Consider compiling CPUfreq support into your kernel.
[    1.462185] ACPI: \_SB_.LNKB: Enabled at IRQ 10
[    2.353570] ACPI: \_SB_.LNKC: Enabled at IRQ 11
[    3.244807] ACPI: \_SB_.LNKA: Enabled at IRQ 10
[    3.246197] Serial: 8250/16550 driver, 4 ports, IRQ sharing enabled
[    3.247306] 00:03: ttyS0 at I/O 0x3f8 (irq = 4, base_baud = 115200) is a 16550A
[    3.271295] Non-volatile memory driver v1.3
[    3.271853] Linux agpgart interface v0.103
[    3.272568] ACPI: bus type drm_connector registered
[    3.273570] printk: legacy console [hvc0] enabled
[    3.274161] printk: legacy bootconsole [earlyser0] disabled
          _      _                                    
   __   _(_)_ __| |_ _ __ ___   ___       _ __   __ _ 
   \ \ / / |  __| __|  _   _ \ / _ \_____|  _ \ / _  |
    \ V /| | |  | |_| | | | | |  __/_____| | | | (_| |
     \_/ |_|_|   \__|_| |_| |_|\___|     |_| |_|\__  |
                                                |___/ 
   kernel version: 6.14.0-virtme x86_64
   (CTRL+d to exit)

root@virtme-ng:/nipa-data/kernel# PS1='xx__-> '
xx__-> env
PWD=/nipa-data/kernel
nr_open=1048576
HOME=/
TERM=xterm
SHLVL=2
XDG_RUNTIME_DIR=/run/user/0
PATH=/bin:/sbin:/usr/bin:/usr/sbin:/usr/local/bin
OLDPWD=/
_=/bin/env
xx__-> 