No EFI environment detected.
early console in extract_kernel
input_data: 0x00000000029f62b9
input_len: 0x0000000000ad718a
output: 0x0000000001000000
output_len: 0x00000000024887cc
kernel_total_size: 0x0000000002230000
needed_size: 0x0000000002600000
trampoline_32bit: 0x0000000000000000
Physical KASLR using RDRAND RDTSC...
Virtual KASLR using RDRAND RDTSC...

Decompressing Linux... Parsing ELF... Performing relocations... done.
Booting the kernel (entry_offset: 0x0000000000000000).
[    0.000000] Linux version 6.8.0-rc6-virtme (root@75c455f6059a) (gcc (Alpine 13.2.1_git20231014) 13.2.1 20231014, GNU ld (GNU Binutils) 2.42) #1 SMP PREEMPT_DYNAMIC Sun Mar  3 09:07:40 UTC 2024
[    0.000000] Command line: virtme_hostname=virtme-ng virtme_link_mods=/nipa-data/kernel/.virtme_mods/lib/modules/0.0.0 virtme_initmount0=nipa-data/kernel virtme_rw_overlay0=/etc virtme_rw_overlay1=/lib virtme_rw_overlay2=/home virtme_rw_overlay3=/opt virtme_rw_overlay4=/srv virtme_rw_overlay5=/usr virtme_rw_overlay6=/var earlyprintk=serial,ttyS0,115200 console=ttyS0 psmouse.proto=exps TERM=xterm virtme_chdir=nipa-data/kernel virtme_root_user=1 rootfstype=9p rootflags=version=9p2000.L,trans=virtio,access=any raid=noautodetect ro init=/usr/lib/python3.11/site-packages/virtme/guest/virtme-init
[    0.000000] BIOS-provided physical RAM map:
[    0.000000] BIOS-e820: [mem 0x0000000000000000-0x000000000009fbff] usable
[    0.000000] BIOS-e820: [mem 0x000000000009fc00-0x000000000009ffff] reserved
[    0.000000] BIOS-e820: [mem 0x00000000000f0000-0x00000000000fffff] reserved
[    0.000000] BIOS-e820: [mem 0x0000000000100000-0x000000003ffdffff] usable
[    0.000000] BIOS-e820: [mem 0x000000003ffe0000-0x000000003fffffff] reserved
[    0.000000] BIOS-e820: [mem 0x00000000feffc000-0x00000000feffffff] reserved
[    0.000000] BIOS-e820: [mem 0x00000000fffc0000-0x00000000ffffffff] reserved
[    0.000000] BIOS-e820: [mem 0x000000fd00000000-0x000000ffffffffff] reserved
[    0.000000] printk: legacy bootconsole [earlyser0] enabled
[    0.000000] NX (Execute Disable) protection: active
[    0.000000] APIC: Static calls initialized
[    0.000000] SMBIOS 3.0.0 present.
[    0.000000] DMI: QEMU Standard PC (i440FX + PIIX, 1996), BIOS rel-1.16.3-0-ga6ed6b701f0a-prebuilt.qemu.org 04/01/2014
[    0.000000] Hypervisor detected: KVM
[    0.000000] kvm-clock: Using msrs 4b564d01 and 4b564d00
[    0.000000] kvm-clock: using sched offset of 218617576 cycles
[    0.000380] clocksource: kvm-clock: mask: 0xffffffffffffffff max_cycles: 0x1cd42e4dffb, max_idle_ns: 881590591483 ns
[    0.001571] tsc: Detected 4491.536 MHz processor
[    0.002176] last_pfn = 0x3ffe0 max_arch_pfn = 0x400000000
[    0.002593] MTRR map: 4 entries (3 fixed + 1 variable; max 19), built from 8 variable MTRRs
[    0.003208] x86/PAT: Configuration [0-7]: WB  WC  UC- UC  WB  WP  UC- WT  
Memory KASLR using RDRAND RDTSC...
[    0.005254] found SMP MP-table at [mem 0x000f5470-0x000f547f]
[    0.005682] Using GB pages for direct mapping
[    0.006026] ACPI: Early table checksum verification disabled
[    0.006437] ACPI: RSDP 0x00000000000F5290 000014 (v00 BOCHS )
[    0.006867] ACPI: RSDT 0x000000003FFE27B6 000034 (v01 BOCHS  BXPC     00000001 BXPC 00000001)
[    0.007494] ACPI: FACP 0x000000003FFE2572 000074 (v01 BOCHS  BXPC     00000001 BXPC 00000001)
[    0.008222] ACPI: DSDT 0x000000003FFE0040 002532 (v01 BOCHS  BXPC     00000001 BXPC 00000001)
[    0.008971] ACPI: FACS 0x000000003FFE0000 000040
[    0.009375] ACPI: APIC 0x000000003FFE25E6 000170 (v03 BOCHS  BXPC     00000001 BXPC 00000001)
[    0.010128] ACPI: HPET 0x000000003FFE2756 000038 (v01 BOCHS  BXPC     00000001 BXPC 00000001)
[    0.010881] ACPI: WAET 0x000000003FFE278E 000028 (v01 BOCHS  BXPC     00000001 BXPC 00000001)
[    0.011633] ACPI: Reserving FACP table memory at [mem 0x3ffe2572-0x3ffe25e5]
[    0.012252] ACPI: Reserving DSDT table memory at [mem 0x3ffe0040-0x3ffe2571]
[    0.012873] ACPI: Reserving FACS table memory at [mem 0x3ffe0000-0x3ffe003f]
[    0.013494] ACPI: Reserving APIC table memory at [mem 0x3ffe25e6-0x3ffe2755]
[    0.014121] ACPI: Reserving HPET table memory at [mem 0x3ffe2756-0x3ffe278d]
[    0.014739] ACPI: Reserving WAET table memory at [mem 0x3ffe278e-0x3ffe27b5]
[    0.015533] No NUMA configuration found
[    0.015873] Faking a node at [mem 0x0000000000000000-0x000000003ffdffff]
[    0.016462] NODE_DATA(0) allocated [mem 0x3ffdb000-0x3ffdffff]
[    0.016988] Zone ranges:
[    0.017211]   DMA      [mem 0x0000000000001000-0x0000000000ffffff]
[    0.017755]   DMA32    [mem 0x0000000001000000-0x000000003ffdffff]
[    0.018305]   Normal   empty
[    0.018559]   Device   empty
[    0.018815] Movable zone start for each node
[    0.019192] Early memory node ranges
[    0.019507]   node   0: [mem 0x0000000000001000-0x000000000009efff]
[    0.020062]   node   0: [mem 0x0000000000100000-0x000000003ffdffff]
[    0.020614] Initmem setup node 0 [mem 0x0000000000001000-0x000000003ffdffff]
[    0.021239] On node 0, zone DMA: 1 pages in unavailable ranges
[    0.021764] On node 0, zone DMA: 97 pages in unavailable ranges
[    0.023453] On node 0, zone DMA32: 32 pages in unavailable ranges
[    0.024231] ACPI: PM-Timer IO Port: 0x608
[    0.024590] ACPI: LAPIC_NMI (acpi_id[0xff] dfl dfl lint[0x1])
[    0.025047] IOAPIC[0]: apic_id 0, version 17, address 0xfec00000, GSI 0-23
[    0.025554] ACPI: INT_SRC_OVR (bus 0 bus_irq 0 global_irq 2 dfl dfl)
[    0.026034] ACPI: INT_SRC_OVR (bus 0 bus_irq 5 global_irq 5 high level)
[    0.026524] ACPI: INT_SRC_OVR (bus 0 bus_irq 9 global_irq 9 high level)
[    0.027024] ACPI: INT_SRC_OVR (bus 0 bus_irq 10 global_irq 10 high level)
[    0.027528] ACPI: INT_SRC_OVR (bus 0 bus_irq 11 global_irq 11 high level)
[    0.028037] ACPI: Using ACPI (MADT) for SMP configuration information
[    0.028509] ACPI: HPET id: 0x8086a201 base: 0xfed00000
[    0.028897] TSC deadline timer available
[    0.029184] smpboot: Allowing 32 CPUs, 0 hotplug CPUs
[    0.029564] kvm-guest: APIC: eoi() replaced with kvm_guest_apic_eoi_write()
[    0.030091] kvm-guest: KVM setup pv remote TLB flush
[    0.030456] kvm-guest: setup PV sched yield
[    0.030772] PM: hibernation: Registered nosave memory: [mem 0x00000000-0x00000fff]
[    0.031325] PM: hibernation: Registered nosave memory: [mem 0x0009f000-0x0009ffff]
[    0.031888] PM: hibernation: Registered nosave memory: [mem 0x000a0000-0x000effff]
[    0.032440] PM: hibernation: Registered nosave memory: [mem 0x000f0000-0x000fffff]
[    0.033004] [mem 0x40000000-0xfeffbfff] available for PCI devices
[    0.033455] Booting paravirtualized kernel on KVM
[    0.033807] clocksource: refined-jiffies: mask: 0xffffffff max_cycles: 0xffffffff, max_idle_ns: 1910969940391419 ns
[    0.037376] setup_percpu: NR_CPUS:64 nr_cpumask_bits:32 nr_cpu_ids:32 nr_node_ids:1
[    0.038557] percpu: Embedded 56 pages/cpu s191784 r8192 d29400 u262144
[    0.039073] Kernel command line: virtme_hostname=virtme-ng virtme_link_mods=/nipa-data/kernel/.virtme_mods/lib/modules/0.0.0 virtme_initmount0=nipa-data/kernel virtme_rw_overlay0=/etc virtme_rw_overlay1=/lib virtme_rw_overlay2=/home virtme_rw_overlay3=/opt virtme_rw_overlay4=/srv virtme_rw_overlay5=/usr virtme_rw_overlay6=/var earlyprintk=serial,ttyS0,115200 console=ttyS0 psmouse.proto=exps TERM=xterm virtme_chdir=nipa-data/kernel virtme_root_user=1 rootfstype=9p rootflags=version=9p2000.L,trans=virtio,access=any raid=noautodetect ro init=/usr/lib/python3.11/site-packages/virtme/guest/virtme-init
[    0.043166] Unknown kernel command line parameters "virtme_hostname=virtme-ng virtme_link_mods=/nipa-data/kernel/.virtme_mods/lib/modules/0.0.0 virtme_initmount0=nipa-data/kernel virtme_rw_overlay0=/etc virtme_rw_overlay1=/lib virtme_rw_overlay2=/home virtme_rw_overlay3=/opt virtme_rw_overlay4=/srv virtme_rw_overlay5=/usr virtme_rw_overlay6=/var virtme_chdir=nipa-data/kernel virtme_root_user=1", will be passed to user space.
[    0.046218] random: crng init done
[    0.046503] Dentry cache hash table entries: 131072 (order: 8, 1048576 bytes, linear)
[    0.047119] Inode-cache hash table entries: 65536 (order: 7, 524288 bytes, linear)
[    0.047778] Fallback order for Node 0: 0 
[    0.047780] Built 1 zonelists, mobility grouping on.  Total pages: 257760
[    0.048716] Policy zone: DMA32
[    0.048947] mem auto-init: stack:all(zero), heap alloc:off, heap free:off
[    0.050292] Memory: 986888K/1048056K available (16384K kernel code, 2350K rwdata, 5932K rodata, 2992K init, 2336K bss, 60908K reserved, 0K cma-reserved)
[    0.051353] SLUB: HWalign=64, Order=0-3, MinObjects=0, CPUs=32, Nodes=1
Poking KASLR using RDRAND RDTSC...
[    0.052102] ftrace: allocating 46295 entries in 181 pages
[    0.058953] ftrace: allocated 181 pages with 5 groups
[    0.059933] Dynamic Preempt: voluntary
[    0.060343] rcu: Preemptible hierarchical RCU implementation.
[    0.060782] rcu: RCU event tracing is enabled.
[    0.061118] rcu: RCU restricting CPUs from NR_CPUS=64 to nr_cpu_ids=32.
[    0.061622] Trampoline variant of Tasks RCU enabled.
[    0.061998] Rude variant of Tasks RCU enabled.
[    0.062339] Tracing variant of Tasks RCU enabled.
[    0.062719] rcu: RCU calculated value of scheduler-enlistment delay is 100 jiffies.
[    0.063407] rcu: Adjusting geometry for rcu_fanout_leaf=16, nr_cpu_ids=32
[    0.065556] NR_IRQS: 4352, nr_irqs: 680, preallocated irqs: 16
[    0.066264] rcu: srcu_init: Setting srcu_struct sizes based on contention.
[    0.066922] Console: colour *CGA 80x25
[    0.067218] printk: legacy console [ttyS0] enabled
[    0.067218] printk: legacy console [ttyS0] enabled
[    0.067944] printk: legacy bootconsole [earlyser0] disabled
[    0.067944] printk: legacy bootconsole [earlyser0] disabled
[    0.068793] ACPI: Core revision 20230628
[    0.069162] clocksource: hpet: mask: 0xffffffff max_cycles: 0xffffffff, max_idle_ns: 19112604467 ns
[    0.069906] APIC: Switch to symmetric I/O mode setup
[    0.070297] APIC: Switched APIC routing to: physical flat
[    0.070716] kvm-guest: APIC: send_IPI_mask() replaced with kvm_send_ipi_mask()
[    0.071247] kvm-guest: APIC: send_IPI_mask_allbutself() replaced with kvm_send_ipi_mask_allbutself()
[    0.071946] kvm-guest: setup PV IPIs
[    0.073006] ..TIMER: vector=0x30 apic1=0 pin1=2 apic2=-1 pin2=-1
[    0.073810] tsc: Marking TSC unstable due to TSCs unsynchronized
[    0.074614] Calibrating delay loop (skipped) preset value.. 8983.07 BogoMIPS (lpj=4491536)
[    0.075669] x86/cpu: User Mode Instruction Prevention (UMIP) activated
[    0.076662] Last level iTLB entries: 4KB 512, 2MB 255, 4MB 127
[    0.077611] Last level dTLB entries: 4KB 512, 2MB 255, 4MB 127, 1GB 0
[    0.078614] Spectre V1 : Mitigation: usercopy/swapgs barriers and __user pointer sanitization
[    0.079615] Spectre V2 : Mitigation: Enhanced / Automatic IBRS
[    0.080611] Spectre V2 : Spectre v2 / SpectreRSB mitigation: Filling RSB on context switch
[    0.081612] Spectre V2 : mitigation: Enabling conditional Indirect Branch Prediction Barrier
[    0.082612] Speculative Store Bypass: Mitigation: Speculative Store Bypass disabled via prctl
[    0.083611] Speculative Return Stack Overflow: IBPB-extending microcode not applied!
[    0.084611] Speculative Return Stack Overflow: WARNING: See https://kernel.org/doc/html/latest/admin-guide/hw-vuln/srso.html for mitigation options.
[    0.084611] Speculative Return Stack Overflow: Vulnerable: Safe RET, no microcode
[    0.086627] x86/fpu: Supporting XSAVE feature 0x001: 'x87 floating point registers'
[    0.087611] x86/fpu: Supporting XSAVE feature 0x002: 'SSE registers'
[    0.088611] x86/fpu: Supporting XSAVE feature 0x004: 'AVX registers'
[    0.089611] x86/fpu: Supporting XSAVE feature 0x020: 'AVX-512 opmask'
[    0.090432] x86/fpu: Supporting XSAVE feature 0x040: 'AVX-512 Hi256'
[    0.090611] x86/fpu: Supporting XSAVE feature 0x080: 'AVX-512 ZMM_Hi256'
[    0.091611] x86/fpu: Supporting XSAVE feature 0x200: 'Protection Keys User registers'
[    0.092611] x86/fpu: xstate_offset[2]:  576, xstate_sizes[2]:  256
[    0.093611] x86/fpu: xstate_offset[5]:  832, xstate_sizes[5]:   64
[    0.094611] x86/fpu: xstate_offset[6]:  896, xstate_sizes[6]:  512
[    0.095611] x86/fpu: xstate_offset[7]: 1408, xstate_sizes[7]: 1024
[    0.096406] x86/fpu: xstate_offset[9]: 2432, xstate_sizes[9]:    8
[    0.096611] x86/fpu: Enabled xstate features 0x2e7, context size is 2440 bytes, using 'compacted' format.
[    0.112868] Freeing SMP alternatives memory: 40K
[    0.113471] pid_max: default: 32768 minimum: 301
[    0.113638] Mount-cache hash table entries: 2048 (order: 2, 16384 bytes, linear)
[    0.114612] Mountpoint-cache hash table entries: 2048 (order: 2, 16384 bytes, linear)
[    0.115764] smpboot: CPU0: AMD Ryzen 9 7950X 16-Core Processor (family: 0x19, model: 0x61, stepping: 0x2)
[    0.116699] RCU Tasks: Setting shift to 5 and lim to 1 rcu_task_cb_adjust=1.
[    0.117617] RCU Tasks Rude: Setting shift to 5 and lim to 1 rcu_task_cb_adjust=1.
[    0.118584] RCU Tasks Trace: Setting shift to 5 and lim to 1 rcu_task_cb_adjust=1.
[    0.118620] Performance Events: Fam17h+ core perfctr, AMD PMU driver.
[    0.119471] ... version:                0
[    0.119613] ... bit width:              48
[    0.120141] ... generic registers:      6
[    0.120613] ... value mask:             0000ffffffffffff
[    0.121297] ... max period:             00007fffffffffff
[    0.121613] ... fixed-purpose events:   0
[    0.122128] ... event mask:             000000000000003f
[    0.122682] signal: max sigframe size: 3376
[    0.123245] rcu: Hierarchical SRCU implementation.
[    0.123613] rcu: Max phase no-delay instances is 400.
[    0.126534] smp: Bringing up secondary CPUs ...
[    0.126667] smpboot: x86: Booting SMP configuration:
[    0.127306] .... node  #0, CPUs:        #1  #2  #3  #4  #5  #6  #7  #8  #9 #10 #11 #12 #13 #14 #15 #16 #17 #18 #19 #20 #21 #22 #23 #24 #25 #26 #27 #28 #29 #30 #31
[    0.142751] smp: Brought up 1 node, 32 CPUs
[    0.144170] smpboot: Max logical packages: 1
[    0.144613] smpboot: Total of 32 processors activated (287458.30 BogoMIPS)
[    0.147669] devtmpfs: initialized
[    0.148084] x86/mm: Memory block size: 128MB
[    0.149344] clocksource: jiffies: mask: 0xffffffff max_cycles: 0xffffffff, max_idle_ns: 1911260446275000 ns
[    0.149615] futex hash table entries: 8192 (order: 7, 524288 bytes, linear)
[    0.150687] PM: RTC time: 09:08:09, date: 2024-03-03
[    0.151741] NET: Registered PF_NETLINK/PF_ROUTE protocol family
[    0.152662] thermal_sys: Registered thermal governor 'step_wise'
[    0.152664] thermal_sys: Registered thermal governor 'user_space'
[    0.153494] cpuidle: using governor menu
[    0.154833] PCI: Using configuration type 1 for base access
[    0.155613] PCI: Using configuration type 1 for extended access
[    0.156467] kprobes: kprobe jump-optimization is enabled. All kprobes are optimized if possible.
[    0.171414] HugeTLB: registered 1.00 GiB page size, pre-allocated 0 pages
[    0.171613] HugeTLB: 16380 KiB vmemmap can be freed for a 1.00 GiB page
[    0.172482] HugeTLB: registered 2.00 MiB page size, pre-allocated 0 pages
[    0.172613] HugeTLB: 28 KiB vmemmap can be freed for a 2.00 MiB page
[    0.173748] ACPI: Added _OSI(Module Device)
[    0.174306] ACPI: Added _OSI(Processor Device)
[    0.174613] ACPI: Added _OSI(3.0 _SCP Extensions)
[    0.175235] ACPI: Added _OSI(Processor Aggregator Device)
[    0.176326] ACPI: 1 ACPI AML tables successfully acquired and loaded
[    0.179631] ACPI: _OSC evaluation for CPUs failed, trying _PDC
[    0.180631] ACPI: Interpreter enabled
[    0.181131] ACPI: PM: (supports S0 S3 S4 S5)
[    0.181613] ACPI: Using IOAPIC for interrupt routing
[    0.182284] PCI: Using host bridge windows from ACPI; if necessary, use "pci=nocrs" and report a bug
[    0.182613] PCI: Using E820 reservations for host bridge windows
[    0.183491] ACPI: Enabled 2 GPEs in block 00 to 0F
[    0.186210] ACPI: PCI Root Bridge [PCI0] (domain 0000 [bus 00-ff])
[    0.186615] acpi PNP0A03:00: _OSC: OS supports [ExtendedConfig ASPM ClockPM Segments MSI HPX-Type3]
[    0.187702] PCI host bridge to bus 0000:00
[    0.188254] pci_bus 0000:00: root bus resource [io  0x0000-0x0cf7 window]
[    0.188613] pci_bus 0000:00: root bus resource [io  0x0d00-0xffff window]
[    0.189520] pci_bus 0000:00: root bus resource [mem 0x000a0000-0x000bffff window]
[    0.189613] pci_bus 0000:00: root bus resource [mem 0x40000000-0xfebfffff window]
[    0.190599] pci_bus 0000:00: root bus resource [mem 0x100000000-0x17fffffff window]
[    0.190613] pci_bus 0000:00: root bus resource [bus 00-ff]
[    0.191424] pci 0000:00:00.0: [8086:1237] type 00 class 0x060000 conventional PCI endpoint
[    0.191867] pci 0000:00:01.0: [8086:7000] type 00 class 0x060100 conventional PCI endpoint
[    0.192931] pci 0000:00:01.1: [8086:7010] type 00 class 0x010180 conventional PCI endpoint
[    0.195861] pci 0000:00:01.1: BAR 4 [io  0xc080-0xc08f]
[    0.197284] pci 0000:00:01.1: BAR 0 [io  0x01f0-0x01f7]: legacy IDE quirk
[    0.197613] pci 0000:00:01.1: BAR 1 [io  0x03f6]: legacy IDE quirk
[    0.198439] pci 0000:00:01.1: BAR 2 [io  0x0170-0x0177]: legacy IDE quirk
[    0.198613] pci 0000:00:01.1: BAR 3 [io  0x0376]: legacy IDE quirk
[    0.199522] pci 0000:00:01.3: [8086:7113] type 00 class 0x068000 conventional PCI endpoint
[    0.199856] pci 0000:00:01.3: quirk: [io  0x0600-0x063f] claimed by PIIX4 ACPI
[    0.200617] pci 0000:00:01.3: quirk: [io  0x0700-0x070f] claimed by PIIX4 SMB
[    0.201728] pci 0000:00:02.0: [1af4:1009] type 00 class 0x000200 conventional PCI endpoint
[    0.203613] pci 0000:00:02.0: BAR 0 [io  0xc000-0xc03f]
[    0.205277] pci 0000:00:02.0: BAR 1 [mem 0xfebfd000-0xfebfdfff]
[    0.208614] pci 0000:00:02.0: BAR 4 [mem 0xfebf4000-0xfebf7fff 64bit pref]
[    0.211242] pci 0000:00:03.0: [1af4:1009] type 00 class 0x000200 conventional PCI endpoint
[    0.212613] pci 0000:00:03.0: BAR 0 [io  0xc040-0xc07f]
[    0.214266] pci 0000:00:03.0: BAR 1 [mem 0xfebfe000-0xfebfefff]
[    0.218613] pci 0000:00:03.0: BAR 4 [mem 0xfebf8000-0xfebfbfff 64bit pref]
[    0.220821] pci 0000:00:04.0: [8086:25ab] type 00 class 0x088000 conventional PCI endpoint
[    0.222132] pci 0000:00:04.0: BAR 0 [mem 0xfebff000-0xfebff00f]
[    0.225626] ACPI: PCI: Interrupt link LNKA configured for IRQ 10
[    0.226727] ACPI: PCI: Interrupt link LNKB configured for IRQ 10
[    0.227629] ACPI: PCI: Interrupt link LNKC configured for IRQ 11
[    0.228527] ACPI: PCI: Interrupt link LNKD configured for IRQ 11
[    0.228687] ACPI: PCI: Interrupt link LNKS configured for IRQ 9
[    0.230362] iommu: Default domain type: Translated
[    0.230613] iommu: DMA domain TLB invalidation policy: lazy mode
[    0.231454] SCSI subsystem initialized
[    0.231650] pps_core: LinuxPPS API ver. 1 registered
[    0.232310] pps_core: Software ver. 5.3.6 - Copyright 2005-2007 Rodolfo Giometti <giometti@linux.it>
[    0.232615] PTP clock support registered
[    0.233153] Advanced Linux Sound Architecture Driver Initialized.
[    0.233929] NET: Registered PF_ATMPVC protocol family
[    0.234603] NET: Registered PF_ATMSVC protocol family
[    0.234617] PCI: Using ACPI for IRQ routing
[    0.235248] vgaarb: loaded
[    0.235648] hpet0: at MMIO 0xfed00000, IRQs 2, 8, 0
[    0.236299] hpet0: 3 comparators, 64-bit 100.000000 MHz counter
[    0.240005] clocksource: Switched to clocksource kvm-clock
[    0.240851] VFS: Disk quotas dquot_6.6.0
[    0.241002] VFS: Dquot-cache hash table entries: 512 (order 0, 4096 bytes)
[    0.242389] pnp: PnP ACPI init
[    0.242990] pnp: PnP ACPI: found 5 devices
[    0.250154] clocksource: acpi_pm: mask: 0xffffff max_cycles: 0xffffff, max_idle_ns: 2085701024 ns
[    0.251368] NET: Registered PF_INET protocol family
[    0.252038] IP idents hash table entries: 16384 (order: 5, 131072 bytes, linear)
[    0.253174] tcp_listen_portaddr_hash hash table entries: 512 (order: 1, 8192 bytes, linear)
[    0.254282] Table-perturb hash table entries: 65536 (order: 6, 262144 bytes, linear)
[    0.255312] TCP established hash table entries: 8192 (order: 4, 65536 bytes, linear)
[    0.256341] TCP bind hash table entries: 8192 (order: 6, 262144 bytes, linear)
[    0.257326] TCP: Hash tables configured (established 8192 bind 8192)
[    0.258184] UDP hash table entries: 512 (order: 2, 16384 bytes, linear)
[    0.259062] UDP-Lite hash table entries: 512 (order: 2, 16384 bytes, linear)
[    0.260018] NET: Registered PF_UNIX/PF_LOCAL protocol family
[    0.260769] pci_bus 0000:00: resource 4 [io  0x0000-0x0cf7 window]
[    0.261592] pci_bus 0000:00: resource 5 [io  0x0d00-0xffff window]
[    0.262413] pci_bus 0000:00: resource 6 [mem 0x000a0000-0x000bffff window]
[    0.263321] pci_bus 0000:00: resource 7 [mem 0x40000000-0xfebfffff window]
[    0.264228] pci_bus 0000:00: resource 8 [mem 0x100000000-0x17fffffff window]
[    0.265182] pci 0000:00:01.0: PIIX3: Enabling Passive Release
[    0.265950] pci 0000:00:00.0: Limiting direct PCI/PCI transfers
[    0.266761] PCI: CLS 0 bytes, default 64
[    0.267312] kvm_intel: VMX not supported by CPU 0
[    0.267952] kvm_amd: TSC scaling supported
[    0.268498] kvm_amd: Nested Virtualization enabled
[    0.269140] kvm_amd: Nested Paging enabled
[    0.269712] kvm_amd: Virtual VMLOAD VMSAVE supported
[    0.270378] kvm_amd: Virtual GIF supported
[    0.270923] kvm_amd: Virtual NMI enabled
[    0.271447] kvm_amd: LBR virtualization supported
[    0.361704] workingset: timestamp_bits=56 max_order=18 bucket_order=0
[    0.362632] squashfs: version 4.0 (2009/01/31) Phillip Lougher
[    0.363437] fuse: init (API version 7.39)
[    0.364027] 9p: Installing v9fs 9p2000 file system support
[    0.364792] Key type asymmetric registered
[    0.365443] Block layer SCSI generic (bsg) driver version 0.4 loaded (major 249)
[    0.366444] io scheduler mq-deadline registered
[    0.367058] io scheduler kyber registered
[    0.368556] input: Power Button as /devices/LNXSYSTM:00/LNXPWRBN:00/input/input0
[    0.369600] ACPI: button: Power Button [PWRF]
[    0.370212] Warning: Processor Platform Limit event detected, but not handled.
[    0.371180] Consider compiling CPUfreq support into your kernel.
[    0.388773] ACPI: \_SB_.LNKB: Enabled at IRQ 10
[    0.406056] ACPI: \_SB_.LNKC: Enabled at IRQ 11
[    0.407265] Serial: 8250/16550 driver, 4 ports, IRQ sharing enabled
[    0.408230] 00:03: ttyS0 at I/O 0x3f8 (irq = 4, base_baud = 115200) is a 16550A
[    0.409633] Non-volatile memory driver v1.3
[    0.410223] Linux agpgart interface v0.103
[    0.410807] ACPI: bus type drm_connector registered
[    0.415624] loop: module loaded
[    0.416671] scsi host0: ata_piix
[    0.417260] scsi host1: ata_piix
[    0.417716] ata1: PATA max MWDMA2 cmd 0x1f0 ctl 0x3f6 bmdma 0xc080 irq 14 lpm-pol 0
[    0.418751] ata2: PATA max MWDMA2 cmd 0x170 ctl 0x376 bmdma 0xc088 irq 15 lpm-pol 0
[    0.420002] i8042: PNP: PS/2 Controller [PNP0303:KBD,PNP0f13:MOU] at 0x60,0x64 irq 1,12
[    0.421721] serio: i8042 KBD port at 0x60,0x64 irq 1
[    0.422406] serio: i8042 AUX port at 0x60,0x64 irq 12
[    0.423211] rtc_cmos 00:04: RTC can wake from S4
[    0.424253] input: AT Translated Set 2 keyboard as /devices/platform/i8042/serio0/input/input1
[    0.425526] rtc_cmos 00:04: registered as rtc0
[    0.426180] rtc_cmos 00:04: setting system clock to 2024-03-03T09:08:09 UTC (1709456889)
[    0.427306] rtc_cmos 00:04: alarms up to one day, y3k, 242 bytes nvram, hpet irqs
[    0.428674] i6300ESB timer 0000:00:04.0: initialized. heartbeat=30 sec (nowayout=0)
[    0.429775] device-mapper: ioctl: 4.48.0-ioctl (2023-03-01) initialised: dm-devel@redhat.com
[    0.431182] NET: Registered PF_PACKET protocol family
[    0.431876] 9pnet: Installing 9P2000 support
[    0.433188] Key type dns_resolver registered
[    0.434840] input: ImExPS/2 Generic Explorer Mouse as /devices/platform/i8042/serio1/input/input3
[    0.436804] IPI shorthand broadcast: enabled
[    0.439340] sched_clock: Marking stable (435000919, 3814226)->(476422672, -37607527)
[    0.440767] registered taskstats version 1
[    0.442288] PM:   Magic number: 0:224:120
[    0.442833] misc device-mapper: hash matches
[    0.443421] printk: legacy console [netcon0] enabled
[    0.444083] netconsole: network logging started
[    0.444731] ALSA device list:
[    0.445135]   No soundcards found.
[    0.573984] ata2: found unknown device (class 0)
[    0.575283] ata2.00: ATAPI: QEMU DVD-ROM, 2.5+, max UDMA/100
[    0.577106] scsi 1:0:0:0: CD-ROM            QEMU     QEMU DVD-ROM     2.5+ PQ: 0 ANSI: 5
[    0.585253] scsi 1:0:0:0: Attached scsi generic sg0 type 5
[    0.585942] md: Skipping autodetection of RAID arrays. (raid=autodetect will force)
[    0.586841] 9pnet_virtio: no channels available for device 
[    0.587878] VFS: Mounted root (9p filesystem) readonly on device 0:19.
[    0.588759] devtmpfs: mounted
[    0.589685] Freeing unused kernel image (initmem) memory: 2992K
[    0.595819] Write protecting the kernel read-only data: 22528k
[    0.596769] Freeing unused kernel image (rodata/data gap) memory: 212K
[    0.626788] x86/mm: Checked W+X mappings: passed, no W+X pages found.
[    0.627523] Run /usr/lib/python3.11/site-packages/virtme/guest/virtme-init as init process
[    0.648180] mount (236) used greatest stack depth: 13480 bytes left
[    0.683241] mount (246) used greatest stack depth: 13144 bytes left
[    0.704681] mount (254) used greatest stack depth: 13064 bytes left
[    0.741949] grep (279) used greatest stack depth: 12968 bytes left
[    0.769803] virtme-init: basic initialization done
[    0.773926] virtme-init: udevd not found
[    0.816961] virtme-init: Setting hostname to virtme-ng...
[    0.826498] ip (330) used greatest stack depth: 12360 bytes left
          _      _                                    
   __   _(_)_ __| |_ _ __ ___   ___       _ __   __ _ 
   \ \ / / |  __| __|  _   _ \ / _ \_____|  _ \ / _  |
    \ V /| | |  | |_| | | | | |  __/_____| | | | (_| |
     \_/ |_|_|   \__|_| |_| |_|\___|     |_| |_|\__  |
                                                |___/ 
   kernel version: 6.8.0-rc6-virtme x86_64

virtme-ng:/nipa-data/kernel# PS1='xx__-> '
xx__-> env
PWD=/nipa-data/kernel
HOME=/
TERM=xterm
SHLVL=2
XDG_RUNTIME_DIR=/run/user/0
PATH=/bin:/sbin:/usr/bin:/usr/sbin:/usr/local/bin
OLDPWD=/
_=/usr/bin/env
xx__-> 