No EFI environment detected.
early console in extract_kernel
input_data: 0x00000000030602b9
input_len: 0x0000000000b83283
output: 0x0000000001000000
output_len: 0x000000000252f394
kernel_total_size: 0x0000000002c30000
needed_size: 0x0000000002e00000
trampoline_32bit: 0x0000000000000000
Physical KASLR using RDRAND RDTSC...
Virtual KASLR using RDRAND RDTSC...

Decompressing Linux... Parsing ELF... Performing relocations... done.
Booting the kernel (entry_offset: 0x0000000000000000).
[    0.000000] Linux version 6.8.0-rc3-virtme (root@5d316ed650ea) (gcc (Alpine 13.2.1_git20231014) 13.2.1 20231014, GNU ld (GNU Binutils) 2.41) #1 SMP PREEMPT_DYNAMIC Sun Feb 11 15:06:10 UTC 2024
[    0.000000] Command line: virtme_hostname=virtme-ng virtme_link_mods=/nipa-data/kernel/.virtme_mods/lib/modules/0.0.0 virtme_initmount0=nipa-data/kernel virtme_rw_overlay0=/etc virtme_rw_overlay1=/lib virtme_rw_overlay2=/home virtme_rw_overlay3=/opt virtme_rw_overlay4=/srv virtme_rw_overlay5=/usr virtme_rw_overlay6=/var earlyprintk=serial,ttyS0,115200 console=ttyS0 psmouse.proto=exps TERM=xterm virtme_chdir=nipa-data/kernel virtme_root_user=1 rootfstype=9p rootflags=version=9p2000.L,trans=virtio,access=any raid=noautodetect ro init=/usr/lib/python3.11/site-packages/virtme/guest/virtme-init
[    0.000000] BIOS-provided physical RAM map:
[    0.000000] BIOS-e820: [mem 0x0000000000000000-0x000000000009fbff] usable
[    0.000000] BIOS-e820: [mem 0x000000000009fc00-0x000000000009ffff] reserved
[    0.000000] BIOS-e820: [mem 0x00000000000f0000-0x00000000000fffff] reserved
[    0.000000] BIOS-e820: [mem 0x0000000000100000-0x000000003ffdffff] usable
[    0.000000] BIOS-e820: [mem 0x000000003ffe0000-0x000000003fffffff] reserved
[    0.000000] BIOS-e820: [mem 0x00000000feffc000-0x00000000feffffff] reserved
[    0.000000] BIOS-e820: [mem 0x00000000fffc0000-0x00000000ffffffff] reserved
[    0.000000] BIOS-e820: [mem 0x000000fd00000000-0x000000ffffffffff] reserved
[    0.000000] printk: legacy bootconsole [earlyser0] enabled
[    0.000000] NX (Execute Disable) protection: active
[    0.000000] APIC: Static calls initialized
[    0.000000] SMBIOS 3.0.0 present.
[    0.000000] DMI: QEMU Standard PC (i440FX + PIIX, 1996), BIOS rel-1.16.3-0-ga6ed6b701f0a-prebuilt.qemu.org 04/01/2014
[    0.000000] Hypervisor detected: KVM
[    0.000000] kvm-clock: Using msrs 4b564d01 and 4b564d00
[    0.000000] kvm-clock: using sched offset of 238466252 cycles
[    0.000390] clocksource: kvm-clock: mask: 0xffffffffffffffff max_cycles: 0x1cd42e4dffb, max_idle_ns: 881590591483 ns
[    0.001607] tsc: Detected 4491.536 MHz processor
[    0.002219] last_pfn = 0x3ffe0 max_arch_pfn = 0x400000000
[    0.002646] MTRR map: 4 entries (3 fixed + 1 variable; max 19), built from 8 variable MTRRs
[    0.003271] x86/PAT: Configuration [0-7]: WB  WC  UC- UC  WB  WP  UC- WT  
Memory KASLR using RDRAND RDTSC...
[    0.005366] found SMP MP-table at [mem 0x000f5470-0x000f547f]
[    0.005800] Using GB pages for direct mapping
[    0.006209] ACPI: Early table checksum verification disabled
[    0.006631] ACPI: RSDP 0x00000000000F5290 000014 (v00 BOCHS )
[    0.007063] ACPI: RSDT 0x000000003FFE27B6 000034 (v01 BOCHS  BXPC     00000001 BXPC 00000001)
[    0.007700] ACPI: FACP 0x000000003FFE2572 000074 (v01 BOCHS  BXPC     00000001 BXPC 00000001)
[    0.008336] ACPI: DSDT 0x000000003FFE0040 002532 (v01 BOCHS  BXPC     00000001 BXPC 00000001)
[    0.008971] ACPI: FACS 0x000000003FFE0000 000040
[    0.009315] ACPI: APIC 0x000000003FFE25E6 000170 (v03 BOCHS  BXPC     00000001 BXPC 00000001)
[    0.009948] ACPI: HPET 0x000000003FFE2756 000038 (v01 BOCHS  BXPC     00000001 BXPC 00000001)
[    0.010581] ACPI: WAET 0x000000003FFE278E 000028 (v01 BOCHS  BXPC     00000001 BXPC 00000001)
[    0.011215] ACPI: Reserving FACP table memory at [mem 0x3ffe2572-0x3ffe25e5]
[    0.011739] ACPI: Reserving DSDT table memory at [mem 0x3ffe0040-0x3ffe2571]
[    0.012262] ACPI: Reserving FACS table memory at [mem 0x3ffe0000-0x3ffe003f]
[    0.012784] ACPI: Reserving APIC table memory at [mem 0x3ffe25e6-0x3ffe2755]
[    0.013305] ACPI: Reserving HPET table memory at [mem 0x3ffe2756-0x3ffe278d]
[    0.013828] ACPI: Reserving WAET table memory at [mem 0x3ffe278e-0x3ffe27b5]
[    0.014493] No NUMA configuration found
[    0.014777] Faking a node at [mem 0x0000000000000000-0x000000003ffdffff]
[    0.015278] NODE_DATA(0) allocated [mem 0x3ffdb000-0x3ffdffff]
[    0.015724] Zone ranges:
[    0.015912]   DMA      [mem 0x0000000000001000-0x0000000000ffffff]
[    0.016372]   DMA32    [mem 0x0000000001000000-0x000000003ffdffff]
[    0.016833]   Normal   empty
[    0.017047]   Device   empty
[    0.017262] Movable zone start for each node
[    0.017580] Early memory node ranges
[    0.017846]   node   0: [mem 0x0000000000001000-0x000000000009efff]
[    0.018313]   node   0: [mem 0x0000000000100000-0x000000003ffdffff]
[    0.018780] Initmem setup node 0 [mem 0x0000000000001000-0x000000003ffdffff]
[    0.019309] On node 0, zone DMA: 1 pages in unavailable ranges
[    0.019754] On node 0, zone DMA: 97 pages in unavailable ranges
[    0.021169] On node 0, zone DMA32: 32 pages in unavailable ranges
[    0.021819] ACPI: PM-Timer IO Port: 0x608
[    0.022121] ACPI: LAPIC_NMI (acpi_id[0xff] dfl dfl lint[0x1])
[    0.022568] IOAPIC[0]: apic_id 0, version 17, address 0xfec00000, GSI 0-23
[    0.023097] ACPI: INT_SRC_OVR (bus 0 bus_irq 0 global_irq 2 dfl dfl)
[    0.023570] ACPI: INT_SRC_OVR (bus 0 bus_irq 5 global_irq 5 high level)
[    0.024064] ACPI: INT_SRC_OVR (bus 0 bus_irq 9 global_irq 9 high level)
[    0.024556] ACPI: INT_SRC_OVR (bus 0 bus_irq 10 global_irq 10 high level)
[    0.025059] ACPI: INT_SRC_OVR (bus 0 bus_irq 11 global_irq 11 high level)
[    0.025568] ACPI: Using ACPI (MADT) for SMP configuration information
[    0.026046] ACPI: HPET id: 0x8086a201 base: 0xfed00000
[    0.026427] TSC deadline timer available
[    0.026717] smpboot: Allowing 32 CPUs, 0 hotplug CPUs
[    0.027109] kvm-guest: APIC: eoi() replaced with kvm_guest_apic_eoi_write()
[    0.027632] kvm-guest: KVM setup pv remote TLB flush
[    0.028000] kvm-guest: setup PV sched yield
[    0.028314] PM: hibernation: Registered nosave memory: [mem 0x00000000-0x00000fff]
[    0.028874] PM: hibernation: Registered nosave memory: [mem 0x0009f000-0x0009ffff]
[    0.029433] PM: hibernation: Registered nosave memory: [mem 0x000a0000-0x000effff]
[    0.029991] PM: hibernation: Registered nosave memory: [mem 0x000f0000-0x000fffff]
[    0.030552] [mem 0x40000000-0xfeffbfff] available for PCI devices
[    0.031004] Booting paravirtualized kernel on KVM
[    0.031353] clocksource: refined-jiffies: mask: 0xffffffff max_cycles: 0xffffffff, max_idle_ns: 1910969940391419 ns
[    0.035090] setup_percpu: NR_CPUS:64 nr_cpumask_bits:32 nr_cpu_ids:32 nr_node_ids:1
[    0.036306] percpu: Embedded 58 pages/cpu s199840 r8192 d29536 u262144
[    0.036829] Kernel command line: virtme_hostname=virtme-ng virtme_link_mods=/nipa-data/kernel/.virtme_mods/lib/modules/0.0.0 virtme_initmount0=nipa-data/kernel virtme_rw_overlay0=/etc virtme_rw_overlay1=/lib virtme_rw_overlay2=/home virtme_rw_overlay3=/opt virtme_rw_overlay4=/srv virtme_rw_overlay5=/usr virtme_rw_overlay6=/var earlyprintk=serial,ttyS0,115200 console=ttyS0 psmouse.proto=exps TERM=xterm virtme_chdir=nipa-data/kernel virtme_root_user=1 rootfstype=9p rootflags=version=9p2000.L,trans=virtio,access=any raid=noautodetect ro init=/usr/lib/python3.11/site-packages/virtme/guest/virtme-init
[    0.040947] Unknown kernel command line parameters "virtme_hostname=virtme-ng virtme_link_mods=/nipa-data/kernel/.virtme_mods/lib/modules/0.0.0 virtme_initmount0=nipa-data/kernel virtme_rw_overlay0=/etc virtme_rw_overlay1=/lib virtme_rw_overlay2=/home virtme_rw_overlay3=/opt virtme_rw_overlay4=/srv virtme_rw_overlay5=/usr virtme_rw_overlay6=/var virtme_chdir=nipa-data/kernel virtme_root_user=1", will be passed to user space.
[    0.044029] random: crng init done
[    0.044320] Dentry cache hash table entries: 131072 (order: 8, 1048576 bytes, linear)
[    0.044938] Inode-cache hash table entries: 65536 (order: 7, 524288 bytes, linear)
[    0.045619] Fallback order for Node 0: 0 
[    0.045622] Built 1 zonelists, mobility grouping on.  Total pages: 257760
[    0.046447] Policy zone: DMA32
[    0.046682] mem auto-init: stack:all(zero), heap alloc:off, heap free:off
[    0.048707] Memory: 976372K/1048056K available (16384K kernel code, 2558K rwdata, 6072K rodata, 3156K init, 12004K bss, 71424K reserved, 0K cma-reserved)
[    0.049809] SLUB: HWalign=64, Order=0-3, MinObjects=0, CPUs=32, Nodes=1
Poking KASLR using RDRAND RDTSC...
[    0.050591] ftrace: allocating 46554 entries in 182 pages
[    0.057966] ftrace: allocated 182 pages with 5 groups
[    0.059174] Dynamic Preempt: voluntary
[    0.059647] Running RCU self tests
[    0.059908] Running RCU synchronous self tests
[    0.060255] rcu: Preemptible hierarchical RCU implementation.
[    0.060694] rcu: RCU event tracing is enabled.
[    0.061039] rcu: RCU lockdep checking is enabled.
[    0.061404] rcu: RCU restricting CPUs from NR_CPUS=64 to nr_cpu_ids=32.
[    0.061916] Trampoline variant of Tasks RCU enabled.
[    0.062301] Rude variant of Tasks RCU enabled.
[    0.062647] Tracing variant of Tasks RCU enabled.
[    0.063017] rcu: RCU calculated value of scheduler-enlistment delay is 100 jiffies.
[    0.063601] rcu: Adjusting geometry for rcu_fanout_leaf=16, nr_cpu_ids=32
[    0.064140] Running RCU synchronous self tests
[    0.066087] NR_IRQS: 4352, nr_irqs: 680, preallocated irqs: 16
[    0.066722] rcu: srcu_init: Setting srcu_struct sizes based on contention.
[    0.067447] Console: colour *CGA 80x25
[    0.067757] printk: legacy console [ttyS0] enabled
[    0.067757] printk: legacy console [ttyS0] enabled
[    0.068485] printk: legacy bootconsole [earlyser0] disabled
[    0.068485] printk: legacy bootconsole [earlyser0] disabled
[    0.069337] Lock dependency validator: Copyright (c) 2006 Red Hat, Inc., Ingo Molnar
[    0.069926] ... MAX_LOCKDEP_SUBCLASSES:  8
[    0.070241] ... MAX_LOCK_DEPTH:          48
[    0.070564] ... MAX_LOCKDEP_KEYS:        8192
[    0.070901] ... CLASSHASH_SIZE:          4096
[    0.071242] ... MAX_LOCKDEP_ENTRIES:     32768
[    0.071583] ... MAX_LOCKDEP_CHAINS:      65536
[    0.071924] ... CHAINHASH_SIZE:          32768
[    0.072265]  memory used by lock dependency info: 6429 kB
[    0.072679]  memory used for stack traces: 4224 kB
[    0.073045]  per task-struct memory footprint: 1920 bytes
[    0.073477] ACPI: Core revision 20230628
[    0.073878] clocksource: hpet: mask: 0xffffffff max_cycles: 0xffffffff, max_idle_ns: 19112604467 ns
[    0.074683] APIC: Switch to symmetric I/O mode setup
[    0.075084] APIC: Switched APIC routing to: physical flat
[    0.075506] kvm-guest: APIC: send_IPI_mask() replaced with kvm_send_ipi_mask()
[    0.076058] kvm-guest: APIC: send_IPI_mask_allbutself() replaced with kvm_send_ipi_mask_allbutself()
[    0.076762] kvm-guest: setup PV IPIs
[    0.077884] ..TIMER: vector=0x30 apic1=0 pin1=2 apic2=-1 pin2=-1
[    0.078715] tsc: Marking TSC unstable due to TSCs unsynchronized
[    0.079526] Calibrating delay loop (skipped) preset value.. 8983.07 BogoMIPS (lpj=4491536)
[    0.080580] x86/cpu: User Mode Instruction Prevention (UMIP) activated
[    0.081504] Last level iTLB entries: 4KB 512, 2MB 255, 4MB 127
[    0.082297] Last level dTLB entries: 4KB 512, 2MB 255, 4MB 127, 1GB 0
[    0.082525] Spectre V1 : Mitigation: usercopy/swapgs barriers and __user pointer sanitization
[    0.083524] Spectre V2 : Mitigation: Enhanced / Automatic IBRS
[    0.084521] Spectre V2 : Spectre v2 / SpectreRSB mitigation: Filling RSB on context switch
[    0.085522] Spectre V2 : mitigation: Enabling conditional Indirect Branch Prediction Barrier
[    0.086522] Speculative Store Bypass: Mitigation: Speculative Store Bypass disabled via prctl
[    0.087521] Speculative Return Stack Overflow: IBPB-extending microcode not applied!
[    0.088521] Speculative Return Stack Overflow: WARNING: See https://kernel.org/doc/html/latest/admin-guide/hw-vuln/srso.html for mitigation options.
[    0.088522] Speculative Return Stack Overflow: Vulnerable: Safe RET, no microcode
[    0.090540] x86/fpu: Supporting XSAVE feature 0x001: 'x87 floating point registers'
[    0.091521] x86/fpu: Supporting XSAVE feature 0x002: 'SSE registers'
[    0.092521] x86/fpu: Supporting XSAVE feature 0x004: 'AVX registers'
[    0.093521] x86/fpu: Supporting XSAVE feature 0x020: 'AVX-512 opmask'
[    0.094521] x86/fpu: Supporting XSAVE feature 0x040: 'AVX-512 Hi256'
[    0.095521] x86/fpu: Supporting XSAVE feature 0x080: 'AVX-512 ZMM_Hi256'
[    0.096521] x86/fpu: Supporting XSAVE feature 0x200: 'Protection Keys User registers'
[    0.097521] x86/fpu: xstate_offset[2]:  576, xstate_sizes[2]:  256
[    0.098332] x86/fpu: xstate_offset[5]:  832, xstate_sizes[5]:   64
[    0.098521] x86/fpu: xstate_offset[6]:  896, xstate_sizes[6]:  512
[    0.099521] x86/fpu: xstate_offset[7]: 1408, xstate_sizes[7]: 1024
[    0.100521] x86/fpu: xstate_offset[9]: 2432, xstate_sizes[9]:    8
[    0.101521] x86/fpu: Enabled xstate features 0x2e7, context size is 2440 bytes, using 'compacted' format.
[    0.120606] Freeing SMP alternatives memory: 36K
[    0.121219] pid_max: default: 32768 minimum: 301
[    0.121607] Mount-cache hash table entries: 2048 (order: 2, 16384 bytes, linear)
[    0.122523] Mountpoint-cache hash table entries: 2048 (order: 2, 16384 bytes, linear)
[    0.124525] Running RCU synchronous self tests
[    0.125112] Running RCU synchronous self tests
[    0.125687] smpboot: CPU0: AMD Ryzen 9 7950X 16-Core Processor (family: 0x19, model: 0x61, stepping: 0x2)
[    0.126885] RCU Tasks: Setting shift to 5 and lim to 1 rcu_task_cb_adjust=1.
[    0.127552] RCU Tasks Rude: Setting shift to 5 and lim to 1 rcu_task_cb_adjust=1.
[    0.128559] RCU Tasks Trace: Setting shift to 5 and lim to 1 rcu_task_cb_adjust=1.
[    0.129558] Running RCU Tasks wait API self tests
[    0.236607] Running RCU Tasks Rude wait API self tests
[    0.237602] Running RCU Tasks Trace wait API self tests
[    0.238541] Performance Events: Fam17h+ core perfctr, AMD PMU driver.
[    0.239531] ... version:                0
[    0.240205] ... bit width:              48
[    0.240525] ... generic registers:      6
[    0.241193] ... value mask:             0000ffffffffffff
[    0.241525] ... max period:             00007fffffffffff
[    0.242406] ... fixed-purpose events:   0
[    0.242525] ... event mask:             000000000000003f
[    0.243660] signal: max sigframe size: 3376
[    0.244463] rcu: Hierarchical SRCU implementation.
[    0.244529] rcu: Max phase no-delay instances is 400.
[    0.245403] Callback from call_rcu_tasks_trace() invoked.
[    0.249956] smp: Bringing up secondary CPUs ...
[    0.250894] smpboot: x86: Booting SMP configuration:
[    0.251530] .... node  #0, CPUs:        #1  #2  #3  #4  #5  #6  #7  #8  #9 #10 #11 #12 #13 #14 #15 #16 #17 #18 #19 #20 #21 #22 #23 #24 #25 #26 #27 #28 #29 #30 #31
[    0.286694] smp: Brought up 1 node, 32 CPUs
[    0.288111] smpboot: Max logical packages: 1
[    0.288524] smpboot: Total of 32 processors activated (287458.30 BogoMIPS)
[    0.296747] devtmpfs: initialized
[    0.297616] x86/mm: Memory block size: 128MB
[    0.300249] Running RCU synchronous self tests
[    0.300537] Running RCU synchronous self tests
[    0.301251] clocksource: jiffies: mask: 0xffffffff max_cycles: 0xffffffff, max_idle_ns: 1911260446275000 ns
[    0.301528] futex hash table entries: 8192 (order: 8, 1048576 bytes, linear)
[    0.302976] PM: RTC time: 15:06:44, date: 2024-02-11
[    0.304169] NET: Registered PF_NETLINK/PF_ROUTE protocol family
[    0.305144] thermal_sys: Registered thermal governor 'step_wise'
[    0.305147] thermal_sys: Registered thermal governor 'user_space'
[    0.305579] cpuidle: using governor menu
[    0.307930] PCI: Using configuration type 1 for base access
[    0.308524] PCI: Using configuration type 1 for extended access
[    0.309453] kprobes: kprobe jump-optimization is enabled. All kprobes are optimized if possible.
[    0.324834] HugeTLB: registered 1.00 GiB page size, pre-allocated 0 pages
[    0.325525] HugeTLB: 16380 KiB vmemmap can be freed for a 1.00 GiB page
[    0.326404] HugeTLB: registered 2.00 MiB page size, pre-allocated 0 pages
[    0.326525] HugeTLB: 28 KiB vmemmap can be freed for a 2.00 MiB page
[    0.327746] ACPI: Added _OSI(Module Device)
[    0.328307] ACPI: Added _OSI(Processor Device)
[    0.328526] ACPI: Added _OSI(3.0 _SCP Extensions)
[    0.329150] ACPI: Added _OSI(Processor Aggregator Device)
[    0.331643] ACPI: 1 ACPI AML tables successfully acquired and loaded
[    0.333621] ACPI: _OSC evaluation for CPUs failed, trying _PDC
[    0.335042] ACPI: Interpreter enabled
[    0.335566] ACPI: PM: (supports S0 S3 S4 S5)
[    0.336136] ACPI: Using IOAPIC for interrupt routing
[    0.336545] PCI: Using host bridge windows from ACPI; if necessary, use "pci=nocrs" and report a bug
[    0.337524] PCI: Using E820 reservations for host bridge windows
[    0.338630] ACPI: Enabled 2 GPEs in block 00 to 0F
[    0.342501] Callback from call_rcu_tasks_rude() invoked.
[    0.349553] ACPI: PCI Root Bridge [PCI0] (domain 0000 [bus 00-ff])
[    0.350427] acpi PNP0A03:00: _OSC: OS supports [ExtendedConfig ASPM ClockPM Segments MSI HPX-Type3]
[    0.351033] PCI host bridge to bus 0000:00
[    0.351524] pci_bus 0000:00: root bus resource [io  0x0000-0x0cf7 window]
[    0.352431] pci_bus 0000:00: root bus resource [io  0x0d00-0xffff window]
[    0.352526] pci_bus 0000:00: root bus resource [mem 0x000a0000-0x000bffff window]
[    0.353524] pci_bus 0000:00: root bus resource [mem 0x40000000-0xfebfffff window]
[    0.354524] pci_bus 0000:00: root bus resource [mem 0x100000000-0x17fffffff window]
[    0.355524] pci_bus 0000:00: root bus resource [bus 00-ff]
[    0.356416] pci 0000:00:00.0: [8086:1237] type 00 class 0x060000 conventional PCI endpoint
[    0.357028] pci 0000:00:01.0: [8086:7000] type 00 class 0x060100 conventional PCI endpoint
[    0.357972] pci 0000:00:01.1: [8086:7010] type 00 class 0x010180 conventional PCI endpoint
[    0.360777] pci 0000:00:01.1: BAR 4 [io  0xc080-0xc08f]
[    0.362232] pci 0000:00:01.1: BAR 0 [io  0x01f0-0x01f7]: legacy IDE quirk
[    0.362524] pci 0000:00:01.1: BAR 1 [io  0x03f6]: legacy IDE quirk
[    0.363352] pci 0000:00:01.1: BAR 2 [io  0x0170-0x0177]: legacy IDE quirk
[    0.363524] pci 0000:00:01.1: BAR 3 [io  0x0376]: legacy IDE quirk
[    0.364562] pci 0000:00:01.3: [8086:7113] type 00 class 0x068000 conventional PCI endpoint
[    0.365787] pci 0000:00:01.3: quirk: [io  0x0600-0x063f] claimed by PIIX4 ACPI
[    0.366529] pci 0000:00:01.3: quirk: [io  0x0700-0x070f] claimed by PIIX4 SMB
[    0.367755] pci 0000:00:02.0: [1af4:1009] type 00 class 0x000200 conventional PCI endpoint
[    0.369524] pci 0000:00:02.0: BAR 0 [io  0xc000-0xc03f]
[    0.371177] pci 0000:00:02.0: BAR 1 [mem 0xfebfd000-0xfebfdfff]
[    0.374972] pci 0000:00:02.0: BAR 4 [mem 0xfebf4000-0xfebf7fff 64bit pref]
[    0.377783] pci 0000:00:03.0: [1af4:1009] type 00 class 0x000200 conventional PCI endpoint
[    0.379524] pci 0000:00:03.0: BAR 0 [io  0xc040-0xc07f]
[    0.381150] pci 0000:00:03.0: BAR 1 [mem 0xfebfe000-0xfebfefff]
[    0.385169] pci 0000:00:03.0: BAR 4 [mem 0xfebf8000-0xfebfbfff 64bit pref]
[    0.387704] pci 0000:00:04.0: [8086:25ab] type 00 class 0x088000 conventional PCI endpoint
[    0.389043] pci 0000:00:04.0: BAR 0 [mem 0xfebff000-0xfebff00f]
[    0.393532] ACPI: PCI: Interrupt link LNKA configured for IRQ 10
[    0.394535] ACPI: PCI: Interrupt link LNKB configured for IRQ 10
[    0.395506] ACPI: PCI: Interrupt link LNKC configured for IRQ 11
[    0.395680] ACPI: PCI: Interrupt link LNKD configured for IRQ 11
[    0.396554] ACPI: PCI: Interrupt link LNKS configured for IRQ 9
[    0.399833] iommu: Default domain type: Translated
[    0.400491] iommu: DMA domain TLB invalidation policy: lazy mode
[    0.400818] SCSI subsystem initialized
[    0.401546] pps_core: LinuxPPS API ver. 1 registered
[    0.402227] pps_core: Software ver. 5.3.6 - Copyright 2005-2007 Rodolfo Giometti <giometti@linux.it>
[    0.402529] PTP clock support registered
[    0.403096] Advanced Linux Sound Architecture Driver Initialized.
[    0.404152] NET: Registered PF_ATMPVC protocol family
[    0.404524] NET: Registered PF_ATMSVC protocol family
[    0.405212] PCI: Using ACPI for IRQ routing
[    0.405692] vgaarb: loaded
[    0.405928] hpet0: at MMIO 0xfed00000, IRQs 2, 8, 0
[    0.406525] hpet0: 3 comparators, 64-bit 100.000000 MHz counter
[    0.410002] clocksource: Switched to clocksource kvm-clock
[    0.411031] VFS: Disk quotas dquot_6.6.0
[    0.411973] VFS: Dquot-cache hash table entries: 512 (order 0, 4096 bytes)
[    0.413050] pnp: PnP ACPI init
[    0.414045] pnp: PnP ACPI: found 5 devices
[    0.424447] clocksource: acpi_pm: mask: 0xffffff max_cycles: 0xffffff, max_idle_ns: 2085701024 ns
[    0.425727] NET: Registered PF_INET protocol family
[    0.426474] IP idents hash table entries: 16384 (order: 5, 131072 bytes, linear)
[    0.427788] tcp_listen_portaddr_hash hash table entries: 512 (order: 3, 36864 bytes, linear)
[    0.428964] Table-perturb hash table entries: 65536 (order: 6, 262144 bytes, linear)
[    0.430055] TCP established hash table entries: 8192 (order: 4, 65536 bytes, linear)
[    0.431160] TCP bind hash table entries: 8192 (order: 8, 1179648 bytes, linear)
[    0.432572] TCP: Hash tables configured (established 8192 bind 8192)
[    0.433577] UDP hash table entries: 512 (order: 4, 81920 bytes, linear)
[    0.434525] UDP-Lite hash table entries: 512 (order: 4, 81920 bytes, linear)
[    0.435812] NET: Registered PF_UNIX/PF_LOCAL protocol family
[    0.436623] pci_bus 0000:00: resource 4 [io  0x0000-0x0cf7 window]
[    0.437478] pci_bus 0000:00: resource 5 [io  0x0d00-0xffff window]
[    0.438328] pci_bus 0000:00: resource 6 [mem 0x000a0000-0x000bffff window]
[    0.439263] pci_bus 0000:00: resource 7 [mem 0x40000000-0xfebfffff window]
[    0.440205] pci_bus 0000:00: resource 8 [mem 0x100000000-0x17fffffff window]
[    0.441254] pci 0000:00:01.0: PIIX3: Enabling Passive Release
[    0.442053] pci 0000:00:00.0: Limiting direct PCI/PCI transfers
[    0.442908] PCI: CLS 0 bytes, default 64
[    0.443505] kvm_intel: VMX not supported by CPU 0
[    0.444206] kvm_amd: TSC scaling supported
[    0.444799] kvm_amd: Nested Virtualization enabled
[    0.445460] kvm_amd: Nested Paging enabled
[    0.446075] Callback from call_rcu_tasks() invoked.
[    0.446191] kvm_amd: Virtual VMLOAD VMSAVE supported
[    0.447489] kvm_amd: Virtual GIF supported
[    0.448047] kvm_amd: Virtual NMI enabled
[    0.448589] kvm_amd: LBR virtualization supported
[    0.552929] workingset: timestamp_bits=56 max_order=18 bucket_order=0
[    0.553998] squashfs: version 4.0 (2009/01/31) Phillip Lougher
[    0.554800] fuse: init (API version 7.39)
[    0.555434] 9p: Installing v9fs 9p2000 file system support
[    0.556260] Key type asymmetric registered
[    0.556856] Block layer SCSI generic (bsg) driver version 0.4 loaded (major 249)
[    0.557908] io scheduler mq-deadline registered
[    0.558516] io scheduler kyber registered
[    0.560467] input: Power Button as /devices/LNXSYSTM:00/LNXPWRBN:00/input/input0
[    0.561656] ACPI: button: Power Button [PWRF]
[    0.562342] Warning: Processor Platform Limit event detected, but not handled.
[    0.563300] Consider compiling CPUfreq support into your kernel.
[    0.639544] ACPI: \_SB_.LNKB: Enabled at IRQ 10
[    0.714076] ACPI: \_SB_.LNKC: Enabled at IRQ 11
[    0.715620] Serial: 8250/16550 driver, 4 ports, IRQ sharing enabled
[    0.716913] 00:03: ttyS0 at I/O 0x3f8 (irq = 4, base_baud = 115200) is a 16550A
[    0.719067] Non-volatile memory driver v1.3
[    0.719656] Linux agpgart interface v0.103
[    0.720364] ACPI: bus type drm_connector registered
[    0.734406] loop: module loaded
[    0.736238] scsi host0: ata_piix
[    0.737013] scsi host1: ata_piix
[    0.737528] ata1: PATA max MWDMA2 cmd 0x1f0 ctl 0x3f6 bmdma 0xc080 irq 14 lpm-pol 0
[    0.738554] ata2: PATA max MWDMA2 cmd 0x170 ctl 0x376 bmdma 0xc088 irq 15 lpm-pol 0
[    0.740261] i8042: PNP: PS/2 Controller [PNP0303:KBD,PNP0f13:MOU] at 0x60,0x64 irq 1,12
[    0.742089] serio: i8042 KBD port at 0x60,0x64 irq 1
[    0.742778] serio: i8042 AUX port at 0x60,0x64 irq 12
[    0.744024] rtc_cmos 00:04: RTC can wake from S4
[    0.745170] input: AT Translated Set 2 keyboard as /devices/platform/i8042/serio0/input/input1
[    0.747331] rtc_cmos 00:04: registered as rtc0
[    0.747985] rtc_cmos 00:04: setting system clock to 2024-02-11T15:06:44 UTC (1707664004)
[    0.749158] rtc_cmos 00:04: alarms up to one day, y3k, 242 bytes nvram, hpet irqs
[    0.750775] i6300ESB timer 0000:00:04.0: initialized. heartbeat=30 sec (nowayout=0)
[    0.751949] device-mapper: ioctl: 4.48.0-ioctl (2023-03-01) initialised: dm-devel@redhat.com
[    0.753940] NET: Registered PF_PACKET protocol family
[    0.754627] 9pnet: Installing 9P2000 support
[    0.756254] Key type dns_resolver registered
[    0.758067] input: ImExPS/2 Generic Explorer Mouse as /devices/platform/i8042/serio1/input/input3
[    0.761970] IPI shorthand broadcast: enabled
[    0.770582] sched_clock: Marking stable (761002519, 9269876)->(816504682, -46232287)
[    0.771897] registered taskstats version 1
[    0.777215] PM:   Magic number: 12:456:133
[    0.777809] acpi device:08: hash matches
[    0.778383] printk: legacy console [netcon0] enabled
[    0.779039] netconsole: network logging started
[    0.779798] ALSA device list:
[    0.780195]   No soundcards found.
[    0.900433] ata2: found unknown device (class 0)
[    0.901620] ata2.00: ATAPI: QEMU DVD-ROM, 2.5+, max UDMA/100
[    0.903558] scsi 1:0:0:0: CD-ROM            QEMU     QEMU DVD-ROM     2.5+ PQ: 0 ANSI: 5
[    0.911978] scsi 1:0:0:0: Attached scsi generic sg0 type 5
[    0.912900] md: Skipping autodetection of RAID arrays. (raid=autodetect will force)
[    0.913875] 9pnet_virtio: no channels available for device 
[    0.915165] VFS: Mounted root (9p filesystem) readonly on device 0:19.
[    0.916247] devtmpfs: mounted
[    0.918220] Freeing unused kernel image (initmem) memory: 3156K
[    0.926304] Write protecting the kernel read-only data: 22528k
[    0.927424] Freeing unused kernel image (rodata/data gap) memory: 72K
[    0.958210] x86/mm: Checked W+X mappings: passed, no W+X pages found.
[    0.958968] Run /usr/lib/python3.11/site-packages/virtme/guest/virtme-init as init process
[    0.984491] mount (264) used greatest stack depth: 12984 bytes left
[    1.061040] mount (282) used greatest stack depth: 12584 bytes left
[    1.116355] virtme-init (313) used greatest stack depth: 12040 bytes left
[    1.155006] virtme-init: basic initialization done
[    1.160752] virtme-init: udevd not found
[    1.219263] virtme-init: Setting hostname to virtme-ng...
          _      _                                    
   __   _(_)_ __| |_ _ __ ___   ___       _ __   __ _ 
   \ \ / / |  __| __|  _   _ \ / _ \_____|  _ \ / _  |
    \ V /| | |  | |_| | | | | |  __/_____| | | | (_| |
     \_/ |_|_|   \__|_| |_| |_|\___|     |_| |_|\__  |
                                                |___/ 
   kernel version: 6.8.0-rc3-virtme x86_64

virtme-ng:/nipa-data/kernel# PS1='xx__-> '
xx__-> env
PWD=/nipa-data/kernel
HOME=/
TERM=xterm
SHLVL=2
XDG_RUNTIME_DIR=/run/user/0
PATH=/bin:/sbin:/usr/bin:/usr/sbin:/usr/local/bin
OLDPWD=/
_=/usr/bin/env
xx__-> 