No EFI environment detected.
early console in extract_kernel
input_data: 0x0000000004ab92c4
input_len: 0x000000000190ff7f
output: 0x0000000001000000
output_len: 0x00000000053558b0
kernel_total_size: 0x0000000005030000
needed_size: 0x0000000005400000
trampoline_32bit: 0x0000000000000000
Physical KASLR using RDRAND RDTSC...
Virtual KASLR using RDRAND RDTSC...

Decompressing Linux... Parsing ELF... Performing relocations... done.
Booting the kernel (entry_offset: 0x0000000000000000).
[    0.000000] Linux version 6.13.0-virtme (root@22806ac7d4c9) (gcc (Ubuntu 13.3.0-6ubuntu2~24.04) 13.3.0, GNU ld (GNU Binutils for Ubuntu) 2.42) #1 SMP PREEMPT_DYNAMIC Sat Jan 25 18:27:36 UTC 2025
[    0.000000] Command line: virtme_hostname=virtme-ng nr_open=1048576 virtme_link_mods=/nipa-data/kernel/.virtme_mods/lib/modules/0.0.0 virtme_initmount0=nipa-data/kernel virtme_rw_overlay0=/etc virtme_rw_overlay1=/lib virtme_rw_overlay2=/home virtme_rw_overlay3=/opt virtme_rw_overlay4=/srv virtme_rw_overlay5=/usr virtme_rw_overlay6=/var console=hvc0 earlyprintk=serial,ttyS0,115200 virtme_console=ttyS0 psmouse.proto=exps TERM=xterm virtme_chdir=nipa-data/kernel virtme_root_user=1 rootfstype=9p rootflags=version=9p2000.L,trans=virtio,access=any raid=noautodetect ro init=/usr/lib/python3/dist-packages/virtme/guest/virtme-init
[    0.000000] BIOS-provided physical RAM map:
[    0.000000] BIOS-e820: [mem 0x0000000000000000-0x000000000009fbff] usable
[    0.000000] BIOS-e820: [mem 0x000000000009fc00-0x000000000009ffff] reserved
[    0.000000] BIOS-e820: [mem 0x00000000000f0000-0x00000000000fffff] reserved
[    0.000000] BIOS-e820: [mem 0x0000000000100000-0x000000003ffdffff] usable
[    0.000000] BIOS-e820: [mem 0x000000003ffe0000-0x000000003fffffff] reserved
[    0.000000] BIOS-e820: [mem 0x00000000feffc000-0x00000000feffffff] reserved
[    0.000000] BIOS-e820: [mem 0x00000000fffc0000-0x00000000ffffffff] reserved
[    0.000000] BIOS-e820: [mem 0x000000fd00000000-0x000000ffffffffff] reserved
[    0.000000] printk: legacy bootconsole [earlyser0] enabled
[    0.000000] NX (Execute Disable) protection: active
[    0.000000] APIC: Static calls initialized
[    0.000000] SMBIOS 3.0.0 present.
[    0.000000] DMI: QEMU Ubuntu 24.04 PC (i440FX + PIIX, 1996), BIOS 1.16.3-debian-1.16.3-2 04/01/2014
[    0.000000] DMI: Memory slots populated: 1/1
[    0.000000] Hypervisor detected: KVM
[    0.000000] kvm-clock: Using msrs 4b564d01 and 4b564d00
[    0.000000] kvm-clock: using sched offset of 275539269 cycles
[    0.000359] clocksource: kvm-clock: mask: 0xffffffffffffffff max_cycles: 0x1cd42e4dffb, max_idle_ns: 881590591483 ns
[    0.001475] tsc: Detected 4491.556 MHz processor
[    0.002120] last_pfn = 0x3ffe0 max_arch_pfn = 0x400000000
[    0.002513] MTRR map: 4 entries (3 fixed + 1 variable; max 19), built from 8 variable MTRRs
[    0.003086] x86/PAT: Configuration [0-7]: WB  WC  UC- UC  WB  WP  UC- WT  
[    0.004969] found SMP MP-table at [mem 0x000f5470-0x000f547f]
[    0.005368] Using GB pages for direct mapping
[    0.005855] ACPI: Early table checksum verification disabled
[    0.006244] ACPI: RSDP 0x00000000000F5290 000014 (v00 BOCHS )
[    0.006640] ACPI: RSDT 0x000000003FFE27BC 000034 (v01 BOCHS  BXPC     00000001 BXPC 00000001)
[    0.007226] ACPI: FACP 0x000000003FFE2578 000074 (v01 BOCHS  BXPC     00000001 BXPC 00000001)
[    0.007813] ACPI: DSDT 0x000000003FFE0040 002538 (v01 BOCHS  BXPC     00000001 BXPC 00000001)
[    0.008401] ACPI: FACS 0x000000003FFE0000 000040
[    0.008718] ACPI: APIC 0x000000003FFE25EC 000170 (v03 BOCHS  BXPC     00000001 BXPC 00000001)
[    0.009305] ACPI: HPET 0x000000003FFE275C 000038 (v01 BOCHS  BXPC     00000001 BXPC 00000001)
[    0.009887] ACPI: WAET 0x000000003FFE2794 000028 (v01 BOCHS  BXPC     00000001 BXPC 00000001)
[    0.010469] ACPI: Reserving FACP table memory at [mem 0x3ffe2578-0x3ffe25eb]
[    0.010950] ACPI: Reserving DSDT table memory at [mem 0x3ffe0040-0x3ffe2577]
[    0.011430] ACPI: Reserving FACS table memory at [mem 0x3ffe0000-0x3ffe003f]
[    0.011910] ACPI: Reserving APIC table memory at [mem 0x3ffe25ec-0x3ffe275b]
[    0.012390] ACPI: Reserving HPET table memory at [mem 0x3ffe275c-0x3ffe2793]
[    0.012870] ACPI: Reserving WAET table memory at [mem 0x3ffe2794-0x3ffe27bb]
[    0.013549] No NUMA configuration found
[    0.013811] Faking a node at [mem 0x0000000000000000-0x000000003ffdffff]
[    0.014270] NODE_DATA(0) allocated [mem 0x3ffdb780-0x3ffdffff]
[    0.014682] Zone ranges:
[    0.014856]   DMA      [mem 0x0000000000001000-0x0000000000ffffff]
[    0.015278]   DMA32    [mem 0x0000000001000000-0x000000003ffdffff]
[    0.015700]   Normal   empty
[    0.015897]   Device   empty
[    0.016093] Movable zone start for each node
[    0.016384] Early memory node ranges
[    0.016628]   node   0: [mem 0x0000000000001000-0x000000000009efff]
[    0.017060]   node   0: [mem 0x0000000000100000-0x000000003ffdffff]
[    0.017487] Initmem setup node 0 [mem 0x0000000000001000-0x000000003ffdffff]
[    0.017971] On node 0, zone DMA: 1 pages in unavailable ranges
[    0.018421] On node 0, zone DMA: 97 pages in unavailable ranges
[    0.022773] On node 0, zone DMA32: 32 pages in unavailable ranges
[    0.031774] kasan: KernelAddressSanitizer initialized
[    0.032341] ACPI: PM-Timer IO Port: 0x608
[    0.032626] ACPI: LAPIC_NMI (acpi_id[0xff] dfl dfl lint[0x1])
[    0.033052] IOAPIC[0]: apic_id 0, version 17, address 0xfec00000, GSI 0-23
[    0.033524] ACPI: INT_SRC_OVR (bus 0 bus_irq 0 global_irq 2 dfl dfl)
[    0.033960] ACPI: INT_SRC_OVR (bus 0 bus_irq 5 global_irq 5 high level)
[    0.034414] ACPI: INT_SRC_OVR (bus 0 bus_irq 9 global_irq 9 high level)
[    0.034867] ACPI: INT_SRC_OVR (bus 0 bus_irq 10 global_irq 10 high level)
[    0.035331] ACPI: INT_SRC_OVR (bus 0 bus_irq 11 global_irq 11 high level)
[    0.035798] ACPI: Using ACPI (MADT) for SMP configuration information
[    0.036239] ACPI: HPET id: 0x8086a201 base: 0xfed00000
[    0.036592] TSC deadline timer available
[    0.036862] CPU topo: Max. logical packages:   1
[    0.037181] CPU topo: Max. logical dies:       1
[    0.037496] CPU topo: Max. dies per package:   1
[    0.037814] CPU topo: Max. threads per core:   1
[    0.038130] CPU topo: Num. cores per package:    32
[    0.038463] CPU topo: Num. threads per package:  32
[    0.038797] CPU topo: Allowing 32 present CPUs plus 0 hotplug CPUs
[    0.039233] kvm-guest: APIC: eoi() replaced with kvm_guest_apic_eoi_write()
[    0.039721] kvm-guest: KVM setup pv remote TLB flush
[    0.040063] kvm-guest: setup PV sched yield
[    0.040356] PM: hibernation: Registered nosave memory: [mem 0x00000000-0x00000fff]
[    0.040874] PM: hibernation: Registered nosave memory: [mem 0x0009f000-0x0009ffff]
[    0.041395] PM: hibernation: Registered nosave memory: [mem 0x000a0000-0x000effff]
[    0.041913] PM: hibernation: Registered nosave memory: [mem 0x000f0000-0x000fffff]
[    0.042434] [mem 0x40000000-0xfeffbfff] available for PCI devices
[    0.042849] Booting paravirtualized kernel on KVM
[    0.043172] clocksource: refined-jiffies: mask: 0xffffffff max_cycles: 0xffffffff, max_idle_ns: 1910969940391419 ns
[    0.051641] setup_percpu: NR_CPUS:64 nr_cpumask_bits:32 nr_cpu_ids:32 nr_node_ids:1
[    0.053422] percpu: Embedded 70 pages/cpu s247832 r8192 d30696 u524288
[    0.053940] Kernel command line: virtme_hostname=virtme-ng nr_open=1048576 virtme_link_mods=/nipa-data/kernel/.virtme_mods/lib/modules/0.0.0 virtme_initmount0=nipa-data/kernel virtme_rw_overlay0=/etc virtme_rw_overlay1=/lib virtme_rw_overlay2=/home virtme_rw_overlay3=/opt virtme_rw_overlay4=/srv virtme_rw_overlay5=/usr virtme_rw_overlay6=/var console=hvc0 earlyprintk=serial,ttyS0,115200 virtme_console=ttyS0 psmouse.proto=exps TERM=xterm virtme_chdir=nipa-data/kernel virtme_root_user=1 rootfstype=9p rootflags=version=9p2000.L,trans=virtio,access=any raid=noautodetect ro init=/usr/lib/python3/dist-packages/virtme/guest/virtme-init
[    0.058017] Unknown kernel command line parameters "virtme_hostname=virtme-ng nr_open=1048576 virtme_link_mods=/nipa-data/kernel/.virtme_mods/lib/modules/0.0.0 virtme_initmount0=nipa-data/kernel virtme_rw_overlay0=/etc virtme_rw_overlay1=/lib virtme_rw_overlay2=/home virtme_rw_overlay3=/opt virtme_rw_overlay4=/srv virtme_rw_overlay5=/usr virtme_rw_overlay6=/var virtme_console=ttyS0 virtme_chdir=nipa-data/kernel virtme_root_user=1", will be passed to user space.
[    0.061108] random: crng init done
[    0.061349] printk: log buffer data + meta data: 262144 + 917504 = 1179648 bytes
[    0.061889] Dentry cache hash table entries: 131072 (order: 8, 1048576 bytes, linear)
[    0.062453] Inode-cache hash table entries: 65536 (order: 7, 524288 bytes, linear)
[    0.063389] Fallback order for Node 0: 0 
[    0.063393] Built 1 zonelists, mobility grouping on.  Total pages: 262014
[    0.064153] Policy zone: DMA32
[    0.064368] mem auto-init: stack:all(zero), heap alloc:off, heap free:off
[    0.064845] stackdepot: allocating hash table via alloc_large_system_hash
[    0.065331] stackdepot hash table entries: 1048576 (order: 12, 16777216 bytes, linear)
[    0.073257] SLUB: HWalign=64, Order=0-3, MinObjects=0, CPUs=32, Nodes=1
Poking KASLR using RDRAND RDTSC...
[    0.074020] ftrace: allocating 48924 entries in 192 pages
[    0.091029] ftrace: allocated 192 pages with 2 groups
[    0.092218] Dynamic Preempt: voluntary
[    0.092909] rcu: Preemptible hierarchical RCU implementation.
[    0.093312] rcu: RCU event tracing is enabled.
[    0.093629] rcu: RCU restricting CPUs from NR_CPUS=64 to nr_cpu_ids=32.
[    0.094103] Trampoline variant of Tasks RCU enabled.
[    0.094459] Rude variant of Tasks RCU enabled.
[    0.094779] Tracing variant of Tasks RCU enabled.
[    0.095120] rcu: RCU calculated value of scheduler-enlistment delay is 100 jiffies.
[    0.095658] rcu: Adjusting geometry for rcu_fanout_leaf=16, nr_cpu_ids=32
[    0.096198] RCU Tasks: Setting shift to 5 and lim to 1 rcu_task_cb_adjust=1 rcu_task_cpu_ids=32.
[    0.096818] RCU Tasks Rude: Setting shift to 5 and lim to 1 rcu_task_cb_adjust=1 rcu_task_cpu_ids=32.
[    0.097472] RCU Tasks Trace: Setting shift to 5 and lim to 1 rcu_task_cb_adjust=1 rcu_task_cpu_ids=32.
[    0.106674] NR_IRQS: 4352, nr_irqs: 680, preallocated irqs: 16
[    0.107330] rcu: srcu_init: Setting srcu_struct sizes based on contention.
[    0.108027] Console: colour *CGA 80x25
[    0.108322] ACPI: Core revision 20240827
[    0.108746] clocksource: hpet: mask: 0xffffffff max_cycles: 0xffffffff, max_idle_ns: 19112604467 ns
[    0.109463] APIC: Switch to symmetric I/O mode setup
[    0.109838] kvm-guest: APIC: send_IPI_mask() replaced with kvm_send_ipi_mask()
[    0.110354] kvm-guest: APIC: send_IPI_mask_allbutself() replaced with kvm_send_ipi_mask_allbutself()
[    0.110977] kvm-guest: setup PV IPIs
[    0.112054] ..TIMER: vector=0x30 apic1=0 pin1=2 apic2=-1 pin2=-1
[    0.112821] clocksource: tsc-early: mask: 0xffffffffffffffff max_cycles: 0x40be400eb43, max_idle_ns: 440795366972 ns
[    0.114157] Calibrating delay loop (skipped) preset value.. 8983.11 BogoMIPS (lpj=4491556)
[    0.115221] x86/cpu: User Mode Instruction Prevention (UMIP) activated
[    0.116212] Last level iTLB entries: 4KB 512, 2MB 255, 4MB 127
[    0.117156] Last level dTLB entries: 4KB 512, 2MB 255, 4MB 127, 1GB 0
[    0.118160] Spectre V1 : Mitigation: usercopy/swapgs barriers and __user pointer sanitization
[    0.119160] Spectre V2 : Mitigation: Enhanced / Automatic IBRS
[    0.119877] Spectre V2 : Spectre v2 / SpectreRSB mitigation: Filling RSB on context switch
[    0.120158] Spectre V2 : mitigation: Enabling conditional Indirect Branch Prediction Barrier
[    0.121158] Speculative Store Bypass: Mitigation: Speculative Store Bypass disabled via prctl
[    0.122156] Speculative Return Stack Overflow: IBPB-extending microcode not applied!
[    0.123156] Speculative Return Stack Overflow: WARNING: See https://kernel.org/doc/html/latest/admin-guide/hw-vuln/srso.html for mitigation options.
[    0.123157] Speculative Return Stack Overflow: Vulnerable: Safe RET, no microcode
[    0.125171] x86/fpu: Supporting XSAVE feature 0x001: 'x87 floating point registers'
[    0.126156] x86/fpu: Supporting XSAVE feature 0x002: 'SSE registers'
[    0.127156] x86/fpu: Supporting XSAVE feature 0x004: 'AVX registers'
[    0.128156] x86/fpu: Supporting XSAVE feature 0x020: 'AVX-512 opmask'
[    0.128927] x86/fpu: Supporting XSAVE feature 0x040: 'AVX-512 Hi256'
[    0.129156] x86/fpu: Supporting XSAVE feature 0x080: 'AVX-512 ZMM_Hi256'
[    0.130156] x86/fpu: Supporting XSAVE feature 0x200: 'Protection Keys User registers'
[    0.131156] x86/fpu: xstate_offset[2]:  576, xstate_sizes[2]:  256
[    0.132156] x86/fpu: xstate_offset[5]:  832, xstate_sizes[5]:   64
[    0.132896] x86/fpu: xstate_offset[6]:  896, xstate_sizes[6]:  512
[    0.133156] x86/fpu: xstate_offset[7]: 1408, xstate_sizes[7]: 1024
[    0.134156] x86/fpu: xstate_offset[9]: 2432, xstate_sizes[9]:    8
[    0.135156] x86/fpu: Enabled xstate features 0x2e7, context size is 2440 bytes, using 'compacted' format.
[    0.156166] Freeing SMP alternatives memory: 40K
[    0.156726] pid_max: default: 32768 minimum: 301
[    0.157272] Mount-cache hash table entries: 2048 (order: 2, 16384 bytes, linear)
[    0.158157] Mountpoint-cache hash table entries: 2048 (order: 2, 16384 bytes, linear)
[    0.159754] smpboot: CPU0: AMD Ryzen 9 7950X 16-Core Processor (family: 0x19, model: 0x61, stepping: 0x2)
[    0.160604] Performance Events: Fam17h+ core perfctr, AMD PMU driver.
[    0.161160] ... version:                0
[    0.161637] ... bit width:              48
[    0.162124] ... generic registers:      6
[    0.162158] ... value mask:             0000ffffffffffff
[    0.162789] ... max period:             00007fffffffffff
[    0.163158] ... fixed-purpose events:   0
[    0.163634] ... event mask:             000000000000003f
[    0.164263] signal: max sigframe size: 3376
[    0.164806] rcu: Hierarchical SRCU implementation.
[    0.165158] rcu: Max phase no-delay instances is 400.
[    0.165844] Timer migration: 2 hierarchy levels; 8 children per group; 2 crossnode level
[    0.169769] smp: Bringing up secondary CPUs ...
[    0.170331] smpboot: x86: Booting SMP configuration:
[    0.170926] .... node  #0, CPUs:        #1  #2  #3  #4  #5  #6  #7  #8  #9 #10 #11 #12 #13 #14 #15 #16 #17 #18 #19 #20 #21 #22 #23 #24 #25 #26 #27 #28 #29 #30 #31
[    0.198259] smp: Brought up 1 node, 32 CPUs
[    0.199670] smpboot: Total of 32 processors activated (287459.58 BogoMIPS)
[    0.203282] Memory: 763140K/1048056K available (45056K kernel code, 11498K rwdata, 10132K rodata, 6104K init, 1544K bss, 269024K reserved, 0K cma-reserved)
[    0.204273] devtmpfs: initialized
[    0.204728] x86/mm: Memory block size: 128MB
[    0.210812] clocksource: jiffies: mask: 0xffffffff max_cycles: 0xffffffff, max_idle_ns: 1911260446275000 ns
[    0.211162] futex hash table entries: 8192 (order: 7, 524288 bytes, linear)
[    0.212343] PM: RTC time: 18:28:02, date: 2025-01-25
[    0.213651] NET: Registered PF_NETLINK/PF_ROUTE protocol family
[    0.214965] thermal_sys: Registered thermal governor 'step_wise'
[    0.214968] thermal_sys: Registered thermal governor 'user_space'
[    0.215184] cpuidle: using governor menu
[    0.217411] PCI: Using configuration type 1 for base access
[    0.218094] PCI: Using configuration type 1 for extended access
[    0.218290] kprobes: kprobe jump-optimization is enabled. All kprobes are optimized if possible.
[    0.233472] HugeTLB: registered 1.00 GiB page size, pre-allocated 0 pages
[    0.234158] HugeTLB: 16380 KiB vmemmap can be freed for a 1.00 GiB page
[    0.234966] HugeTLB: registered 2.00 MiB page size, pre-allocated 0 pages
[    0.236158] HugeTLB: 28 KiB vmemmap can be freed for a 2.00 MiB page
[    0.237478] ACPI: Added _OSI(Module Device)
[    0.237992] ACPI: Added _OSI(Processor Device)
[    0.238158] ACPI: Added _OSI(3.0 _SCP Extensions)
[    0.238731] ACPI: Added _OSI(Processor Aggregator Device)
[    0.261082] ACPI: 1 ACPI AML tables successfully acquired and loaded
[    0.265901] ACPI: Interpreter enabled
[    0.267215] ACPI: PM: (supports S0 S3 S4 S5)
[    0.267739] ACPI: Using IOAPIC for interrupt routing
[    0.268207] PCI: Using host bridge windows from ACPI; if necessary, use "pci=nocrs" and report a bug
[    0.269158] PCI: Using E820 reservations for host bridge windows
[    0.270907] ACPI: Enabled 2 GPEs in block 00 to 0F
[    0.315555] ACPI: PCI Root Bridge [PCI0] (domain 0000 [bus 00-ff])
[    0.316171] acpi PNP0A03:00: _OSC: OS supports [ExtendedConfig ASPM ClockPM Segments MSI HPX-Type3]
[    0.318633] PCI host bridge to bus 0000:00
[    0.319190] pci_bus 0000:00: root bus resource [io  0x0000-0x0cf7 window]
[    0.320025] pci_bus 0000:00: root bus resource [io  0x0d00-0xffff window]
[    0.320160] pci_bus 0000:00: root bus resource [mem 0x000a0000-0x000bffff window]
[    0.321083] pci_bus 0000:00: root bus resource [mem 0x40000000-0xfebfffff window]
[    0.322160] pci_bus 0000:00: root bus resource [mem 0x100000000-0x17fffffff window]
[    0.323101] pci_bus 0000:00: root bus resource [bus 00-ff]
[    0.324254] pci 0000:00:00.0: [8086:1237] type 00 class 0x060000 conventional PCI endpoint
[    0.325969] pci 0000:00:01.0: [8086:7000] type 00 class 0x060100 conventional PCI endpoint
[    0.328020] pci 0000:00:01.1: [8086:7010] type 00 class 0x010180 conventional PCI endpoint
[    0.330661] pci 0000:00:01.1: BAR 4 [io  0xc0c0-0xc0cf]
[    0.331840] pci 0000:00:01.1: BAR 0 [io  0x01f0-0x01f7]: legacy IDE quirk
[    0.332158] pci 0000:00:01.1: BAR 1 [io  0x03f6]: legacy IDE quirk
[    0.332914] pci 0000:00:01.1: BAR 2 [io  0x0170-0x0177]: legacy IDE quirk
[    0.334158] pci 0000:00:01.1: BAR 3 [io  0x0376]: legacy IDE quirk
[    0.335563] pci 0000:00:01.3: [8086:7113] type 00 class 0x068000 conventional PCI endpoint
[    0.336410] pci 0000:00:01.3: quirk: [io  0x0600-0x063f] claimed by PIIX4 ACPI
[    0.338162] pci 0000:00:01.3: quirk: [io  0x0700-0x070f] claimed by PIIX4 SMB
[    0.339739] pci 0000:00:02.0: [1af4:1009] type 00 class 0x000200 conventional PCI endpoint
[    0.340517] pci 0000:00:02.0: BAR 0 [io  0xc000-0xc03f]
[    0.341483] pci 0000:00:02.0: BAR 1 [mem 0xfebfc000-0xfebfcfff]
[    0.345158] pci 0000:00:02.0: BAR 4 [mem 0xfebf0000-0xfebf3fff 64bit pref]
[    0.357418] pci 0000:00:03.0: [1af4:1009] type 00 class 0x000200 conventional PCI endpoint
[    0.358475] pci 0000:00:03.0: BAR 0 [io  0xc040-0xc07f]
[    0.359287] pci 0000:00:03.0: BAR 1 [mem 0xfebfd000-0xfebfdfff]
[    0.360801] pci 0000:00:03.0: BAR 4 [mem 0xfebf4000-0xfebf7fff 64bit pref]
[    0.373213] pci 0000:00:04.0: [8086:25ab] type 00 class 0x088000 conventional PCI endpoint
[    0.374298] pci 0000:00:04.0: BAR 0 [mem 0xfebfe000-0xfebfe00f]
[    0.386179] pci 0000:00:05.0: [1af4:1003] type 00 class 0x078000 conventional PCI endpoint
[    0.387437] pci 0000:00:05.0: BAR 0 [io  0xc080-0xc0bf]
[    0.388268] pci 0000:00:05.0: BAR 1 [mem 0xfebff000-0xfebfffff]
[    0.389629] pci 0000:00:05.0: BAR 4 [mem 0xfebf8000-0xfebfbfff 64bit pref]
[    0.404336] ACPI: PCI: Interrupt link LNKA configured for IRQ 10
[    0.405974] ACPI: PCI: Interrupt link LNKB configured for IRQ 10
[    0.407035] ACPI: PCI: Interrupt link LNKC configured for IRQ 11
[    0.409028] ACPI: PCI: Interrupt link LNKD configured for IRQ 11
[    0.409525] ACPI: PCI: Interrupt link LNKS configured for IRQ 9
[    0.428438] iommu: Default domain type: Translated
[    0.429035] iommu: DMA domain TLB invalidation policy: lazy mode
[    0.429608] SCSI subsystem initialized
[    0.430449] pps_core: LinuxPPS API ver. 1 registered
[    0.431063] pps_core: Software ver. 5.3.6 - Copyright 2005-2007 Rodolfo Giometti <giometti@linux.it>
[    0.432172] PTP clock support registered
[    0.433278] Advanced Linux Sound Architecture Driver Initialized.
[    0.435241] NET: Registered PF_ATMPVC protocol family
[    0.435870] NET: Registered PF_ATMSVC protocol family
[    0.436193] PCI: Using ACPI for IRQ routing
[    0.437212] vgaarb: loaded
[    0.437271] hpet0: at MMIO 0xfed00000, IRQs 2, 8, 0
[    0.437878] hpet0: 3 comparators, 64-bit 100.000000 MHz counter
[    0.446375] clocksource: Switched to clocksource kvm-clock
[    0.447344] VFS: Disk quotas dquot_6.6.0
[    0.447837] VFS: Dquot-cache hash table entries: 512 (order 0, 4096 bytes)
[    0.449387] pnp: PnP ACPI init
[    0.452024] pnp: PnP ACPI: found 5 devices
[    0.463641] clocksource: acpi_pm: mask: 0xffffff max_cycles: 0xffffff, max_idle_ns: 2085701024 ns
[    0.464789] NET: Registered PF_INET protocol family
[    0.465428] IP idents hash table entries: 16384 (order: 5, 131072 bytes, linear)
[    0.466705] tcp_listen_portaddr_hash hash table entries: 512 (order: 1, 8192 bytes, linear)
[    0.467735] Table-perturb hash table entries: 65536 (order: 6, 262144 bytes, linear)
[    0.468698] TCP established hash table entries: 8192 (order: 4, 65536 bytes, linear)
[    0.469657] TCP bind hash table entries: 8192 (order: 6, 262144 bytes, linear)
[    0.470639] TCP: Hash tables configured (established 8192 bind 8192)
[    0.471570] UDP hash table entries: 512 (order: 3, 32768 bytes, linear)
[    0.472418] UDP-Lite hash table entries: 512 (order: 3, 32768 bytes, linear)
[    0.473489] NET: Registered PF_UNIX/PF_LOCAL protocol family
[    0.474199] pci_bus 0000:00: resource 4 [io  0x0000-0x0cf7 window]
[    0.474957] pci_bus 0000:00: resource 5 [io  0x0d00-0xffff window]
[    0.475713] pci_bus 0000:00: resource 6 [mem 0x000a0000-0x000bffff window]
[    0.476554] pci_bus 0000:00: resource 7 [mem 0x40000000-0xfebfffff window]
[    0.477395] pci_bus 0000:00: resource 8 [mem 0x100000000-0x17fffffff window]
[    0.478446] pci 0000:00:01.0: PIIX3: Enabling Passive Release
[    0.479146] pci 0000:00:00.0: Limiting direct PCI/PCI transfers
[    0.479909] PCI: CLS 0 bytes, default 64
[    0.480472] kvm_intel: VMX not supported by CPU 27
[    0.481073] kvm_amd: TSC scaling supported
[    0.481579] kvm_amd: Nested Virtualization enabled
[    0.482157] kvm_amd: Nested Paging enabled
[    0.482659] kvm_amd: LBR virtualization supported
[    0.483380] kvm_amd: Virtual GIF supported
[    0.483877] kvm_amd: Virtual NMI enabled
[    0.515245] clocksource: tsc: mask: 0xffffffffffffffff max_cycles: 0x40be400eb43, max_idle_ns: 440795366972 ns
[    0.533644] Initialise system trusted keyrings
[    0.534312] workingset: timestamp_bits=56 max_order=18 bucket_order=0
[    0.535210] squashfs: version 4.0 (2009/01/31) Phillip Lougher
[    0.535943] fuse: init (API version 7.41)
[    0.536568] 9p: Installing v9fs 9p2000 file system support
[    0.546226] Key type asymmetric registered
[    0.546743] Asymmetric key parser 'x509' registered
[    0.547406] Block layer SCSI generic (bsg) driver version 0.4 loaded (major 249)
[    0.548351] io scheduler mq-deadline registered
[    0.548911] io scheduler kyber registered
[    0.551537] input: Power Button as /devices/LNXSYSTM:00/LNXPWRBN:00/input/input0
[    0.552672] ACPI: button: Power Button [PWRF]
[    0.554556] Warning: Processor Platform Limit event detected, but not handled.
[    0.555464] Consider compiling CPUfreq support into your kernel.
[    1.346134] ACPI: \_SB_.LNKB: Enabled at IRQ 10
[    2.130304] ACPI: \_SB_.LNKC: Enabled at IRQ 11
[    2.913535] ACPI: \_SB_.LNKA: Enabled at IRQ 10
[    2.914863] Serial: 8250/16550 driver, 4 ports, IRQ sharing enabled
[    2.915946] 00:03: ttyS0 at I/O 0x3f8 (irq = 4, base_baud = 115200) is a 16550A
[    2.947891] Non-volatile memory driver v1.3
[    2.948433] Linux agpgart interface v0.103
[    2.949094] ACPI: bus type drm_connector registered
[    2.949730] printk: legacy console [hvc0] enabled
[    2.950350] printk: legacy bootconsole [earlyser0] disabled
          _      _                                    
   __   _(_)_ __| |_ _ __ ___   ___       _ __   __ _ 
   \ \ / / |  __| __|  _   _ \ / _ \_____|  _ \ / _  |
    \ V /| | |  | |_| | | | | |  __/_____| | | | (_| |
     \_/ |_|_|   \__|_| |_| |_|\___|     |_| |_|\__  |
                                                |___/ 
   kernel version: 6.13.0-virtme x86_64
   (CTRL+d to exit)

root@virtme-ng:/nipa-data/kernel# PS1='xx__-> '
xx__-> env
PWD=/nipa-data/kernel
nr_open=1048576
HOME=/
TERM=xterm
SHLVL=2
XDG_RUNTIME_DIR=/run/user/0
PATH=/bin:/sbin:/usr/bin:/usr/sbin:/usr/local/bin
OLDPWD=/
_=/bin/env
xx__-> 