No EFI environment detected.
early console in extract_kernel
input_data: 0x0000000004abc2b9
input_len: 0x00000000017a8f27
output: 0x0000000001000000
output_len: 0x00000000051f20ec
kernel_total_size: 0x0000000004e30000
needed_size: 0x0000000005200000
trampoline_32bit: 0x0000000000000000
Physical KASLR using RDRAND RDTSC...
Virtual KASLR using RDRAND RDTSC...

Decompressing Linux... Parsing ELF... Performing relocations... done.
Booting the kernel (entry_offset: 0x0000000000000000).
[    0.000000] Linux version 6.8.0-virtme (root@d5db92bcc5cd) (gcc (Alpine 13.2.1_git20240309) 13.2.1 20240309, GNU ld (GNU Binutils) 2.42) #1 SMP PREEMPT_DYNAMIC Thu Mar 14 09:26:04 UTC 2024
[    0.000000] Command line: virtme_hostname=virtme-ng nr_open=1048576 virtme_link_mods=/nipa-data/kernel/.virtme_mods/lib/modules/0.0.0 virtme_initmount0=nipa-data/kernel virtme_rw_overlay0=/etc virtme_rw_overlay1=/lib virtme_rw_overlay2=/home virtme_rw_overlay3=/opt virtme_rw_overlay4=/srv virtme_rw_overlay5=/usr virtme_rw_overlay6=/var console=hvc0 earlyprintk=serial,ttyS0,115200 virtme_console=ttyS0 psmouse.proto=exps TERM=xterm virtme_chdir=nipa-data/kernel virtme_root_user=1 rootfstype=9p rootflags=version=9p2000.L,trans=virtio,access=any raid=noautodetect ro init=/usr/lib/python3.11/site-packages/virtme/guest/virtme-init
[    0.000000] BIOS-provided physical RAM map:
[    0.000000] BIOS-e820: [mem 0x0000000000000000-0x000000000009fbff] usable
[    0.000000] BIOS-e820: [mem 0x000000000009fc00-0x000000000009ffff] reserved
[    0.000000] BIOS-e820: [mem 0x00000000000f0000-0x00000000000fffff] reserved
[    0.000000] BIOS-e820: [mem 0x0000000000100000-0x000000003ffdffff] usable
[    0.000000] BIOS-e820: [mem 0x000000003ffe0000-0x000000003fffffff] reserved
[    0.000000] BIOS-e820: [mem 0x00000000feffc000-0x00000000feffffff] reserved
[    0.000000] BIOS-e820: [mem 0x00000000fffc0000-0x00000000ffffffff] reserved
[    0.000000] BIOS-e820: [mem 0x000000fd00000000-0x000000ffffffffff] reserved
[    0.000000] printk: legacy bootconsole [earlyser0] enabled
[    0.000000] NX (Execute Disable) protection: active
[    0.000000] APIC: Static calls initialized
[    0.000000] SMBIOS 3.0.0 present.
[    0.000000] DMI: QEMU Standard PC (i440FX + PIIX, 1996), BIOS rel-1.16.3-0-ga6ed6b701f0a-prebuilt.qemu.org 04/01/2014
[    0.000000] Hypervisor detected: KVM
[    0.000000] kvm-clock: Using msrs 4b564d01 and 4b564d00
[    0.000000] kvm-clock: using sched offset of 304173418 cycles
[    0.000362] clocksource: kvm-clock: mask: 0xffffffffffffffff max_cycles: 0x1cd42e4dffb, max_idle_ns: 881590591483 ns
[    0.001489] tsc: Detected 4491.556 MHz processor
[    0.002138] last_pfn = 0x3ffe0 max_arch_pfn = 0x400000000
[    0.002534] MTRR map: 4 entries (3 fixed + 1 variable; max 19), built from 8 variable MTRRs
[    0.003112] x86/PAT: Configuration [0-7]: WB  WC  UC- UC  WB  WP  UC- WT  
[    0.005018] found SMP MP-table at [mem 0x000f5470-0x000f547f]
[    0.005421] Using GB pages for direct mapping
[    0.005870] ACPI: Early table checksum verification disabled
[    0.006266] ACPI: RSDP 0x00000000000F5290 000014 (v00 BOCHS )
[    0.006665] ACPI: RSDT 0x000000003FFE27BC 000034 (v01 BOCHS  BXPC     00000001 BXPC 00000001)
[    0.007261] ACPI: FACP 0x000000003FFE2578 000074 (v01 BOCHS  BXPC     00000001 BXPC 00000001)
[    0.007854] ACPI: DSDT 0x000000003FFE0040 002538 (v01 BOCHS  BXPC     00000001 BXPC 00000001)
[    0.008447] ACPI: FACS 0x000000003FFE0000 000040
[    0.008769] ACPI: APIC 0x000000003FFE25EC 000170 (v03 BOCHS  BXPC     00000001 BXPC 00000001)
[    0.009358] ACPI: HPET 0x000000003FFE275C 000038 (v01 BOCHS  BXPC     00000001 BXPC 00000001)
[    0.009946] ACPI: WAET 0x000000003FFE2794 000028 (v01 BOCHS  BXPC     00000001 BXPC 00000001)
[    0.010535] ACPI: Reserving FACP table memory at [mem 0x3ffe2578-0x3ffe25eb]
[    0.011020] ACPI: Reserving DSDT table memory at [mem 0x3ffe0040-0x3ffe2577]
[    0.011505] ACPI: Reserving FACS table memory at [mem 0x3ffe0000-0x3ffe003f]
[    0.011990] ACPI: Reserving APIC table memory at [mem 0x3ffe25ec-0x3ffe275b]
[    0.012475] ACPI: Reserving HPET table memory at [mem 0x3ffe275c-0x3ffe2793]
[    0.012961] ACPI: Reserving WAET table memory at [mem 0x3ffe2794-0x3ffe27bb]
[    0.013631] No NUMA configuration found
[    0.013895] Faking a node at [mem 0x0000000000000000-0x000000003ffdffff]
[    0.014358] NODE_DATA(0) allocated [mem 0x3ffdb000-0x3ffdffff]
[    0.014773] Zone ranges:
[    0.014948]   DMA      [mem 0x0000000000001000-0x0000000000ffffff]
[    0.015374]   DMA32    [mem 0x0000000001000000-0x000000003ffdffff]
[    0.015800]   Normal   empty
[    0.015998]   Device   empty
[    0.016197] Movable zone start for each node
[    0.016490] Early memory node ranges
[    0.016738]   node   0: [mem 0x0000000000001000-0x000000000009efff]
[    0.017169]   node   0: [mem 0x0000000000100000-0x000000003ffdffff]
[    0.017601] Initmem setup node 0 [mem 0x0000000000001000-0x000000003ffdffff]
[    0.018089] On node 0, zone DMA: 1 pages in unavailable ranges
[    0.018545] On node 0, zone DMA: 97 pages in unavailable ranges
[    0.023059] On node 0, zone DMA32: 32 pages in unavailable ranges
[    0.031902] kasan: KernelAddressSanitizer initialized
[    0.032474] ACPI: PM-Timer IO Port: 0x608
[    0.032771] ACPI: LAPIC_NMI (acpi_id[0xff] dfl dfl lint[0x1])
[    0.033193] IOAPIC[0]: apic_id 0, version 17, address 0xfec00000, GSI 0-23
[    0.033668] ACPI: INT_SRC_OVR (bus 0 bus_irq 0 global_irq 2 dfl dfl)
[    0.034107] ACPI: INT_SRC_OVR (bus 0 bus_irq 5 global_irq 5 high level)
[    0.034562] ACPI: INT_SRC_OVR (bus 0 bus_irq 9 global_irq 9 high level)
[    0.035017] ACPI: INT_SRC_OVR (bus 0 bus_irq 10 global_irq 10 high level)
[    0.035485] ACPI: INT_SRC_OVR (bus 0 bus_irq 11 global_irq 11 high level)
[    0.035954] ACPI: Using ACPI (MADT) for SMP configuration information
[    0.036398] ACPI: HPET id: 0x8086a201 base: 0xfed00000
[    0.036757] TSC deadline timer available
[    0.037028] CPU topo: Max. logical packages:   1
[    0.037346] CPU topo: Max. logical dies:       1
[    0.037664] CPU topo: Max. dies per package:   1
[    0.037984] CPU topo: Max. threads per core:  32
[    0.038301] CPU topo: Num. cores per package:     1
[    0.038637] CPU topo: Num. threads per package:  32
[    0.038972] CPU topo: Allowing 32 present CPUs plus 0 hotplug CPUs
[    0.039412] kvm-guest: APIC: eoi() replaced with kvm_guest_apic_eoi_write()
[    0.039903] kvm-guest: KVM setup pv remote TLB flush
[    0.040246] kvm-guest: setup PV sched yield
[    0.040539] PM: hibernation: Registered nosave memory: [mem 0x00000000-0x00000fff]
[    0.041062] PM: hibernation: Registered nosave memory: [mem 0x0009f000-0x0009ffff]
[    0.041582] PM: hibernation: Registered nosave memory: [mem 0x000a0000-0x000effff]
[    0.042101] PM: hibernation: Registered nosave memory: [mem 0x000f0000-0x000fffff]
[    0.042622] [mem 0x40000000-0xfeffbfff] available for PCI devices
[    0.043041] Booting paravirtualized kernel on KVM
[    0.043366] clocksource: refined-jiffies: mask: 0xffffffff max_cycles: 0xffffffff, max_idle_ns: 1910969940391419 ns
[    0.051549] setup_percpu: NR_CPUS:64 nr_cpumask_bits:32 nr_cpu_ids:32 nr_node_ids:1
[    0.053321] percpu: Embedded 70 pages/cpu s247656 r8192 d30872 u524288
[    0.053832] Kernel command line: virtme_hostname=virtme-ng nr_open=1048576 virtme_link_mods=/nipa-data/kernel/.virtme_mods/lib/modules/0.0.0 virtme_initmount0=nipa-data/kernel virtme_rw_overlay0=/etc virtme_rw_overlay1=/lib virtme_rw_overlay2=/home virtme_rw_overlay3=/opt virtme_rw_overlay4=/srv virtme_rw_overlay5=/usr virtme_rw_overlay6=/var console=hvc0 earlyprintk=serial,ttyS0,115200 virtme_console=ttyS0 psmouse.proto=exps TERM=xterm virtme_chdir=nipa-data/kernel virtme_root_user=1 rootfstype=9p rootflags=version=9p2000.L,trans=virtio,access=any raid=noautodetect ro init=/usr/lib/python3.11/site-packages/virtme/guest/virtme-init
[    0.057932] Unknown kernel command line parameters "virtme_hostname=virtme-ng nr_open=1048576 virtme_link_mods=/nipa-data/kernel/.virtme_mods/lib/modules/0.0.0 virtme_initmount0=nipa-data/kernel virtme_rw_overlay0=/etc virtme_rw_overlay1=/lib virtme_rw_overlay2=/home virtme_rw_overlay3=/opt virtme_rw_overlay4=/srv virtme_rw_overlay5=/usr virtme_rw_overlay6=/var virtme_console=ttyS0 virtme_chdir=nipa-data/kernel virtme_root_user=1", will be passed to user space.
[    0.061036] random: crng init done
[    0.061399] Dentry cache hash table entries: 131072 (order: 8, 1048576 bytes, linear)
[    0.061964] Inode-cache hash table entries: 65536 (order: 7, 524288 bytes, linear)
[    0.062897] Fallback order for Node 0: 0 
[    0.062900] Built 1 zonelists, mobility grouping on.  Total pages: 257760
[    0.063665] Policy zone: DMA32
[    0.063882] mem auto-init: stack:all(zero), heap alloc:off, heap free:off
[    0.064362] stackdepot: allocating hash table via alloc_large_system_hash
[    0.064845] stackdepot hash table entries: 1048576 (order: 12, 16777216 bytes, linear)
[    0.072658] Memory: 781012K/1048056K available (43008K kernel code, 10929K rwdata, 9580K rodata, 5744K init, 2820K bss, 266788K reserved, 0K cma-reserved)
[    0.073809] SLUB: HWalign=64, Order=0-3, MinObjects=0, CPUs=32, Nodes=1
Poking KASLR using RDRAND RDTSC...
[    0.074527] ftrace: allocating 46650 entries in 183 pages
[    0.082549] ftrace: allocated 183 pages with 6 groups
[    0.083704] Dynamic Preempt: voluntary
[    0.084410] rcu: Preemptible hierarchical RCU implementation.
[    0.084819] rcu: RCU event tracing is enabled.
[    0.085138] rcu: RCU restricting CPUs from NR_CPUS=64 to nr_cpu_ids=32.
[    0.085610] Trampoline variant of Tasks RCU enabled.
[    0.085965] Rude variant of Tasks RCU enabled.
[    0.086283] Tracing variant of Tasks RCU enabled.
[    0.086620] rcu: RCU calculated value of scheduler-enlistment delay is 100 jiffies.
[    0.087159] rcu: Adjusting geometry for rcu_fanout_leaf=16, nr_cpu_ids=32
[    0.087671] RCU Tasks: Setting shift to 5 and lim to 1 rcu_task_cb_adjust=1.
[    0.088169] RCU Tasks Rude: Setting shift to 5 and lim to 1 rcu_task_cb_adjust=1.
[    0.088700] RCU Tasks Trace: Setting shift to 5 and lim to 1 rcu_task_cb_adjust=1.
[    0.096851] NR_IRQS: 4352, nr_irqs: 680, preallocated irqs: 16
[    0.097505] rcu: srcu_init: Setting srcu_struct sizes based on contention.
[    0.098193] Console: colour *CGA 80x25
[    0.098481] ACPI: Core revision 20230628
[    0.098908] clocksource: hpet: mask: 0xffffffff max_cycles: 0xffffffff, max_idle_ns: 19112604467 ns
[    0.099619] APIC: Switch to symmetric I/O mode setup
[    0.099991] APIC: Switched APIC routing to: physical flat
[    0.100373] kvm-guest: APIC: send_IPI_mask() replaced with kvm_send_ipi_mask()
[    0.100929] kvm-guest: APIC: send_IPI_mask_allbutself() replaced with kvm_send_ipi_mask_allbutself()
[    0.101575] kvm-guest: setup PV IPIs
[    0.102660] ..TIMER: vector=0x30 apic1=0 pin1=2 apic2=-1 pin2=-1
[    0.103415] tsc: Marking TSC unstable due to TSCs unsynchronized
[    0.104174] Calibrating delay loop (skipped) preset value.. 8983.11 BogoMIPS (lpj=4491556)
[    0.105231] x86/cpu: User Mode Instruction Prevention (UMIP) activated
[    0.106231] Last level iTLB entries: 4KB 512, 2MB 255, 4MB 127
[    0.107171] Last level dTLB entries: 4KB 512, 2MB 255, 4MB 127, 1GB 0
[    0.108175] Spectre V1 : Mitigation: usercopy/swapgs barriers and __user pointer sanitization
[    0.109175] Spectre V2 : Mitigation: Enhanced / Automatic IBRS
[    0.109886] Spectre V2 : Spectre v2 / SpectreRSB mitigation: Filling RSB on context switch
[    0.110172] Spectre V2 : mitigation: Enabling conditional Indirect Branch Prediction Barrier
[    0.111171] Spectre V2 : User space: Mitigation: STIBP always-on protection
[    0.112172] Speculative Store Bypass: Mitigation: Speculative Store Bypass disabled via prctl
[    0.113171] Speculative Return Stack Overflow: IBPB-extending microcode not applied!
[    0.114170] Speculative Return Stack Overflow: WARNING: See https://kernel.org/doc/html/latest/admin-guide/hw-vuln/srso.html for mitigation options.
[    0.114172] Speculative Return Stack Overflow: Vulnerable: Safe RET, no microcode
[    0.116185] x86/fpu: Supporting XSAVE feature 0x001: 'x87 floating point registers'
[    0.117170] x86/fpu: Supporting XSAVE feature 0x002: 'SSE registers'
[    0.118170] x86/fpu: Supporting XSAVE feature 0x004: 'AVX registers'
[    0.118931] x86/fpu: Supporting XSAVE feature 0x020: 'AVX-512 opmask'
[    0.119170] x86/fpu: Supporting XSAVE feature 0x040: 'AVX-512 Hi256'
[    0.120170] x86/fpu: Supporting XSAVE feature 0x080: 'AVX-512 ZMM_Hi256'
[    0.121170] x86/fpu: Supporting XSAVE feature 0x200: 'Protection Keys User registers'
[    0.122171] x86/fpu: xstate_offset[2]:  576, xstate_sizes[2]:  256
[    0.122910] x86/fpu: xstate_offset[5]:  832, xstate_sizes[5]:   64
[    0.123170] x86/fpu: xstate_offset[6]:  896, xstate_sizes[6]:  512
[    0.124170] x86/fpu: xstate_offset[7]: 1408, xstate_sizes[7]: 1024
[    0.125170] x86/fpu: xstate_offset[9]: 2432, xstate_sizes[9]:    8
[    0.125908] x86/fpu: Enabled xstate features 0x2e7, context size is 2440 bytes, using 'compacted' format.
[    0.144650] Freeing SMP alternatives memory: 40K
[    0.145172] pid_max: default: 32768 minimum: 301
[    0.145847] Mount-cache hash table entries: 2048 (order: 2, 16384 bytes, linear)
[    0.146172] Mountpoint-cache hash table entries: 2048 (order: 2, 16384 bytes, linear)
[    0.148356] smpboot: CPU0: AMD Ryzen 9 7950X 16-Core Processor (family: 0x19, model: 0x61, stepping: 0x2)
[    0.149590] Performance Events: Fam17h+ core perfctr, AMD PMU driver.
[    0.150175] ... version:                0
[    0.150659] ... bit width:              48
[    0.151148] ... generic registers:      6
[    0.151173] ... value mask:             0000ffffffffffff
[    0.151808] ... max period:             00007fffffffffff
[    0.152172] ... fixed-purpose events:   0
[    0.152653] ... event mask:             000000000000003f
[    0.153267] signal: max sigframe size: 3376
[    0.153815] rcu: Hierarchical SRCU implementation.
[    0.154173] rcu: Max phase no-delay instances is 400.
[    0.158483] smp: Bringing up secondary CPUs ...
[    0.159201] smpboot: x86: Booting SMP configuration:
[    0.159797] .... node  #0, CPUs:        #1  #2  #3  #4  #5  #6  #7  #8  #9 #10 #11 #12 #13 #14 #15 #16 #17 #18 #19 #20 #21 #22 #23 #24 #25 #26 #27 #28 #29 #30 #31
[    0.169175] Spectre V2 : Update user space SMT mitigation: STIBP always-on
[    0.180295] smp: Brought up 1 node, 32 CPUs
[    0.180818] smpboot: Total of 32 processors activated (287459.58 BogoMIPS)
[    0.183512] devtmpfs: initialized
[    0.184290] x86/mm: Memory block size: 128MB
[    0.190441] clocksource: jiffies: mask: 0xffffffff max_cycles: 0xffffffff, max_idle_ns: 1911260446275000 ns
[    0.191177] futex hash table entries: 8192 (order: 7, 524288 bytes, linear)
[    0.192374] PM: RTC time: 09:26:37, date: 2024-03-14
[    0.193829] NET: Registered PF_NETLINK/PF_ROUTE protocol family
[    0.194943] thermal_sys: Registered thermal governor 'step_wise'
[    0.194944] thermal_sys: Registered thermal governor 'user_space'
[    0.195195] cpuidle: using governor menu
[    0.197462] PCI: Using configuration type 1 for base access
[    0.198151] PCI: Using configuration type 1 for extended access
[    0.198249] kprobes: kprobe jump-optimization is enabled. All kprobes are optimized if possible.
[    0.199343] HugeTLB: registered 1.00 GiB page size, pre-allocated 0 pages
[    0.200173] HugeTLB: 16380 KiB vmemmap can be freed for a 1.00 GiB page
[    0.200983] HugeTLB: registered 2.00 MiB page size, pre-allocated 0 pages
[    0.201172] HugeTLB: 28 KiB vmemmap can be freed for a 2.00 MiB page
[    0.202474] ACPI: Added _OSI(Module Device)
[    0.203173] ACPI: Added _OSI(Processor Device)
[    0.203722] ACPI: Added _OSI(3.0 _SCP Extensions)
[    0.204172] ACPI: Added _OSI(Processor Aggregator Device)
[    0.227548] ACPI: 1 ACPI AML tables successfully acquired and loaded
[    0.229721] ACPI: _OSC evaluation for CPUs failed, trying _PDC
[    0.232369] ACPI: Interpreter enabled
[    0.232881] ACPI: PM: (supports S0 S3 S4 S5)
[    0.233173] ACPI: Using IOAPIC for interrupt routing
[    0.233827] PCI: Using host bridge windows from ACPI; if necessary, use "pci=nocrs" and report a bug
[    0.234172] PCI: Using E820 reservations for host bridge windows
[    0.235961] ACPI: Enabled 2 GPEs in block 00 to 0F
[    0.281553] ACPI: PCI Root Bridge [PCI0] (domain 0000 [bus 00-ff])
[    0.282185] acpi PNP0A03:00: _OSC: OS supports [ExtendedConfig ASPM ClockPM Segments MSI HPX-Type3]
[    0.283648] PCI host bridge to bus 0000:00
[    0.284156] pci_bus 0000:00: root bus resource [io  0x0000-0x0cf7 window]
[    0.284175] pci_bus 0000:00: root bus resource [io  0x0d00-0xffff window]
[    0.285003] pci_bus 0000:00: root bus resource [mem 0x000a0000-0x000bffff window]
[    0.285175] pci_bus 0000:00: root bus resource [mem 0x40000000-0xfebfffff window]
[    0.286089] pci_bus 0000:00: root bus resource [mem 0x100000000-0x17fffffff window]
[    0.286175] pci_bus 0000:00: root bus resource [bus 00-ff]
[    0.286987] pci 0000:00:00.0: [8086:1237] type 00 class 0x060000 conventional PCI endpoint
[    0.287990] pci 0000:00:01.0: [8086:7000] type 00 class 0x060100 conventional PCI endpoint
[    0.289050] pci 0000:00:01.1: [8086:7010] type 00 class 0x010180 conventional PCI endpoint
[    0.291173] pci 0000:00:01.1: BAR 4 [io  0xc0c0-0xc0cf]
[    0.292650] pci 0000:00:01.1: BAR 0 [io  0x01f0-0x01f7]: legacy IDE quirk
[    0.293173] pci 0000:00:01.1: BAR 1 [io  0x03f6]: legacy IDE quirk
[    0.293923] pci 0000:00:01.1: BAR 2 [io  0x0170-0x0177]: legacy IDE quirk
[    0.294172] pci 0000:00:01.1: BAR 3 [io  0x0376]: legacy IDE quirk
[    0.295594] pci 0000:00:01.3: [8086:7113] type 00 class 0x068000 conventional PCI endpoint
[    0.296425] pci 0000:00:01.3: quirk: [io  0x0600-0x063f] claimed by PIIX4 ACPI
[    0.297176] pci 0000:00:01.3: quirk: [io  0x0700-0x070f] claimed by PIIX4 SMB
[    0.298880] pci 0000:00:02.0: [1af4:1009] type 00 class 0x000200 conventional PCI endpoint
[    0.300173] pci 0000:00:02.0: BAR 0 [io  0xc000-0xc03f]
[    0.301820] pci 0000:00:02.0: BAR 1 [mem 0xfebfc000-0xfebfcfff]
[    0.305173] pci 0000:00:02.0: BAR 4 [mem 0xfebf0000-0xfebf3fff 64bit pref]
[    0.318130] pci 0000:00:03.0: [1af4:1009] type 00 class 0x000200 conventional PCI endpoint
[    0.319173] pci 0000:00:03.0: BAR 0 [io  0xc040-0xc07f]
[    0.320798] pci 0000:00:03.0: BAR 1 [mem 0xfebfd000-0xfebfdfff]
[    0.324787] pci 0000:00:03.0: BAR 4 [mem 0xfebf4000-0xfebf7fff 64bit pref]
[    0.337081] pci 0000:00:04.0: [8086:25ab] type 00 class 0x088000 conventional PCI endpoint
[    0.337527] pci 0000:00:04.0: BAR 0 [mem 0xfebfe000-0xfebfe00f]
[    0.351475] pci 0000:00:05.0: [1af4:1003] type 00 class 0x078000 conventional PCI endpoint
[    0.353173] pci 0000:00:05.0: BAR 0 [io  0xc080-0xc0bf]
[    0.354812] pci 0000:00:05.0: BAR 1 [mem 0xfebff000-0xfebfffff]
[    0.358173] pci 0000:00:05.0: BAR 4 [mem 0xfebf8000-0xfebfbfff 64bit pref]
[    0.373121] ACPI: PCI: Interrupt link LNKA configured for IRQ 10
[    0.374082] ACPI: PCI: Interrupt link LNKB configured for IRQ 10
[    0.375077] ACPI: PCI: Interrupt link LNKC configured for IRQ 11
[    0.376056] ACPI: PCI: Interrupt link LNKD configured for IRQ 11
[    0.376546] ACPI: PCI: Interrupt link LNKS configured for IRQ 9
[    0.394953] iommu: Default domain type: Translated
[    0.395173] iommu: DMA domain TLB invalidation policy: lazy mode
[    0.396368] SCSI subsystem initialized
[    0.396902] pps_core: LinuxPPS API ver. 1 registered
[    0.397785] pps_core: Software ver. 5.3.6 - Copyright 2005-2007 Rodolfo Giometti <giometti@linux.it>
[    0.398186] PTP clock support registered
[    0.398850] Advanced Linux Sound Architecture Driver Initialized.
[    0.400229] NET: Registered PF_ATMPVC protocol family
[    0.400856] NET: Registered PF_ATMSVC protocol family
[    0.401196] PCI: Using ACPI for IRQ routing
[    0.401846] vgaarb: loaded
[    0.402289] hpet0: at MMIO 0xfed00000, IRQs 2, 8, 0
[    0.402901] hpet0: 3 comparators, 64-bit 100.000000 MHz counter
[    0.407066] clocksource: Switched to clocksource kvm-clock
[    0.407772] VFS: Disk quotas dquot_6.6.0
[    0.408290] VFS: Dquot-cache hash table entries: 512 (order 0, 4096 bytes)
[    0.409319] pnp: PnP ACPI init
[    0.412009] pnp: PnP ACPI: found 5 devices
[    0.424173] clocksource: acpi_pm: mask: 0xffffff max_cycles: 0xffffff, max_idle_ns: 2085701024 ns
[    0.425346] NET: Registered PF_INET protocol family
[    0.425999] IP idents hash table entries: 16384 (order: 5, 131072 bytes, linear)
[    0.427287] tcp_listen_portaddr_hash hash table entries: 512 (order: 1, 8192 bytes, linear)
[    0.428317] Table-perturb hash table entries: 65536 (order: 6, 262144 bytes, linear)
[    0.429285] TCP established hash table entries: 8192 (order: 4, 65536 bytes, linear)
[    0.430254] TCP bind hash table entries: 8192 (order: 6, 262144 bytes, linear)
[    0.431171] TCP: Hash tables configured (established 8192 bind 8192)
[    0.432214] UDP hash table entries: 512 (order: 2, 16384 bytes, linear)
[    0.433034] UDP-Lite hash table entries: 512 (order: 2, 16384 bytes, linear)
[    0.434131] NET: Registered PF_UNIX/PF_LOCAL protocol family
[    0.434843] pci_bus 0000:00: resource 4 [io  0x0000-0x0cf7 window]
[    0.435600] pci_bus 0000:00: resource 5 [io  0x0d00-0xffff window]
[    0.436355] pci_bus 0000:00: resource 6 [mem 0x000a0000-0x000bffff window]
[    0.437195] pci_bus 0000:00: resource 7 [mem 0x40000000-0xfebfffff window]
[    0.438034] pci_bus 0000:00: resource 8 [mem 0x100000000-0x17fffffff window]
[    0.439086] pci 0000:00:01.0: PIIX3: Enabling Passive Release
[    0.439795] pci 0000:00:00.0: Limiting direct PCI/PCI transfers
[    0.440553] PCI: CLS 0 bytes, default 64
[    0.441087] kvm_intel: VMX not supported by CPU 0
[    0.441704] kvm_amd: TSC scaling supported
[    0.442209] kvm_amd: Nested Virtualization enabled
[    0.442792] kvm_amd: Nested Paging enabled
[    0.443305] kvm_amd: Virtual VMLOAD VMSAVE supported
[    0.443905] kvm_amd: Virtual GIF supported
[    0.444404] kvm_amd: Virtual NMI enabled
[    0.444885] kvm_amd: LBR virtualization supported
[    0.512472] workingset: timestamp_bits=56 max_order=18 bucket_order=0
[    0.513396] squashfs: version 4.0 (2009/01/31) Phillip Lougher
[    0.514134] fuse: init (API version 7.39)
[    0.514760] 9p: Installing v9fs 9p2000 file system support
[    0.515542] Key type asymmetric registered
[    0.516094] Block layer SCSI generic (bsg) driver version 0.4 loaded (major 249)
[    0.517027] io scheduler mq-deadline registered
[    0.517589] io scheduler kyber registered
[    0.519779] input: Power Button as /devices/LNXSYSTM:00/LNXPWRBN:00/input/input0
[    0.520900] ACPI: button: Power Button [PWRF]
[    0.521551] Warning: Processor Platform Limit event detected, but not handled.
[    0.522439] Consider compiling CPUfreq support into your kernel.
[    1.335801] ACPI: \_SB_.LNKB: Enabled at IRQ 10
[    2.153832] ACPI: \_SB_.LNKC: Enabled at IRQ 11
[    2.973140] ACPI: \_SB_.LNKA: Enabled at IRQ 10
[    2.974546] Serial: 8250/16550 driver, 4 ports, IRQ sharing enabled
[    2.975649] 00:03: ttyS0 at I/O 0x3f8 (irq = 4, base_baud = 115200) is a 16550A
[    2.999935] Non-volatile memory driver v1.3
[    3.000486] Linux agpgart interface v0.103
[    3.001159] ACPI: bus type drm_connector registered
[    3.001792] printk: legacy console [hvc0] enabled
[    3.002395] printk: legacy bootconsole [earlyser0] disabled
          _      _                                    
   __   _(_)_ __| |_ _ __ ___   ___       _ __   __ _ 
   \ \ / / |  __| __|  _   _ \ / _ \_____|  _ \ / _  |
    \ V /| | |  | |_| | | | | |  __/_____| | | | (_| |
     \_/ |_|_|   \__|_| |_| |_|\___|     |_| |_|\__  |
                                                |___/ 
   kernel version: 6.8.0-virtme x86_64
   (CTRL+d to exit)

virtme-ng:/nipa-data/kernel# PS1='xx__-> '
xx__-> env
PWD=/nipa-data/kernel
nr_open=1048576
HOME=/
TERM=xterm
SHLVL=2
XDG_RUNTIME_DIR=/run/user/0
PATH=/bin:/sbin:/usr/bin:/usr/sbin:/usr/local/bin
OLDPWD=/
_=/usr/bin/env
xx__-> 