No EFI environment detected.
early console in extract_kernel
input_data: 0x00000000030612b9
input_len: 0x0000000000b82539
output: 0x0000000001000000
output_len: 0x000000000252f288
kernel_total_size: 0x0000000002c30000
needed_size: 0x0000000002e00000
trampoline_32bit: 0x0000000000000000
Physical KASLR using RDRAND RDTSC...
Virtual KASLR using RDRAND RDTSC...

Decompressing Linux... Parsing ELF... Performing relocations... done.
Booting the kernel (entry_offset: 0x0000000000000000).
[    0.000000] Linux version 6.8.0-rc1-virtme (root@88d981e345e5) (gcc (Alpine 13.2.1_git20231014) 13.2.1 20231014, GNU ld (GNU Binutils) 2.41) #1 SMP PREEMPT_DYNAMIC Tue Jan 30 18:06:06 UTC 2024
[    0.000000] Command line: virtme_hostname=virtme-ng virtme_link_mods=/nipa-data/kernel/.virtme_mods/lib/modules/0.0.0 virtme_initmount0=nipa-data/kernel virtme_rw_overlay0=/etc virtme_rw_overlay1=/lib virtme_rw_overlay2=/home virtme_rw_overlay3=/opt virtme_rw_overlay4=/srv virtme_rw_overlay5=/usr virtme_rw_overlay6=/var earlyprintk=serial,ttyS0,115200 console=ttyS0 psmouse.proto=exps virtme_chdir=nipa-data/kernel virtme_root_user=1 rootfstype=9p rootflags=version=9p2000.L,trans=virtio,access=any raid=noautodetect ro init=/usr/lib/python3.11/site-packages/virtme/guest/virtme-init
[    0.000000] BIOS-provided physical RAM map:
[    0.000000] BIOS-e820: [mem 0x0000000000000000-0x000000000009fbff] usable
[    0.000000] BIOS-e820: [mem 0x000000000009fc00-0x000000000009ffff] reserved
[    0.000000] BIOS-e820: [mem 0x00000000000f0000-0x00000000000fffff] reserved
[    0.000000] BIOS-e820: [mem 0x0000000000100000-0x000000003ffdffff] usable
[    0.000000] BIOS-e820: [mem 0x000000003ffe0000-0x000000003fffffff] reserved
[    0.000000] BIOS-e820: [mem 0x00000000feffc000-0x00000000feffffff] reserved
[    0.000000] BIOS-e820: [mem 0x00000000fffc0000-0x00000000ffffffff] reserved
[    0.000000] BIOS-e820: [mem 0x000000fd00000000-0x000000ffffffffff] reserved
[    0.000000] printk: legacy bootconsole [earlyser0] enabled
[    0.000000] NX (Execute Disable) protection: active
[    0.000000] APIC: Static calls initialized
[    0.000000] SMBIOS 3.0.0 present.
[    0.000000] DMI: QEMU Standard PC (i440FX + PIIX, 1996), BIOS rel-1.16.3-0-ga6ed6b701f0a-prebuilt.qemu.org 04/01/2014
[    0.000000] Hypervisor detected: KVM
[    0.000000] kvm-clock: Using msrs 4b564d01 and 4b564d00
[    0.000000] kvm-clock: using sched offset of 210710633 cycles
[    0.000382] clocksource: kvm-clock: mask: 0xffffffffffffffff max_cycles: 0x1cd42e4dffb, max_idle_ns: 881590591483 ns
[    0.001564] tsc: Detected 4491.536 MHz processor
[    0.002156] last_pfn = 0x3ffe0 max_arch_pfn = 0x400000000
[    0.002573] MTRR map: 4 entries (3 fixed + 1 variable; max 19), built from 8 variable MTRRs
[    0.003181] x86/PAT: Configuration [0-7]: WB  WC  UC- UC  WB  WP  UC- WT  
Memory KASLR using RDRAND RDTSC...
[    0.005220] found SMP MP-table at [mem 0x000f5470-0x000f547f]
[    0.005650] Using GB pages for direct mapping
[    0.006029] ACPI: Early table checksum verification disabled
[    0.006446] ACPI: RSDP 0x00000000000F5290 000014 (v00 BOCHS )
[    0.006868] ACPI: RSDT 0x000000003FFE27B6 000034 (v01 BOCHS  BXPC     00000001 BXPC 00000001)
[    0.007493] ACPI: FACP 0x000000003FFE2572 000074 (v01 BOCHS  BXPC     00000001 BXPC 00000001)
[    0.008121] ACPI: DSDT 0x000000003FFE0040 002532 (v01 BOCHS  BXPC     00000001 BXPC 00000001)
[    0.008747] ACPI: FACS 0x000000003FFE0000 000040
[    0.009085] ACPI: APIC 0x000000003FFE25E6 000170 (v03 BOCHS  BXPC     00000001 BXPC 00000001)
[    0.009707] ACPI: HPET 0x000000003FFE2756 000038 (v01 BOCHS  BXPC     00000001 BXPC 00000001)
[    0.010329] ACPI: WAET 0x000000003FFE278E 000028 (v01 BOCHS  BXPC     00000001 BXPC 00000001)
[    0.010952] ACPI: Reserving FACP table memory at [mem 0x3ffe2572-0x3ffe25e5]
[    0.011466] ACPI: Reserving DSDT table memory at [mem 0x3ffe0040-0x3ffe2571]
[    0.011983] ACPI: Reserving FACS table memory at [mem 0x3ffe0000-0x3ffe003f]
[    0.012496] ACPI: Reserving APIC table memory at [mem 0x3ffe25e6-0x3ffe2755]
[    0.013008] ACPI: Reserving HPET table memory at [mem 0x3ffe2756-0x3ffe278d]
[    0.013520] ACPI: Reserving WAET table memory at [mem 0x3ffe278e-0x3ffe27b5]
[    0.014173] No NUMA configuration found
[    0.014453] Faking a node at [mem 0x0000000000000000-0x000000003ffdffff]
[    0.014941] NODE_DATA(0) allocated [mem 0x3ffdb000-0x3ffdffff]
[    0.015377] Zone ranges:
[    0.015563]   DMA      [mem 0x0000000000001000-0x0000000000ffffff]
[    0.016020]   DMA32    [mem 0x0000000001000000-0x000000003ffdffff]
[    0.016471]   Normal   empty
[    0.016681]   Device   empty
[    0.016891] Movable zone start for each node
[    0.017203] Early memory node ranges
[    0.017463]   node   0: [mem 0x0000000000001000-0x000000000009efff]
[    0.017918]   node   0: [mem 0x0000000000100000-0x000000003ffdffff]
[    0.018374] Initmem setup node 0 [mem 0x0000000000001000-0x000000003ffdffff]
[    0.018891] On node 0, zone DMA: 1 pages in unavailable ranges
[    0.019331] On node 0, zone DMA: 97 pages in unavailable ranges
[    0.020713] On node 0, zone DMA32: 32 pages in unavailable ranges
[    0.021352] ACPI: PM-Timer IO Port: 0x608
[    0.021649] ACPI: LAPIC_NMI (acpi_id[0xff] dfl dfl lint[0x1])
[    0.022087] IOAPIC[0]: apic_id 0, version 17, address 0xfec00000, GSI 0-23
[    0.022590] ACPI: INT_SRC_OVR (bus 0 bus_irq 0 global_irq 2 dfl dfl)
[    0.023053] ACPI: INT_SRC_OVR (bus 0 bus_irq 5 global_irq 5 high level)
[    0.023535] ACPI: INT_SRC_OVR (bus 0 bus_irq 9 global_irq 9 high level)
[    0.024019] ACPI: INT_SRC_OVR (bus 0 bus_irq 10 global_irq 10 high level)
[    0.024513] ACPI: INT_SRC_OVR (bus 0 bus_irq 11 global_irq 11 high level)
[    0.025011] ACPI: Using ACPI (MADT) for SMP configuration information
[    0.025486] ACPI: HPET id: 0x8086a201 base: 0xfed00000
[    0.025864] TSC deadline timer available
[    0.026152] smpboot: Allowing 32 CPUs, 0 hotplug CPUs
[    0.026535] kvm-guest: APIC: eoi() replaced with kvm_guest_apic_eoi_write()
[    0.027056] kvm-guest: KVM setup pv remote TLB flush
[    0.027424] kvm-guest: setup PV sched yield
[    0.027737] PM: hibernation: Registered nosave memory: [mem 0x00000000-0x00000fff]
[    0.028298] PM: hibernation: Registered nosave memory: [mem 0x0009f000-0x0009ffff]
[    0.028853] PM: hibernation: Registered nosave memory: [mem 0x000a0000-0x000effff]
[    0.029406] PM: hibernation: Registered nosave memory: [mem 0x000f0000-0x000fffff]
[    0.029959] [mem 0x40000000-0xfeffbfff] available for PCI devices
[    0.030404] Booting paravirtualized kernel on KVM
[    0.030747] clocksource: refined-jiffies: mask: 0xffffffff max_cycles: 0xffffffff, max_idle_ns: 1910969940391419 ns
[    0.034395] setup_percpu: NR_CPUS:64 nr_cpumask_bits:32 nr_cpu_ids:32 nr_node_ids:1
[    0.035527] percpu: Embedded 58 pages/cpu s199840 r8192 d29536 u262144
[    0.036044] Kernel command line: virtme_hostname=virtme-ng virtme_link_mods=/nipa-data/kernel/.virtme_mods/lib/modules/0.0.0 virtme_initmount0=nipa-data/kernel virtme_rw_overlay0=/etc virtme_rw_overlay1=/lib virtme_rw_overlay2=/home virtme_rw_overlay3=/opt virtme_rw_overlay4=/srv virtme_rw_overlay5=/usr virtme_rw_overlay6=/var earlyprintk=serial,ttyS0,115200 console=ttyS0 psmouse.proto=exps virtme_chdir=nipa-data/kernel virtme_root_user=1 rootfstype=9p rootflags=version=9p2000.L,trans=virtio,access=any raid=noautodetect ro init=/usr/lib/python3.11/site-packages/virtme/guest/virtme-init
[    0.039999] Unknown kernel command line parameters "virtme_hostname=virtme-ng virtme_link_mods=/nipa-data/kernel/.virtme_mods/lib/modules/0.0.0 virtme_initmount0=nipa-data/kernel virtme_rw_overlay0=/etc virtme_rw_overlay1=/lib virtme_rw_overlay2=/home virtme_rw_overlay3=/opt virtme_rw_overlay4=/srv virtme_rw_overlay5=/usr virtme_rw_overlay6=/var virtme_chdir=nipa-data/kernel virtme_root_user=1", will be passed to user space.
[    0.043025] random: crng init done
[    0.043314] Dentry cache hash table entries: 131072 (order: 8, 1048576 bytes, linear)
[    0.043922] Inode-cache hash table entries: 65536 (order: 7, 524288 bytes, linear)
[    0.044595] Fallback order for Node 0: 0 
[    0.044597] Built 1 zonelists, mobility grouping on.  Total pages: 257760
[    0.045410] Policy zone: DMA32
[    0.045642] mem auto-init: stack:all(zero), heap alloc:off, heap free:off
[    0.047657] Memory: 976380K/1048056K available (16384K kernel code, 2556K rwdata, 6072K rodata, 3160K init, 12004K bss, 71416K reserved, 0K cma-reserved)
[    0.048742] SLUB: HWalign=64, Order=0-3, MinObjects=0, CPUs=32, Nodes=1
Poking KASLR using RDRAND RDTSC...
[    0.049511] ftrace: allocating 46542 entries in 182 pages
[    0.056353] ftrace: allocated 182 pages with 5 groups
[    0.057546] Dynamic Preempt: voluntary
[    0.058038] Running RCU self tests
[    0.058297] Running RCU synchronous self tests
[    0.058638] rcu: Preemptible hierarchical RCU implementation.
[    0.059070] rcu: RCU event tracing is enabled.
[    0.059411] rcu: RCU lockdep checking is enabled.
[    0.059771] rcu: RCU restricting CPUs from NR_CPUS=64 to nr_cpu_ids=32.
[    0.060283] Trampoline variant of Tasks RCU enabled.
[    0.060663] Rude variant of Tasks RCU enabled.
[    0.061004] Tracing variant of Tasks RCU enabled.
[    0.061365] rcu: RCU calculated value of scheduler-enlistment delay is 100 jiffies.
[    0.061942] rcu: Adjusting geometry for rcu_fanout_leaf=16, nr_cpu_ids=32
[    0.062477] Running RCU synchronous self tests
[    0.064382] NR_IRQS: 4352, nr_irqs: 680, preallocated irqs: 16
[    0.065016] rcu: srcu_init: Setting srcu_struct sizes based on contention.
[    0.065737] Console: colour *CGA 80x25
[    0.066044] printk: legacy console [ttyS0] enabled
[    0.066044] printk: legacy console [ttyS0] enabled
[    0.066764] printk: legacy bootconsole [earlyser0] disabled
[    0.066764] printk: legacy bootconsole [earlyser0] disabled
[    0.067608] Lock dependency validator: Copyright (c) 2006 Red Hat, Inc., Ingo Molnar
[    0.068197] ... MAX_LOCKDEP_SUBCLASSES:  8
[    0.068508] ... MAX_LOCK_DEPTH:          48
[    0.068826] ... MAX_LOCKDEP_KEYS:        8192
[    0.069157] ... CLASSHASH_SIZE:          4096
[    0.069488] ... MAX_LOCKDEP_ENTRIES:     32768
[    0.069826] ... MAX_LOCKDEP_CHAINS:      65536
[    0.070165] ... CHAINHASH_SIZE:          32768
[    0.070505]  memory used by lock dependency info: 6429 kB
[    0.070918]  memory used for stack traces: 4224 kB
[    0.071285]  per task-struct memory footprint: 1920 bytes
[    0.071708] ACPI: Core revision 20230628
[    0.072109] clocksource: hpet: mask: 0xffffffff max_cycles: 0xffffffff, max_idle_ns: 19112604467 ns
[    0.072898] APIC: Switch to symmetric I/O mode setup
[    0.073288] APIC: Switched APIC routing to: physical flat
[    0.073698] kvm-guest: APIC: send_IPI_mask() replaced with kvm_send_ipi_mask()
[    0.074257] kvm-guest: APIC: send_IPI_mask_allbutself() replaced with kvm_send_ipi_mask_allbutself()
[    0.074951] kvm-guest: setup PV IPIs
[    0.076054] ..TIMER: vector=0x30 apic1=0 pin1=2 apic2=-1 pin2=-1
[    0.076858] tsc: Marking TSC unstable due to TSCs unsynchronized
[    0.077649] Calibrating delay loop (skipped) preset value.. 8983.07 BogoMIPS (lpj=4491536)
[    0.078704] x86/cpu: User Mode Instruction Prevention (UMIP) activated
[    0.079700] Last level iTLB entries: 4KB 512, 2MB 255, 4MB 127
[    0.080645] Last level dTLB entries: 4KB 512, 2MB 255, 4MB 127, 1GB 0
[    0.081648] Spectre V1 : Mitigation: usercopy/swapgs barriers and __user pointer sanitization
[    0.082648] Spectre V2 : Mitigation: Enhanced / Automatic IBRS
[    0.083645] Spectre V2 : Spectre v2 / SpectreRSB mitigation: Filling RSB on context switch
[    0.084646] Spectre V2 : mitigation: Enabling conditional Indirect Branch Prediction Barrier
[    0.085646] Speculative Store Bypass: Mitigation: Speculative Store Bypass disabled via prctl
[    0.086645] Speculative Return Stack Overflow: IBPB-extending microcode not applied!
[    0.087645] Speculative Return Stack Overflow: WARNING: See https://kernel.org/doc/html/latest/admin-guide/hw-vuln/srso.html for mitigation options.
[    0.087645] Speculative Return Stack Overflow: Vulnerable: Safe RET, no microcode
[    0.089663] x86/fpu: Supporting XSAVE feature 0x001: 'x87 floating point registers'
[    0.090645] x86/fpu: Supporting XSAVE feature 0x002: 'SSE registers'
[    0.091644] x86/fpu: Supporting XSAVE feature 0x004: 'AVX registers'
[    0.092644] x86/fpu: Supporting XSAVE feature 0x020: 'AVX-512 opmask'
[    0.093645] x86/fpu: Supporting XSAVE feature 0x040: 'AVX-512 Hi256'
[    0.094454] x86/fpu: Supporting XSAVE feature 0x080: 'AVX-512 ZMM_Hi256'
[    0.094644] x86/fpu: Supporting XSAVE feature 0x200: 'Protection Keys User registers'
[    0.095645] x86/fpu: xstate_offset[2]:  576, xstate_sizes[2]:  256
[    0.096645] x86/fpu: xstate_offset[5]:  832, xstate_sizes[5]:   64
[    0.097644] x86/fpu: xstate_offset[6]:  896, xstate_sizes[6]:  512
[    0.098644] x86/fpu: xstate_offset[7]: 1408, xstate_sizes[7]: 1024
[    0.099434] x86/fpu: xstate_offset[9]: 2432, xstate_sizes[9]:    8
[    0.099645] x86/fpu: Enabled xstate features 0x2e7, context size is 2440 bytes, using 'compacted' format.
[    0.118910] Freeing SMP alternatives memory: 36K
[    0.119521] pid_max: default: 32768 minimum: 301
[    0.119728] Mount-cache hash table entries: 2048 (order: 2, 16384 bytes, linear)
[    0.120647] Mountpoint-cache hash table entries: 2048 (order: 2, 16384 bytes, linear)
[    0.122766] Running RCU synchronous self tests
[    0.123345] Running RCU synchronous self tests
[    0.123809] smpboot: CPU0: AMD Ryzen 9 7950X 16-Core Processor (family: 0x19, model: 0x61, stepping: 0x2)
[    0.125002] RCU Tasks: Setting shift to 5 and lim to 1 rcu_task_cb_adjust=1.
[    0.125675] RCU Tasks Rude: Setting shift to 5 and lim to 1 rcu_task_cb_adjust=1.
[    0.126664] RCU Tasks Trace: Setting shift to 5 and lim to 1 rcu_task_cb_adjust=1.
[    0.127671] Running RCU Tasks wait API self tests
[    0.234717] Running RCU Tasks Rude wait API self tests
[    0.235476] Running RCU Tasks Trace wait API self tests
[    0.235694] Performance Events: Fam17h+ core perfctr, AMD PMU driver.
[    0.236564] ... version:                0
[    0.236648] ... bit width:              48
[    0.237170] ... generic registers:      6
[    0.237647] ... value mask:             0000ffffffffffff
[    0.238329] ... max period:             00007fffffffffff
[    0.238647] ... fixed-purpose events:   0
[    0.239164] ... event mask:             000000000000003f
[    0.239832] signal: max sigframe size: 3376
[    0.240450] rcu: Hierarchical SRCU implementation.
[    0.240648] rcu: Max phase no-delay instances is 400.
[    0.242980] Callback from call_rcu_tasks_trace() invoked.
[    0.245413] smp: Bringing up secondary CPUs ...
[    0.245937] smpboot: x86: Booting SMP configuration:
[    0.246588] .... node  #0, CPUs:        #1  #2  #3  #4  #5  #6  #7  #8  #9 #10 #11 #12 #13 #14 #15 #16 #17 #18 #19 #20 #21 #22 #23 #24 #25 #26 #27 #28 #29 #30 #31
[    0.269821] smp: Brought up 1 node, 32 CPUs
[    0.271345] smpboot: Max logical packages: 1
[    0.271652] smpboot: Total of 32 processors activated (287458.30 BogoMIPS)
[    0.280652] devtmpfs: initialized
[    0.281332] x86/mm: Memory block size: 128MB
[    0.284247] Running RCU synchronous self tests
[    0.284666] Running RCU synchronous self tests
[    0.285524] clocksource: jiffies: mask: 0xffffffff max_cycles: 0xffffffff, max_idle_ns: 1911260446275000 ns
[    0.285652] futex hash table entries: 8192 (order: 8, 1048576 bytes, linear)
[    0.287316] PM: RTC time: 18:06:40, date: 2024-01-30
[    0.288425] NET: Registered PF_NETLINK/PF_ROUTE protocol family
[    0.289431] thermal_sys: Registered thermal governor 'step_wise'
[    0.289433] thermal_sys: Registered thermal governor 'user_space'
[    0.289742] cpuidle: using governor menu
[    0.292906] PCI: Using configuration type 1 for base access
[    0.293649] PCI: Using configuration type 1 for extended access
[    0.294780] kprobes: kprobe jump-optimization is enabled. All kprobes are optimized if possible.
[    0.309948] HugeTLB: registered 1.00 GiB page size, pre-allocated 0 pages
[    0.310649] HugeTLB: 16380 KiB vmemmap can be freed for a 1.00 GiB page
[    0.311649] HugeTLB: registered 2.00 MiB page size, pre-allocated 0 pages
[    0.312648] HugeTLB: 28 KiB vmemmap can be freed for a 2.00 MiB page
[    0.314890] ACPI: Added _OSI(Module Device)
[    0.315649] ACPI: Added _OSI(Processor Device)
[    0.316384] ACPI: Added _OSI(3.0 _SCP Extensions)
[    0.316649] ACPI: Added _OSI(Processor Aggregator Device)
[    0.320124] ACPI: 1 ACPI AML tables successfully acquired and loaded
[    0.323700] ACPI: _OSC evaluation for CPUs failed, trying _PDC
[    0.325291] ACPI: Interpreter enabled
[    0.325700] ACPI: PM: (supports S0 S3 S4 S5)
[    0.326413] ACPI: Using IOAPIC for interrupt routing
[    0.327670] PCI: Using host bridge windows from ACPI; if necessary, use "pci=nocrs" and report a bug
[    0.328648] PCI: Using E820 reservations for host bridge windows
[    0.330002] ACPI: Enabled 2 GPEs in block 00 to 0F
[    0.339665] Callback from call_rcu_tasks_rude() invoked.
[    0.341903] ACPI: PCI Root Bridge [PCI0] (domain 0000 [bus 00-ff])
[    0.342653] acpi PNP0A03:00: _OSC: OS supports [ExtendedConfig ASPM ClockPM Segments MSI HPX-Type3]
[    0.345282] PCI host bridge to bus 0000:00
[    0.345649] pci_bus 0000:00: root bus resource [io  0x0000-0x0cf7 window]
[    0.346648] pci_bus 0000:00: root bus resource [io  0x0d00-0xffff window]
[    0.347648] pci_bus 0000:00: root bus resource [mem 0x000a0000-0x000bffff window]
[    0.348648] pci_bus 0000:00: root bus resource [mem 0x40000000-0xfebfffff window]
[    0.350649] pci_bus 0000:00: root bus resource [mem 0x100000000-0x17fffffff window]
[    0.351649] pci_bus 0000:00: root bus resource [bus 00-ff]
[    0.352741] pci 0000:00:00.0: [8086:1237] type 00 class 0x060000 conventional PCI endpoint
[    0.354267] pci 0000:00:01.0: [8086:7000] type 00 class 0x060100 conventional PCI endpoint
[    0.356191] pci 0000:00:01.1: [8086:7010] type 00 class 0x010180 conventional PCI endpoint
[    0.361649] pci 0000:00:01.1: BAR 4 [io  0xc080-0xc08f]
[    0.363663] pci 0000:00:01.1: BAR 0 [io  0x01f0-0x01f7]: legacy IDE quirk
[    0.364649] pci 0000:00:01.1: BAR 1 [io  0x03f6]: legacy IDE quirk
[    0.365648] pci 0000:00:01.1: BAR 2 [io  0x0170-0x0177]: legacy IDE quirk
[    0.366648] pci 0000:00:01.1: BAR 3 [io  0x0376]: legacy IDE quirk
[    0.367886] pci 0000:00:01.3: [8086:7113] type 00 class 0x068000 conventional PCI endpoint
[    0.369967] pci 0000:00:01.3: quirk: [io  0x0600-0x063f] claimed by PIIX4 ACPI
[    0.371654] pci 0000:00:01.3: quirk: [io  0x0700-0x070f] claimed by PIIX4 SMB
[    0.372979] pci 0000:00:02.0: [1af4:1009] type 00 class 0x000200 conventional PCI endpoint
[    0.375649] pci 0000:00:02.0: BAR 0 [io  0xc000-0xc03f]
[    0.378568] pci 0000:00:02.0: BAR 1 [mem 0xfebfd000-0xfebfdfff]
[    0.385504] pci 0000:00:02.0: BAR 4 [mem 0xfebf4000-0xfebf7fff 64bit pref]
[    0.390175] pci 0000:00:03.0: [1af4:1009] type 00 class 0x000200 conventional PCI endpoint
[    0.393649] pci 0000:00:03.0: BAR 0 [io  0xc040-0xc07f]
[    0.395648] pci 0000:00:03.0: BAR 1 [mem 0xfebfe000-0xfebfefff]
[    0.402649] pci 0000:00:03.0: BAR 4 [mem 0xfebf8000-0xfebfbfff 64bit pref]
[    0.407769] pci 0000:00:04.0: [8086:25ab] type 00 class 0x088000 conventional PCI endpoint
[    0.409030] pci 0000:00:04.0: BAR 0 [mem 0xfebff000-0xfebff00f]
[    0.413541] ACPI: PCI: Interrupt link LNKA configured for IRQ 10
[    0.414810] ACPI: PCI: Interrupt link LNKB configured for IRQ 10
[    0.415726] ACPI: PCI: Interrupt link LNKC configured for IRQ 11
[    0.416796] ACPI: PCI: Interrupt link LNKD configured for IRQ 11
[    0.417666] ACPI: PCI: Interrupt link LNKS configured for IRQ 9
[    0.420761] iommu: Default domain type: Translated
[    0.421381] iommu: DMA domain TLB invalidation policy: lazy mode
[    0.422930] SCSI subsystem initialized
[    0.423675] pps_core: LinuxPPS API ver. 1 registered
[    0.424294] pps_core: Software ver. 5.3.6 - Copyright 2005-2007 Rodolfo Giometti <giometti@linux.it>
[    0.424652] PTP clock support registered
[    0.425720] Advanced Linux Sound Architecture Driver Initialized.
[    0.427237] NET: Registered PF_ATMPVC protocol family
[    0.427648] NET: Registered PF_ATMSVC protocol family
[    0.428308] PCI: Using ACPI for IRQ routing
[    0.428904] vgaarb: loaded
[    0.429807] hpet0: at MMIO 0xfed00000, IRQs 2, 8, 0
[    0.430649] hpet0: 3 comparators, 64-bit 100.000000 MHz counter
[    0.435029] clocksource: Switched to clocksource kvm-clock
[    0.436025] VFS: Disk quotas dquot_6.6.0
[    0.436762] VFS: Dquot-cache hash table entries: 512 (order 0, 4096 bytes)
[    0.437852] pnp: PnP ACPI init
[    0.438806] pnp: PnP ACPI: found 5 devices
[    0.442215] Callback from call_rcu_tasks() invoked.
[    0.446650] clocksource: acpi_pm: mask: 0xffffff max_cycles: 0xffffff, max_idle_ns: 2085701024 ns
[    0.447830] NET: Registered PF_INET protocol family
[    0.448526] IP idents hash table entries: 16384 (order: 5, 131072 bytes, linear)
[    0.449791] tcp_listen_portaddr_hash hash table entries: 512 (order: 3, 36864 bytes, linear)
[    0.450893] Table-perturb hash table entries: 65536 (order: 6, 262144 bytes, linear)
[    0.451892] TCP established hash table entries: 8192 (order: 4, 65536 bytes, linear)
[    0.452937] TCP bind hash table entries: 8192 (order: 8, 1179648 bytes, linear)
[    0.454305] TCP: Hash tables configured (established 8192 bind 8192)
[    0.455246] UDP hash table entries: 512 (order: 4, 81920 bytes, linear)
[    0.456147] UDP-Lite hash table entries: 512 (order: 4, 81920 bytes, linear)
[    0.457195] NET: Registered PF_UNIX/PF_LOCAL protocol family
[    0.457940] pci_bus 0000:00: resource 4 [io  0x0000-0x0cf7 window]
[    0.458736] pci_bus 0000:00: resource 5 [io  0x0d00-0xffff window]
[    0.459531] pci_bus 0000:00: resource 6 [mem 0x000a0000-0x000bffff window]
[    0.460416] pci_bus 0000:00: resource 7 [mem 0x40000000-0xfebfffff window]
[    0.461301] pci_bus 0000:00: resource 8 [mem 0x100000000-0x17fffffff window]
[    0.462287] pci 0000:00:01.0: PIIX3: Enabling Passive Release
[    0.463032] pci 0000:00:00.0: Limiting direct PCI/PCI transfers
[    0.463836] PCI: CLS 0 bytes, default 64
[    0.464396] kvm_intel: VMX not supported by CPU 3
[    0.465052] kvm_amd: TSC scaling supported
[    0.465596] kvm_amd: Nested Virtualization enabled
[    0.466224] kvm_amd: Nested Paging enabled
[    0.467047] kvm_amd: Virtual VMLOAD VMSAVE supported
[    0.467701] kvm_amd: Virtual GIF supported
[    0.468239] kvm_amd: Virtual NMI enabled
[    0.468745] kvm_amd: LBR virtualization supported
[    0.574273] workingset: timestamp_bits=56 max_order=18 bucket_order=0
[    0.575227] squashfs: version 4.0 (2009/01/31) Phillip Lougher
[    0.575994] fuse: init (API version 7.39)
[    0.576583] 9p: Installing v9fs 9p2000 file system support
[    0.577401] Key type asymmetric registered
[    0.577967] Block layer SCSI generic (bsg) driver version 0.4 loaded (major 249)
[    0.578982] io scheduler mq-deadline registered
[    0.579574] io scheduler kyber registered
[    0.581246] input: Power Button as /devices/LNXSYSTM:00/LNXPWRBN:00/input/input0
[    0.582434] ACPI: button: Power Button [PWRF]
[    0.583095] Warning: Processor Platform Limit event detected, but not handled.
[    0.584035] Consider compiling CPUfreq support into your kernel.
[    0.656280] ACPI: \_SB_.LNKB: Enabled at IRQ 10
[    0.727381] ACPI: \_SB_.LNKC: Enabled at IRQ 11
[    0.728756] Serial: 8250/16550 driver, 4 ports, IRQ sharing enabled
[    0.729955] 00:03: ttyS0 at I/O 0x3f8 (irq = 4, base_baud = 115200) is a 16550A
[    0.731802] Non-volatile memory driver v1.3
[    0.732362] Linux agpgart interface v0.103
[    0.733025] ACPI: bus type drm_connector registered
[    0.745700] loop: module loaded
[    0.747444] scsi host0: ata_piix
[    0.748170] scsi host1: ata_piix
[    0.748655] ata1: PATA max MWDMA2 cmd 0x1f0 ctl 0x3f6 bmdma 0xc080 irq 14 lpm-pol 0
[    0.749654] ata2: PATA max MWDMA2 cmd 0x170 ctl 0x376 bmdma 0xc088 irq 15 lpm-pol 0
[    0.751489] i8042: PNP: PS/2 Controller [PNP0303:KBD,PNP0f13:MOU] at 0x60,0x64 irq 1,12
[    0.753215] serio: i8042 KBD port at 0x60,0x64 irq 1
[    0.753891] serio: i8042 AUX port at 0x60,0x64 irq 12
[    0.755082] rtc_cmos 00:04: RTC can wake from S4
[    0.756032] input: AT Translated Set 2 keyboard as /devices/platform/i8042/serio0/input/input1
[    0.758433] rtc_cmos 00:04: registered as rtc0
[    0.759201] rtc_cmos 00:04: setting system clock to 2024-01-30T18:06:40 UTC (1706638000)
[    0.760424] rtc_cmos 00:04: alarms up to one day, y3k, 242 bytes nvram, hpet irqs
[    0.762265] i6300ESB timer 0000:00:04.0: initialized. heartbeat=30 sec (nowayout=0)
[    0.763471] input: ImExPS/2 Generic Explorer Mouse as /devices/platform/i8042/serio1/input/input3
[    0.764816] device-mapper: ioctl: 4.48.0-ioctl (2023-03-01) initialised: dm-devel@redhat.com
[    0.766513] NET: Registered PF_PACKET protocol family
[    0.767185] 9pnet: Installing 9P2000 support
[    0.768783] Key type dns_resolver registered
[    0.772582] IPI shorthand broadcast: enabled
[    0.780856] sched_clock: Marking stable (771002048, 9104605)->(798241918, -18135265)
[    0.782139] registered taskstats version 1
[    0.787344] PM:   Magic number: 8:199:141
[    0.787899] acpi device:12: hash matches
[    0.788465] printk: legacy console [netcon0] enabled
[    0.789125] netconsole: network logging started
[    0.789886] ALSA device list:
[    0.790306]   No soundcards found.
[    0.906379] ata2: found unknown device (class 0)
[    0.907614] ata2.00: ATAPI: QEMU DVD-ROM, 2.5+, max UDMA/100
[    0.909910] scsi 1:0:0:0: CD-ROM            QEMU     QEMU DVD-ROM     2.5+ PQ: 0 ANSI: 5
[    0.917850] scsi 1:0:0:0: Attached scsi generic sg0 type 5
[    0.918584] md: Skipping autodetection of RAID arrays. (raid=autodetect will force)
[    0.919489] 9pnet_virtio: no channels available for device 
[    0.920815] VFS: Mounted root (9p filesystem) readonly on device 0:19.
[    0.921776] devtmpfs: mounted
[    0.923672] Freeing unused kernel image (initmem) memory: 3160K
[    0.932126] Write protecting the kernel read-only data: 22528k
[    0.933197] Freeing unused kernel image (rodata/data gap) memory: 72K
[    0.962935] x86/mm: Checked W+X mappings: passed, no W+X pages found.
[    0.963651] Run /usr/lib/python3.11/site-packages/virtme/guest/virtme-init as init process
[    0.993084] mount (264) used greatest stack depth: 12984 bytes left
[    1.044742] mount (274) used greatest stack depth: 12776 bytes left
[    1.075189] mount (282) used greatest stack depth: 12584 bytes left
[    1.130419] virtme-init (313) used greatest stack depth: 12568 bytes left
[    1.133792] virtme-init (310) used greatest stack depth: 12424 bytes left
[    1.169809] virtme-init: basic initialization done
[    1.175789] virtme-init: udevd not found
[    1.235906] virtme-init: Setting hostname to virtme-ng...
[    1.249162] ip (357) used greatest stack depth: 12056 bytes left
          _      _                                    
   __   _(_)_ __| |_ _ __ ___   ___       _ __   __ _ 
   \ \ / / |  __| __|  _   _ \ / _ \_____|  _ \ / _  |
    \ V /| | |  | |_| | | | | |  __/_____| | | | (_| |
     \_/ |_|_|   \__|_| |_| |_|\___|     |_| |_|\__  |
                                                |___/ 
   kernel version: 6.8.0-rc1-virtme x86_64

virtme-ng:/nipa-data/kernel# PS1='xx__-> '
xx__-> 