No EFI environment detected.
early console in extract_kernel
input_data: 0x0000000004abc2b9
input_len: 0x00000000017a8f5f
output: 0x0000000001000000
output_len: 0x00000000051f2090
kernel_total_size: 0x0000000004e30000
needed_size: 0x0000000005200000
trampoline_32bit: 0x0000000000000000
Physical KASLR using RDRAND RDTSC...
Virtual KASLR using RDRAND RDTSC...

Decompressing Linux... Parsing ELF... Performing relocations... done.
Booting the kernel (entry_offset: 0x0000000000000000).
[    0.000000] Linux version 6.8.0-virtme (root@96ffa830f9da) (gcc (Alpine 13.2.1_git20240309) 13.2.1 20240309, GNU ld (GNU Binutils) 2.42) #1 SMP PREEMPT_DYNAMIC Fri Mar 15 18:27:11 UTC 2024
[    0.000000] Command line: virtme_hostname=virtme-ng nr_open=1048576 virtme_link_mods=/nipa-data/kernel/.virtme_mods/lib/modules/0.0.0 virtme_initmount0=nipa-data/kernel virtme_rw_overlay0=/etc virtme_rw_overlay1=/lib virtme_rw_overlay2=/home virtme_rw_overlay3=/opt virtme_rw_overlay4=/srv virtme_rw_overlay5=/usr virtme_rw_overlay6=/var console=hvc0 earlyprintk=serial,ttyS0,115200 virtme_console=ttyS0 psmouse.proto=exps TERM=xterm virtme_chdir=nipa-data/kernel virtme_root_user=1 rootfstype=9p rootflags=version=9p2000.L,trans=virtio,access=any raid=noautodetect ro init=/usr/lib/python3.11/site-packages/virtme/guest/virtme-init
[    0.000000] BIOS-provided physical RAM map:
[    0.000000] BIOS-e820: [mem 0x0000000000000000-0x000000000009fbff] usable
[    0.000000] BIOS-e820: [mem 0x000000000009fc00-0x000000000009ffff] reserved
[    0.000000] BIOS-e820: [mem 0x00000000000f0000-0x00000000000fffff] reserved
[    0.000000] BIOS-e820: [mem 0x0000000000100000-0x000000003ffdffff] usable
[    0.000000] BIOS-e820: [mem 0x000000003ffe0000-0x000000003fffffff] reserved
[    0.000000] BIOS-e820: [mem 0x00000000feffc000-0x00000000feffffff] reserved
[    0.000000] BIOS-e820: [mem 0x00000000fffc0000-0x00000000ffffffff] reserved
[    0.000000] BIOS-e820: [mem 0x000000fd00000000-0x000000ffffffffff] reserved
[    0.000000] printk: legacy bootconsole [earlyser0] enabled
[    0.000000] NX (Execute Disable) protection: active
[    0.000000] APIC: Static calls initialized
[    0.000000] SMBIOS 3.0.0 present.
[    0.000000] DMI: QEMU Standard PC (i440FX + PIIX, 1996), BIOS rel-1.16.3-0-ga6ed6b701f0a-prebuilt.qemu.org 04/01/2014
[    0.000000] Hypervisor detected: KVM
[    0.000000] kvm-clock: Using msrs 4b564d01 and 4b564d00
[    0.000000] kvm-clock: using sched offset of 340314521 cycles
[    0.000381] clocksource: kvm-clock: mask: 0xffffffffffffffff max_cycles: 0x1cd42e4dffb, max_idle_ns: 881590591483 ns
[    0.001566] tsc: Detected 4491.556 MHz processor
[    0.002253] last_pfn = 0x3ffe0 max_arch_pfn = 0x400000000
[    0.002669] MTRR map: 4 entries (3 fixed + 1 variable; max 19), built from 8 variable MTRRs
[    0.003277] x86/PAT: Configuration [0-7]: WB  WC  UC- UC  WB  WP  UC- WT  
[    0.005288] found SMP MP-table at [mem 0x000f5470-0x000f547f]
[    0.005713] Using GB pages for direct mapping
[    0.006186] ACPI: Early table checksum verification disabled
[    0.006597] ACPI: RSDP 0x00000000000F5290 000014 (v00 BOCHS )
[    0.007020] ACPI: RSDT 0x000000003FFE27BC 000034 (v01 BOCHS  BXPC     00000001 BXPC 00000001)
[    0.007643] ACPI: FACP 0x000000003FFE2578 000074 (v01 BOCHS  BXPC     00000001 BXPC 00000001)
[    0.008266] ACPI: DSDT 0x000000003FFE0040 002538 (v01 BOCHS  BXPC     00000001 BXPC 00000001)
[    0.008887] ACPI: FACS 0x000000003FFE0000 000040
[    0.009225] ACPI: APIC 0x000000003FFE25EC 000170 (v03 BOCHS  BXPC     00000001 BXPC 00000001)
[    0.009850] ACPI: HPET 0x000000003FFE275C 000038 (v01 BOCHS  BXPC     00000001 BXPC 00000001)
[    0.010471] ACPI: WAET 0x000000003FFE2794 000028 (v01 BOCHS  BXPC     00000001 BXPC 00000001)
[    0.011092] ACPI: Reserving FACP table memory at [mem 0x3ffe2578-0x3ffe25eb]
[    0.011604] ACPI: Reserving DSDT table memory at [mem 0x3ffe0040-0x3ffe2577]
[    0.012117] ACPI: Reserving FACS table memory at [mem 0x3ffe0000-0x3ffe003f]
[    0.012628] ACPI: Reserving APIC table memory at [mem 0x3ffe25ec-0x3ffe275b]
[    0.013142] ACPI: Reserving HPET table memory at [mem 0x3ffe275c-0x3ffe2793]
[    0.013657] ACPI: Reserving WAET table memory at [mem 0x3ffe2794-0x3ffe27bb]
[    0.014368] No NUMA configuration found
[    0.014647] Faking a node at [mem 0x0000000000000000-0x000000003ffdffff]
[    0.015135] NODE_DATA(0) allocated [mem 0x3ffdb000-0x3ffdffff]
[    0.015577] Zone ranges:
[    0.015761]   DMA      [mem 0x0000000000001000-0x0000000000ffffff]
[    0.016213]   DMA32    [mem 0x0000000001000000-0x000000003ffdffff]
[    0.016661]   Normal   empty
[    0.016870]   Device   empty
[    0.017080] Movable zone start for each node
[    0.017391] Early memory node ranges
[    0.017649]   node   0: [mem 0x0000000000001000-0x000000000009efff]
[    0.018103]   node   0: [mem 0x0000000000100000-0x000000003ffdffff]
[    0.018557] Initmem setup node 0 [mem 0x0000000000001000-0x000000003ffdffff]
[    0.019072] On node 0, zone DMA: 1 pages in unavailable ranges
[    0.019552] On node 0, zone DMA: 97 pages in unavailable ranges
[    0.024340] On node 0, zone DMA32: 32 pages in unavailable ranges
[    0.033728] kasan: KernelAddressSanitizer initialized
[    0.034326] ACPI: PM-Timer IO Port: 0x608
[    0.034627] ACPI: LAPIC_NMI (acpi_id[0xff] dfl dfl lint[0x1])
[    0.035069] IOAPIC[0]: apic_id 0, version 17, address 0xfec00000, GSI 0-23
[    0.035572] ACPI: INT_SRC_OVR (bus 0 bus_irq 0 global_irq 2 dfl dfl)
[    0.036040] ACPI: INT_SRC_OVR (bus 0 bus_irq 5 global_irq 5 high level)
[    0.036520] ACPI: INT_SRC_OVR (bus 0 bus_irq 9 global_irq 9 high level)
[    0.037000] ACPI: INT_SRC_OVR (bus 0 bus_irq 10 global_irq 10 high level)
[    0.037501] ACPI: INT_SRC_OVR (bus 0 bus_irq 11 global_irq 11 high level)
[    0.037995] ACPI: Using ACPI (MADT) for SMP configuration information
[    0.038462] ACPI: HPET id: 0x8086a201 base: 0xfed00000
[    0.038837] TSC deadline timer available
[    0.039124] CPU topo: Max. logical packages:   1
[    0.039459] CPU topo: Max. logical dies:       1
[    0.039793] CPU topo: Max. dies per package:   1
[    0.040131] CPU topo: Max. threads per core:  32
[    0.040466] CPU topo: Num. cores per package:     1
[    0.040819] CPU topo: Num. threads per package:  32
[    0.041174] CPU topo: Allowing 32 present CPUs plus 0 hotplug CPUs
[    0.041642] kvm-guest: APIC: eoi() replaced with kvm_guest_apic_eoi_write()
[    0.042164] kvm-guest: KVM setup pv remote TLB flush
[    0.042530] kvm-guest: setup PV sched yield
[    0.042843] PM: hibernation: Registered nosave memory: [mem 0x00000000-0x00000fff]
[    0.043399] PM: hibernation: Registered nosave memory: [mem 0x0009f000-0x0009ffff]
[    0.043954] PM: hibernation: Registered nosave memory: [mem 0x000a0000-0x000effff]
[    0.044502] PM: hibernation: Registered nosave memory: [mem 0x000f0000-0x000fffff]
[    0.045052] [mem 0x40000000-0xfeffbfff] available for PCI devices
[    0.045498] Booting paravirtualized kernel on KVM
[    0.045842] clocksource: refined-jiffies: mask: 0xffffffff max_cycles: 0xffffffff, max_idle_ns: 1910969940391419 ns
[    0.054466] setup_percpu: NR_CPUS:64 nr_cpumask_bits:32 nr_cpu_ids:32 nr_node_ids:1
[    0.056249] percpu: Embedded 70 pages/cpu s247656 r8192 d30872 u524288
[    0.056781] Kernel command line: virtme_hostname=virtme-ng nr_open=1048576 virtme_link_mods=/nipa-data/kernel/.virtme_mods/lib/modules/0.0.0 virtme_initmount0=nipa-data/kernel virtme_rw_overlay0=/etc virtme_rw_overlay1=/lib virtme_rw_overlay2=/home virtme_rw_overlay3=/opt virtme_rw_overlay4=/srv virtme_rw_overlay5=/usr virtme_rw_overlay6=/var console=hvc0 earlyprintk=serial,ttyS0,115200 virtme_console=ttyS0 psmouse.proto=exps TERM=xterm virtme_chdir=nipa-data/kernel virtme_root_user=1 rootfstype=9p rootflags=version=9p2000.L,trans=virtio,access=any raid=noautodetect ro init=/usr/lib/python3.11/site-packages/virtme/guest/virtme-init
[    0.061103] Unknown kernel command line parameters "virtme_hostname=virtme-ng nr_open=1048576 virtme_link_mods=/nipa-data/kernel/.virtme_mods/lib/modules/0.0.0 virtme_initmount0=nipa-data/kernel virtme_rw_overlay0=/etc virtme_rw_overlay1=/lib virtme_rw_overlay2=/home virtme_rw_overlay3=/opt virtme_rw_overlay4=/srv virtme_rw_overlay5=/usr virtme_rw_overlay6=/var virtme_console=ttyS0 virtme_chdir=nipa-data/kernel virtme_root_user=1", will be passed to user space.
[    0.064368] random: crng init done
[    0.064734] Dentry cache hash table entries: 131072 (order: 8, 1048576 bytes, linear)
[    0.065337] Inode-cache hash table entries: 65536 (order: 7, 524288 bytes, linear)
[    0.066286] Fallback order for Node 0: 0 
[    0.066290] Built 1 zonelists, mobility grouping on.  Total pages: 257760
[    0.067099] Policy zone: DMA32
[    0.067327] mem auto-init: stack:all(zero), heap alloc:off, heap free:off
[    0.067833] stackdepot: allocating hash table via alloc_large_system_hash
[    0.068341] stackdepot hash table entries: 1048576 (order: 12, 16777216 bytes, linear)
[    0.076364] Memory: 781040K/1048056K available (43008K kernel code, 10928K rwdata, 9580K rodata, 5744K init, 2820K bss, 266760K reserved, 0K cma-reserved)
[    0.077577] SLUB: HWalign=64, Order=0-3, MinObjects=0, CPUs=32, Nodes=1
Poking KASLR using RDRAND RDTSC...
[    0.078331] ftrace: allocating 46647 entries in 183 pages
[    0.086899] ftrace: allocated 183 pages with 6 groups
[    0.088125] Dynamic Preempt: voluntary
[    0.088868] rcu: Preemptible hierarchical RCU implementation.
[    0.089296] rcu: RCU event tracing is enabled.
[    0.089635] rcu: RCU restricting CPUs from NR_CPUS=64 to nr_cpu_ids=32.
[    0.090133] Trampoline variant of Tasks RCU enabled.
[    0.090509] Rude variant of Tasks RCU enabled.
[    0.090845] Tracing variant of Tasks RCU enabled.
[    0.091201] rcu: RCU calculated value of scheduler-enlistment delay is 100 jiffies.
[    0.091772] rcu: Adjusting geometry for rcu_fanout_leaf=16, nr_cpu_ids=32
[    0.092313] RCU Tasks: Setting shift to 5 and lim to 1 rcu_task_cb_adjust=1.
[    0.092839] RCU Tasks Rude: Setting shift to 5 and lim to 1 rcu_task_cb_adjust=1.
[    0.093400] RCU Tasks Trace: Setting shift to 5 and lim to 1 rcu_task_cb_adjust=1.
[    0.101845] NR_IRQS: 4352, nr_irqs: 680, preallocated irqs: 16
[    0.102521] rcu: srcu_init: Setting srcu_struct sizes based on contention.
[    0.103237] Console: colour *CGA 80x25
[    0.103540] ACPI: Core revision 20230628
[    0.103985] clocksource: hpet: mask: 0xffffffff max_cycles: 0xffffffff, max_idle_ns: 19112604467 ns
[    0.104723] APIC: Switch to symmetric I/O mode setup
[    0.105094] APIC: Switched APIC routing to: physical flat
[    0.105556] kvm-guest: APIC: send_IPI_mask() replaced with kvm_send_ipi_mask()
[    0.106087] kvm-guest: APIC: send_IPI_mask_allbutself() replaced with kvm_send_ipi_mask_allbutself()
[    0.106763] kvm-guest: setup PV IPIs
[    0.107890] ..TIMER: vector=0x30 apic1=0 pin1=2 apic2=-1 pin2=-1
[    0.108675] tsc: Marking TSC unstable due to TSCs unsynchronized
[    0.109468] Calibrating delay loop (skipped) preset value.. 8983.11 BogoMIPS (lpj=4491556)
[    0.110527] x86/cpu: User Mode Instruction Prevention (UMIP) activated
[    0.111523] Last level iTLB entries: 4KB 512, 2MB 255, 4MB 127
[    0.112464] Last level dTLB entries: 4KB 512, 2MB 255, 4MB 127, 1GB 0
[    0.113469] Spectre V1 : Mitigation: usercopy/swapgs barriers and __user pointer sanitization
[    0.114469] Spectre V2 : Mitigation: Enhanced / Automatic IBRS
[    0.115464] Spectre V2 : Spectre v2 / SpectreRSB mitigation: Filling RSB on context switch
[    0.116466] Spectre V2 : mitigation: Enabling conditional Indirect Branch Prediction Barrier
[    0.117464] Spectre V2 : User space: Mitigation: STIBP always-on protection
[    0.118466] Speculative Store Bypass: Mitigation: Speculative Store Bypass disabled via prctl
[    0.119465] Speculative Return Stack Overflow: IBPB-extending microcode not applied!
[    0.120464] Speculative Return Stack Overflow: WARNING: See https://kernel.org/doc/html/latest/admin-guide/hw-vuln/srso.html for mitigation options.
[    0.120466] Speculative Return Stack Overflow: Vulnerable: Safe RET, no microcode
[    0.122480] x86/fpu: Supporting XSAVE feature 0x001: 'x87 floating point registers'
[    0.123464] x86/fpu: Supporting XSAVE feature 0x002: 'SSE registers'
[    0.124263] x86/fpu: Supporting XSAVE feature 0x004: 'AVX registers'
[    0.124464] x86/fpu: Supporting XSAVE feature 0x020: 'AVX-512 opmask'
[    0.125464] x86/fpu: Supporting XSAVE feature 0x040: 'AVX-512 Hi256'
[    0.126464] x86/fpu: Supporting XSAVE feature 0x080: 'AVX-512 ZMM_Hi256'
[    0.127464] x86/fpu: Supporting XSAVE feature 0x200: 'Protection Keys User registers'
[    0.128465] x86/fpu: xstate_offset[2]:  576, xstate_sizes[2]:  256
[    0.129464] x86/fpu: xstate_offset[5]:  832, xstate_sizes[5]:   64
[    0.130239] x86/fpu: xstate_offset[6]:  896, xstate_sizes[6]:  512
[    0.130464] x86/fpu: xstate_offset[7]: 1408, xstate_sizes[7]: 1024
[    0.131464] x86/fpu: xstate_offset[9]: 2432, xstate_sizes[9]:    8
[    0.132464] x86/fpu: Enabled xstate features 0x2e7, context size is 2440 bytes, using 'compacted' format.
[    0.154889] Freeing SMP alternatives memory: 40K
[    0.155466] pid_max: default: 32768 minimum: 301
[    0.156188] Mount-cache hash table entries: 2048 (order: 2, 16384 bytes, linear)
[    0.156466] Mountpoint-cache hash table entries: 2048 (order: 2, 16384 bytes, linear)
[    0.158816] smpboot: CPU0: AMD Ryzen 9 7950X 16-Core Processor (family: 0x19, model: 0x61, stepping: 0x2)
[    0.159910] Performance Events: Fam17h+ core perfctr, AMD PMU driver.
[    0.160469] ... version:                0
[    0.160972] ... bit width:              48
[    0.161466] ... generic registers:      6
[    0.161970] ... value mask:             0000ffffffffffff
[    0.162466] ... max period:             00007fffffffffff
[    0.163137] ... fixed-purpose events:   0
[    0.163466] ... event mask:             000000000000003f
[    0.164237] signal: max sigframe size: 3376
[    0.164514] rcu: Hierarchical SRCU implementation.
[    0.165121] rcu: Max phase no-delay instances is 400.
[    0.169603] smp: Bringing up secondary CPUs ...
[    0.170359] smpboot: x86: Booting SMP configuration:
[    0.170468] .... node  #0, CPUs:        #1  #2  #3  #4  #5  #6  #7  #8  #9 #10 #11 #12 #13 #14 #15 #16 #17 #18 #19 #20 #21 #22 #23 #24 #25 #26 #27 #28 #29 #30 #31
[    0.182720] Spectre V2 : Update user space SMT mitigation: STIBP always-on
[    0.196623] smp: Brought up 1 node, 32 CPUs
[    0.197468] smpboot: Total of 32 processors activated (287459.58 BogoMIPS)
[    0.203687] devtmpfs: initialized
[    0.204063] x86/mm: Memory block size: 128MB
[    0.210728] clocksource: jiffies: mask: 0xffffffff max_cycles: 0xffffffff, max_idle_ns: 1911260446275000 ns
[    0.211472] futex hash table entries: 8192 (order: 7, 524288 bytes, linear)
[    0.212730] PM: RTC time: 18:27:45, date: 2024-03-15
[    0.214355] NET: Registered PF_NETLINK/PF_ROUTE protocol family
[    0.215300] thermal_sys: Registered thermal governor 'step_wise'
[    0.215303] thermal_sys: Registered thermal governor 'user_space'
[    0.215493] cpuidle: using governor menu
[    0.217977] PCI: Using configuration type 1 for base access
[    0.218468] PCI: Using configuration type 1 for extended access
[    0.219324] kprobes: kprobe jump-optimization is enabled. All kprobes are optimized if possible.
[    0.219675] HugeTLB: registered 1.00 GiB page size, pre-allocated 0 pages
[    0.220467] HugeTLB: 16380 KiB vmemmap can be freed for a 1.00 GiB page
[    0.221335] HugeTLB: registered 2.00 MiB page size, pre-allocated 0 pages
[    0.221466] HugeTLB: 28 KiB vmemmap can be freed for a 2.00 MiB page
[    0.222787] ACPI: Added _OSI(Module Device)
[    0.223467] ACPI: Added _OSI(Processor Device)
[    0.224049] ACPI: Added _OSI(3.0 _SCP Extensions)
[    0.224468] ACPI: Added _OSI(Processor Aggregator Device)
[    0.250971] ACPI: 1 ACPI AML tables successfully acquired and loaded
[    0.253125] ACPI: _OSC evaluation for CPUs failed, trying _PDC
[    0.255789] ACPI: Interpreter enabled
[    0.256344] ACPI: PM: (supports S0 S3 S4 S5)
[    0.256467] ACPI: Using IOAPIC for interrupt routing
[    0.257177] PCI: Using host bridge windows from ACPI; if necessary, use "pci=nocrs" and report a bug
[    0.257466] PCI: Using E820 reservations for host bridge windows
[    0.259367] ACPI: Enabled 2 GPEs in block 00 to 0F
[    0.308628] ACPI: PCI Root Bridge [PCI0] (domain 0000 [bus 00-ff])
[    0.309481] acpi PNP0A03:00: _OSC: OS supports [ExtendedConfig ASPM ClockPM Segments MSI HPX-Type3]
[    0.310990] PCI host bridge to bus 0000:00
[    0.311470] pci_bus 0000:00: root bus resource [io  0x0000-0x0cf7 window]
[    0.312367] pci_bus 0000:00: root bus resource [io  0x0d00-0xffff window]
[    0.312469] pci_bus 0000:00: root bus resource [mem 0x000a0000-0x000bffff window]
[    0.313468] pci_bus 0000:00: root bus resource [mem 0x40000000-0xfebfffff window]
[    0.314454] pci_bus 0000:00: root bus resource [mem 0x100000000-0x17fffffff window]
[    0.314470] pci_bus 0000:00: root bus resource [bus 00-ff]
[    0.315348] pci 0000:00:00.0: [8086:1237] type 00 class 0x060000 conventional PCI endpoint
[    0.316376] pci 0000:00:01.0: [8086:7000] type 00 class 0x060100 conventional PCI endpoint
[    0.317391] pci 0000:00:01.1: [8086:7010] type 00 class 0x010180 conventional PCI endpoint
[    0.319971] pci 0000:00:01.1: BAR 4 [io  0xc0c0-0xc0cf]
[    0.321467] pci 0000:00:01.1: BAR 0 [io  0x01f0-0x01f7]: legacy IDE quirk
[    0.322369] pci 0000:00:01.1: BAR 1 [io  0x03f6]: legacy IDE quirk
[    0.322467] pci 0000:00:01.1: BAR 2 [io  0x0170-0x0177]: legacy IDE quirk
[    0.323346] pci 0000:00:01.1: BAR 3 [io  0x0376]: legacy IDE quirk
[    0.324184] pci 0000:00:01.3: [8086:7113] type 00 class 0x068000 conventional PCI endpoint
[    0.324738] pci 0000:00:01.3: quirk: [io  0x0600-0x063f] claimed by PIIX4 ACPI
[    0.325475] pci 0000:00:01.3: quirk: [io  0x0700-0x070f] claimed by PIIX4 SMB
[    0.327230] pci 0000:00:02.0: [1af4:1009] type 00 class 0x000200 conventional PCI endpoint
[    0.328467] pci 0000:00:02.0: BAR 0 [io  0xc000-0xc03f]
[    0.330188] pci 0000:00:02.0: BAR 1 [mem 0xfebfc000-0xfebfcfff]
[    0.334340] pci 0000:00:02.0: BAR 4 [mem 0xfebf0000-0xfebf3fff 64bit pref]
[    0.347631] pci 0000:00:03.0: [1af4:1009] type 00 class 0x000200 conventional PCI endpoint
[    0.349467] pci 0000:00:03.0: BAR 0 [io  0xc040-0xc07f]
[    0.351199] pci 0000:00:03.0: BAR 1 [mem 0xfebfd000-0xfebfdfff]
[    0.354467] pci 0000:00:03.0: BAR 4 [mem 0xfebf4000-0xfebf7fff 64bit pref]
[    0.368123] pci 0000:00:04.0: [8086:25ab] type 00 class 0x088000 conventional PCI endpoint
[    0.368879] pci 0000:00:04.0: BAR 0 [mem 0xfebfe000-0xfebfe00f]
[    0.384024] pci 0000:00:05.0: [1af4:1003] type 00 class 0x078000 conventional PCI endpoint
[    0.385467] pci 0000:00:05.0: BAR 0 [io  0xc080-0xc0bf]
[    0.387206] pci 0000:00:05.0: BAR 1 [mem 0xfebff000-0xfebfffff]
[    0.390467] pci 0000:00:05.0: BAR 4 [mem 0xfebf8000-0xfebfbfff 64bit pref]
[    0.407649] ACPI: PCI: Interrupt link LNKA configured for IRQ 10
[    0.409437] ACPI: PCI: Interrupt link LNKB configured for IRQ 10
[    0.410420] ACPI: PCI: Interrupt link LNKC configured for IRQ 11
[    0.411709] ACPI: PCI: Interrupt link LNKD configured for IRQ 11
[    0.412878] ACPI: PCI: Interrupt link LNKS configured for IRQ 9
[    0.433105] iommu: Default domain type: Translated
[    0.433467] iommu: DMA domain TLB invalidation policy: lazy mode
[    0.434721] SCSI subsystem initialized
[    0.435590] pps_core: LinuxPPS API ver. 1 registered
[    0.436239] pps_core: Software ver. 5.3.6 - Copyright 2005-2007 Rodolfo Giometti <giometti@linux.it>
[    0.436480] PTP clock support registered
[    0.437546] Advanced Linux Sound Architecture Driver Initialized.
[    0.439547] NET: Registered PF_ATMPVC protocol family
[    0.440212] NET: Registered PF_ATMSVC protocol family
[    0.440494] PCI: Using ACPI for IRQ routing
[    0.441193] vgaarb: loaded
[    0.441594] hpet0: at MMIO 0xfed00000, IRQs 2, 8, 0
[    0.442248] hpet0: 3 comparators, 64-bit 100.000000 MHz counter
[    0.447362] clocksource: Switched to clocksource kvm-clock
[    0.451839] VFS: Disk quotas dquot_6.6.0
[    0.452363] VFS: Dquot-cache hash table entries: 512 (order 0, 4096 bytes)
[    0.453484] pnp: PnP ACPI init
[    0.456389] pnp: PnP ACPI: found 5 devices
[    0.468939] clocksource: acpi_pm: mask: 0xffffff max_cycles: 0xffffff, max_idle_ns: 2085701024 ns
[    0.470170] NET: Registered PF_INET protocol family
[    0.470954] IP idents hash table entries: 16384 (order: 5, 131072 bytes, linear)
[    0.472319] tcp_listen_portaddr_hash hash table entries: 512 (order: 1, 8192 bytes, linear)
[    0.473401] Table-perturb hash table entries: 65536 (order: 6, 262144 bytes, linear)
[    0.474426] TCP established hash table entries: 8192 (order: 4, 65536 bytes, linear)
[    0.475426] TCP bind hash table entries: 8192 (order: 6, 262144 bytes, linear)
[    0.476358] TCP: Hash tables configured (established 8192 bind 8192)
[    0.477349] UDP hash table entries: 512 (order: 2, 16384 bytes, linear)
[    0.478207] UDP-Lite hash table entries: 512 (order: 2, 16384 bytes, linear)
[    0.479338] NET: Registered PF_UNIX/PF_LOCAL protocol family
[    0.480092] pci_bus 0000:00: resource 4 [io  0x0000-0x0cf7 window]
[    0.480892] pci_bus 0000:00: resource 5 [io  0x0d00-0xffff window]
[    0.481691] pci_bus 0000:00: resource 6 [mem 0x000a0000-0x000bffff window]
[    0.482573] pci_bus 0000:00: resource 7 [mem 0x40000000-0xfebfffff window]
[    0.483444] pci_bus 0000:00: resource 8 [mem 0x100000000-0x17fffffff window]
[    0.484568] pci 0000:00:01.0: PIIX3: Enabling Passive Release
[    0.485303] pci 0000:00:00.0: Limiting direct PCI/PCI transfers
[    0.486110] PCI: CLS 0 bytes, default 64
[    0.486680] kvm_intel: VMX not supported by CPU 12
[    0.487319] kvm_amd: TSC scaling supported
[    0.487859] kvm_amd: Nested Virtualization enabled
[    0.488475] kvm_amd: Nested Paging enabled
[    0.489022] kvm_amd: Virtual VMLOAD VMSAVE supported
[    0.489659] kvm_amd: Virtual GIF supported
[    0.490173] kvm_amd: Virtual NMI enabled
[    0.490683] kvm_amd: LBR virtualization supported
[    0.597036] workingset: timestamp_bits=56 max_order=18 bucket_order=0
[    0.598029] squashfs: version 4.0 (2009/01/31) Phillip Lougher
[    0.598805] fuse: init (API version 7.39)
[    0.599470] 9p: Installing v9fs 9p2000 file system support
[    0.600288] Key type asymmetric registered
[    0.600882] Block layer SCSI generic (bsg) driver version 0.4 loaded (major 249)
[    0.601908] io scheduler mq-deadline registered
[    0.602501] io scheduler kyber registered
[    0.604404] input: Power Button as /devices/LNXSYSTM:00/LNXPWRBN:00/input/input0
[    0.605625] ACPI: button: Power Button [PWRF]
[    0.606310] Warning: Processor Platform Limit event detected, but not handled.
[    0.607242] Consider compiling CPUfreq support into your kernel.
[    1.484876] ACPI: \_SB_.LNKB: Enabled at IRQ 10
[    2.384677] ACPI: \_SB_.LNKC: Enabled at IRQ 11
[    3.359554] ACPI: \_SB_.LNKA: Enabled at IRQ 10
[    3.361137] Serial: 8250/16550 driver, 4 ports, IRQ sharing enabled
[    3.362267] 00:03: ttyS0 at I/O 0x3f8 (irq = 4, base_baud = 115200) is a 16550A
[    3.410980] Non-volatile memory driver v1.3
[    3.411633] Linux agpgart interface v0.103
[    3.412217] printk: legacy console [hvc0] enabled
[    3.412439] ACPI: bus type drm_connector registered
[    3.412861] printk: legacy bootconsole [earlyser0] disabled
          _      _                                    
   __   _(_)_ __| |_ _ __ ___   ___       _ __   __ _ 
   \ \ / / |  __| __|  _   _ \ / _ \_____|  _ \ / _  |
    \ V /| | |  | |_| | | | | |  __/_____| | | | (_| |
     \_/ |_|_|   \__|_| |_| |_|\___|     |_| |_|\__  |
                                                |___/ 
   kernel version: 6.8.0-virtme x86_64
   (CTRL+d to exit)

virtme-ng:/nipa-data/kernel# PS1='xx__-> '
xx__-> env
PWD=/nipa-data/kernel
nr_open=1048576
HOME=/
TERM=xterm
SHLVL=2
XDG_RUNTIME_DIR=/run/user/0
PATH=/bin:/sbin:/usr/bin:/usr/sbin:/usr/local/bin
OLDPWD=/
_=/usr/bin/env
xx__-> 