No EFI environment detected.
early console in extract_kernel
input_data: 0x0000000004cb82c4
input_len: 0x00000000018cc0bd
output: 0x0000000001000000
output_len: 0x000000000550efa0
kernel_total_size: 0x0000000005030000
needed_size: 0x0000000005600000
trampoline_32bit: 0x000000000009d000
Physical KASLR using RDRAND RDTSC...
Virtual KASLR using RDRAND RDTSC...

Decompressing Linux... Parsing ELF... Performing relocations... done.
Booting the kernel (entry_offset: 0x0000000000000000).
[    0.000000] Linux version 6.12.0-rc1-virtme (root@e122694b3bac) (gcc (Ubuntu 13.2.0-23ubuntu4) 13.2.0, GNU ld (GNU Binutils for Ubuntu) 2.42) #1 SMP PREEMPT_DYNAMIC Mon Oct  7 00:28:33 UTC 2024
[    0.000000] Command line: virtme_hostname=virtme-ng nr_open=1048576 virtme_link_mods=/nipa-data/kernel/.virtme_mods/lib/modules/0.0.0 virtme_initmount0=nipa-data/kernel virtme_rw_overlay0=/etc virtme_rw_overlay1=/lib virtme_rw_overlay2=/home virtme_rw_overlay3=/opt virtme_rw_overlay4=/srv virtme_rw_overlay5=/usr virtme_rw_overlay6=/var console=hvc0 earlyprintk=serial,ttyS0,115200 virtme_console=ttyS0 psmouse.proto=exps TERM=xterm virtme_chdir=nipa-data/kernel virtme_root_user=1 rootfstype=9p rootflags=version=9p2000.L,trans=virtio,access=any raid=noautodetect ro init=/usr/lib/python3/dist-packages/virtme/guest/virtme-init
[    0.000000] x86/split lock detection: #DB: warning on user-space bus_locks
[    0.000000] BIOS-provided physical RAM map:
[    0.000000] BIOS-e820: [mem 0x0000000000000000-0x000000000009fbff] usable
[    0.000000] BIOS-e820: [mem 0x000000000009fc00-0x000000000009ffff] reserved
[    0.000000] BIOS-e820: [mem 0x00000000000f0000-0x00000000000fffff] reserved
[    0.000000] BIOS-e820: [mem 0x0000000000100000-0x000000003ffdffff] usable
[    0.000000] BIOS-e820: [mem 0x000000003ffe0000-0x000000003fffffff] reserved
[    0.000000] BIOS-e820: [mem 0x00000000feffc000-0x00000000feffffff] reserved
[    0.000000] BIOS-e820: [mem 0x00000000fffc0000-0x00000000ffffffff] reserved
[    0.000000] printk: legacy bootconsole [earlyser0] enabled
[    0.000000] NX (Execute Disable) protection: active
[    0.000000] APIC: Static calls initialized
[    0.000000] SMBIOS 3.0.0 present.
[    0.000000] DMI: QEMU Ubuntu 24.04 PC (i440FX + PIIX, 1996), BIOS 1.16.3-debian-1.16.3-2 04/01/2014
[    0.000000] DMI: Memory slots populated: 1/1
[    0.000000] Hypervisor detected: KVM
[    0.000000] kvm-clock: Using msrs 4b564d01 and 4b564d00
[    0.000001] kvm-clock: using sched offset of 1217314148 cycles
[    0.000759] clocksource: kvm-clock: mask: 0xffffffffffffffff max_cycles: 0x1cd42e4dffb, max_idle_ns: 881590591483 ns
[    0.003144] tsc: Detected 2000.000 MHz processor
[    0.004572] last_pfn = 0x3ffe0 max_arch_pfn = 0x10000000000
[    0.005437] MTRR map: 4 entries (3 fixed + 1 variable; max 19), built from 8 variable MTRRs
[    0.006647] x86/PAT: Configuration [0-7]: WB  WC  UC- UC  WB  WP  UC- WT  
[    0.014630] found SMP MP-table at [mem 0x000f5470-0x000f547f]
[    0.015482] Using GB pages for direct mapping
[    0.016399] ACPI: Early table checksum verification disabled
[    0.017224] ACPI: RSDP 0x00000000000F5290 000014 (v00 BOCHS )
[    0.018093] ACPI: RSDT 0x000000003FFE308E 000034 (v01 BOCHS  BXPC     00000001 BXPC 00000001)
[    0.019349] ACPI: FACP 0x000000003FFE2D8A 000074 (v01 BOCHS  BXPC     00000001 BXPC 00000001)
[    0.020593] ACPI: DSDT 0x000000003FFE0040 002D4A (v01 BOCHS  BXPC     00000001 BXPC 00000001)
[    0.021833] ACPI: FACS 0x000000003FFE0000 000040
[    0.022507] ACPI: APIC 0x000000003FFE2DFE 000230 (v03 BOCHS  BXPC     00000001 BXPC 00000001)
[    0.023750] ACPI: HPET 0x000000003FFE302E 000038 (v01 BOCHS  BXPC     00000001 BXPC 00000001)
[    0.024985] ACPI: WAET 0x000000003FFE3066 000028 (v01 BOCHS  BXPC     00000001 BXPC 00000001)
[    0.026219] ACPI: Reserving FACP table memory at [mem 0x3ffe2d8a-0x3ffe2dfd]
[    0.027246] ACPI: Reserving DSDT table memory at [mem 0x3ffe0040-0x3ffe2d89]
[    0.028264] ACPI: Reserving FACS table memory at [mem 0x3ffe0000-0x3ffe003f]
[    0.029281] ACPI: Reserving APIC table memory at [mem 0x3ffe2dfe-0x3ffe302d]
[    0.030299] ACPI: Reserving HPET table memory at [mem 0x3ffe302e-0x3ffe3065]
[    0.031319] ACPI: Reserving WAET table memory at [mem 0x3ffe3066-0x3ffe308d]
[    0.032842] No NUMA configuration found
[    0.033401] Faking a node at [mem 0x0000000000000000-0x000000003ffdffff]
[    0.034386] NODE_DATA(0) allocated [mem 0x3ffdb780-0x3ffdffff]
[    0.035384] Zone ranges:
[    0.035753]   DMA      [mem 0x0000000000001000-0x0000000000ffffff]
[    0.036651]   DMA32    [mem 0x0000000001000000-0x000000003ffdffff]
[    0.037548]   Normal   empty
[    0.037968]   Device   empty
[    0.038386] Movable zone start for each node
[    0.039008] Early memory node ranges
[    0.039526]   node   0: [mem 0x0000000000001000-0x000000000009efff]
[    0.040434]   node   0: [mem 0x0000000000100000-0x000000003ffdffff]
[    0.041342] Initmem setup node 0 [mem 0x0000000000001000-0x000000003ffdffff]
[    0.042370] On node 0, zone DMA: 1 pages in unavailable ranges
[    0.043322] On node 0, zone DMA: 97 pages in unavailable ranges
[    0.052958] On node 0, zone DMA32: 32 pages in unavailable ranges
[    0.086942] kasan: KernelAddressSanitizer initialized
[    0.088230] ACPI: PM-Timer IO Port: 0x608
[    0.088839] ACPI: LAPIC_NMI (acpi_id[0xff] dfl dfl lint[0x1])
[    0.089731] IOAPIC[0]: apic_id 0, version 17, address 0xfec00000, GSI 0-23
[    0.090730] ACPI: INT_SRC_OVR (bus 0 bus_irq 0 global_irq 2 dfl dfl)
[    0.091661] ACPI: INT_SRC_OVR (bus 0 bus_irq 5 global_irq 5 high level)
[    0.092622] ACPI: INT_SRC_OVR (bus 0 bus_irq 9 global_irq 9 high level)
[    0.093579] ACPI: INT_SRC_OVR (bus 0 bus_irq 10 global_irq 10 high level)
[    0.094563] ACPI: INT_SRC_OVR (bus 0 bus_irq 11 global_irq 11 high level)
[    0.095567] ACPI: Using ACPI (MADT) for SMP configuration information
[    0.096499] ACPI: HPET id: 0x8086a201 base: 0xfed00000
[    0.097248] TSC deadline timer available
[    0.097820] CPU topo: Max. logical packages:   1
[    0.098491] CPU topo: Max. logical dies:       1
[    0.099166] CPU topo: Max. dies per package:   1
[    0.099838] CPU topo: Max. threads per core:   1
[    0.100538] CPU topo: Num. cores per package:    56
[    0.101245] CPU topo: Num. threads per package:  56
[    0.101951] CPU topo: Allowing 56 present CPUs plus 0 hotplug CPUs
[    0.102995] kvm-guest: APIC: eoi() replaced with kvm_guest_apic_eoi_write()
[    0.104049] kvm-guest: KVM setup pv remote TLB flush
[    0.104773] kvm-guest: setup PV sched yield
[    0.105389] PM: hibernation: Registered nosave memory: [mem 0x00000000-0x00000fff]
[    0.106487] PM: hibernation: Registered nosave memory: [mem 0x0009f000-0x0009ffff]
[    0.107588] PM: hibernation: Registered nosave memory: [mem 0x000a0000-0x000effff]
[    0.108683] PM: hibernation: Registered nosave memory: [mem 0x000f0000-0x000fffff]
[    0.109780] [mem 0x40000000-0xfeffbfff] available for PCI devices
[    0.110664] Booting paravirtualized kernel on KVM
[    0.111351] clocksource: refined-jiffies: mask: 0xffffffff max_cycles: 0xffffffff, max_idle_ns: 1910969940391419 ns
[    0.134140] setup_percpu: NR_CPUS:64 nr_cpumask_bits:56 nr_cpu_ids:56 nr_node_ids:1
[    0.144666] percpu: Embedded 70 pages/cpu s248792 r8192 d29736 u524288
[    0.145855] Kernel command line: virtme_hostname=virtme-ng nr_open=1048576 virtme_link_mods=/nipa-data/kernel/.virtme_mods/lib/modules/0.0.0 virtme_initmount0=nipa-data/kernel virtme_rw_overlay0=/etc virtme_rw_overlay1=/lib virtme_rw_overlay2=/home virtme_rw_overlay3=/opt virtme_rw_overlay4=/srv virtme_rw_overlay5=/usr virtme_rw_overlay6=/var console=hvc0 earlyprintk=serial,ttyS0,115200 virtme_console=ttyS0 psmouse.proto=exps TERM=xterm virtme_chdir=nipa-data/kernel virtme_root_user=1 rootfstype=9p rootflags=version=9p2000.L,trans=virtio,access=any raid=noautodetect ro init=/usr/lib/python3/dist-packages/virtme/guest/virtme-init
[    0.154326] Unknown kernel command line parameters "virtme_hostname=virtme-ng nr_open=1048576 virtme_link_mods=/nipa-data/kernel/.virtme_mods/lib/modules/0.0.0 virtme_initmount0=nipa-data/kernel virtme_rw_overlay0=/etc virtme_rw_overlay1=/lib virtme_rw_overlay2=/home virtme_rw_overlay3=/opt virtme_rw_overlay4=/srv virtme_rw_overlay5=/usr virtme_rw_overlay6=/var virtme_console=ttyS0 virtme_chdir=nipa-data/kernel virtme_root_user=1", will be passed to user space.
[    0.160374] random: crng init done
[    0.160875] printk: log_buf_len individual max cpu contribution: 4096 bytes
[    0.161896] printk: log_buf_len total cpu_extra contributions: 225280 bytes
[    0.162920] printk: log_buf_len min size: 262144 bytes
[    0.164505] printk: log_buf_len: 524288 bytes
[    0.165170] printk: early log buf free: 253864(96%)
[    0.166341] Dentry cache hash table entries: 131072 (order: 8, 1048576 bytes, linear)
[    0.167580] Inode-cache hash table entries: 65536 (order: 7, 524288 bytes, linear)
[    0.171369] Fallback order for Node 0: 0 
[    0.171385] Built 1 zonelists, mobility grouping on.  Total pages: 262014
[    0.172917] Policy zone: DMA32
[    0.173345] mem auto-init: stack:all(zero), heap alloc:off, heap free:off
[    0.174289] stackdepot: allocating hash table via alloc_large_system_hash
[    0.175248] stackdepot hash table entries: 1048576 (order: 12, 16777216 bytes, linear)
[    0.199866] SLUB: HWalign=64, Order=0-3, MinObjects=0, CPUs=56, Nodes=1
Poking KASLR using RDRAND RDTSC...
[    0.201399] ftrace: allocating 48569 entries in 190 pages
[    0.221626] ftrace: allocated 190 pages with 6 groups
[    0.224297] Dynamic Preempt: voluntary
[    0.226856] rcu: Preemptible hierarchical RCU implementation.
[    0.227674] rcu: RCU event tracing is enabled.
[    0.228305] rcu: RCU restricting CPUs from NR_CPUS=64 to nr_cpu_ids=56.
[    0.229240] Trampoline variant of Tasks RCU enabled.
[    0.229943] Rude variant of Tasks RCU enabled.
[    0.230573] Tracing variant of Tasks RCU enabled.
[    0.231246] rcu: RCU calculated value of scheduler-enlistment delay is 100 jiffies.
[    0.232316] rcu: Adjusting geometry for rcu_fanout_leaf=16, nr_cpu_ids=56
[    0.233567] RCU Tasks: Setting shift to 6 and lim to 1 rcu_task_cb_adjust=1 rcu_task_cpu_ids=56.
[    0.234800] RCU Tasks Rude: Setting shift to 6 and lim to 1 rcu_task_cb_adjust=1 rcu_task_cpu_ids=56.
[    0.236096] RCU Tasks Trace: Setting shift to 6 and lim to 1 rcu_task_cb_adjust=1 rcu_task_cpu_ids=56.
[    0.257728] NR_IRQS: 4352, nr_irqs: 872, preallocated irqs: 16
[    0.259079] rcu: srcu_init: Setting srcu_struct sizes based on contention.
[    0.260522] Console: colour *CGA 80x25
[    0.261147] ACPI: Core revision 20240827
[    0.262054] clocksource: hpet: mask: 0xffffffff max_cycles: 0xffffffff, max_idle_ns: 19112604467 ns
[    0.263472] APIC: Switch to symmetric I/O mode setup
[    0.264358] kvm-guest: APIC: send_IPI_mask() replaced with kvm_send_ipi_mask()
[    0.265719] kvm-guest: APIC: send_IPI_mask_allbutself() replaced with kvm_send_ipi_mask_allbutself()
[    0.267063] kvm-guest: setup PV IPIs
[    0.269355] ..TIMER: vector=0x30 apic1=0 pin1=2 apic2=-1 pin2=-1
[    0.270780] clocksource: tsc-early: mask: 0xffffffffffffffff max_cycles: 0x39a85c9bff6, max_idle_ns: 881590591483 ns
[    0.273061] Calibrating delay loop (skipped) preset value.. 4000.00 BogoMIPS (lpj=2000000)
[    0.274284] x86/cpu: User Mode Instruction Prevention (UMIP) activated
[    0.275202] Last level iTLB entries: 4KB 0, 2MB 0, 4MB 0
[    0.276054] Last level dTLB entries: 4KB 0, 2MB 0, 4MB 0, 1GB 0
[    0.277078] Spectre V1 : Mitigation: usercopy/swapgs barriers and __user pointer sanitization
[    0.278063] Spectre V2 : Spectre BHI mitigation: SW BHB clearing on syscall and VM exit
[    0.279055] Spectre V2 : Mitigation: Enhanced / Automatic IBRS
[    0.280057] Spectre V2 : Spectre v2 / SpectreRSB mitigation: Filling RSB on context switch
[    0.281054] Spectre V2 : Spectre v2 / PBRSB-eIBRS: Retire a single CALL on VMEXIT
[    0.282073] Spectre V2 : mitigation: Enabling conditional Indirect Branch Prediction Barrier
[    0.283069] Speculative Store Bypass: Mitigation: Speculative Store Bypass disabled via prctl
[    0.284065] TAA: Mitigation: TSX disabled
[    0.285153] x86/fpu: Supporting XSAVE feature 0x001: 'x87 floating point registers'
[    0.286064] x86/fpu: Supporting XSAVE feature 0x002: 'SSE registers'
[    0.287064] x86/fpu: Supporting XSAVE feature 0x004: 'AVX registers'
[    0.288064] x86/fpu: Supporting XSAVE feature 0x020: 'AVX-512 opmask'
[    0.289064] x86/fpu: Supporting XSAVE feature 0x040: 'AVX-512 Hi256'
[    0.290064] x86/fpu: Supporting XSAVE feature 0x080: 'AVX-512 ZMM_Hi256'
[    0.291058] x86/fpu: Supporting XSAVE feature 0x200: 'Protection Keys User registers'
[    0.292064] x86/fpu: Supporting XSAVE feature 0x20000: 'AMX Tile config'
[    0.293064] x86/fpu: Supporting XSAVE feature 0x40000: 'AMX Tile data'
[    0.294065] x86/fpu: xstate_offset[2]:  576, xstate_sizes[2]:  256
[    0.295058] x86/fpu: xstate_offset[5]:  832, xstate_sizes[5]:   64
[    0.296065] x86/fpu: xstate_offset[6]:  896, xstate_sizes[6]:  512
[    0.297055] x86/fpu: xstate_offset[7]: 1408, xstate_sizes[7]: 1024
[    0.298054] x86/fpu: xstate_offset[9]: 2432, xstate_sizes[9]:    8
[    0.299054] x86/fpu: xstate_offset[17]: 2496, xstate_sizes[17]:   64
[    0.300054] x86/fpu: xstate_offset[18]: 2560, xstate_sizes[18]: 8192
[    0.301054] x86/fpu: Enabled xstate features 0x602e7, context size is 10752 bytes, using 'compacted' format.
[    0.345526] Freeing SMP alternatives memory: 40K
[    0.346056] pid_max: default: 57344 minimum: 448
[    0.347333] Mount-cache hash table entries: 2048 (order: 2, 16384 bytes, linear)
[    0.348057] Mountpoint-cache hash table entries: 2048 (order: 2, 16384 bytes, linear)
[    0.350263] smpboot: CPU0: Intel(R) Xeon(R) Platinum 8480+ (family: 0x6, model: 0x8f, stepping: 0x6)
[    0.351870] Performance Events: PEBS fmt0-, Sapphire Rapids events, full-width counters, Intel PMU driver.
[    0.352061] ... version:                2
[    0.352881] ... bit width:              48
[    0.353057] ... generic registers:      8
[    0.353865] ... value mask:             0000ffffffffffff
[    0.354056] ... max period:             00007fffffffffff
[    0.355056] ... fixed-purpose events:   3
[    0.355858] ... event mask:             00000007000000ff
[    0.356407] signal: max sigframe size: 11952
[    0.357130] rcu: Hierarchical SRCU implementation.
[    0.358057] rcu: Max phase no-delay instances is 400.
[    0.359167] Timer migration: 2 hierarchy levels; 8 children per group; 2 crossnode level
[    0.362702] smp: Bringing up secondary CPUs ...
[    0.363355] smpboot: x86: Booting SMP configuration:
[    0.364062] .... node  #0, CPUs:        #1  #2  #3  #4  #5  #6  #7  #8  #9 #10 #11 #12 #13 #14 #15 #16 #17 #18 #19 #20 #21 #22 #23 #24 #25 #26 #27 #28 #29 #30 #31 #32 #33 #34 #35 #36 #37 #38 #39 #40 #41 #42 #43 #44 #45 #46 #47 #48 #49 #50 #51 #52 #53 #54 #55
[    0.454737] smp: Brought up 1 node, 56 CPUs
[    0.455908] smpboot: Total of 56 processors activated (224000.00 BogoMIPS)
[    0.475304] Memory: 742776K/1048056K available (45056K kernel code, 11385K rwdata, 10000K rodata, 6000K init, 1800K bss, 280344K reserved, 0K cma-reserved)
[    0.477057] devtmpfs: initialized
[    0.478151] x86/mm: Memory block size: 128MB
[    0.488478] clocksource: jiffies: mask: 0xffffffff max_cycles: 0xffffffff, max_idle_ns: 1911260446275000 ns
[    0.489080] futex hash table entries: 16384 (order: 8, 1048576 bytes, linear)
[    0.491058] PM: RTC time: 00:29:21, date: 2024-10-07
[    0.494686] NET: Registered PF_NETLINK/PF_ROUTE protocol family
[    0.496236] thermal_sys: Registered thermal governor 'step_wise'
[    0.496241] thermal_sys: Registered thermal governor 'user_space'
[    0.497139] cpuidle: using governor menu
[    0.501327] PCI: Using configuration type 1 for base access
[    0.502243] kprobes: kprobe jump-optimization is enabled. All kprobes are optimized if possible.
[    0.515980] HugeTLB: registered 1.00 GiB page size, pre-allocated 0 pages
[    0.519065] HugeTLB: 16380 KiB vmemmap can be freed for a 1.00 GiB page
[    0.522063] HugeTLB: registered 2.00 MiB page size, pre-allocated 0 pages
[    0.525061] HugeTLB: 28 KiB vmemmap can be freed for a 2.00 MiB page
[    0.531137] ACPI: Added _OSI(Module Device)
[    0.533062] ACPI: Added _OSI(Processor Device)
[    0.535062] ACPI: Added _OSI(3.0 _SCP Extensions)
[    0.537062] ACPI: Added _OSI(Processor Aggregator Device)
[    0.577467] ACPI: 1 ACPI AML tables successfully acquired and loaded
[    0.588454] ACPI: Interpreter enabled
[    0.589135] ACPI: PM: (supports S0 S3 S4 S5)
[    0.590008] ACPI: Using IOAPIC for interrupt routing
[    0.591129] PCI: Using host bridge windows from ACPI; if necessary, use "pci=nocrs" and report a bug
[    0.592058] PCI: Using E820 reservations for host bridge windows
[    0.595484] ACPI: Enabled 2 GPEs in block 00 to 0F
[    0.655954] ACPI: PCI Root Bridge [PCI0] (domain 0000 [bus 00-ff])
[    0.657075] acpi PNP0A03:00: _OSC: OS supports [ASPM ClockPM Segments MSI HPX-Type3]
[    0.658058] acpi PNP0A03:00: _OSC: not requesting OS control; OS requires [ExtendedConfig ASPM ClockPM MSI]
[    0.660189] acpi PNP0A03:00: fail to add MMCONFIG information, can't access extended configuration space under this bridge
[    0.662495] PCI host bridge to bus 0000:00
[    0.663119] pci_bus 0000:00: root bus resource [io  0x0000-0x0cf7 window]
[    0.665071] pci_bus 0000:00: root bus resource [io  0x0d00-0xffff window]
[    0.666060] pci_bus 0000:00: root bus resource [mem 0x000a0000-0x000bffff window]
[    0.667062] pci_bus 0000:00: root bus resource [mem 0x40000000-0xfebfffff window]
[    0.669059] pci_bus 0000:00: root bus resource [mem 0x100000000-0x17fffffff window]
[    0.670061] pci_bus 0000:00: root bus resource [bus 00-ff]
[    0.671126] pci 0000:00:00.0: [8086:1237] type 00 class 0x060000 conventional PCI endpoint
[    0.673298] pci 0000:00:01.0: [8086:7000] type 00 class 0x060100 conventional PCI endpoint
[    0.676432] pci 0000:00:01.1: [8086:7010] type 00 class 0x010180 conventional PCI endpoint
[    0.681367] pci 0000:00:01.1: BAR 4 [io  0xc0c0-0xc0cf]
[    0.683418] pci 0000:00:01.1: BAR 0 [io  0x01f0-0x01f7]: legacy IDE quirk
[    0.684057] pci 0000:00:01.1: BAR 1 [io  0x03f6]: legacy IDE quirk
[    0.686057] pci 0000:00:01.1: BAR 2 [io  0x0170-0x0177]: legacy IDE quirk
[    0.687056] pci 0000:00:01.1: BAR 3 [io  0x0376]: legacy IDE quirk
[    0.690062] pci 0000:00:01.3: [8086:7113] type 00 class 0x068000 conventional PCI endpoint
[    0.691670] pci 0000:00:01.3: quirk: [io  0x0600-0x063f] claimed by PIIX4 ACPI
[    0.693067] pci 0000:00:01.3: quirk: [io  0x0700-0x070f] claimed by PIIX4 SMB
[    0.695085] pci 0000:00:02.0: [1af4:1009] type 00 class 0x000200 conventional PCI endpoint
[    0.698805] pci 0000:00:02.0: BAR 0 [io  0xc000-0xc03f]
[    0.701060] pci 0000:00:02.0: BAR 1 [mem 0xfebfc000-0xfebfcfff]
[    0.707061] pci 0000:00:02.0: BAR 4 [mem 0xfebf0000-0xfebf3fff 64bit pref]
[    0.724106] pci 0000:00:03.0: [1af4:1009] type 00 class 0x000200 conventional PCI endpoint
[    0.726961] pci 0000:00:03.0: BAR 0 [io  0xc040-0xc07f]
[    0.728924] pci 0000:00:03.0: BAR 1 [mem 0xfebfd000-0xfebfdfff]
[    0.734063] pci 0000:00:03.0: BAR 4 [mem 0xfebf4000-0xfebf7fff 64bit pref]
[    0.750499] pci 0000:00:04.0: [8086:25ab] type 00 class 0x088000 conventional PCI endpoint
[    0.752724] pci 0000:00:04.0: BAR 0 [mem 0xfebfe000-0xfebfe00f]
[    0.769880] pci 0000:00:05.0: [1af4:1003] type 00 class 0x078000 conventional PCI endpoint
[    0.773026] pci 0000:00:05.0: BAR 0 [io  0xc080-0xc0bf]
[    0.775060] pci 0000:00:05.0: BAR 1 [mem 0xfebff000-0xfebfffff]
[    0.780043] pci 0000:00:05.0: BAR 4 [mem 0xfebf8000-0xfebfbfff 64bit pref]
[    0.799545] ACPI: PCI: Interrupt link LNKA configured for IRQ 10
[    0.801913] ACPI: PCI: Interrupt link LNKB configured for IRQ 10
[    0.804097] ACPI: PCI: Interrupt link LNKC configured for IRQ 11
[    0.806392] ACPI: PCI: Interrupt link LNKD configured for IRQ 11
[    0.808495] ACPI: PCI: Interrupt link LNKS configured for IRQ 9
[    0.843621] iommu: Default domain type: Translated
[    0.845057] iommu: DMA domain TLB invalidation policy: lazy mode
[    0.846626] SCSI subsystem initialized
[    0.848330] pps_core: LinuxPPS API ver. 1 registered
[    0.849059] pps_core: Software ver. 5.3.6 - Copyright 2005-2007 Rodolfo Giometti <giometti@linux.it>
[    0.851075] PTP clock support registered
[    0.853165] Advanced Linux Sound Architecture Driver Initialized.
[    0.856884] NET: Registered PF_ATMPVC protocol family
[    0.858057] NET: Registered PF_ATMSVC protocol family
[    0.859086] PCI: Using ACPI for IRQ routing
[    0.861084] vgaarb: loaded
[    0.862270] hpet0: at MMIO 0xfed00000, IRQs 2, 8, 0
[    0.863056] hpet0: 3 comparators, 64-bit 100.000000 MHz counter
[    0.870570] clocksource: Switched to clocksource kvm-clock
[    0.872508] VFS: Disk quotas dquot_6.6.0
[    0.873388] VFS: Dquot-cache hash table entries: 512 (order 0, 4096 bytes)
[    0.879436] pnp: PnP ACPI init
[    0.884749] pnp: PnP ACPI: found 5 devices
[    0.907255] clocksource: acpi_pm: mask: 0xffffff max_cycles: 0xffffff, max_idle_ns: 2085701024 ns
[    0.909241] NET: Registered PF_INET protocol family
[    0.910339] IP idents hash table entries: 16384 (order: 5, 131072 bytes, linear)
[    0.912601] tcp_listen_portaddr_hash hash table entries: 512 (order: 1, 8192 bytes, linear)
[    0.914317] Table-perturb hash table entries: 65536 (order: 6, 262144 bytes, linear)
[    0.915926] TCP established hash table entries: 8192 (order: 4, 65536 bytes, linear)
[    0.917519] TCP bind hash table entries: 8192 (order: 6, 262144 bytes, linear)
[    0.919022] TCP: Hash tables configured (established 8192 bind 8192)
[    0.921018] UDP hash table entries: 512 (order: 2, 16384 bytes, linear)
[    0.922391] UDP-Lite hash table entries: 512 (order: 2, 16384 bytes, linear)
[    0.924243] NET: Registered PF_UNIX/PF_LOCAL protocol family
[    0.925430] pci_bus 0000:00: resource 4 [io  0x0000-0x0cf7 window]
[    0.926688] pci_bus 0000:00: resource 5 [io  0x0d00-0xffff window]
[    0.927937] pci_bus 0000:00: resource 6 [mem 0x000a0000-0x000bffff window]
[    0.929329] pci_bus 0000:00: resource 7 [mem 0x40000000-0xfebfffff window]
[    0.930721] pci_bus 0000:00: resource 8 [mem 0x100000000-0x17fffffff window]
[    0.932382] pci 0000:00:01.0: PIIX3: Enabling Passive Release
[    0.933567] pci 0000:00:00.0: Limiting direct PCI/PCI transfers
[    0.934863] PCI: CLS 0 bytes, default 64
[    0.954418] RAPL PMU: API unit is 2^-32 Joules, 1 fixed counters, 10737418240 ms ovfl timer
[    0.956301] RAPL PMU: hw unit of domain psys 2^-0 Joules
[    1.277732] kwatchdog (374) used greatest stack depth: 30672 bytes left
[    1.590402] kvm_amd: CPU 23 isn't AMD or Hygon
[    1.591551] clocksource: tsc: mask: 0xffffffffffffffff max_cycles: 0x39a85c9bff6, max_idle_ns: 881590591483 ns
[    1.761140] Initialise system trusted keyrings
[    1.762885] workingset: timestamp_bits=56 max_order=18 bucket_order=0
[    1.764396] squashfs: version 4.0 (2009/01/31) Phillip Lougher
[    1.765628] fuse: init (API version 7.41)
[    1.766929] 9p: Installing v9fs 9p2000 file system support
[    1.786771] Key type asymmetric registered
[    1.787615] Asymmetric key parser 'x509' registered
[    1.788695] Block layer SCSI generic (bsg) driver version 0.4 loaded (major 249)
[    1.790245] io scheduler mq-deadline registered
[    1.791171] io scheduler kyber registered
[    1.808731] input: Power Button as /devices/LNXSYSTM:00/LNXPWRBN:00/input/input0
[    1.810690] ACPI: button: Power Button [PWRF]
[    1.815092] Warning: Processor Platform Limit event detected, but not handled.
[    1.818369] Consider compiling CPUfreq support into your kernel.
[    2.727765] ACPI: \_SB_.LNKB: Enabled at IRQ 10
[    3.597242] ACPI: \_SB_.LNKC: Enabled at IRQ 11
[    4.466710] ACPI: \_SB_.LNKA: Enabled at IRQ 10
[    4.469566] Serial: 8250/16550 driver, 4 ports, IRQ sharing enabled
[    4.471305] 00:03: ttyS0 at I/O 0x3f8 (irq = 4, base_baud = 115200) is a 16550A
[    4.513176] Non-volatile memory driver v1.3
[    4.514071] Linux agpgart interface v0.103
[    4.516069] ACPI: bus type drm_connector registered
[    4.521881] printk: legacy console [hvc0] enabled
[    4.523035] printk: legacy bootconsole [earlyser0] disabled
          _      _                                    
   __   _(_)_ __| |_ _ __ ___   ___       _ __   __ _ 
   \ \ / / |  __| __|  _   _ \ / _ \_____|  _ \ / _  |
    \ V /| | |  | |_| | | | | |  __/_____| | | | (_| |
     \_/ |_|_|   \__|_| |_| |_|\___|     |_| |_|\__  |
                                                |___/ 
   kernel version: 6.12.0-rc1-virtme x86_64
   (CTRL+d to exit)

root@virtme-ng:/nipa-data/kernel# PS1='xx__-> '
xx__-> env
PWD=/nipa-data/kernel
nr_open=1048576
HOME=/
TERM=xterm
SHLVL=2
XDG_RUNTIME_DIR=/run/user/0
PATH=/bin:/sbin:/usr/bin:/usr/sbin:/usr/local/bin
OLDPWD=/
_=/bin/env
xx__-> 