No EFI environment detected.
early console in extract_kernel
input_data: 0x0000000004cbc2c4
input_len: 0x000000000189b119
output: 0x0000000001000000
output_len: 0x00000000054e1390
kernel_total_size: 0x0000000005030000
needed_size: 0x0000000005600000
trampoline_32bit: 0x000000000009d000
Physical KASLR using RDRAND RDTSC...
Virtual KASLR using RDRAND RDTSC...

Decompressing Linux... Parsing ELF... Performing relocations... done.
Booting the kernel (entry_offset: 0x0000000000000000).
[    0.000000] Linux version 6.11.0-rc4-virtme (root@3ce51336c4b3) (gcc (Ubuntu 13.2.0-23ubuntu4) 13.2.0, GNU ld (GNU Binutils for Ubuntu) 2.42) #1 SMP PREEMPT_DYNAMIC Tue Aug 27 15:27:43 UTC 2024
[    0.000000] Command line: virtme_hostname=virtme-ng nr_open=1048576 virtme_link_mods=/nipa-data/kernel/.virtme_mods/lib/modules/0.0.0 virtme_initmount0=nipa-data/kernel virtme_rw_overlay0=/etc virtme_rw_overlay1=/lib virtme_rw_overlay2=/home virtme_rw_overlay3=/opt virtme_rw_overlay4=/srv virtme_rw_overlay5=/usr virtme_rw_overlay6=/var console=hvc0 earlyprintk=serial,ttyS0,115200 virtme_console=ttyS0 psmouse.proto=exps TERM=xterm virtme_chdir=nipa-data/kernel virtme_root_user=1 rootfstype=9p rootflags=version=9p2000.L,trans=virtio,access=any raid=noautodetect ro init=/usr/lib/python3/dist-packages/virtme/guest/virtme-init
[    0.000000] x86/split lock detection: #DB: warning on user-space bus_locks
[    0.000000] BIOS-provided physical RAM map:
[    0.000000] BIOS-e820: [mem 0x0000000000000000-0x000000000009fbff] usable
[    0.000000] BIOS-e820: [mem 0x000000000009fc00-0x000000000009ffff] reserved
[    0.000000] BIOS-e820: [mem 0x00000000000f0000-0x00000000000fffff] reserved
[    0.000000] BIOS-e820: [mem 0x0000000000100000-0x000000003ffdffff] usable
[    0.000000] BIOS-e820: [mem 0x000000003ffe0000-0x000000003fffffff] reserved
[    0.000000] BIOS-e820: [mem 0x00000000feffc000-0x00000000feffffff] reserved
[    0.000000] BIOS-e820: [mem 0x00000000fffc0000-0x00000000ffffffff] reserved
[    0.000000] printk: legacy bootconsole [earlyser0] enabled
[    0.000000] NX (Execute Disable) protection: active
[    0.000000] APIC: Static calls initialized
[    0.000000] SMBIOS 3.0.0 present.
[    0.000000] DMI: QEMU Ubuntu 24.04 PC (i440FX + PIIX, 1996), BIOS 1.16.3-debian-1.16.3-2 04/01/2014
[    0.000000] DMI: Memory slots populated: 1/1
[    0.000000] Hypervisor detected: KVM
[    0.000000] kvm-clock: Using msrs 4b564d01 and 4b564d00
[    0.000001] kvm-clock: using sched offset of 921282792 cycles
[    0.000748] clocksource: kvm-clock: mask: 0xffffffffffffffff max_cycles: 0x1cd42e4dffb, max_idle_ns: 881590591483 ns
[    0.003051] tsc: Detected 2000.000 MHz processor
[    0.004374] last_pfn = 0x3ffe0 max_arch_pfn = 0x10000000000
[    0.005228] MTRR map: 4 entries (3 fixed + 1 variable; max 19), built from 8 variable MTRRs
[    0.006413] x86/PAT: Configuration [0-7]: WB  WC  UC- UC  WB  WP  UC- WT  
[    0.013602] found SMP MP-table at [mem 0x000f5470-0x000f547f]
[    0.014438] Using GB pages for direct mapping
[    0.015353] ACPI: Early table checksum verification disabled
[    0.016159] ACPI: RSDP 0x00000000000F5290 000014 (v00 BOCHS )
[    0.016983] ACPI: RSDT 0x000000003FFE308E 000034 (v01 BOCHS  BXPC     00000001 BXPC 00000001)
[    0.018201] ACPI: FACP 0x000000003FFE2D8A 000074 (v01 BOCHS  BXPC     00000001 BXPC 00000001)
[    0.019418] ACPI: DSDT 0x000000003FFE0040 002D4A (v01 BOCHS  BXPC     00000001 BXPC 00000001)
[    0.020629] ACPI: FACS 0x000000003FFE0000 000040
[    0.021294] ACPI: APIC 0x000000003FFE2DFE 000230 (v03 BOCHS  BXPC     00000001 BXPC 00000001)
[    0.022505] ACPI: HPET 0x000000003FFE302E 000038 (v01 BOCHS  BXPC     00000001 BXPC 00000001)
[    0.023717] ACPI: WAET 0x000000003FFE3066 000028 (v01 BOCHS  BXPC     00000001 BXPC 00000001)
[    0.024931] ACPI: Reserving FACP table memory at [mem 0x3ffe2d8a-0x3ffe2dfd]
[    0.025931] ACPI: Reserving DSDT table memory at [mem 0x3ffe0040-0x3ffe2d89]
[    0.026928] ACPI: Reserving FACS table memory at [mem 0x3ffe0000-0x3ffe003f]
[    0.027926] ACPI: Reserving APIC table memory at [mem 0x3ffe2dfe-0x3ffe302d]
[    0.028927] ACPI: Reserving HPET table memory at [mem 0x3ffe302e-0x3ffe3065]
[    0.029924] ACPI: Reserving WAET table memory at [mem 0x3ffe3066-0x3ffe308d]
[    0.031417] No NUMA configuration found
[    0.031961] Faking a node at [mem 0x0000000000000000-0x000000003ffdffff]
[    0.032916] NODE_DATA(0) allocated [mem 0x3ffdb000-0x3ffdffff]
[    0.033901] Zone ranges:
[    0.034261]   DMA      [mem 0x0000000000001000-0x0000000000ffffff]
[    0.035139]   DMA32    [mem 0x0000000001000000-0x000000003ffdffff]
[    0.036016]   Normal   empty
[    0.036426]   Device   empty
[    0.036837] Movable zone start for each node
[    0.037443] Early memory node ranges
[    0.037951]   node   0: [mem 0x0000000000001000-0x000000000009efff]
[    0.038848]   node   0: [mem 0x0000000000100000-0x000000003ffdffff]
[    0.039736] Initmem setup node 0 [mem 0x0000000000001000-0x000000003ffdffff]
[    0.040744] On node 0, zone DMA: 1 pages in unavailable ranges
[    0.041671] On node 0, zone DMA: 97 pages in unavailable ranges
[    0.051092] On node 0, zone DMA32: 32 pages in unavailable ranges
[    0.084010] kasan: KernelAddressSanitizer initialized
[    0.085279] ACPI: PM-Timer IO Port: 0x608
[    0.085879] ACPI: LAPIC_NMI (acpi_id[0xff] dfl dfl lint[0x1])
[    0.086755] IOAPIC[0]: apic_id 0, version 17, address 0xfec00000, GSI 0-23
[    0.087733] ACPI: INT_SRC_OVR (bus 0 bus_irq 0 global_irq 2 dfl dfl)
[    0.088636] ACPI: INT_SRC_OVR (bus 0 bus_irq 5 global_irq 5 high level)
[    0.089579] ACPI: INT_SRC_OVR (bus 0 bus_irq 9 global_irq 9 high level)
[    0.090517] ACPI: INT_SRC_OVR (bus 0 bus_irq 10 global_irq 10 high level)
[    0.091479] ACPI: INT_SRC_OVR (bus 0 bus_irq 11 global_irq 11 high level)
[    0.092517] ACPI: Using ACPI (MADT) for SMP configuration information
[    0.093435] ACPI: HPET id: 0x8086a201 base: 0xfed00000
[    0.094166] TSC deadline timer available
[    0.094726] CPU topo: Max. logical packages:   1
[    0.095380] CPU topo: Max. logical dies:       1
[    0.096033] CPU topo: Max. dies per package:   1
[    0.096695] CPU topo: Max. threads per core:   1
[    0.097350] CPU topo: Num. cores per package:    56
[    0.098041] CPU topo: Num. threads per package:  56
[    0.098731] CPU topo: Allowing 56 present CPUs plus 0 hotplug CPUs
[    0.099653] kvm-guest: APIC: eoi() replaced with kvm_guest_apic_eoi_write()
[    0.100751] kvm-guest: KVM setup pv remote TLB flush
[    0.101461] kvm-guest: setup PV sched yield
[    0.102062] PM: hibernation: Registered nosave memory: [mem 0x00000000-0x00000fff]
[    0.103133] PM: hibernation: Registered nosave memory: [mem 0x0009f000-0x0009ffff]
[    0.104204] PM: hibernation: Registered nosave memory: [mem 0x000a0000-0x000effff]
[    0.105279] PM: hibernation: Registered nosave memory: [mem 0x000f0000-0x000fffff]
[    0.106351] [mem 0x40000000-0xfeffbfff] available for PCI devices
[    0.107213] Booting paravirtualized kernel on KVM
[    0.107880] clocksource: refined-jiffies: mask: 0xffffffff max_cycles: 0xffffffff, max_idle_ns: 1910969940391419 ns
[    0.130263] setup_percpu: NR_CPUS:64 nr_cpumask_bits:56 nr_cpu_ids:56 nr_node_ids:1
[    0.140557] percpu: Embedded 70 pages/cpu s248408 r8192 d30120 u524288
[    0.141710] Kernel command line: virtme_hostname=virtme-ng nr_open=1048576 virtme_link_mods=/nipa-data/kernel/.virtme_mods/lib/modules/0.0.0 virtme_initmount0=nipa-data/kernel virtme_rw_overlay0=/etc virtme_rw_overlay1=/lib virtme_rw_overlay2=/home virtme_rw_overlay3=/opt virtme_rw_overlay4=/srv virtme_rw_overlay5=/usr virtme_rw_overlay6=/var console=hvc0 earlyprintk=serial,ttyS0,115200 virtme_console=ttyS0 psmouse.proto=exps TERM=xterm virtme_chdir=nipa-data/kernel virtme_root_user=1 rootfstype=9p rootflags=version=9p2000.L,trans=virtio,access=any raid=noautodetect ro init=/usr/lib/python3/dist-packages/virtme/guest/virtme-init
[    0.149991] Unknown kernel command line parameters "virtme_hostname=virtme-ng nr_open=1048576 virtme_link_mods=/nipa-data/kernel/.virtme_mods/lib/modules/0.0.0 virtme_initmount0=nipa-data/kernel virtme_rw_overlay0=/etc virtme_rw_overlay1=/lib virtme_rw_overlay2=/home virtme_rw_overlay3=/opt virtme_rw_overlay4=/srv virtme_rw_overlay5=/usr virtme_rw_overlay6=/var virtme_console=ttyS0 virtme_chdir=nipa-data/kernel virtme_root_user=1", will be passed to user space.
[    0.155866] random: crng init done
[    0.156354] printk: log_buf_len individual max cpu contribution: 4096 bytes
[    0.157355] printk: log_buf_len total cpu_extra contributions: 225280 bytes
[    0.158352] printk: log_buf_len min size: 262144 bytes
[    0.159902] printk: log_buf_len: 524288 bytes
[    0.160554] printk: early log buf free: 253864(96%)
[    0.161723] Dentry cache hash table entries: 131072 (order: 8, 1048576 bytes, linear)
[    0.162916] Inode-cache hash table entries: 65536 (order: 7, 524288 bytes, linear)
[    0.166607] Fallback order for Node 0: 0 
[    0.166622] Built 1 zonelists, mobility grouping on.  Total pages: 262014
[    0.168126] Policy zone: DMA32
[    0.168545] mem auto-init: stack:all(zero), heap alloc:off, heap free:off
[    0.169484] stackdepot: allocating hash table via alloc_large_system_hash
[    0.170414] stackdepot hash table entries: 1048576 (order: 12, 16777216 bytes, linear)
[    0.194741] SLUB: HWalign=64, Order=0-3, MinObjects=0, CPUs=56, Nodes=1
Poking KASLR using RDRAND RDTSC...
[    0.196252] ftrace: allocating 48422 entries in 190 pages
[    0.216019] ftrace: allocated 190 pages with 6 groups
[    0.218630] Dynamic Preempt: voluntary
[    0.221191] rcu: Preemptible hierarchical RCU implementation.
[    0.221988] rcu: RCU event tracing is enabled.
[    0.222637] rcu: RCU restricting CPUs from NR_CPUS=64 to nr_cpu_ids=56.
[    0.223555] Trampoline variant of Tasks RCU enabled.
[    0.224249] Rude variant of Tasks RCU enabled.
[    0.224875] Tracing variant of Tasks RCU enabled.
[    0.225530] rcu: RCU calculated value of scheduler-enlistment delay is 100 jiffies.
[    0.226573] rcu: Adjusting geometry for rcu_fanout_leaf=16, nr_cpu_ids=56
[    0.227804] RCU Tasks: Setting shift to 6 and lim to 1 rcu_task_cb_adjust=1.
[    0.228775] RCU Tasks Rude: Setting shift to 6 and lim to 1 rcu_task_cb_adjust=1.
[    0.229801] RCU Tasks Trace: Setting shift to 6 and lim to 1 rcu_task_cb_adjust=1.
[    0.250821] NR_IRQS: 4352, nr_irqs: 872, preallocated irqs: 16
[    0.252155] rcu: srcu_init: Setting srcu_struct sizes based on contention.
[    0.253589] Console: colour *CGA 80x25
[    0.254217] ACPI: Core revision 20240322
[    0.255115] clocksource: hpet: mask: 0xffffffff max_cycles: 0xffffffff, max_idle_ns: 19112604467 ns
[    0.256494] APIC: Switch to symmetric I/O mode setup
[    0.257252] APIC: Switched APIC routing to: physical flat
[    0.258041] kvm-guest: APIC: send_IPI_mask() replaced with kvm_send_ipi_mask()
[    0.259053] kvm-guest: APIC: send_IPI_mask_allbutself() replaced with kvm_send_ipi_mask_allbutself()
[    0.260312] kvm-guest: setup PV IPIs
[    0.262534] ..TIMER: vector=0x30 apic1=0 pin1=2 apic2=-1 pin2=-1
[    0.263882] clocksource: tsc-early: mask: 0xffffffffffffffff max_cycles: 0x39a85c9bff6, max_idle_ns: 881590591483 ns
[    0.266167] Calibrating delay loop (skipped) preset value.. 4000.00 BogoMIPS (lpj=2000000)
[    0.267391] x86/cpu: User Mode Instruction Prevention (UMIP) activated
[    0.268302] Last level iTLB entries: 4KB 0, 2MB 0, 4MB 0
[    0.269162] Last level dTLB entries: 4KB 0, 2MB 0, 4MB 0, 1GB 0
[    0.270183] Spectre V1 : Mitigation: usercopy/swapgs barriers and __user pointer sanitization
[    0.271171] Spectre V2 : Spectre BHI mitigation: SW BHB clearing on syscall and VM exit
[    0.272163] Spectre V2 : Mitigation: Enhanced / Automatic IBRS
[    0.273162] Spectre V2 : Spectre v2 / SpectreRSB mitigation: Filling RSB on context switch
[    0.274162] Spectre V2 : Spectre v2 / PBRSB-eIBRS: Retire a single CALL on VMEXIT
[    0.275166] Spectre V2 : mitigation: Enabling conditional Indirect Branch Prediction Barrier
[    0.276166] Speculative Store Bypass: Mitigation: Speculative Store Bypass disabled via prctl
[    0.277166] TAA: Mitigation: TSX disabled
[    0.278247] x86/fpu: Supporting XSAVE feature 0x001: 'x87 floating point registers'
[    0.279165] x86/fpu: Supporting XSAVE feature 0x002: 'SSE registers'
[    0.280162] x86/fpu: Supporting XSAVE feature 0x004: 'AVX registers'
[    0.281162] x86/fpu: Supporting XSAVE feature 0x020: 'AVX-512 opmask'
[    0.282162] x86/fpu: Supporting XSAVE feature 0x040: 'AVX-512 Hi256'
[    0.283162] x86/fpu: Supporting XSAVE feature 0x080: 'AVX-512 ZMM_Hi256'
[    0.284162] x86/fpu: Supporting XSAVE feature 0x200: 'Protection Keys User registers'
[    0.285162] x86/fpu: Supporting XSAVE feature 0x20000: 'AMX Tile config'
[    0.286162] x86/fpu: Supporting XSAVE feature 0x40000: 'AMX Tile data'
[    0.287163] x86/fpu: xstate_offset[2]:  576, xstate_sizes[2]:  256
[    0.288162] x86/fpu: xstate_offset[5]:  832, xstate_sizes[5]:   64
[    0.289162] x86/fpu: xstate_offset[6]:  896, xstate_sizes[6]:  512
[    0.290162] x86/fpu: xstate_offset[7]: 1408, xstate_sizes[7]: 1024
[    0.291162] x86/fpu: xstate_offset[9]: 2432, xstate_sizes[9]:    8
[    0.292162] x86/fpu: xstate_offset[17]: 2496, xstate_sizes[17]:   64
[    0.293162] x86/fpu: xstate_offset[18]: 2560, xstate_sizes[18]: 8192
[    0.294162] x86/fpu: Enabled xstate features 0x602e7, context size is 10752 bytes, using 'compacted' format.
[    0.338771] Freeing SMP alternatives memory: 40K
[    0.339164] pid_max: default: 57344 minimum: 448
[    0.340431] Mount-cache hash table entries: 2048 (order: 2, 16384 bytes, linear)
[    0.341165] Mountpoint-cache hash table entries: 2048 (order: 2, 16384 bytes, linear)
[    0.343457] smpboot: CPU0: Intel(R) Xeon(R) Platinum 8480+ (family: 0x6, model: 0x8f, stepping: 0x6)
[    0.344950] Performance Events: PEBS fmt0-, Sapphire Rapids events, full-width counters, Intel PMU driver.
[    0.345169] ... version:                2
[    0.345976] ... bit width:              48
[    0.346165] ... generic registers:      8
[    0.346956] ... value mask:             0000ffffffffffff
[    0.347164] ... max period:             00007fffffffffff
[    0.348164] ... fixed-purpose events:   3
[    0.348956] ... event mask:             00000007000000ff
[    0.349498] signal: max sigframe size: 11952
[    0.350233] rcu: Hierarchical SRCU implementation.
[    0.351165] rcu: Max phase no-delay instances is 400.
[    0.352273] Timer migration: 2 hierarchy levels; 8 children per group; 2 crossnode level
[    0.355833] smp: Bringing up secondary CPUs ...
[    0.356454] smpboot: x86: Booting SMP configuration:
[    0.357169] .... node  #0, CPUs:        #1  #2  #3  #4  #5  #6  #7  #8  #9 #10 #11 #12 #13 #14 #15 #16 #17 #18 #19 #20 #21 #22 #23 #24 #25 #26 #27 #28 #29 #30 #31 #32 #33 #34 #35 #36 #37 #38 #39 #40 #41 #42 #43 #44 #45 #46 #47 #48 #49 #50 #51 #52 #53 #54 #55
[    0.426578] smp: Brought up 1 node, 56 CPUs
[    0.428031] smpboot: Total of 56 processors activated (224000.00 BogoMIPS)
[    0.443539] Memory: 742828K/1048056K available (45056K kernel code, 11298K rwdata, 9932K rodata, 5956K init, 1960K bss, 280332K reserved, 0K cma-reserved)
[    0.445164] devtmpfs: initialized
[    0.446198] x86/mm: Memory block size: 128MB
[    0.456559] clocksource: jiffies: mask: 0xffffffff max_cycles: 0xffffffff, max_idle_ns: 1911260446275000 ns
[    0.457187] futex hash table entries: 16384 (order: 8, 1048576 bytes, linear)
[    0.459166] PM: RTC time: 15:28:29, date: 2024-08-27
[    0.463467] NET: Registered PF_NETLINK/PF_ROUTE protocol family
[    0.465351] thermal_sys: Registered thermal governor 'step_wise'
[    0.465356] thermal_sys: Registered thermal governor 'user_space'
[    0.466241] cpuidle: using governor menu
[    0.471113] PCI: Using configuration type 1 for base access
[    0.471341] kprobes: kprobe jump-optimization is enabled. All kprobes are optimized if possible.
[    0.518618] HugeTLB: registered 1.00 GiB page size, pre-allocated 0 pages
[    0.521171] HugeTLB: 16380 KiB vmemmap can be freed for a 1.00 GiB page
[    0.522168] HugeTLB: registered 2.00 MiB page size, pre-allocated 0 pages
[    0.524166] HugeTLB: 28 KiB vmemmap can be freed for a 2.00 MiB page
[    0.528566] ACPI: Added _OSI(Module Device)
[    0.529168] ACPI: Added _OSI(Processor Device)
[    0.531167] ACPI: Added _OSI(3.0 _SCP Extensions)
[    0.532167] ACPI: Added _OSI(Processor Aggregator Device)
[    0.566279] ACPI: 1 ACPI AML tables successfully acquired and loaded
[    0.577213] ACPI: Interpreter enabled
[    0.578101] ACPI: PM: (supports S0 S3 S4 S5)
[    0.579166] ACPI: Using IOAPIC for interrupt routing
[    0.580240] PCI: Using host bridge windows from ACPI; if necessary, use "pci=nocrs" and report a bug
[    0.581166] PCI: Using E820 reservations for host bridge windows
[    0.583626] ACPI: Enabled 2 GPEs in block 00 to 0F
[    0.647134] ACPI: PCI Root Bridge [PCI0] (domain 0000 [bus 00-ff])
[    0.648183] acpi PNP0A03:00: _OSC: OS supports [ASPM ClockPM Segments MSI HPX-Type3]
[    0.650166] acpi PNP0A03:00: _OSC: not requesting OS control; OS requires [ExtendedConfig ASPM ClockPM MSI]
[    0.651299] acpi PNP0A03:00: fail to add MMCONFIG information, can't access extended configuration space under this bridge
[    0.654601] PCI host bridge to bus 0000:00
[    0.655229] pci_bus 0000:00: root bus resource [io  0x0000-0x0cf7 window]
[    0.657169] pci_bus 0000:00: root bus resource [io  0x0d00-0xffff window]
[    0.658168] pci_bus 0000:00: root bus resource [mem 0x000a0000-0x000bffff window]
[    0.659168] pci_bus 0000:00: root bus resource [mem 0x40000000-0xfebfffff window]
[    0.661168] pci_bus 0000:00: root bus resource [mem 0x100000000-0x17fffffff window]
[    0.662168] pci_bus 0000:00: root bus resource [bus 00-ff]
[    0.664235] pci 0000:00:00.0: [8086:1237] type 00 class 0x060000 conventional PCI endpoint
[    0.666397] pci 0000:00:01.0: [8086:7000] type 00 class 0x060100 conventional PCI endpoint
[    0.669524] pci 0000:00:01.1: [8086:7010] type 00 class 0x010180 conventional PCI endpoint
[    0.674489] pci 0000:00:01.1: BAR 4 [io  0xc0c0-0xc0cf]
[    0.677530] pci 0000:00:01.1: BAR 0 [io  0x01f0-0x01f7]: legacy IDE quirk
[    0.679165] pci 0000:00:01.1: BAR 1 [io  0x03f6]: legacy IDE quirk
[    0.680168] pci 0000:00:01.1: BAR 2 [io  0x0170-0x0177]: legacy IDE quirk
[    0.681165] pci 0000:00:01.1: BAR 3 [io  0x0376]: legacy IDE quirk
[    0.684138] pci 0000:00:01.3: [8086:7113] type 00 class 0x068000 conventional PCI endpoint
[    0.686776] pci 0000:00:01.3: quirk: [io  0x0600-0x063f] claimed by PIIX4 ACPI
[    0.688175] pci 0000:00:01.3: quirk: [io  0x0700-0x070f] claimed by PIIX4 SMB
[    0.691184] pci 0000:00:02.0: [1af4:1009] type 00 class 0x000200 conventional PCI endpoint
[    0.694177] pci 0000:00:02.0: BAR 0 [io  0xc000-0xc03f]
[    0.697169] pci 0000:00:02.0: BAR 1 [mem 0xfebfc000-0xfebfcfff]
[    0.703169] pci 0000:00:02.0: BAR 4 [mem 0xfebf0000-0xfebf3fff 64bit pref]
[    0.720339] pci 0000:00:03.0: [1af4:1009] type 00 class 0x000200 conventional PCI endpoint
[    0.723106] pci 0000:00:03.0: BAR 0 [io  0xc040-0xc07f]
[    0.725028] pci 0000:00:03.0: BAR 1 [mem 0xfebfd000-0xfebfdfff]
[    0.730171] pci 0000:00:03.0: BAR 4 [mem 0xfebf4000-0xfebf7fff 64bit pref]
[    0.745055] pci 0000:00:04.0: [8086:25ab] type 00 class 0x088000 conventional PCI endpoint
[    0.746577] pci 0000:00:04.0: BAR 0 [mem 0xfebfe000-0xfebfe00f]
[    0.762907] pci 0000:00:05.0: [1af4:1003] type 00 class 0x078000 conventional PCI endpoint
[    0.765061] pci 0000:00:05.0: BAR 0 [io  0xc080-0xc0bf]
[    0.767043] pci 0000:00:05.0: BAR 1 [mem 0xfebff000-0xfebfffff]
[    0.772171] pci 0000:00:05.0: BAR 4 [mem 0xfebf8000-0xfebfbfff 64bit pref]
[    0.791345] ACPI: PCI: Interrupt link LNKA configured for IRQ 10
[    0.794249] ACPI: PCI: Interrupt link LNKB configured for IRQ 10
[    0.796217] ACPI: PCI: Interrupt link LNKC configured for IRQ 11
[    0.798203] ACPI: PCI: Interrupt link LNKD configured for IRQ 11
[    0.799603] ACPI: PCI: Interrupt link LNKS configured for IRQ 9
[    0.835975] iommu: Default domain type: Translated
[    0.836166] iommu: DMA domain TLB invalidation policy: lazy mode
[    0.838746] SCSI subsystem initialized
[    0.839446] pps_core: LinuxPPS API ver. 1 registered
[    0.841168] pps_core: Software ver. 5.3.6 - Copyright 2005-2007 Rodolfo Giometti <giometti@linux.it>
[    0.843181] PTP clock support registered
[    0.844427] Advanced Linux Sound Architecture Driver Initialized.
[    0.847683] NET: Registered PF_ATMPVC protocol family
[    0.849166] NET: Registered PF_ATMSVC protocol family
[    0.850195] PCI: Using ACPI for IRQ routing
[    0.852189] vgaarb: loaded
[    0.853379] hpet0: at MMIO 0xfed00000, IRQs 2, 8, 0
[    0.854165] hpet0: 3 comparators, 64-bit 100.000000 MHz counter
[    0.862410] clocksource: Switched to clocksource kvm-clock
[    0.864149] VFS: Disk quotas dquot_6.6.0
[    0.865000] VFS: Dquot-cache hash table entries: 512 (order 0, 4096 bytes)
[    0.870547] pnp: PnP ACPI init
[    0.876303] pnp: PnP ACPI: found 5 devices
[    0.904561] clocksource: acpi_pm: mask: 0xffffff max_cycles: 0xffffff, max_idle_ns: 2085701024 ns
[    0.906534] NET: Registered PF_INET protocol family
[    0.907629] IP idents hash table entries: 16384 (order: 5, 131072 bytes, linear)
[    0.909868] tcp_listen_portaddr_hash hash table entries: 512 (order: 1, 8192 bytes, linear)
[    0.911577] Table-perturb hash table entries: 65536 (order: 6, 262144 bytes, linear)
[    0.913175] TCP established hash table entries: 8192 (order: 4, 65536 bytes, linear)
[    0.914766] TCP bind hash table entries: 8192 (order: 6, 262144 bytes, linear)
[    0.916252] TCP: Hash tables configured (established 8192 bind 8192)
[    0.918243] UDP hash table entries: 512 (order: 2, 16384 bytes, linear)
[    0.919630] UDP-Lite hash table entries: 512 (order: 2, 16384 bytes, linear)
[    0.921488] NET: Registered PF_UNIX/PF_LOCAL protocol family
[    0.922680] pci_bus 0000:00: resource 4 [io  0x0000-0x0cf7 window]
[    0.923932] pci_bus 0000:00: resource 5 [io  0x0d00-0xffff window]
[    0.925170] pci_bus 0000:00: resource 6 [mem 0x000a0000-0x000bffff window]
[    0.926566] pci_bus 0000:00: resource 7 [mem 0x40000000-0xfebfffff window]
[    0.927958] pci_bus 0000:00: resource 8 [mem 0x100000000-0x17fffffff window]
[    0.929612] pci 0000:00:01.0: PIIX3: Enabling Passive Release
[    0.930795] pci 0000:00:00.0: Limiting direct PCI/PCI transfers
[    0.932088] PCI: CLS 0 bytes, default 64
[    0.948525] RAPL PMU: API unit is 2^-32 Joules, 1 fixed counters, 10737418240 ms ovfl timer
[    0.950311] RAPL PMU: hw unit of domain psys 2^-0 Joules
[    1.269568] kwatchdog (374) used greatest stack depth: 30696 bytes left
[    1.482824] kvm_amd: CPU 23 isn't AMD or Hygon
[    1.483948] clocksource: tsc: mask: 0xffffffffffffffff max_cycles: 0x39a85c9bff6, max_idle_ns: 881590591483 ns
[    1.627613] Initialise system trusted keyrings
[    1.629458] workingset: timestamp_bits=56 max_order=18 bucket_order=0
[    1.631241] squashfs: version 4.0 (2009/01/31) Phillip Lougher
[    1.632472] fuse: init (API version 7.40)
[    1.633839] 9p: Installing v9fs 9p2000 file system support
[    1.653642] Key type asymmetric registered
[    1.654476] Asymmetric key parser 'x509' registered
[    1.655540] Block layer SCSI generic (bsg) driver version 0.4 loaded (major 249)
[    1.657062] io scheduler mq-deadline registered
[    1.657975] io scheduler kyber registered
[    1.677893] input: Power Button as /devices/LNXSYSTM:00/LNXPWRBN:00/input/input0
[    1.679853] ACPI: button: Power Button [PWRF]
[    1.683885] Warning: Processor Platform Limit event detected, but not handled.
[    1.687669] Consider compiling CPUfreq support into your kernel.
[    2.599816] ACPI: \_SB_.LNKB: Enabled at IRQ 10
[    3.472907] ACPI: \_SB_.LNKC: Enabled at IRQ 11
[    4.346542] ACPI: \_SB_.LNKA: Enabled at IRQ 10
[    4.349568] Serial: 8250/16550 driver, 4 ports, IRQ sharing enabled
[    4.351580] 00:03: ttyS0 at I/O 0x3f8 (irq = 4, base_baud = 115200) is a 16550A
[    4.387564] Non-volatile memory driver v1.3
[    4.388461] Linux agpgart interface v0.103
[    4.389933] ACPI: bus type drm_connector registered
[    4.391752] printk: legacy console [hvc0] enabled
[    4.392800] printk: legacy bootconsole [earlyser0] disabled
          _      _                                    
   __   _(_)_ __| |_ _ __ ___   ___       _ __   __ _ 
   \ \ / / |  __| __|  _   _ \ / _ \_____|  _ \ / _  |
    \ V /| | |  | |_| | | | | |  __/_____| | | | (_| |
     \_/ |_|_|   \__|_| |_| |_|\___|     |_| |_|\__  |
                                                |___/ 
   kernel version: 6.11.0-rc4-virtme x86_64
   (CTRL+d to exit)

root@virtme-ng:/nipa-data/kernel# PS1='xx__-> '
xx__-> env
PWD=/nipa-data/kernel
nr_open=1048576
HOME=/
TERM=xterm
SHLVL=2
XDG_RUNTIME_DIR=/run/user/0
PATH=/bin:/sbin:/usr/bin:/usr/sbin:/usr/local/bin
OLDPWD=/
_=/bin/env
xx__-> 