No EFI environment detected.
early console in extract_kernel
input_data: 0x00000000029f72b9
input_len: 0x0000000000ad6060
output: 0x0000000001000000
output_len: 0x000000000248873c
kernel_total_size: 0x0000000002230000
needed_size: 0x0000000002600000
trampoline_32bit: 0x0000000000000000
Physical KASLR using RDRAND RDTSC...
Virtual KASLR using RDRAND RDTSC...

Decompressing Linux... Parsing ELF... Performing relocations... done.
Booting the kernel (entry_offset: 0x0000000000000000).
[    0.000000] Linux version 6.8.0-rc5-virtme (root@f4ebef3ef603) (gcc (Alpine 13.2.1_git20231014) 13.2.1 20231014, GNU ld (GNU Binutils) 2.42) #1 SMP PREEMPT_DYNAMIC Wed Feb 28 03:06:43 UTC 2024
[    0.000000] Command line: virtme_hostname=virtme-ng virtme_link_mods=/nipa-data/kernel/.virtme_mods/lib/modules/0.0.0 virtme_initmount0=nipa-data/kernel virtme_rw_overlay0=/etc virtme_rw_overlay1=/lib virtme_rw_overlay2=/home virtme_rw_overlay3=/opt virtme_rw_overlay4=/srv virtme_rw_overlay5=/usr virtme_rw_overlay6=/var earlyprintk=serial,ttyS0,115200 console=ttyS0 psmouse.proto=exps TERM=xterm virtme_chdir=nipa-data/kernel virtme_root_user=1 rootfstype=9p rootflags=version=9p2000.L,trans=virtio,access=any raid=noautodetect ro init=/usr/lib/python3.11/site-packages/virtme/guest/virtme-init
[    0.000000] BIOS-provided physical RAM map:
[    0.000000] BIOS-e820: [mem 0x0000000000000000-0x000000000009fbff] usable
[    0.000000] BIOS-e820: [mem 0x000000000009fc00-0x000000000009ffff] reserved
[    0.000000] BIOS-e820: [mem 0x00000000000f0000-0x00000000000fffff] reserved
[    0.000000] BIOS-e820: [mem 0x0000000000100000-0x000000003ffdffff] usable
[    0.000000] BIOS-e820: [mem 0x000000003ffe0000-0x000000003fffffff] reserved
[    0.000000] BIOS-e820: [mem 0x00000000feffc000-0x00000000feffffff] reserved
[    0.000000] BIOS-e820: [mem 0x00000000fffc0000-0x00000000ffffffff] reserved
[    0.000000] BIOS-e820: [mem 0x000000fd00000000-0x000000ffffffffff] reserved
[    0.000000] printk: legacy bootconsole [earlyser0] enabled
[    0.000000] NX (Execute Disable) protection: active
[    0.000000] APIC: Static calls initialized
[    0.000000] SMBIOS 3.0.0 present.
[    0.000000] DMI: QEMU Standard PC (i440FX + PIIX, 1996), BIOS rel-1.16.3-0-ga6ed6b701f0a-prebuilt.qemu.org 04/01/2014
[    0.000000] Hypervisor detected: KVM
[    0.000000] kvm-clock: Using msrs 4b564d01 and 4b564d00
[    0.000000] kvm-clock: using sched offset of 235511215 cycles
[    0.000467] clocksource: kvm-clock: mask: 0xffffffffffffffff max_cycles: 0x1cd42e4dffb, max_idle_ns: 881590591483 ns
[    0.001902] tsc: Detected 4491.536 MHz processor
[    0.002632] last_pfn = 0x3ffe0 max_arch_pfn = 0x400000000
[    0.003145] MTRR map: 4 entries (3 fixed + 1 variable; max 19), built from 8 variable MTRRs
[    0.003892] x86/PAT: Configuration [0-7]: WB  WC  UC- UC  WB  WP  UC- WT  
Memory KASLR using RDRAND RDTSC...
[    0.006236] found SMP MP-table at [mem 0x000f5470-0x000f547f]
[    0.006759] Using GB pages for direct mapping
[    0.007229] ACPI: Early table checksum verification disabled
[    0.007736] ACPI: RSDP 0x00000000000F5290 000014 (v00 BOCHS )
[    0.008250] ACPI: RSDT 0x000000003FFE27B6 000034 (v01 BOCHS  BXPC     00000001 BXPC 00000001)
[    0.009016] ACPI: FACP 0x000000003FFE2572 000074 (v01 BOCHS  BXPC     00000001 BXPC 00000001)
[    0.009777] ACPI: DSDT 0x000000003FFE0040 002532 (v01 BOCHS  BXPC     00000001 BXPC 00000001)
[    0.010537] ACPI: FACS 0x000000003FFE0000 000040
[    0.010948] ACPI: APIC 0x000000003FFE25E6 000170 (v03 BOCHS  BXPC     00000001 BXPC 00000001)
[    0.011694] ACPI: HPET 0x000000003FFE2756 000038 (v01 BOCHS  BXPC     00000001 BXPC 00000001)
[    0.012454] ACPI: WAET 0x000000003FFE278E 000028 (v01 BOCHS  BXPC     00000001 BXPC 00000001)
[    0.013214] ACPI: Reserving FACP table memory at [mem 0x3ffe2572-0x3ffe25e5]
[    0.013843] ACPI: Reserving DSDT table memory at [mem 0x3ffe0040-0x3ffe2571]
[    0.014478] ACPI: Reserving FACS table memory at [mem 0x3ffe0000-0x3ffe003f]
[    0.015104] ACPI: Reserving APIC table memory at [mem 0x3ffe25e6-0x3ffe2755]
[    0.015729] ACPI: Reserving HPET table memory at [mem 0x3ffe2756-0x3ffe278d]
[    0.016355] ACPI: Reserving WAET table memory at [mem 0x3ffe278e-0x3ffe27b5]
[    0.017155] No NUMA configuration found
[    0.017495] Faking a node at [mem 0x0000000000000000-0x000000003ffdffff]
[    0.018092] NODE_DATA(0) allocated [mem 0x3ffdb000-0x3ffdffff]
[    0.018623] Zone ranges:
[    0.018845]   DMA      [mem 0x0000000000001000-0x0000000000ffffff]
[    0.019391]   DMA32    [mem 0x0000000001000000-0x000000003ffdffff]
[    0.019941]   Normal   empty
[    0.020196]   Device   empty
[    0.020459] Movable zone start for each node
[    0.020835] Early memory node ranges
[    0.021151]   node   0: [mem 0x0000000000001000-0x000000000009efff]
[    0.021706]   node   0: [mem 0x0000000000100000-0x000000003ffdffff]
[    0.022261] Initmem setup node 0 [mem 0x0000000000001000-0x000000003ffdffff]
[    0.022890] On node 0, zone DMA: 1 pages in unavailable ranges
[    0.023421] On node 0, zone DMA: 97 pages in unavailable ranges
[    0.025502] On node 0, zone DMA32: 32 pages in unavailable ranges
[    0.026279] ACPI: PM-Timer IO Port: 0x608
[    0.026640] ACPI: LAPIC_NMI (acpi_id[0xff] dfl dfl lint[0x1])
[    0.027167] IOAPIC[0]: apic_id 0, version 17, address 0xfec00000, GSI 0-23
[    0.027775] ACPI: INT_SRC_OVR (bus 0 bus_irq 0 global_irq 2 dfl dfl)
[    0.028344] ACPI: INT_SRC_OVR (bus 0 bus_irq 5 global_irq 5 high level)
[    0.028930] ACPI: INT_SRC_OVR (bus 0 bus_irq 9 global_irq 9 high level)
[    0.029512] ACPI: INT_SRC_OVR (bus 0 bus_irq 10 global_irq 10 high level)
[    0.030110] ACPI: INT_SRC_OVR (bus 0 bus_irq 11 global_irq 11 high level)
[    0.030708] ACPI: Using ACPI (MADT) for SMP configuration information
[    0.031285] ACPI: HPET id: 0x8086a201 base: 0xfed00000
[    0.031742] TSC deadline timer available
[    0.032093] smpboot: Allowing 32 CPUs, 0 hotplug CPUs
[    0.032559] kvm-guest: APIC: eoi() replaced with kvm_guest_apic_eoi_write()
[    0.033182] kvm-guest: KVM setup pv remote TLB flush
[    0.033621] kvm-guest: setup PV sched yield
[    0.033993] PM: hibernation: Registered nosave memory: [mem 0x00000000-0x00000fff]
[    0.034663] PM: hibernation: Registered nosave memory: [mem 0x0009f000-0x0009ffff]
[    0.035337] PM: hibernation: Registered nosave memory: [mem 0x000a0000-0x000effff]
[    0.036011] PM: hibernation: Registered nosave memory: [mem 0x000f0000-0x000fffff]
[    0.036646] [mem 0x40000000-0xfeffbfff] available for PCI devices
[    0.037102] Booting paravirtualized kernel on KVM
[    0.037450] clocksource: refined-jiffies: mask: 0xffffffff max_cycles: 0xffffffff, max_idle_ns: 1910969940391419 ns
[    0.041113] setup_percpu: NR_CPUS:64 nr_cpumask_bits:32 nr_cpu_ids:32 nr_node_ids:1
[    0.042322] percpu: Embedded 56 pages/cpu s191784 r8192 d29400 u262144
[    0.042841] Kernel command line: virtme_hostname=virtme-ng virtme_link_mods=/nipa-data/kernel/.virtme_mods/lib/modules/0.0.0 virtme_initmount0=nipa-data/kernel virtme_rw_overlay0=/etc virtme_rw_overlay1=/lib virtme_rw_overlay2=/home virtme_rw_overlay3=/opt virtme_rw_overlay4=/srv virtme_rw_overlay5=/usr virtme_rw_overlay6=/var earlyprintk=serial,ttyS0,115200 console=ttyS0 psmouse.proto=exps TERM=xterm virtme_chdir=nipa-data/kernel virtme_root_user=1 rootfstype=9p rootflags=version=9p2000.L,trans=virtio,access=any raid=noautodetect ro init=/usr/lib/python3.11/site-packages/virtme/guest/virtme-init
[    0.047135] Unknown kernel command line parameters "virtme_hostname=virtme-ng virtme_link_mods=/nipa-data/kernel/.virtme_mods/lib/modules/0.0.0 virtme_initmount0=nipa-data/kernel virtme_rw_overlay0=/etc virtme_rw_overlay1=/lib virtme_rw_overlay2=/home virtme_rw_overlay3=/opt virtme_rw_overlay4=/srv virtme_rw_overlay5=/usr virtme_rw_overlay6=/var virtme_chdir=nipa-data/kernel virtme_root_user=1", will be passed to user space.
[    0.050393] random: crng init done
[    0.050677] Dentry cache hash table entries: 131072 (order: 8, 1048576 bytes, linear)
[    0.051286] Inode-cache hash table entries: 65536 (order: 7, 524288 bytes, linear)
[    0.051944] Fallback order for Node 0: 0 
[    0.051947] Built 1 zonelists, mobility grouping on.  Total pages: 257760
[    0.052788] Policy zone: DMA32
[    0.053019] mem auto-init: stack:all(zero), heap alloc:off, heap free:off
[    0.054343] Memory: 986876K/1048056K available (16384K kernel code, 2349K rwdata, 5932K rodata, 2992K init, 2336K bss, 60920K reserved, 0K cma-reserved)
[    0.055403] SLUB: HWalign=64, Order=0-3, MinObjects=0, CPUs=32, Nodes=1
Poking KASLR using RDRAND RDTSC...
[    0.056159] ftrace: allocating 46293 entries in 181 pages
[    0.062997] ftrace: allocated 181 pages with 5 groups
[    0.063936] Dynamic Preempt: voluntary
[    0.064350] rcu: Preemptible hierarchical RCU implementation.
[    0.064783] rcu: RCU event tracing is enabled.
[    0.065127] rcu: RCU restricting CPUs from NR_CPUS=64 to nr_cpu_ids=32.
[    0.065630] Trampoline variant of Tasks RCU enabled.
[    0.066009] Rude variant of Tasks RCU enabled.
[    0.066349] Tracing variant of Tasks RCU enabled.
[    0.066708] rcu: RCU calculated value of scheduler-enlistment delay is 100 jiffies.
[    0.067282] rcu: Adjusting geometry for rcu_fanout_leaf=16, nr_cpu_ids=32
[    0.069044] NR_IRQS: 4352, nr_irqs: 680, preallocated irqs: 16
[    0.069736] rcu: srcu_init: Setting srcu_struct sizes based on contention.
[    0.070424] Console: colour *CGA 80x25
[    0.070721] printk: legacy console [ttyS0] enabled
[    0.070721] printk: legacy console [ttyS0] enabled
[    0.071438] printk: legacy bootconsole [earlyser0] disabled
[    0.071438] printk: legacy bootconsole [earlyser0] disabled
[    0.072285] ACPI: Core revision 20230628
[    0.072659] clocksource: hpet: mask: 0xffffffff max_cycles: 0xffffffff, max_idle_ns: 19112604467 ns
[    0.073402] APIC: Switch to symmetric I/O mode setup
[    0.073788] APIC: Switched APIC routing to: physical flat
[    0.074207] kvm-guest: APIC: send_IPI_mask() replaced with kvm_send_ipi_mask()
[    0.074768] kvm-guest: APIC: send_IPI_mask_allbutself() replaced with kvm_send_ipi_mask_allbutself()
[    0.075456] kvm-guest: setup PV IPIs
[    0.076525] ..TIMER: vector=0x30 apic1=0 pin1=2 apic2=-1 pin2=-1
[    0.077327] tsc: Marking TSC unstable due to TSCs unsynchronized
[    0.078131] Calibrating delay loop (skipped) preset value.. 8983.07 BogoMIPS (lpj=4491536)
[    0.079187] x86/cpu: User Mode Instruction Prevention (UMIP) activated
[    0.080179] Last level iTLB entries: 4KB 512, 2MB 255, 4MB 127
[    0.081129] Last level dTLB entries: 4KB 512, 2MB 255, 4MB 127, 1GB 0
[    0.082132] Spectre V1 : Mitigation: usercopy/swapgs barriers and __user pointer sanitization
[    0.083132] Spectre V2 : Mitigation: Enhanced / Automatic IBRS
[    0.084129] Spectre V2 : Spectre v2 / SpectreRSB mitigation: Filling RSB on context switch
[    0.085130] Spectre V2 : mitigation: Enabling conditional Indirect Branch Prediction Barrier
[    0.086131] Speculative Store Bypass: Mitigation: Speculative Store Bypass disabled via prctl
[    0.087130] Speculative Return Stack Overflow: IBPB-extending microcode not applied!
[    0.088129] Speculative Return Stack Overflow: WARNING: See https://kernel.org/doc/html/latest/admin-guide/hw-vuln/srso.html for mitigation options.
[    0.088130] Speculative Return Stack Overflow: Vulnerable: Safe RET, no microcode
[    0.090145] x86/fpu: Supporting XSAVE feature 0x001: 'x87 floating point registers'
[    0.091129] x86/fpu: Supporting XSAVE feature 0x002: 'SSE registers'
[    0.092129] x86/fpu: Supporting XSAVE feature 0x004: 'AVX registers'
[    0.093129] x86/fpu: Supporting XSAVE feature 0x020: 'AVX-512 opmask'
[    0.094129] x86/fpu: Supporting XSAVE feature 0x040: 'AVX-512 Hi256'
[    0.095129] x86/fpu: Supporting XSAVE feature 0x080: 'AVX-512 ZMM_Hi256'
[    0.096129] x86/fpu: Supporting XSAVE feature 0x200: 'Protection Keys User registers'
[    0.097129] x86/fpu: xstate_offset[2]:  576, xstate_sizes[2]:  256
[    0.097928] x86/fpu: xstate_offset[5]:  832, xstate_sizes[5]:   64
[    0.098129] x86/fpu: xstate_offset[6]:  896, xstate_sizes[6]:  512
[    0.099129] x86/fpu: xstate_offset[7]: 1408, xstate_sizes[7]: 1024
[    0.100129] x86/fpu: xstate_offset[9]: 2432, xstate_sizes[9]:    8
[    0.101129] x86/fpu: Enabled xstate features 0x2e7, context size is 2440 bytes, using 'compacted' format.
[    0.116671] Freeing SMP alternatives memory: 40K
[    0.117130] pid_max: default: 32768 minimum: 301
[    0.117749] Mount-cache hash table entries: 2048 (order: 2, 16384 bytes, linear)
[    0.118130] Mountpoint-cache hash table entries: 2048 (order: 2, 16384 bytes, linear)
[    0.119288] smpboot: CPU0: AMD Ryzen 9 7950X 16-Core Processor (family: 0x19, model: 0x61, stepping: 0x2)
[    0.120220] RCU Tasks: Setting shift to 5 and lim to 1 rcu_task_cb_adjust=1.
[    0.121137] RCU Tasks Rude: Setting shift to 5 and lim to 1 rcu_task_cb_adjust=1.
[    0.122101] RCU Tasks Trace: Setting shift to 5 and lim to 1 rcu_task_cb_adjust=1.
[    0.122139] Performance Events: Fam17h+ core perfctr, AMD PMU driver.
[    0.122989] ... version:                0
[    0.123131] ... bit width:              48
[    0.123659] ... generic registers:      6
[    0.124131] ... value mask:             0000ffffffffffff
[    0.124821] ... max period:             00007fffffffffff
[    0.125131] ... fixed-purpose events:   0
[    0.125646] ... event mask:             000000000000003f
[    0.126206] signal: max sigframe size: 3376
[    0.126805] rcu: Hierarchical SRCU implementation.
[    0.127132] rcu: Max phase no-delay instances is 400.
[    0.130204] smp: Bringing up secondary CPUs ...
[    0.130845] smpboot: x86: Booting SMP configuration:
[    0.131132] .... node  #0, CPUs:        #1  #2  #3  #4  #5  #6  #7  #8  #9 #10 #11 #12 #13 #14 #15 #16 #17 #18 #19 #20 #21 #22 #23 #24 #25 #26 #27 #28 #29 #30 #31
[    0.150231] smp: Brought up 1 node, 32 CPUs
[    0.151847] smpboot: Max logical packages: 1
[    0.152132] smpboot: Total of 32 processors activated (287458.30 BogoMIPS)
[    0.159207] devtmpfs: initialized
[    0.160162] x86/mm: Memory block size: 128MB
[    0.161886] clocksource: jiffies: mask: 0xffffffff max_cycles: 0xffffffff, max_idle_ns: 1911260446275000 ns
[    0.162134] futex hash table entries: 8192 (order: 7, 524288 bytes, linear)
[    0.163323] PM: RTC time: 03:07:13, date: 2024-02-28
[    0.164554] NET: Registered PF_NETLINK/PF_ROUTE protocol family
[    0.165301] thermal_sys: Registered thermal governor 'step_wise'
[    0.165302] thermal_sys: Registered thermal governor 'user_space'
[    0.166163] cpuidle: using governor menu
[    0.168413] PCI: Using configuration type 1 for base access
[    0.169132] PCI: Using configuration type 1 for extended access
[    0.170220] kprobes: kprobe jump-optimization is enabled. All kprobes are optimized if possible.
[    0.187009] HugeTLB: registered 1.00 GiB page size, pre-allocated 0 pages
[    0.187132] HugeTLB: 16380 KiB vmemmap can be freed for a 1.00 GiB page
[    0.188131] HugeTLB: registered 2.00 MiB page size, pre-allocated 0 pages
[    0.189131] HugeTLB: 28 KiB vmemmap can be freed for a 2.00 MiB page
[    0.191869] ACPI: Added _OSI(Module Device)
[    0.192132] ACPI: Added _OSI(Processor Device)
[    0.192894] ACPI: Added _OSI(3.0 _SCP Extensions)
[    0.193132] ACPI: Added _OSI(Processor Aggregator Device)
[    0.194968] ACPI: 1 ACPI AML tables successfully acquired and loaded
[    0.200155] ACPI: _OSC evaluation for CPUs failed, trying _PDC
[    0.201305] ACPI: Interpreter enabled
[    0.201940] ACPI: PM: (supports S0 S3 S4 S5)
[    0.202132] ACPI: Using IOAPIC for interrupt routing
[    0.202988] PCI: Using host bridge windows from ACPI; if necessary, use "pci=nocrs" and report a bug
[    0.203132] PCI: Using E820 reservations for host bridge windows
[    0.204246] ACPI: Enabled 2 GPEs in block 00 to 0F
[    0.207615] ACPI: PCI Root Bridge [PCI0] (domain 0000 [bus 00-ff])
[    0.208134] acpi PNP0A03:00: _OSC: OS supports [ExtendedConfig ASPM ClockPM Segments MSI HPX-Type3]
[    0.209229] PCI host bridge to bus 0000:00
[    0.209905] pci_bus 0000:00: root bus resource [io  0x0000-0x0cf7 window]
[    0.210132] pci_bus 0000:00: root bus resource [io  0x0d00-0xffff window]
[    0.211080] pci_bus 0000:00: root bus resource [mem 0x000a0000-0x000bffff window]
[    0.211131] pci_bus 0000:00: root bus resource [mem 0x40000000-0xfebfffff window]
[    0.212124] pci_bus 0000:00: root bus resource [mem 0x100000000-0x17fffffff window]
[    0.212131] pci_bus 0000:00: root bus resource [bus 00-ff]
[    0.212952] pci 0000:00:00.0: [8086:1237] type 00 class 0x060000 conventional PCI endpoint
[    0.213393] pci 0000:00:01.0: [8086:7000] type 00 class 0x060100 conventional PCI endpoint
[    0.214459] pci 0000:00:01.1: [8086:7010] type 00 class 0x010180 conventional PCI endpoint
[    0.217370] pci 0000:00:01.1: BAR 4 [io  0xc080-0xc08f]
[    0.218842] pci 0000:00:01.1: BAR 0 [io  0x01f0-0x01f7]: legacy IDE quirk
[    0.219131] pci 0000:00:01.1: BAR 1 [io  0x03f6]: legacy IDE quirk
[    0.219955] pci 0000:00:01.1: BAR 2 [io  0x0170-0x0177]: legacy IDE quirk
[    0.220131] pci 0000:00:01.1: BAR 3 [io  0x0376]: legacy IDE quirk
[    0.221054] pci 0000:00:01.3: [8086:7113] type 00 class 0x068000 conventional PCI endpoint
[    0.221379] pci 0000:00:01.3: quirk: [io  0x0600-0x063f] claimed by PIIX4 ACPI
[    0.222135] pci 0000:00:01.3: quirk: [io  0x0700-0x070f] claimed by PIIX4 SMB
[    0.223244] pci 0000:00:02.0: [1af4:1009] type 00 class 0x000200 conventional PCI endpoint
[    0.225132] pci 0000:00:02.0: BAR 0 [io  0xc000-0xc03f]
[    0.227083] pci 0000:00:02.0: BAR 1 [mem 0xfebfd000-0xfebfdfff]
[    0.230132] pci 0000:00:02.0: BAR 4 [mem 0xfebf4000-0xfebf7fff 64bit pref]
[    0.232919] pci 0000:00:03.0: [1af4:1009] type 00 class 0x000200 conventional PCI endpoint
[    0.234132] pci 0000:00:03.0: BAR 0 [io  0xc040-0xc07f]
[    0.236132] pci 0000:00:03.0: BAR 1 [mem 0xfebfe000-0xfebfefff]
[    0.241132] pci 0000:00:03.0: BAR 4 [mem 0xfebf8000-0xfebfbfff 64bit pref]
[    0.244816] pci 0000:00:04.0: [8086:25ab] type 00 class 0x088000 conventional PCI endpoint
[    0.245848] pci 0000:00:04.0: BAR 0 [mem 0xfebff000-0xfebff00f]
[    0.251236] ACPI: PCI: Interrupt link LNKA configured for IRQ 10
[    0.252278] ACPI: PCI: Interrupt link LNKB configured for IRQ 10
[    0.253265] ACPI: PCI: Interrupt link LNKC configured for IRQ 11
[    0.254259] ACPI: PCI: Interrupt link LNKD configured for IRQ 11
[    0.255227] ACPI: PCI: Interrupt link LNKS configured for IRQ 9
[    0.257280] iommu: Default domain type: Translated
[    0.258105] iommu: DMA domain TLB invalidation policy: lazy mode
[    0.258198] SCSI subsystem initialized
[    0.258882] pps_core: LinuxPPS API ver. 1 registered
[    0.259132] pps_core: Software ver. 5.3.6 - Copyright 2005-2007 Rodolfo Giometti <giometti@linux.it>
[    0.260134] PTP clock support registered
[    0.260865] Advanced Linux Sound Architecture Driver Initialized.
[    0.261502] NET: Registered PF_ATMPVC protocol family
[    0.262132] NET: Registered PF_ATMSVC protocol family
[    0.262990] PCI: Using ACPI for IRQ routing
[    0.263228] vgaarb: loaded
[    0.263628] hpet0: at MMIO 0xfed00000, IRQs 2, 8, 0
[    0.264132] hpet0: 3 comparators, 64-bit 100.000000 MHz counter
[    0.268483] clocksource: Switched to clocksource kvm-clock
[    0.269480] VFS: Disk quotas dquot_6.6.0
[    0.270211] VFS: Dquot-cache hash table entries: 512 (order 0, 4096 bytes)
[    0.271413] pnp: PnP ACPI init
[    0.272860] pnp: PnP ACPI: found 5 devices
[    0.280781] clocksource: acpi_pm: mask: 0xffffff max_cycles: 0xffffff, max_idle_ns: 2085701024 ns
[    0.282350] NET: Registered PF_INET protocol family
[    0.283336] IP idents hash table entries: 16384 (order: 5, 131072 bytes, linear)
[    0.284819] tcp_listen_portaddr_hash hash table entries: 512 (order: 1, 8192 bytes, linear)
[    0.286263] Table-perturb hash table entries: 65536 (order: 6, 262144 bytes, linear)
[    0.287591] TCP established hash table entries: 8192 (order: 4, 65536 bytes, linear)
[    0.288910] TCP bind hash table entries: 8192 (order: 6, 262144 bytes, linear)
[    0.290153] TCP: Hash tables configured (established 8192 bind 8192)
[    0.291251] UDP hash table entries: 512 (order: 2, 16384 bytes, linear)
[    0.292946] UDP-Lite hash table entries: 512 (order: 2, 16384 bytes, linear)
[    0.294171] NET: Registered PF_UNIX/PF_LOCAL protocol family
[    0.295136] pci_bus 0000:00: resource 4 [io  0x0000-0x0cf7 window]
[    0.296182] pci_bus 0000:00: resource 5 [io  0x0d00-0xffff window]
[    0.297232] pci_bus 0000:00: resource 6 [mem 0x000a0000-0x000bffff window]
[    0.298393] pci_bus 0000:00: resource 7 [mem 0x40000000-0xfebfffff window]
[    0.299556] pci_bus 0000:00: resource 8 [mem 0x100000000-0x17fffffff window]
[    0.300778] pci 0000:00:01.0: PIIX3: Enabling Passive Release
[    0.301763] pci 0000:00:00.0: Limiting direct PCI/PCI transfers
[    0.302805] PCI: CLS 0 bytes, default 64
[    0.303547] kvm_intel: VMX not supported by CPU 0
[    0.304367] kvm_amd: TSC scaling supported
[    0.305069] kvm_amd: Nested Virtualization enabled
[    0.305880] kvm_amd: Nested Paging enabled
[    0.306581] kvm_amd: Virtual VMLOAD VMSAVE supported
[    0.307423] kvm_amd: Virtual GIF supported
[    0.308121] kvm_amd: Virtual NMI enabled
[    0.308782] kvm_amd: LBR virtualization supported
[    0.403802] workingset: timestamp_bits=56 max_order=18 bucket_order=0
[    0.404978] squashfs: version 4.0 (2009/01/31) Phillip Lougher
[    0.405985] fuse: init (API version 7.39)
[    0.406717] 9p: Installing v9fs 9p2000 file system support
[    0.407691] Key type asymmetric registered
[    0.408406] Block layer SCSI generic (bsg) driver version 0.4 loaded (major 249)
[    0.409674] io scheduler mq-deadline registered
[    0.410451] io scheduler kyber registered
[    0.412241] input: Power Button as /devices/LNXSYSTM:00/LNXPWRBN:00/input/input0
[    0.413569] ACPI: button: Power Button [PWRF]
[    0.414346] Warning: Processor Platform Limit event detected, but not handled.
[    0.415570] Consider compiling CPUfreq support into your kernel.
[    0.437905] ACPI: \_SB_.LNKB: Enabled at IRQ 10
[    0.459734] ACPI: \_SB_.LNKC: Enabled at IRQ 11
[    0.461399] Serial: 8250/16550 driver, 4 ports, IRQ sharing enabled
[    0.462617] 00:03: ttyS0 at I/O 0x3f8 (irq = 4, base_baud = 115200) is a 16550A
[    0.464380] Non-volatile memory driver v1.3
[    0.465106] Linux agpgart interface v0.103
[    0.465857] ACPI: bus type drm_connector registered
[    0.471392] loop: module loaded
[    0.472698] scsi host0: ata_piix
[    0.473407] scsi host1: ata_piix
[    0.473995] ata1: PATA max MWDMA2 cmd 0x1f0 ctl 0x3f6 bmdma 0xc080 irq 14 lpm-pol 0
[    0.475295] ata2: PATA max MWDMA2 cmd 0x170 ctl 0x376 bmdma 0xc088 irq 15 lpm-pol 0
[    0.476866] i8042: PNP: PS/2 Controller [PNP0303:KBD,PNP0f13:MOU] at 0x60,0x64 irq 1,12
[    0.479019] serio: i8042 KBD port at 0x60,0x64 irq 1
[    0.479866] serio: i8042 AUX port at 0x60,0x64 irq 12
[    0.480859] rtc_cmos 00:04: RTC can wake from S4
[    0.482004] rtc_cmos 00:04: registered as rtc0
[    0.482908] rtc_cmos 00:04: setting system clock to 2024-02-28T03:07:13 UTC (1709089633)
[    0.484365] rtc_cmos 00:04: alarms up to one day, y3k, 242 bytes nvram, hpet irqs
[    0.485787] input: AT Translated Set 2 keyboard as /devices/platform/i8042/serio0/input/input1
[    0.487486] i6300ESB timer 0000:00:04.0: initialized. heartbeat=30 sec (nowayout=0)
[    0.488975] device-mapper: ioctl: 4.48.0-ioctl (2023-03-01) initialised: dm-devel@redhat.com
[    0.491013] NET: Registered PF_PACKET protocol family
[    0.491896] 9pnet: Installing 9P2000 support
[    0.493524] Key type dns_resolver registered
[    0.495923] input: ImExPS/2 Generic Explorer Mouse as /devices/platform/i8042/serio1/input/input3
[    0.497901] IPI shorthand broadcast: enabled
[    0.501185] sched_clock: Marking stable (497001233, 3828213)->(552205293, -51375847)
[    0.502718] registered taskstats version 1
[    0.504807] PM:   Magic number: 12:459:109
[    0.505566] printk: legacy console [netcon0] enabled
[    0.506413] netconsole: network logging started
[    0.507236] ALSA device list:
[    0.507747]   No soundcards found.
[    0.633985] ata2: found unknown device (class 0)
[    0.635222] ata2.00: ATAPI: QEMU DVD-ROM, 2.5+, max UDMA/100
[    0.637065] scsi 1:0:0:0: CD-ROM            QEMU     QEMU DVD-ROM     2.5+ PQ: 0 ANSI: 5
[    0.645265] scsi 1:0:0:0: Attached scsi generic sg0 type 5
[    0.646167] md: Skipping autodetection of RAID arrays. (raid=autodetect will force)
[    0.647336] 9pnet_virtio: no channels available for device 
[    0.648531] VFS: Mounted root (9p filesystem) readonly on device 0:19.
[    0.649639] devtmpfs: mounted
[    0.650874] Freeing unused kernel image (initmem) memory: 2992K
[    0.659835] Write protecting the kernel read-only data: 22528k
[    0.661051] Freeing unused kernel image (rodata/data gap) memory: 212K
[    0.696223] x86/mm: Checked W+X mappings: passed, no W+X pages found.
[    0.697037] Run /usr/lib/python3.11/site-packages/virtme/guest/virtme-init as init process
[    0.715539] mount (236) used greatest stack depth: 13480 bytes left
[    0.746058] mount (246) used greatest stack depth: 13144 bytes left
[    0.766166] mount (254) used greatest stack depth: 13064 bytes left
[    0.809345] cp (296) used greatest stack depth: 12984 bytes left
[    0.823248] virtme-init: basic initialization done
[    0.827238] virtme-init: udevd not found
[    0.862863] virtme-init: Setting hostname to virtme-ng...
[    0.871222] ip (329) used greatest stack depth: 12360 bytes left
          _      _                                    
   __   _(_)_ __| |_ _ __ ___   ___       _ __   __ _ 
   \ \ / / |  __| __|  _   _ \ / _ \_____|  _ \ / _  |
    \ V /| | |  | |_| | | | | |  __/_____| | | | (_| |
     \_/ |_|_|   \__|_| |_| |_|\___|     |_| |_|\__  |
                                                |___/ 
   kernel version: 6.8.0-rc5-virtme x86_64

virtme-ng:/nipa-data/kernel# PS1='xx__-> '
xx__-> env
PWD=/nipa-data/kernel
HOME=/
TERM=xterm
SHLVL=2
XDG_RUNTIME_DIR=/run/user/0
PATH=/bin:/sbin:/usr/bin:/usr/sbin:/usr/local/bin
OLDPWD=/
_=/usr/bin/env
xx__-> 