No EFI environment detected.
early console in extract_kernel
input_data: 0x0000000004aae2c4
input_len: 0x0000000001865593
output: 0x0000000001000000
output_len: 0x00000000052a0744
kernel_total_size: 0x0000000004e30000
needed_size: 0x0000000005400000
trampoline_32bit: 0x0000000000000000
Physical KASLR using RDRAND RDTSC...
Virtual KASLR using RDRAND RDTSC...

Decompressing Linux... Parsing ELF... Performing relocations... done.
Booting the kernel (entry_offset: 0x0000000000000000).
[    0.000000] Linux version 6.10.0-rc3-virtme (root@2babbc28c6da) (gcc (Alpine 13.2.1_git20240309) 13.2.1 20240309, GNU ld (GNU Binutils) 2.42) #1 SMP PREEMPT_DYNAMIC Mon Jun 17 12:26:54 UTC 2024
[    0.000000] Command line: virtme_hostname=virtme-ng nr_open=1048576 virtme_link_mods=/nipa-data/kernel/.virtme_mods/lib/modules/0.0.0 virtme_initmount0=nipa-data/kernel virtme_rw_overlay0=/etc virtme_rw_overlay1=/lib virtme_rw_overlay2=/home virtme_rw_overlay3=/opt virtme_rw_overlay4=/srv virtme_rw_overlay5=/usr virtme_rw_overlay6=/var console=hvc0 earlyprintk=serial,ttyS0,115200 virtme_console=ttyS0 psmouse.proto=exps TERM=xterm virtme_chdir=nipa-data/kernel virtme_root_user=1 rootfstype=9p rootflags=version=9p2000.L,trans=virtio,access=any raid=noautodetect ro init=/usr/lib/python3.12/site-packages/virtme/guest/virtme-init
[    0.000000] BIOS-provided physical RAM map:
[    0.000000] BIOS-e820: [mem 0x0000000000000000-0x000000000009fbff] usable
[    0.000000] BIOS-e820: [mem 0x000000000009fc00-0x000000000009ffff] reserved
[    0.000000] BIOS-e820: [mem 0x00000000000f0000-0x00000000000fffff] reserved
[    0.000000] BIOS-e820: [mem 0x0000000000100000-0x000000003ffdffff] usable
[    0.000000] BIOS-e820: [mem 0x000000003ffe0000-0x000000003fffffff] reserved
[    0.000000] BIOS-e820: [mem 0x00000000feffc000-0x00000000feffffff] reserved
[    0.000000] BIOS-e820: [mem 0x00000000fffc0000-0x00000000ffffffff] reserved
[    0.000000] BIOS-e820: [mem 0x000000fd00000000-0x000000ffffffffff] reserved
[    0.000000] printk: legacy bootconsole [earlyser0] enabled
[    0.000000] NX (Execute Disable) protection: active
[    0.000000] APIC: Static calls initialized
[    0.000000] SMBIOS 2.8 present.
[    0.000000] DMI: QEMU Standard PC (i440FX + PIIX, 1996), BIOS rel-1.16.3-0-ga6ed6b701f0a-prebuilt.qemu.org 04/01/2014
[    0.000000] DMI: Memory slots populated: 1/1
[    0.000000] Hypervisor detected: KVM
[    0.000000] kvm-clock: Using msrs 4b564d01 and 4b564d00
[    0.000000] kvm-clock: using sched offset of 358188315 cycles
[    0.000471] clocksource: kvm-clock: mask: 0xffffffffffffffff max_cycles: 0x1cd42e4dffb, max_idle_ns: 881590591483 ns
[    0.001799] tsc: Detected 4491.556 MHz processor
[    0.002493] last_pfn = 0x3ffe0 max_arch_pfn = 0x400000000
[    0.002929] MTRR map: 4 entries (3 fixed + 1 variable; max 19), built from 8 variable MTRRs
[    0.003547] x86/PAT: Configuration [0-7]: WB  WC  UC- UC  WB  WP  UC- WT  
[    0.005605] found SMP MP-table at [mem 0x000f5470-0x000f547f]
[    0.006053] Using GB pages for direct mapping
[    0.006610] ACPI: Early table checksum verification disabled
[    0.007064] ACPI: RSDP 0x00000000000F5290 000014 (v00 BOCHS )
[    0.007491] ACPI: RSDT 0x000000003FFE27BC 000034 (v01 BOCHS  BXPC     00000001 BXPC 00000001)
[    0.008143] ACPI: FACP 0x000000003FFE2578 000074 (v01 BOCHS  BXPC     00000001 BXPC 00000001)
[    0.008790] ACPI: DSDT 0x000000003FFE0040 002538 (v01 BOCHS  BXPC     00000001 BXPC 00000001)
[    0.009422] ACPI: FACS 0x000000003FFE0000 000040
[    0.009783] ACPI: APIC 0x000000003FFE25EC 000170 (v03 BOCHS  BXPC     00000001 BXPC 00000001)
[    0.010417] ACPI: HPET 0x000000003FFE275C 000038 (v01 BOCHS  BXPC     00000001 BXPC 00000001)
[    0.011064] ACPI: WAET 0x000000003FFE2794 000028 (v01 BOCHS  BXPC     00000001 BXPC 00000001)
[    0.011710] ACPI: Reserving FACP table memory at [mem 0x3ffe2578-0x3ffe25eb]
[    0.012230] ACPI: Reserving DSDT table memory at [mem 0x3ffe0040-0x3ffe2577]
[    0.012767] ACPI: Reserving FACS table memory at [mem 0x3ffe0000-0x3ffe003f]
[    0.013287] ACPI: Reserving APIC table memory at [mem 0x3ffe25ec-0x3ffe275b]
[    0.013822] ACPI: Reserving HPET table memory at [mem 0x3ffe275c-0x3ffe2793]
[    0.014343] ACPI: Reserving WAET table memory at [mem 0x3ffe2794-0x3ffe27bb]
[    0.015193] No NUMA configuration found
[    0.015539] Faking a node at [mem 0x0000000000000000-0x000000003ffdffff]
[    0.016038] NODE_DATA(0) allocated [mem 0x3ffdb000-0x3ffdffff]
[    0.016486] Zone ranges:
[    0.016674]   DMA      [mem 0x0000000000001000-0x0000000000ffffff]
[    0.017131]   DMA32    [mem 0x0000000001000000-0x000000003ffdffff]
[    0.017587]   Normal   empty
[    0.017800]   Device   empty
[    0.018013] Movable zone start for each node
[    0.018327] Early memory node ranges
[    0.018590]   node   0: [mem 0x0000000000001000-0x000000000009efff]
[    0.019051]   node   0: [mem 0x0000000000100000-0x000000003ffdffff]
[    0.019514] Initmem setup node 0 [mem 0x0000000000001000-0x000000003ffdffff]
[    0.020042] On node 0, zone DMA: 1 pages in unavailable ranges
[    0.020535] On node 0, zone DMA: 97 pages in unavailable ranges
[    0.025323] On node 0, zone DMA32: 32 pages in unavailable ranges
[    0.034641] kasan: KernelAddressSanitizer initialized
[    0.035253] ACPI: PM-Timer IO Port: 0x608
[    0.035565] ACPI: LAPIC_NMI (acpi_id[0xff] dfl dfl lint[0x1])
[    0.036023] IOAPIC[0]: apic_id 0, version 17, address 0xfec00000, GSI 0-23
[    0.036543] ACPI: INT_SRC_OVR (bus 0 bus_irq 0 global_irq 2 dfl dfl)
[    0.037019] ACPI: INT_SRC_OVR (bus 0 bus_irq 5 global_irq 5 high level)
[    0.037515] ACPI: INT_SRC_OVR (bus 0 bus_irq 9 global_irq 9 high level)
[    0.038011] ACPI: INT_SRC_OVR (bus 0 bus_irq 10 global_irq 10 high level)
[    0.038520] ACPI: INT_SRC_OVR (bus 0 bus_irq 11 global_irq 11 high level)
[    0.039032] ACPI: Using ACPI (MADT) for SMP configuration information
[    0.039516] ACPI: HPET id: 0x8086a201 base: 0xfed00000
[    0.039906] TSC deadline timer available
[    0.040202] CPU topo: Max. logical packages:   1
[    0.040549] CPU topo: Max. logical dies:       1
[    0.040895] CPU topo: Max. dies per package:   1
[    0.041244] CPU topo: Max. threads per core:   1
[    0.041590] CPU topo: Num. cores per package:    32
[    0.041956] CPU topo: Num. threads per package:  32
[    0.042322] CPU topo: Allowing 32 present CPUs plus 0 hotplug CPUs
[    0.042800] kvm-guest: APIC: eoi() replaced with kvm_guest_apic_eoi_write()
[    0.043340] kvm-guest: KVM setup pv remote TLB flush
[    0.043725] kvm-guest: setup PV sched yield
[    0.044046] PM: hibernation: Registered nosave memory: [mem 0x00000000-0x00000fff]
[    0.044615] PM: hibernation: Registered nosave memory: [mem 0x0009f000-0x0009ffff]
[    0.045182] PM: hibernation: Registered nosave memory: [mem 0x000a0000-0x000effff]
[    0.045751] PM: hibernation: Registered nosave memory: [mem 0x000f0000-0x000fffff]
[    0.046322] [mem 0x40000000-0xfeffbfff] available for PCI devices
[    0.046781] Booting paravirtualized kernel on KVM
[    0.047136] clocksource: refined-jiffies: mask: 0xffffffff max_cycles: 0xffffffff, max_idle_ns: 1910969940391419 ns
[    0.056286] setup_percpu: NR_CPUS:64 nr_cpumask_bits:32 nr_cpu_ids:32 nr_node_ids:1
[    0.058183] percpu: Embedded 70 pages/cpu s248600 r8192 d29928 u524288
[    0.058762] Kernel command line: virtme_hostname=virtme-ng nr_open=1048576 virtme_link_mods=/nipa-data/kernel/.virtme_mods/lib/modules/0.0.0 virtme_initmount0=nipa-data/kernel virtme_rw_overlay0=/etc virtme_rw_overlay1=/lib virtme_rw_overlay2=/home virtme_rw_overlay3=/opt virtme_rw_overlay4=/srv virtme_rw_overlay5=/usr virtme_rw_overlay6=/var console=hvc0 earlyprintk=serial,ttyS0,115200 virtme_console=ttyS0 psmouse.proto=exps TERM=xterm virtme_chdir=nipa-data/kernel virtme_root_user=1 rootfstype=9p rootflags=version=9p2000.L,trans=virtio,access=any raid=noautodetect ro init=/usr/lib/python3.12/site-packages/virtme/guest/virtme-init
[    0.063425] Unknown kernel command line parameters "virtme_hostname=virtme-ng nr_open=1048576 virtme_link_mods=/nipa-data/kernel/.virtme_mods/lib/modules/0.0.0 virtme_initmount0=nipa-data/kernel virtme_rw_overlay0=/etc virtme_rw_overlay1=/lib virtme_rw_overlay2=/home virtme_rw_overlay3=/opt virtme_rw_overlay4=/srv virtme_rw_overlay5=/usr virtme_rw_overlay6=/var virtme_console=ttyS0 virtme_chdir=nipa-data/kernel virtme_root_user=1", will be passed to user space.
[    0.066919] random: crng init done
[    0.067223] Dentry cache hash table entries: 131072 (order: 8, 1048576 bytes, linear)
[    0.067897] Inode-cache hash table entries: 65536 (order: 7, 524288 bytes, linear)
[    0.068963] Fallback order for Node 0: 0 
[    0.068968] Built 1 zonelists, mobility grouping on.  Total pages: 262014
[    0.069848] Policy zone: DMA32
[    0.070090] mem auto-init: stack:all(zero), heap alloc:off, heap free:off, mlocked free:off
[    0.070781] stackdepot: allocating hash table via alloc_large_system_hash
[    0.071380] stackdepot hash table entries: 1048576 (order: 12, 16777216 bytes, linear)
[    0.079352] Memory: 781048K/1048056K available (43008K kernel code, 11201K rwdata, 9820K rodata, 5912K init, 2192K bss, 266752K reserved, 0K cma-reserved)
[    0.080589] SLUB: HWalign=64, Order=0-3, MinObjects=0, CPUs=32, Nodes=1
Poking KASLR using RDRAND RDTSC...
[    0.081379] ftrace: allocating 47997 entries in 188 pages
[    0.090058] ftrace: allocated 188 pages with 5 groups
[    0.091274] Dynamic Preempt: voluntary
[    0.092030] rcu: Preemptible hierarchical RCU implementation.
[    0.092464] rcu: RCU event tracing is enabled.
[    0.092804] rcu: RCU restricting CPUs from NR_CPUS=64 to nr_cpu_ids=32.
[    0.093309] Trampoline variant of Tasks RCU enabled.
[    0.093695] Rude variant of Tasks RCU enabled.
[    0.094038] Tracing variant of Tasks RCU enabled.
[    0.094402] rcu: RCU calculated value of scheduler-enlistment delay is 100 jiffies.
[    0.094983] rcu: Adjusting geometry for rcu_fanout_leaf=16, nr_cpu_ids=32
[    0.095565] RCU Tasks: Setting shift to 5 and lim to 1 rcu_task_cb_adjust=1.
[    0.096106] RCU Tasks Rude: Setting shift to 5 and lim to 1 rcu_task_cb_adjust=1.
[    0.096679] RCU Tasks Trace: Setting shift to 5 and lim to 1 rcu_task_cb_adjust=1.
[    0.105998] NR_IRQS: 4352, nr_irqs: 680, preallocated irqs: 16
[    0.106709] rcu: srcu_init: Setting srcu_struct sizes based on contention.
[    0.107439] Console: colour *CGA 80x25
[    0.107775] ACPI: Core revision 20240322
[    0.108224] clocksource: hpet: mask: 0xffffffff max_cycles: 0xffffffff, max_idle_ns: 19112604467 ns
[    0.108970] APIC: Switch to symmetric I/O mode setup
[    0.109344] APIC: Switched APIC routing to: physical flat
[    0.109747] kvm-guest: APIC: send_IPI_mask() replaced with kvm_send_ipi_mask()
[    0.110282] kvm-guest: APIC: send_IPI_mask_allbutself() replaced with kvm_send_ipi_mask_allbutself()
[    0.110975] kvm-guest: setup PV IPIs
[    0.112107] ..TIMER: vector=0x30 apic1=0 pin1=2 apic2=-1 pin2=-1
[    0.112904] tsc: Marking TSC unstable due to TSCs unsynchronized
[    0.113704] Calibrating delay loop (skipped) preset value.. 8983.11 BogoMIPS (lpj=4491556)
[    0.114769] x86/cpu: User Mode Instruction Prevention (UMIP) activated
[    0.115762] Last level iTLB entries: 4KB 512, 2MB 255, 4MB 127
[    0.116703] Last level dTLB entries: 4KB 512, 2MB 255, 4MB 127, 1GB 0
[    0.117708] Spectre V1 : Mitigation: usercopy/swapgs barriers and __user pointer sanitization
[    0.118707] Spectre V2 : Mitigation: Enhanced / Automatic IBRS
[    0.119703] Spectre V2 : Spectre v2 / SpectreRSB mitigation: Filling RSB on context switch
[    0.120705] Spectre V2 : mitigation: Enabling conditional Indirect Branch Prediction Barrier
[    0.121705] Speculative Store Bypass: Mitigation: Speculative Store Bypass disabled via prctl
[    0.122703] Speculative Return Stack Overflow: IBPB-extending microcode not applied!
[    0.123703] Speculative Return Stack Overflow: WARNING: See https://kernel.org/doc/html/latest/admin-guide/hw-vuln/srso.html for mitigation options.
[    0.123704] Speculative Return Stack Overflow: Vulnerable: Safe RET, no microcode
[    0.125719] x86/fpu: Supporting XSAVE feature 0x001: 'x87 floating point registers'
[    0.126703] x86/fpu: Supporting XSAVE feature 0x002: 'SSE registers'
[    0.127703] x86/fpu: Supporting XSAVE feature 0x004: 'AVX registers'
[    0.128703] x86/fpu: Supporting XSAVE feature 0x020: 'AVX-512 opmask'
[    0.129526] x86/fpu: Supporting XSAVE feature 0x040: 'AVX-512 Hi256'
[    0.129703] x86/fpu: Supporting XSAVE feature 0x080: 'AVX-512 ZMM_Hi256'
[    0.130703] x86/fpu: Supporting XSAVE feature 0x200: 'Protection Keys User registers'
[    0.131703] x86/fpu: xstate_offset[2]:  576, xstate_sizes[2]:  256
[    0.132703] x86/fpu: xstate_offset[5]:  832, xstate_sizes[5]:   64
[    0.133703] x86/fpu: xstate_offset[6]:  896, xstate_sizes[6]:  512
[    0.134703] x86/fpu: xstate_offset[7]: 1408, xstate_sizes[7]: 1024
[    0.135503] x86/fpu: xstate_offset[9]: 2432, xstate_sizes[9]:    8
[    0.135703] x86/fpu: Enabled xstate features 0x2e7, context size is 2440 bytes, using 'compacted' format.
[    0.159795] Freeing SMP alternatives memory: 40K
[    0.160403] pid_max: default: 32768 minimum: 301
[    0.160847] Mount-cache hash table entries: 2048 (order: 2, 16384 bytes, linear)
[    0.161705] Mountpoint-cache hash table entries: 2048 (order: 2, 16384 bytes, linear)
[    0.163831] smpboot: CPU0: AMD Ryzen 9 7950X 16-Core Processor (family: 0x19, model: 0x61, stepping: 0x2)
[    0.165174] Performance Events: Fam17h+ core perfctr, AMD PMU driver.
[    0.165708] ... version:                0
[    0.166229] ... bit width:              48
[    0.166705] ... generic registers:      6
[    0.167226] ... value mask:             0000ffffffffffff
[    0.167705] ... max period:             00007fffffffffff
[    0.168398] ... fixed-purpose events:   0
[    0.168705] ... event mask:             000000000000003f
[    0.169528] signal: max sigframe size: 3376
[    0.169756] rcu: Hierarchical SRCU implementation.
[    0.170391] rcu: Max phase no-delay instances is 400.
[    0.174984] smp: Bringing up secondary CPUs ...
[    0.175885] smpboot: x86: Booting SMP configuration:
[    0.176553] .... node  #0, CPUs:        #1  #2  #3  #4  #5  #6  #7  #8  #9 #10 #11 #12 #13 #14 #15 #16 #17 #18 #19 #20 #21 #22 #23 #24 #25 #26 #27 #28 #29 #30 #31
[    0.200874] smp: Brought up 1 node, 32 CPUs
[    0.202272] smpboot: Total of 32 processors activated (287459.58 BogoMIPS)
[    0.210969] devtmpfs: initialized
[    0.211887] x86/mm: Memory block size: 128MB
[    0.218963] clocksource: jiffies: mask: 0xffffffff max_cycles: 0xffffffff, max_idle_ns: 1911260446275000 ns
[    0.219785] futex hash table entries: 8192 (order: 7, 524288 bytes, linear)
[    0.221042] PM: RTC time: 12:27:35, date: 2024-06-17
[    0.222489] NET: Registered PF_NETLINK/PF_ROUTE protocol family
[    0.223641] thermal_sys: Registered thermal governor 'step_wise'
[    0.223643] thermal_sys: Registered thermal governor 'user_space'
[    0.223735] cpuidle: using governor menu
[    0.226294] PCI: Using configuration type 1 for base access
[    0.226705] PCI: Using configuration type 1 for extended access
[    0.227630] kprobes: kprobe jump-optimization is enabled. All kprobes are optimized if possible.
[    0.244098] HugeTLB: registered 1.00 GiB page size, pre-allocated 0 pages
[    0.244707] HugeTLB: 16380 KiB vmemmap can be freed for a 1.00 GiB page
[    0.245706] HugeTLB: registered 2.00 MiB page size, pre-allocated 0 pages
[    0.246705] HugeTLB: 28 KiB vmemmap can be freed for a 2.00 MiB page
[    0.248710] Demotion targets for Node 0: null
[    0.250152] ACPI: Added _OSI(Module Device)
[    0.250706] ACPI: Added _OSI(Processor Device)
[    0.251459] ACPI: Added _OSI(3.0 _SCP Extensions)
[    0.252706] ACPI: Added _OSI(Processor Aggregator Device)
[    0.287534] ACPI: 1 ACPI AML tables successfully acquired and loaded
[    0.290947] ACPI: _OSC evaluation for CPUs failed, trying _PDC
[    0.294957] ACPI: Interpreter enabled
[    0.295677] ACPI: PM: (supports S0 S3 S4 S5)
[    0.296706] ACPI: Using IOAPIC for interrupt routing
[    0.297638] PCI: Using host bridge windows from ACPI; if necessary, use "pci=nocrs" and report a bug
[    0.299706] PCI: Using E820 reservations for host bridge windows
[    0.302248] ACPI: Enabled 2 GPEs in block 00 to 0F
[    0.365385] ACPI: PCI Root Bridge [PCI0] (domain 0000 [bus 00-ff])
[    0.365719] acpi PNP0A03:00: _OSC: OS supports [ExtendedConfig ASPM ClockPM Segments MSI HPX-Type3]
[    0.368208] PCI host bridge to bus 0000:00
[    0.368708] pci_bus 0000:00: root bus resource [io  0x0000-0x0cf7 window]
[    0.369589] pci_bus 0000:00: root bus resource [io  0x0d00-0xffff window]
[    0.369707] pci_bus 0000:00: root bus resource [mem 0x000a0000-0x000bffff window]
[    0.370677] pci_bus 0000:00: root bus resource [mem 0x40000000-0xfebfffff window]
[    0.371707] pci_bus 0000:00: root bus resource [mem 0x100000000-0x17fffffff window]
[    0.372697] pci_bus 0000:00: root bus resource [bus 00-ff]
[    0.373851] pci 0000:00:00.0: [8086:1237] type 00 class 0x060000 conventional PCI endpoint
[    0.375562] pci 0000:00:01.0: [8086:7000] type 00 class 0x060100 conventional PCI endpoint
[    0.377605] pci 0000:00:01.1: [8086:7010] type 00 class 0x010180 conventional PCI endpoint
[    0.381706] pci 0000:00:01.1: BAR 4 [io  0xc0c0-0xc0cf]
[    0.383213] pci 0000:00:01.1: BAR 0 [io  0x01f0-0x01f7]: legacy IDE quirk
[    0.383705] pci 0000:00:01.1: BAR 1 [io  0x03f6]: legacy IDE quirk
[    0.384495] pci 0000:00:01.1: BAR 2 [io  0x0170-0x0177]: legacy IDE quirk
[    0.385705] pci 0000:00:01.1: BAR 3 [io  0x0376]: legacy IDE quirk
[    0.387186] pci 0000:00:01.3: [8086:7113] type 00 class 0x068000 conventional PCI endpoint
[    0.387968] pci 0000:00:01.3: quirk: [io  0x0600-0x063f] claimed by PIIX4 ACPI
[    0.389709] pci 0000:00:01.3: quirk: [io  0x0700-0x070f] claimed by PIIX4 SMB
[    0.391355] pci 0000:00:02.0: [1af4:1009] type 00 class 0x000200 conventional PCI endpoint
[    0.393705] pci 0000:00:02.0: BAR 0 [io  0xc000-0xc03f]
[    0.395375] pci 0000:00:02.0: BAR 1 [mem 0xfebfc000-0xfebfcfff]
[    0.401229] pci 0000:00:02.0: BAR 4 [mem 0xfebf0000-0xfebf3fff 64bit pref]
[    0.415157] pci 0000:00:03.0: [1af4:1009] type 00 class 0x000200 conventional PCI endpoint
[    0.417705] pci 0000:00:03.0: BAR 0 [io  0xc040-0xc07f]
[    0.419354] pci 0000:00:03.0: BAR 1 [mem 0xfebfd000-0xfebfdfff]
[    0.424356] pci 0000:00:03.0: BAR 4 [mem 0xfebf4000-0xfebf7fff 64bit pref]
[    0.438473] pci 0000:00:04.0: [8086:25ab] type 00 class 0x088000 conventional PCI endpoint
[    0.440065] pci 0000:00:04.0: BAR 0 [mem 0xfebfe000-0xfebfe00f]
[    0.454555] pci 0000:00:05.0: [1af4:1003] type 00 class 0x078000 conventional PCI endpoint
[    0.456706] pci 0000:00:05.0: BAR 0 [io  0xc080-0xc0bf]
[    0.458364] pci 0000:00:05.0: BAR 1 [mem 0xfebff000-0xfebfffff]
[    0.463705] pci 0000:00:05.0: BAR 4 [mem 0xfebf8000-0xfebfbfff 64bit pref]
[    0.480500] ACPI: PCI: Interrupt link LNKA configured for IRQ 10
[    0.481641] ACPI: PCI: Interrupt link LNKB configured for IRQ 10
[    0.483623] ACPI: PCI: Interrupt link LNKC configured for IRQ 11
[    0.484621] ACPI: PCI: Interrupt link LNKD configured for IRQ 11
[    0.486087] ACPI: PCI: Interrupt link LNKS configured for IRQ 9
[    0.505102] iommu: Default domain type: Translated
[    0.505705] iommu: DMA domain TLB invalidation policy: lazy mode
[    0.506945] SCSI subsystem initialized
[    0.507798] pps_core: LinuxPPS API ver. 1 registered
[    0.508431] pps_core: Software ver. 5.3.6 - Copyright 2005-2007 Rodolfo Giometti <giometti@linux.it>
[    0.509719] PTP clock support registered
[    0.510839] Advanced Linux Sound Architecture Driver Initialized.
[    0.512834] NET: Registered PF_ATMPVC protocol family
[    0.513482] NET: Registered PF_ATMSVC protocol family
[    0.513729] PCI: Using ACPI for IRQ routing
[    0.514752] vgaarb: loaded
[    0.515826] hpet0: at MMIO 0xfed00000, IRQs 2, 8, 0
[    0.516705] hpet0: 3 comparators, 64-bit 100.000000 MHz counter
[    0.522204] clocksource: Switched to clocksource kvm-clock
[    0.523518] VFS: Disk quotas dquot_6.6.0
[    0.524045] VFS: Dquot-cache hash table entries: 512 (order 0, 4096 bytes)
[    0.525733] pnp: PnP ACPI init
[    0.528535] pnp: PnP ACPI: found 5 devices
[    0.541126] clocksource: acpi_pm: mask: 0xffffff max_cycles: 0xffffff, max_idle_ns: 2085701024 ns
[    0.542330] NET: Registered PF_INET protocol family
[    0.543004] IP idents hash table entries: 16384 (order: 5, 131072 bytes, linear)
[    0.544357] tcp_listen_portaddr_hash hash table entries: 512 (order: 1, 8192 bytes, linear)
[    0.545436] Table-perturb hash table entries: 65536 (order: 6, 262144 bytes, linear)
[    0.546448] TCP established hash table entries: 8192 (order: 4, 65536 bytes, linear)
[    0.547538] TCP bind hash table entries: 8192 (order: 6, 262144 bytes, linear)
[    0.548477] TCP: Hash tables configured (established 8192 bind 8192)
[    0.549450] UDP hash table entries: 512 (order: 2, 16384 bytes, linear)
[    0.550340] UDP-Lite hash table entries: 512 (order: 2, 16384 bytes, linear)
[    0.551470] NET: Registered PF_UNIX/PF_LOCAL protocol family
[    0.552216] pci_bus 0000:00: resource 4 [io  0x0000-0x0cf7 window]
[    0.553009] pci_bus 0000:00: resource 5 [io  0x0d00-0xffff window]
[    0.553802] pci_bus 0000:00: resource 6 [mem 0x000a0000-0x000bffff window]
[    0.554691] pci_bus 0000:00: resource 7 [mem 0x40000000-0xfebfffff window]
[    0.555576] pci_bus 0000:00: resource 8 [mem 0x100000000-0x17fffffff window]
[    0.556680] pci 0000:00:01.0: PIIX3: Enabling Passive Release
[    0.557420] pci 0000:00:00.0: Limiting direct PCI/PCI transfers
[    0.558219] PCI: CLS 0 bytes, default 64
[    0.558801] kvm_intel: VMX not supported by CPU 6
[    0.559427] kvm_amd: TSC scaling supported
[    0.559963] kvm_amd: Nested Virtualization enabled
[    0.560578] kvm_amd: Nested Paging enabled
[    0.561099] kvm_amd: LBR virtualization supported
[    0.561716] kvm_amd: Virtual VMLOAD VMSAVE supported
[    0.562349] kvm_amd: Virtual GIF supported
[    0.562873] kvm_amd: Virtual NMI enabled
[    0.665398] Initialise system trusted keyrings
[    0.666139] workingset: timestamp_bits=56 max_order=18 bucket_order=0
[    0.667094] squashfs: version 4.0 (2009/01/31) Phillip Lougher
[    0.667870] fuse: init (API version 7.40)
[    0.668553] 9p: Installing v9fs 9p2000 file system support
[    0.678635] Key type asymmetric registered
[    0.679175] Asymmetric key parser 'x509' registered
[    0.679879] Block layer SCSI generic (bsg) driver version 0.4 loaded (major 249)
[    0.680868] io scheduler mq-deadline registered
[    0.681450] io scheduler kyber registered
[    0.683509] input: Power Button as /devices/LNXSYSTM:00/LNXPWRBN:00/input/input0
[    0.684708] ACPI: button: Power Button [PWRF]
[    0.685391] Warning: Processor Platform Limit event detected, but not handled.
[    0.686329] Consider compiling CPUfreq support into your kernel.
[    1.533557] ACPI: \_SB_.LNKB: Enabled at IRQ 10
[    2.374954] ACPI: \_SB_.LNKC: Enabled at IRQ 11
[    3.226901] ACPI: \_SB_.LNKA: Enabled at IRQ 10
[    3.228942] Serial: 8250/16550 driver, 4 ports, IRQ sharing enabled
[    3.230508] 00:03: ttyS0 at I/O 0x3f8 (irq = 4, base_baud = 115200) is a 16550A
[    3.286333] Non-volatile memory driver v1.3
[    3.287102] Linux agpgart interface v0.103
[    3.287816] printk: legacy console [hvc0] enabled
          _      _                                    
   __   _(_)_ __| |_ _ __ ___   ___       _ __   __ _ 
   \ \ / / |  __| __|  _   _ \ / _ \_____|  _ \ / _  |
    \ V /| | |  | |_| | | | | |  __/_____| | | | (_| |
     \_/ |_|_|   \__|_| |_| |_|\___|     |_| |_|\__  |
                                                |___/ 
   kernel version: 6.10.0-rc3-virtme x86_64
   (CTRL+d to exit)

virtme-ng:/nipa-data/kernel# PS1='xx__-> '
xx__-> env
PWD=/nipa-data/kernel
nr_open=1048576
HOME=/root
TERM=xterm
SHLVL=2
XDG_RUNTIME_DIR=/run/user/0
PATH=/bin:/sbin:/usr/bin:/usr/sbin:/usr/local/bin
OLDPWD=/
_=/usr/bin/env
xx__-> 