No EFI environment detected.
early console in extract_kernel
input_data: 0x0000000002bde2c4
input_len: 0x0000000000b94991
output: 0x0000000001000000
output_len: 0x000000000272afd0
kernel_total_size: 0x0000000002430000
needed_size: 0x0000000002800000
trampoline_32bit: 0x0000000000000000
Physical KASLR using RDRAND RDTSC...
Virtual KASLR using RDRAND RDTSC...

Decompressing Linux... Parsing ELF... Performing relocations... done.
Booting the kernel (entry_offset: 0x0000000000f8fed0).
[    0.000000] Linux version 6.14.0-rc7-virtme (root@4d02ae69adf1) (gcc (Ubuntu 13.3.0-6ubuntu2~24.04) 13.3.0, GNU ld (GNU Binutils for Ubuntu) 2.42) #1 SMP PREEMPT_DYNAMIC Mon Mar 24 03:06:16 UTC 2025
[    0.000000] Command line: virtme_hostname=virtme-ng nr_open=1048576 virtme_link_mods=/nipa-data/kernel/.virtme_mods/lib/modules/0.0.0 virtme_initmount0=nipa-data/kernel virtme_rw_overlay0=/etc virtme_rw_overlay1=/lib virtme_rw_overlay2=/home virtme_rw_overlay3=/opt virtme_rw_overlay4=/srv virtme_rw_overlay5=/usr virtme_rw_overlay6=/var console=hvc0 earlyprintk=serial,ttyS0,115200 virtme_console=ttyS0 psmouse.proto=exps TERM=xterm virtme_chdir=nipa-data/kernel virtme_root_user=1 rootfstype=9p rootflags=version=9p2000.L,trans=virtio,access=any raid=noautodetect ro init=/usr/lib/python3/dist-packages/virtme/guest/virtme-init
[    0.000000] BIOS-provided physical RAM map:
[    0.000000] BIOS-e820: [mem 0x0000000000000000-0x000000000009fbff] usable
[    0.000000] BIOS-e820: [mem 0x000000000009fc00-0x000000000009ffff] reserved
[    0.000000] BIOS-e820: [mem 0x00000000000f0000-0x00000000000fffff] reserved
[    0.000000] BIOS-e820: [mem 0x0000000000100000-0x000000003ffdffff] usable
[    0.000000] BIOS-e820: [mem 0x000000003ffe0000-0x000000003fffffff] reserved
[    0.000000] BIOS-e820: [mem 0x00000000feffc000-0x00000000feffffff] reserved
[    0.000000] BIOS-e820: [mem 0x00000000fffc0000-0x00000000ffffffff] reserved
[    0.000000] BIOS-e820: [mem 0x000000fd00000000-0x000000ffffffffff] reserved
[    0.000000] printk: legacy bootconsole [earlyser0] enabled
[    0.000000] NX (Execute Disable) protection: active
[    0.000000] APIC: Static calls initialized
[    0.000000] SMBIOS 3.0.0 present.
[    0.000000] DMI: QEMU Ubuntu 24.04 PC (i440FX + PIIX, 1996), BIOS 1.16.3-debian-1.16.3-2 04/01/2014
[    0.000000] DMI: Memory slots populated: 1/1
[    0.000000] Hypervisor detected: KVM
[    0.000000] kvm-clock: Using msrs 4b564d01 and 4b564d00
[    0.000000] kvm-clock: using sched offset of 190220795 cycles
[    0.000370] clocksource: kvm-clock: mask: 0xffffffffffffffff max_cycles: 0x1cd42e4dffb, max_idle_ns: 881590591483 ns
[    0.001520] tsc: Detected 4491.560 MHz processor
[    0.002099] last_pfn = 0x3ffe0 max_arch_pfn = 0x400000000
[    0.002504] MTRR map: 4 entries (3 fixed + 1 variable; max 19), built from 8 variable MTRRs
[    0.003096] x86/PAT: Configuration [0-7]: WB  WC  UC- UC  WB  WP  UC- WT  
Memory KASLR using RDRAND RDTSC...
[    0.005078] found SMP MP-table at [mem 0x000f5470-0x000f547f]
[    0.005489] Using GB pages for direct mapping
[    0.005872] ACPI: Early table checksum verification disabled
[    0.006274] ACPI: RSDP 0x00000000000F5290 000014 (v00 BOCHS )
[    0.006683] ACPI: RSDT 0x000000003FFE27BC 000034 (v01 BOCHS  BXPC     00000001 BXPC 00000001)
[    0.007289] ACPI: FACP 0x000000003FFE2578 000074 (v01 BOCHS  BXPC     00000001 BXPC 00000001)
[    0.007898] ACPI: DSDT 0x000000003FFE0040 002538 (v01 BOCHS  BXPC     00000001 BXPC 00000001)
[    0.008503] ACPI: FACS 0x000000003FFE0000 000040
[    0.008831] ACPI: APIC 0x000000003FFE25EC 000170 (v03 BOCHS  BXPC     00000001 BXPC 00000001)
[    0.009436] ACPI: HPET 0x000000003FFE275C 000038 (v01 BOCHS  BXPC     00000001 BXPC 00000001)
[    0.010041] ACPI: WAET 0x000000003FFE2794 000028 (v01 BOCHS  BXPC     00000001 BXPC 00000001)
[    0.010646] ACPI: Reserving FACP table memory at [mem 0x3ffe2578-0x3ffe25eb]
[    0.011146] ACPI: Reserving DSDT table memory at [mem 0x3ffe0040-0x3ffe2577]
[    0.011645] ACPI: Reserving FACS table memory at [mem 0x3ffe0000-0x3ffe003f]
[    0.012146] ACPI: Reserving APIC table memory at [mem 0x3ffe25ec-0x3ffe275b]
[    0.012645] ACPI: Reserving HPET table memory at [mem 0x3ffe275c-0x3ffe2793]
[    0.013143] ACPI: Reserving WAET table memory at [mem 0x3ffe2794-0x3ffe27bb]
[    0.013777] No NUMA configuration found
[    0.014049] Faking a node at [mem 0x0000000000000000-0x000000003ffdffff]
[    0.014525] NODE_DATA(0) allocated [mem 0x3ffdb780-0x3ffdffff]
[    0.014945] Zone ranges:
[    0.015125]   DMA      [mem 0x0000000000001000-0x0000000000ffffff]
[    0.015563]   DMA32    [mem 0x0000000001000000-0x000000003ffdffff]
[    0.016003]   Normal   empty
[    0.016207]   Device   empty
[    0.016410] Movable zone start for each node
[    0.016712] Early memory node ranges
[    0.016965]   node   0: [mem 0x0000000000001000-0x000000000009efff]
[    0.017408]   node   0: [mem 0x0000000000100000-0x000000003ffdffff]
[    0.017851] Initmem setup node 0 [mem 0x0000000000001000-0x000000003ffdffff]
[    0.018352] On node 0, zone DMA: 1 pages in unavailable ranges
[    0.018776] On node 0, zone DMA: 97 pages in unavailable ranges
[    0.020170] On node 0, zone DMA32: 32 pages in unavailable ranges
[    0.020798] ACPI: PM-Timer IO Port: 0x608
[    0.021086] ACPI: LAPIC_NMI (acpi_id[0xff] dfl dfl lint[0x1])
[    0.021508] IOAPIC[0]: apic_id 0, version 17, address 0xfec00000, GSI 0-23
[    0.021995] ACPI: INT_SRC_OVR (bus 0 bus_irq 0 global_irq 2 dfl dfl)
[    0.022445] ACPI: INT_SRC_OVR (bus 0 bus_irq 5 global_irq 5 high level)
[    0.022913] ACPI: INT_SRC_OVR (bus 0 bus_irq 9 global_irq 9 high level)
[    0.023382] ACPI: INT_SRC_OVR (bus 0 bus_irq 10 global_irq 10 high level)
[    0.023865] ACPI: INT_SRC_OVR (bus 0 bus_irq 11 global_irq 11 high level)
[    0.024347] ACPI: Using ACPI (MADT) for SMP configuration information
[    0.024803] ACPI: HPET id: 0x8086a201 base: 0xfed00000
[    0.025168] TSC deadline timer available
[    0.025451] CPU topo: Max. logical packages:   1
[    0.025780] CPU topo: Max. logical dies:       1
[    0.026105] CPU topo: Max. dies per package:   1
[    0.026431] CPU topo: Max. threads per core:   1
[    0.026755] CPU topo: Num. cores per package:    32
[    0.027098] CPU topo: Num. threads per package:  32
[    0.027441] CPU topo: Allowing 32 present CPUs plus 0 hotplug CPUs
[    0.027889] kvm-guest: APIC: eoi() replaced with kvm_guest_apic_eoi_write()
[    0.028388] kvm-guest: KVM setup pv remote TLB flush
[    0.028744] kvm-guest: setup PV sched yield
[    0.029041] PM: hibernation: Registered nosave memory: [mem 0x00000000-0x00000fff]
[    0.029574] PM: hibernation: Registered nosave memory: [mem 0x0009f000-0x0009ffff]
[    0.030107] PM: hibernation: Registered nosave memory: [mem 0x000a0000-0x000effff]
[    0.030640] PM: hibernation: Registered nosave memory: [mem 0x000f0000-0x000fffff]
[    0.031174] [mem 0x40000000-0xfeffbfff] available for PCI devices
[    0.031603] Booting paravirtualized kernel on KVM
[    0.031937] clocksource: refined-jiffies: mask: 0xffffffff max_cycles: 0xffffffff, max_idle_ns: 1910969940391419 ns
[    0.035420] setup_percpu: NR_CPUS:64 nr_cpumask_bits:32 nr_cpu_ids:32 nr_node_ids:1
[    0.036568] percpu: Embedded 58 pages/cpu s198360 r8192 d31016 u262144
[    0.037061] Kernel command line: virtme_hostname=virtme-ng nr_open=1048576 virtme_link_mods=/nipa-data/kernel/.virtme_mods/lib/modules/0.0.0 virtme_initmount0=nipa-data/kernel virtme_rw_overlay0=/etc virtme_rw_overlay1=/lib virtme_rw_overlay2=/home virtme_rw_overlay3=/opt virtme_rw_overlay4=/srv virtme_rw_overlay5=/usr virtme_rw_overlay6=/var console=hvc0 earlyprintk=serial,ttyS0,115200 virtme_console=ttyS0 psmouse.proto=exps TERM=xterm virtme_chdir=nipa-data/kernel virtme_root_user=1 rootfstype=9p rootflags=version=9p2000.L,trans=virtio,access=any raid=noautodetect ro init=/usr/lib/python3/dist-packages/virtme/guest/virtme-init
[    0.041174] Unknown kernel command line parameters "virtme_hostname=virtme-ng nr_open=1048576 virtme_link_mods=/nipa-data/kernel/.virtme_mods/lib/modules/0.0.0 virtme_initmount0=nipa-data/kernel virtme_rw_overlay0=/etc virtme_rw_overlay1=/lib virtme_rw_overlay2=/home virtme_rw_overlay3=/opt virtme_rw_overlay4=/srv virtme_rw_overlay5=/usr virtme_rw_overlay6=/var virtme_console=ttyS0 virtme_chdir=nipa-data/kernel virtme_root_user=1", will be passed to user space.
[    0.044322] random: crng init done
[    0.044569] printk: log buffer data + meta data: 262144 + 917504 = 1179648 bytes
[    0.045131] Dentry cache hash table entries: 131072 (order: 8, 1048576 bytes, linear)
[    0.045718] Inode-cache hash table entries: 65536 (order: 7, 524288 bytes, linear)
[    0.046349] Fallback order for Node 0: 0 
[    0.046351] Built 1 zonelists, mobility grouping on.  Total pages: 262014
[    0.047134] Policy zone: DMA32
[    0.047355] mem auto-init: stack:all(zero), heap alloc:off, heap free:off
[    0.048429] SLUB: HWalign=64, Order=0-3, MinObjects=0, CPUs=32, Nodes=1
Poking KASLR using RDRAND RDTSC...
[    0.049151] ftrace: allocating 49002 entries in 192 pages
[    0.061246] ftrace: allocated 192 pages with 2 groups
[    0.062171] Dynamic Preempt: voluntary
[    0.062562] rcu: Preemptible hierarchical RCU implementation.
[    0.062977] rcu: RCU event tracing is enabled.
[    0.063304] rcu: RCU restricting CPUs from NR_CPUS=64 to nr_cpu_ids=32.
[    0.063795] Trampoline variant of Tasks RCU enabled.
[    0.064161] Rude variant of Tasks RCU enabled.
[    0.064488] Tracing variant of Tasks RCU enabled.
[    0.064835] rcu: RCU calculated value of scheduler-enlistment delay is 100 jiffies.
[    0.065389] rcu: Adjusting geometry for rcu_fanout_leaf=16, nr_cpu_ids=32
[    0.065888] RCU Tasks: Setting shift to 5 and lim to 1 rcu_task_cb_adjust=1 rcu_task_cpu_ids=32.
[    0.066526] RCU Tasks Rude: Setting shift to 5 and lim to 1 rcu_task_cb_adjust=1 rcu_task_cpu_ids=32.
[    0.067194] RCU Tasks Trace: Setting shift to 5 and lim to 1 rcu_task_cb_adjust=1 rcu_task_cpu_ids=32.
[    0.069636] NR_IRQS: 4352, nr_irqs: 680, preallocated irqs: 16
[    0.070223] rcu: srcu_init: Setting srcu_struct sizes based on contention.
[    0.070853] Console: colour *CGA 80x25
[    0.071129] ACPI: Core revision 20240827
[    0.071477] clocksource: hpet: mask: 0xffffffff max_cycles: 0xffffffff, max_idle_ns: 19112604467 ns
[    0.072187] APIC: Switch to symmetric I/O mode setup
[    0.072563] kvm-guest: APIC: send_IPI_mask() replaced with kvm_send_ipi_mask()
[    0.073079] kvm-guest: APIC: send_IPI_mask_allbutself() replaced with kvm_send_ipi_mask_allbutself()
[    0.073709] kvm-guest: setup PV IPIs
[    0.074714] ..TIMER: vector=0x30 apic1=0 pin1=2 apic2=-1 pin2=-1
[    0.075493] clocksource: tsc-early: mask: 0xffffffffffffffff max_cycles: 0x40be4320a4d, max_idle_ns: 440795288133 ns
[    0.076833] Calibrating delay loop (skipped) preset value.. 8983.12 BogoMIPS (lpj=4491560)
[    0.077893] x86/cpu: User Mode Instruction Prevention (UMIP) activated
[    0.078879] Last level iTLB entries: 4KB 512, 2MB 255, 4MB 127
[    0.079832] Last level dTLB entries: 4KB 512, 2MB 255, 4MB 127, 1GB 0
[    0.080836] Spectre V1 : Mitigation: usercopy/swapgs barriers and __user pointer sanitization
[    0.081835] Spectre V2 : Mitigation: Enhanced / Automatic IBRS
[    0.082832] Spectre V2 : Spectre v2 / SpectreRSB mitigation: Filling RSB on context switch
[    0.083833] Spectre V2 : mitigation: Enabling conditional Indirect Branch Prediction Barrier
[    0.084833] Speculative Store Bypass: Mitigation: Speculative Store Bypass disabled via prctl
[    0.085832] Speculative Return Stack Overflow: IBPB-extending microcode not applied!
[    0.086832] Speculative Return Stack Overflow: WARNING: See https://kernel.org/doc/html/latest/admin-guide/hw-vuln/srso.html for mitigation options.
[    0.086833] Speculative Return Stack Overflow: Vulnerable: Safe RET, no microcode
[    0.088846] x86/fpu: Supporting XSAVE feature 0x001: 'x87 floating point registers'
[    0.089832] x86/fpu: Supporting XSAVE feature 0x002: 'SSE registers'
[    0.090832] x86/fpu: Supporting XSAVE feature 0x004: 'AVX registers'
[    0.091832] x86/fpu: Supporting XSAVE feature 0x020: 'AVX-512 opmask'
[    0.092832] x86/fpu: Supporting XSAVE feature 0x040: 'AVX-512 Hi256'
[    0.093613] x86/fpu: Supporting XSAVE feature 0x080: 'AVX-512 ZMM_Hi256'
[    0.093832] x86/fpu: Supporting XSAVE feature 0x200: 'Protection Keys User registers'
[    0.094832] x86/fpu: xstate_offset[2]:  576, xstate_sizes[2]:  256
[    0.095832] x86/fpu: xstate_offset[5]:  832, xstate_sizes[5]:   64
[    0.096832] x86/fpu: xstate_offset[6]:  896, xstate_sizes[6]:  512
[    0.097832] x86/fpu: xstate_offset[7]: 1408, xstate_sizes[7]: 1024
[    0.098591] x86/fpu: xstate_offset[9]: 2432, xstate_sizes[9]:    8
[    0.098832] x86/fpu: Enabled xstate features 0x2e7, context size is 2440 bytes, using 'compacted' format.
[    0.114687] Freeing SMP alternatives memory: 40K
[    0.114833] pid_max: default: 32768 minimum: 301
[    0.115850] Mount-cache hash table entries: 2048 (order: 2, 16384 bytes, linear)
[    0.116764] Mountpoint-cache hash table entries: 2048 (order: 2, 16384 bytes, linear)
[    0.117900] smpboot: CPU0: AMD Ryzen 9 7950X 16-Core Processor (family: 0x19, model: 0x61, stepping: 0x2)
[    0.118951] Performance Events: Fam17h+ core perfctr, AMD PMU driver.
[    0.119767] ... version:                0
[    0.119834] ... bit width:              48
[    0.120338] ... generic registers:      6
[    0.120830] ... value mask:             0000ffffffffffff
[    0.120834] ... max period:             00007fffffffffff
[    0.121486] ... fixed-purpose events:   0
[    0.121834] ... event mask:             000000000000003f
[    0.122557] signal: max sigframe size: 3376
[    0.122849] rcu: Hierarchical SRCU implementation.
[    0.123438] rcu: Max phase no-delay instances is 400.
[    0.123854] Timer migration: 2 hierarchy levels; 8 children per group; 2 crossnode level
[    0.126893] smp: Bringing up secondary CPUs ...
[    0.127507] smpboot: x86: Booting SMP configuration:
[    0.127835] .... node  #0, CPUs:        #1  #2  #3  #4  #5  #6  #7  #8  #9 #10 #11 #12 #13 #14 #15 #16 #17 #18 #19 #20 #21 #22 #23 #24 #25 #26 #27 #28 #29 #30 #31
[    0.139929] smp: Brought up 1 node, 32 CPUs
[    0.141353] smpboot: Total of 32 processors activated (287459.84 BogoMIPS)
[    0.143862] Memory: 970424K/1048056K available (15936K kernel code, 2462K rwdata, 6372K rodata, 3196K init, 1748K bss, 63176K reserved, 0K cma-reserved)
[    0.144925] devtmpfs: initialized
[    0.145277] x86/mm: Memory block size: 128MB
[    0.146480] clocksource: jiffies: mask: 0xffffffff max_cycles: 0xffffffff, max_idle_ns: 1911260446275000 ns
[    0.146835] futex hash table entries: 8192 (order: 7, 524288 bytes, linear)
[    0.147805] PM: RTC time: 03:06:34, date: 2025-03-24
[    0.148169] NET: Registered PF_NETLINK/PF_ROUTE protocol family
[    0.148958] thermal_sys: Registered thermal governor 'step_wise'
[    0.148967] cpuidle: using governor menu
[    0.150918] PCI: Using configuration type 1 for base access
[    0.151610] PCI: Using configuration type 1 for extended access
[    0.151899] kprobes: kprobe jump-optimization is enabled. All kprobes are optimized if possible.
[    0.172284] HugeTLB: registered 1.00 GiB page size, pre-allocated 0 pages
[    0.172834] HugeTLB: 16380 KiB vmemmap can be freed for a 1.00 GiB page
[    0.173653] HugeTLB: registered 2.00 MiB page size, pre-allocated 0 pages
[    0.173834] HugeTLB: 28 KiB vmemmap can be freed for a 2.00 MiB page
[    0.174747] ACPI: Added _OSI(Module Device)
[    0.174835] ACPI: Added _OSI(Processor Device)
[    0.175384] ACPI: Added _OSI(3.0 _SCP Extensions)
[    0.175834] ACPI: Added _OSI(Processor Aggregator Device)
[    0.177160] ACPI: 1 ACPI AML tables successfully acquired and loaded
[    0.178226] ACPI: Interpreter enabled
[    0.178842] ACPI: PM: (supports S0 S3 S4 S5)
[    0.179372] ACPI: Using IOAPIC for interrupt routing
[    0.179842] PCI: Using host bridge windows from ACPI; if necessary, use "pci=nocrs" and report a bug
[    0.180834] PCI: Using E820 reservations for host bridge windows
[    0.181660] ACPI: Enabled 2 GPEs in block 00 to 0F
[    0.184451] ACPI: PCI Root Bridge [PCI0] (domain 0000 [bus 00-ff])
[    0.184836] acpi PNP0A03:00: _OSC: OS supports [ExtendedConfig ASPM ClockPM Segments MSI HPX-Type3]
[    0.185927] PCI host bridge to bus 0000:00
[    0.186436] pci_bus 0000:00: root bus resource [io  0x0000-0x0cf7 window]
[    0.186834] pci_bus 0000:00: root bus resource [io  0x0d00-0xffff window]
[    0.187673] pci_bus 0000:00: root bus resource [mem 0x000a0000-0x000bffff window]
[    0.187834] pci_bus 0000:00: root bus resource [mem 0x40000000-0xfebfffff window]
[    0.188756] pci_bus 0000:00: root bus resource [mem 0x100000000-0x17fffffff window]
[    0.188834] pci_bus 0000:00: root bus resource [bus 00-ff]
[    0.189590] pci 0000:00:00.0: [8086:1237] type 00 class 0x060000 conventional PCI endpoint
[    0.190102] pci 0000:00:01.0: [8086:7000] type 00 class 0x060100 conventional PCI endpoint
[    0.191102] pci 0000:00:01.1: [8086:7010] type 00 class 0x010180 conventional PCI endpoint
[    0.192240] pci 0000:00:01.1: BAR 4 [io  0xc0c0-0xc0cf]
[    0.192852] pci 0000:00:01.1: BAR 0 [io  0x01f0-0x01f7]: legacy IDE quirk
[    0.193696] pci 0000:00:01.1: BAR 1 [io  0x03f6]: legacy IDE quirk
[    0.193834] pci 0000:00:01.1: BAR 2 [io  0x0170-0x0177]: legacy IDE quirk
[    0.194668] pci 0000:00:01.1: BAR 3 [io  0x0376]: legacy IDE quirk
[    0.194921] pci 0000:00:01.3: [8086:7113] type 00 class 0x068000 conventional PCI endpoint
[    0.196029] pci 0000:00:01.3: quirk: [io  0x0600-0x063f] claimed by PIIX4 ACPI
[    0.196838] pci 0000:00:01.3: quirk: [io  0x0700-0x070f] claimed by PIIX4 SMB
[    0.197886] pci 0000:00:02.0: [1af4:1009] type 00 class 0x000200 conventional PCI endpoint
[    0.199592] pci 0000:00:02.0: BAR 0 [io  0xc000-0xc03f]
[    0.199838] pci 0000:00:02.0: BAR 1 [mem 0xfebfc000-0xfebfcfff]
[    0.200584] pci 0000:00:02.0: BAR 4 [mem 0xfebf0000-0xfebf3fff 64bit pref]
[    0.201419] pci 0000:00:03.0: [1af4:1009] type 00 class 0x000200 conventional PCI endpoint
[    0.202393] pci 0000:00:03.0: BAR 0 [io  0xc040-0xc07f]
[    0.202838] pci 0000:00:03.0: BAR 1 [mem 0xfebfd000-0xfebfdfff]
[    0.203591] pci 0000:00:03.0: BAR 4 [mem 0xfebf4000-0xfebf7fff 64bit pref]
[    0.204353] pci 0000:00:04.0: [8086:25ab] type 00 class 0x088000 conventional PCI endpoint
[    0.205179] pci 0000:00:04.0: BAR 0 [mem 0xfebfe000-0xfebfe00f]
[    0.206230] pci 0000:00:05.0: [1af4:1003] type 00 class 0x078000 conventional PCI endpoint
[    0.207563] pci 0000:00:05.0: BAR 0 [io  0xc080-0xc0bf]
[    0.207838] pci 0000:00:05.0: BAR 1 [mem 0xfebff000-0xfebfffff]
[    0.208828] pci 0000:00:05.0: BAR 4 [mem 0xfebf8000-0xfebfbfff 64bit pref]
[    0.209544] ACPI: PCI: Interrupt link LNKA configured for IRQ 10
[    0.209941] ACPI: PCI: Interrupt link LNKB configured for IRQ 10
[    0.210781] ACPI: PCI: Interrupt link LNKC configured for IRQ 11
[    0.210927] ACPI: PCI: Interrupt link LNKD configured for IRQ 11
[    0.211741] ACPI: PCI: Interrupt link LNKS configured for IRQ 9
[    0.212637] iommu: Default domain type: Translated
[    0.212834] iommu: DMA domain TLB invalidation policy: lazy mode
[    0.213615] SCSI subsystem initialized
[    0.213864] pps_core: LinuxPPS API ver. 1 registered
[    0.214483] pps_core: Software ver. 5.3.6 - Copyright 2005-2007 Rodolfo Giometti <giometti@linux.it>
[    0.214836] PTP clock support registered
[    0.215334] Advanced Linux Sound Architecture Driver Initialized.
[    0.216091] NET: Registered PF_ATMPVC protocol family
[    0.216725] NET: Registered PF_ATMSVC protocol family
[    0.216839] PCI: Using ACPI for IRQ routing
[    0.217434] vgaarb: loaded
[    0.217869] hpet0: at MMIO 0xfed00000, IRQs 2, 8, 0
[    0.218478] hpet0: 3 comparators, 64-bit 100.000000 MHz counter
[    0.222982] clocksource: Switched to clocksource kvm-clock
[    0.223751] VFS: Disk quotas dquot_6.6.0
[    0.224594] VFS: Dquot-cache hash table entries: 512 (order 0, 4096 bytes)
[    0.225496] pnp: PnP ACPI init
[    0.226041] pnp: PnP ACPI: found 5 devices
[    0.233408] clocksource: acpi_pm: mask: 0xffffff max_cycles: 0xffffff, max_idle_ns: 2085701024 ns
[    0.234527] NET: Registered PF_INET protocol family
[    0.235153] IP idents hash table entries: 16384 (order: 5, 131072 bytes, linear)
[    0.236203] tcp_listen_portaddr_hash hash table entries: 512 (order: 1, 8192 bytes, linear)
[    0.237240] Table-perturb hash table entries: 65536 (order: 6, 262144 bytes, linear)
[    0.238211] TCP established hash table entries: 8192 (order: 4, 65536 bytes, linear)
[    0.239173] TCP bind hash table entries: 8192 (order: 6, 262144 bytes, linear)
[    0.240175] TCP: Hash tables configured (established 8192 bind 8192)
[    0.240979] UDP hash table entries: 512 (order: 3, 32768 bytes, linear)
[    0.241807] UDP-Lite hash table entries: 512 (order: 3, 32768 bytes, linear)
[    0.242712] NET: Registered PF_UNIX/PF_LOCAL protocol family
[    0.243421] pci_bus 0000:00: resource 4 [io  0x0000-0x0cf7 window]
[    0.244188] pci_bus 0000:00: resource 5 [io  0x0d00-0xffff window]
[    0.244950] pci_bus 0000:00: resource 6 [mem 0x000a0000-0x000bffff window]
[    0.245803] pci_bus 0000:00: resource 7 [mem 0x40000000-0xfebfffff window]
[    0.246662] pci_bus 0000:00: resource 8 [mem 0x100000000-0x17fffffff window]
[    0.247553] pci 0000:00:01.0: PIIX3: Enabling Passive Release
[    0.248269] pci 0000:00:00.0: Limiting direct PCI/PCI transfers
[    0.249035] PCI: CLS 0 bytes, default 64
[    0.249580] kvm_intel: VMX not supported by CPU 0
[    0.250199] kvm_amd: TSC scaling supported
[    0.250704] kvm_amd: Nested Virtualization enabled
[    0.251302] kvm_amd: Nested Paging enabled
[    0.251807] kvm_amd: LBR virtualization supported
[    0.252393] kvm_amd: Virtual GIF supported
[    0.252902] kvm_amd: Virtual NMI enabled
[    0.281448] clocksource: tsc: mask: 0xffffffffffffffff max_cycles: 0x40be4320a4d, max_idle_ns: 440795288133 ns
[    0.288959] Initialise system trusted keyrings
[    0.289601] workingset: timestamp_bits=56 max_order=18 bucket_order=0
[    0.290447] squashfs: version 4.0 (2009/01/31) Phillip Lougher
[    0.291192] fuse: init (API version 7.42)
[    0.291732] 9p: Installing v9fs 9p2000 file system support
[    0.298836] Key type asymmetric registered
[    0.299361] Asymmetric key parser 'x509' registered
[    0.299977] Block layer SCSI generic (bsg) driver version 0.4 loaded (major 249)
[    0.300912] io scheduler mq-deadline registered
[    0.301484] io scheduler kyber registered
[    0.303656] input: Power Button as /devices/LNXSYSTM:00/LNXPWRBN:00/input/input0
[    0.304629] ACPI: button: Power Button [PWRF]
[    0.305544] Warning: Processor Platform Limit event detected, but not handled.
[    0.306457] Consider compiling CPUfreq support into your kernel.
[    0.324080] ACPI: \_SB_.LNKB: Enabled at IRQ 10
[    0.339725] ACPI: \_SB_.LNKC: Enabled at IRQ 11
[    0.355287] ACPI: \_SB_.LNKA: Enabled at IRQ 10
[    0.356378] Serial: 8250/16550 driver, 4 ports, IRQ sharing enabled
[    0.357266] 00:03: ttyS0 at I/O 0x3f8 (irq = 4, base_baud = 115200) is a 16550A
[    0.376235] Non-volatile memory driver v1.3
[    0.376765] Linux agpgart interface v0.103
[    0.377293] printk: legacy console [hvc0] enabled
[    0.377316] ACPI: bus type drm_connector registered
[    0.377882] printk: legacy bootconsole [earlyser0] disabled
          _      _                                    
   __   _(_)_ __| |_ _ __ ___   ___       _ __   __ _ 
   \ \ / / |  __| __|  _   _ \ / _ \_____|  _ \ / _  |
    \ V /| | |  | |_| | | | | |  __/_____| | | | (_| |
     \_/ |_|_|   \__|_| |_| |_|\___|     |_| |_|\__  |
                                                |___/ 
   kernel version: 6.14.0-rc7-virtme x86_64
   (CTRL+d to exit)

root@virtme-ng:/nipa-data/kernel# PS1='xx__-> '
xx__-> env
PWD=/nipa-data/kernel
nr_open=1048576
HOME=/
TERM=xterm
SHLVL=2
XDG_RUNTIME_DIR=/run/user/0
PATH=/bin:/sbin:/usr/bin:/usr/sbin:/usr/local/bin
OLDPWD=/
_=/bin/env
xx__-> 