No EFI environment detected.
early console in extract_kernel
input_data: 0x0000000002be32c4
input_len: 0x0000000000b7fd98
output: 0x0000000001000000
output_len: 0x000000000271b8f4
kernel_total_size: 0x0000000002430000
needed_size: 0x0000000002800000
trampoline_32bit: 0x0000000000000000
Physical KASLR using RDRAND RDTSC...
Virtual KASLR using RDRAND RDTSC...

Decompressing Linux... Parsing ELF... Performing relocations... done.
Booting the kernel (entry_offset: 0x0000000000000000).
[    0.000000] Linux version 6.13.0-rc1-virtme (root@1507256e9af8) (gcc (Ubuntu 13.2.0-23ubuntu4) 13.2.0, GNU ld (GNU Binutils for Ubuntu) 2.42) #1 SMP PREEMPT_DYNAMIC Sat Dec  7 00:07:14 UTC 2024
[    0.000000] Command line: virtme_hostname=virtme-ng nr_open=1048576 virtme_link_mods=/nipa-data/kernel/.virtme_mods/lib/modules/0.0.0 virtme_initmount0=nipa-data/kernel virtme_rw_overlay0=/etc virtme_rw_overlay1=/lib virtme_rw_overlay2=/home virtme_rw_overlay3=/opt virtme_rw_overlay4=/srv virtme_rw_overlay5=/usr virtme_rw_overlay6=/var console=hvc0 earlyprintk=serial,ttyS0,115200 virtme_console=ttyS0 psmouse.proto=exps TERM=xterm virtme_chdir=nipa-data/kernel virtme_root_user=1 rootfstype=9p rootflags=version=9p2000.L,trans=virtio,access=any raid=noautodetect ro init=/usr/lib/python3/dist-packages/virtme/guest/virtme-init
[    0.000000] BIOS-provided physical RAM map:
[    0.000000] BIOS-e820: [mem 0x0000000000000000-0x000000000009fbff] usable
[    0.000000] BIOS-e820: [mem 0x000000000009fc00-0x000000000009ffff] reserved
[    0.000000] BIOS-e820: [mem 0x00000000000f0000-0x00000000000fffff] reserved
[    0.000000] BIOS-e820: [mem 0x0000000000100000-0x000000003ffdffff] usable
[    0.000000] BIOS-e820: [mem 0x000000003ffe0000-0x000000003fffffff] reserved
[    0.000000] BIOS-e820: [mem 0x00000000feffc000-0x00000000feffffff] reserved
[    0.000000] BIOS-e820: [mem 0x00000000fffc0000-0x00000000ffffffff] reserved
[    0.000000] BIOS-e820: [mem 0x000000fd00000000-0x000000ffffffffff] reserved
[    0.000000] printk: legacy bootconsole [earlyser0] enabled
[    0.000000] NX (Execute Disable) protection: active
[    0.000000] APIC: Static calls initialized
[    0.000000] SMBIOS 3.0.0 present.
[    0.000000] DMI: QEMU Ubuntu 24.04 PC (i440FX + PIIX, 1996), BIOS 1.16.3-debian-1.16.3-2 04/01/2014
[    0.000000] DMI: Memory slots populated: 1/1
[    0.000000] Hypervisor detected: KVM
[    0.000000] kvm-clock: Using msrs 4b564d01 and 4b564d00
[    0.000000] kvm-clock: using sched offset of 234453989 cycles
[    0.000367] clocksource: kvm-clock: mask: 0xffffffffffffffff max_cycles: 0x1cd42e4dffb, max_idle_ns: 881590591483 ns
[    0.001509] tsc: Detected 4491.556 MHz processor
[    0.002091] last_pfn = 0x3ffe0 max_arch_pfn = 0x400000000
[    0.002493] MTRR map: 4 entries (3 fixed + 1 variable; max 19), built from 8 variable MTRRs
[    0.003084] x86/PAT: Configuration [0-7]: WB  WC  UC- UC  WB  WP  UC- WT  
Memory KASLR using RDRAND RDTSC...
[    0.005063] found SMP MP-table at [mem 0x000f5470-0x000f547f]
[    0.005469] Using GB pages for direct mapping
[    0.005836] ACPI: Early table checksum verification disabled
[    0.006236] ACPI: RSDP 0x00000000000F5290 000014 (v00 BOCHS )
[    0.006639] ACPI: RSDT 0x000000003FFE27BC 000034 (v01 BOCHS  BXPC     00000001 BXPC 00000001)
[    0.007246] ACPI: FACP 0x000000003FFE2578 000074 (v01 BOCHS  BXPC     00000001 BXPC 00000001)
[    0.007846] ACPI: DSDT 0x000000003FFE0040 002538 (v01 BOCHS  BXPC     00000001 BXPC 00000001)
[    0.008446] ACPI: FACS 0x000000003FFE0000 000040
[    0.008771] ACPI: APIC 0x000000003FFE25EC 000170 (v03 BOCHS  BXPC     00000001 BXPC 00000001)
[    0.009373] ACPI: HPET 0x000000003FFE275C 000038 (v01 BOCHS  BXPC     00000001 BXPC 00000001)
[    0.009971] ACPI: WAET 0x000000003FFE2794 000028 (v01 BOCHS  BXPC     00000001 BXPC 00000001)
[    0.010568] ACPI: Reserving FACP table memory at [mem 0x3ffe2578-0x3ffe25eb]
[    0.011063] ACPI: Reserving DSDT table memory at [mem 0x3ffe0040-0x3ffe2577]
[    0.011556] ACPI: Reserving FACS table memory at [mem 0x3ffe0000-0x3ffe003f]
[    0.012049] ACPI: Reserving APIC table memory at [mem 0x3ffe25ec-0x3ffe275b]
[    0.012541] ACPI: Reserving HPET table memory at [mem 0x3ffe275c-0x3ffe2793]
[    0.013035] ACPI: Reserving WAET table memory at [mem 0x3ffe2794-0x3ffe27bb]
[    0.013661] No NUMA configuration found
[    0.013930] Faking a node at [mem 0x0000000000000000-0x000000003ffdffff]
[    0.014399] NODE_DATA(0) allocated [mem 0x3ffdb780-0x3ffdffff]
[    0.014816] Zone ranges:
[    0.014994]   DMA      [mem 0x0000000000001000-0x0000000000ffffff]
[    0.015429]   DMA32    [mem 0x0000000001000000-0x000000003ffdffff]
[    0.015862]   Normal   empty
[    0.016063]   Device   empty
[    0.016264] Movable zone start for each node
[    0.016563] Early memory node ranges
[    0.016813]   node   0: [mem 0x0000000000001000-0x000000000009efff]
[    0.017252]   node   0: [mem 0x0000000000100000-0x000000003ffdffff]
[    0.017691] Initmem setup node 0 [mem 0x0000000000001000-0x000000003ffdffff]
[    0.018186] On node 0, zone DMA: 1 pages in unavailable ranges
[    0.018602] On node 0, zone DMA: 97 pages in unavailable ranges
[    0.019987] On node 0, zone DMA32: 32 pages in unavailable ranges
[    0.020606] ACPI: PM-Timer IO Port: 0x608
[    0.020890] ACPI: LAPIC_NMI (acpi_id[0xff] dfl dfl lint[0x1])
[    0.021307] IOAPIC[0]: apic_id 0, version 17, address 0xfec00000, GSI 0-23
[    0.021788] ACPI: INT_SRC_OVR (bus 0 bus_irq 0 global_irq 2 dfl dfl)
[    0.022233] ACPI: INT_SRC_OVR (bus 0 bus_irq 5 global_irq 5 high level)
[    0.022695] ACPI: INT_SRC_OVR (bus 0 bus_irq 9 global_irq 9 high level)
[    0.023160] ACPI: INT_SRC_OVR (bus 0 bus_irq 10 global_irq 10 high level)
[    0.023635] ACPI: INT_SRC_OVR (bus 0 bus_irq 11 global_irq 11 high level)
[    0.024111] ACPI: Using ACPI (MADT) for SMP configuration information
[    0.024561] ACPI: HPET id: 0x8086a201 base: 0xfed00000
[    0.024922] TSC deadline timer available
[    0.025198] CPU topo: Max. logical packages:   1
[    0.025521] CPU topo: Max. logical dies:       1
[    0.025844] CPU topo: Max. dies per package:   1
[    0.026168] CPU topo: Max. threads per core:   1
[    0.026491] CPU topo: Num. cores per package:    32
[    0.026832] CPU topo: Num. threads per package:  32
[    0.027175] CPU topo: Allowing 32 present CPUs plus 0 hotplug CPUs
[    0.027614] kvm-guest: APIC: eoi() replaced with kvm_guest_apic_eoi_write()
[    0.028111] kvm-guest: KVM setup pv remote TLB flush
[    0.028458] kvm-guest: setup PV sched yield
[    0.028751] PM: hibernation: Registered nosave memory: [mem 0x00000000-0x00000fff]
[    0.029284] PM: hibernation: Registered nosave memory: [mem 0x0009f000-0x0009ffff]
[    0.029813] PM: hibernation: Registered nosave memory: [mem 0x000a0000-0x000effff]
[    0.030345] PM: hibernation: Registered nosave memory: [mem 0x000f0000-0x000fffff]
[    0.030871] [mem 0x40000000-0xfeffbfff] available for PCI devices
[    0.031297] Booting paravirtualized kernel on KVM
[    0.031625] clocksource: refined-jiffies: mask: 0xffffffff max_cycles: 0xffffffff, max_idle_ns: 1910969940391419 ns
[    0.035090] setup_percpu: NR_CPUS:64 nr_cpumask_bits:32 nr_cpu_ids:32 nr_node_ids:1
[    0.036213] percpu: Embedded 58 pages/cpu s198232 r8192 d31144 u262144
[    0.036703] Kernel command line: virtme_hostname=virtme-ng nr_open=1048576 virtme_link_mods=/nipa-data/kernel/.virtme_mods/lib/modules/0.0.0 virtme_initmount0=nipa-data/kernel virtme_rw_overlay0=/etc virtme_rw_overlay1=/lib virtme_rw_overlay2=/home virtme_rw_overlay3=/opt virtme_rw_overlay4=/srv virtme_rw_overlay5=/usr virtme_rw_overlay6=/var console=hvc0 earlyprintk=serial,ttyS0,115200 virtme_console=ttyS0 psmouse.proto=exps TERM=xterm virtme_chdir=nipa-data/kernel virtme_root_user=1 rootfstype=9p rootflags=version=9p2000.L,trans=virtio,access=any raid=noautodetect ro init=/usr/lib/python3/dist-packages/virtme/guest/virtme-init
[    0.040795] Unknown kernel command line parameters "virtme_hostname=virtme-ng nr_open=1048576 virtme_link_mods=/nipa-data/kernel/.virtme_mods/lib/modules/0.0.0 virtme_initmount0=nipa-data/kernel virtme_rw_overlay0=/etc virtme_rw_overlay1=/lib virtme_rw_overlay2=/home virtme_rw_overlay3=/opt virtme_rw_overlay4=/srv virtme_rw_overlay5=/usr virtme_rw_overlay6=/var virtme_console=ttyS0 virtme_chdir=nipa-data/kernel virtme_root_user=1", will be passed to user space.
[    0.043924] random: crng init done
[    0.044168] printk: log buffer data + meta data: 262144 + 917504 = 1179648 bytes
[    0.044728] Dentry cache hash table entries: 131072 (order: 8, 1048576 bytes, linear)
[    0.045310] Inode-cache hash table entries: 65536 (order: 7, 524288 bytes, linear)
[    0.045939] Fallback order for Node 0: 0 
[    0.045941] Built 1 zonelists, mobility grouping on.  Total pages: 262014
[    0.046718] Policy zone: DMA32
[    0.046937] mem auto-init: stack:all(zero), heap alloc:off, heap free:off
[    0.048002] SLUB: HWalign=64, Order=0-3, MinObjects=0, CPUs=32, Nodes=1
Poking KASLR using RDRAND RDTSC...
[    0.048722] ftrace: allocating 48734 entries in 191 pages
[    0.060787] ftrace: allocated 191 pages with 7 groups
[    0.061705] Dynamic Preempt: voluntary
[    0.062101] rcu: Preemptible hierarchical RCU implementation.
[    0.062515] rcu: RCU event tracing is enabled.
[    0.062839] rcu: RCU restricting CPUs from NR_CPUS=64 to nr_cpu_ids=32.
[    0.063326] Trampoline variant of Tasks RCU enabled.
[    0.063688] Rude variant of Tasks RCU enabled.
[    0.064012] Tracing variant of Tasks RCU enabled.
[    0.064355] rcu: RCU calculated value of scheduler-enlistment delay is 100 jiffies.
[    0.064903] rcu: Adjusting geometry for rcu_fanout_leaf=16, nr_cpu_ids=32
[    0.065395] RCU Tasks: Setting shift to 5 and lim to 1 rcu_task_cb_adjust=1 rcu_task_cpu_ids=32.
[    0.066031] RCU Tasks Rude: Setting shift to 5 and lim to 1 rcu_task_cb_adjust=1 rcu_task_cpu_ids=32.
[    0.066696] RCU Tasks Trace: Setting shift to 5 and lim to 1 rcu_task_cb_adjust=1 rcu_task_cpu_ids=32.
[    0.068754] NR_IRQS: 4352, nr_irqs: 680, preallocated irqs: 16
[    0.069338] rcu: srcu_init: Setting srcu_struct sizes based on contention.
[    0.069964] Console: colour *CGA 80x25
[    0.070237] ACPI: Core revision 20240827
[    0.070583] clocksource: hpet: mask: 0xffffffff max_cycles: 0xffffffff, max_idle_ns: 19112604467 ns
[    0.071287] APIC: Switch to symmetric I/O mode setup
[    0.071659] kvm-guest: APIC: send_IPI_mask() replaced with kvm_send_ipi_mask()
[    0.072172] kvm-guest: APIC: send_IPI_mask_allbutself() replaced with kvm_send_ipi_mask_allbutself()
[    0.072798] kvm-guest: setup PV IPIs
[    0.073800] ..TIMER: vector=0x30 apic1=0 pin1=2 apic2=-1 pin2=-1
[    0.074575] clocksource: tsc-early: mask: 0xffffffffffffffff max_cycles: 0x40be400eb43, max_idle_ns: 440795366972 ns
[    0.075914] Calibrating delay loop (skipped) preset value.. 8983.11 BogoMIPS (lpj=4491556)
[    0.076973] x86/cpu: User Mode Instruction Prevention (UMIP) activated
[    0.077961] Last level iTLB entries: 4KB 512, 2MB 255, 4MB 127
[    0.078913] Last level dTLB entries: 4KB 512, 2MB 255, 4MB 127, 1GB 0
[    0.079917] Spectre V1 : Mitigation: usercopy/swapgs barriers and __user pointer sanitization
[    0.080916] Spectre V2 : Mitigation: Enhanced / Automatic IBRS
[    0.081640] Spectre V2 : Spectre v2 / SpectreRSB mitigation: Filling RSB on context switch
[    0.081914] Spectre V2 : mitigation: Enabling conditional Indirect Branch Prediction Barrier
[    0.082914] Speculative Store Bypass: Mitigation: Speculative Store Bypass disabled via prctl
[    0.083913] Speculative Return Stack Overflow: IBPB-extending microcode not applied!
[    0.084913] Speculative Return Stack Overflow: WARNING: See https://kernel.org/doc/html/latest/admin-guide/hw-vuln/srso.html for mitigation options.
[    0.084913] Speculative Return Stack Overflow: Vulnerable: Safe RET, no microcode
[    0.086927] x86/fpu: Supporting XSAVE feature 0x001: 'x87 floating point registers'
[    0.087913] x86/fpu: Supporting XSAVE feature 0x002: 'SSE registers'
[    0.088913] x86/fpu: Supporting XSAVE feature 0x004: 'AVX registers'
[    0.089913] x86/fpu: Supporting XSAVE feature 0x020: 'AVX-512 opmask'
[    0.090913] x86/fpu: Supporting XSAVE feature 0x040: 'AVX-512 Hi256'
[    0.091684] x86/fpu: Supporting XSAVE feature 0x080: 'AVX-512 ZMM_Hi256'
[    0.091913] x86/fpu: Supporting XSAVE feature 0x200: 'Protection Keys User registers'
[    0.092913] x86/fpu: xstate_offset[2]:  576, xstate_sizes[2]:  256
[    0.093913] x86/fpu: xstate_offset[5]:  832, xstate_sizes[5]:   64
[    0.094913] x86/fpu: xstate_offset[6]:  896, xstate_sizes[6]:  512
[    0.095664] x86/fpu: xstate_offset[7]: 1408, xstate_sizes[7]: 1024
[    0.095913] x86/fpu: xstate_offset[9]: 2432, xstate_sizes[9]:    8
[    0.096913] x86/fpu: Enabled xstate features 0x2e7, context size is 2440 bytes, using 'compacted' format.
[    0.112403] Freeing SMP alternatives memory: 40K
[    0.112914] pid_max: default: 32768 minimum: 301
[    0.113496] Mount-cache hash table entries: 2048 (order: 2, 16384 bytes, linear)
[    0.113913] Mountpoint-cache hash table entries: 2048 (order: 2, 16384 bytes, linear)
[    0.115043] smpboot: CPU0: AMD Ryzen 9 7950X 16-Core Processor (family: 0x19, model: 0x61, stepping: 0x2)
[    0.116025] Performance Events: Fam17h+ core perfctr, AMD PMU driver.
[    0.116830] ... version:                0
[    0.116915] ... bit width:              48
[    0.117420] ... generic registers:      6
[    0.117910] ... value mask:             0000ffffffffffff
[    0.117914] ... max period:             00007fffffffffff
[    0.118565] ... fixed-purpose events:   0
[    0.118914] ... event mask:             000000000000003f
[    0.119631] signal: max sigframe size: 3376
[    0.119930] rcu: Hierarchical SRCU implementation.
[    0.120515] rcu: Max phase no-delay instances is 400.
[    0.120935] Timer migration: 2 hierarchy levels; 8 children per group; 2 crossnode level
[    0.123973] smp: Bringing up secondary CPUs ...
[    0.124600] smpboot: x86: Booting SMP configuration:
[    0.124916] .... node  #0, CPUs:        #1  #2  #3  #4  #5  #6  #7  #8  #9 #10 #11 #12 #13 #14 #15 #16 #17 #18 #19 #20 #21 #22 #23 #24 #25 #26 #27 #28 #29 #30 #31
[    0.149023] smp: Brought up 1 node, 32 CPUs
[    0.150426] smpboot: Total of 32 processors activated (287459.58 BogoMIPS)
[    0.152931] Memory: 970432K/1048056K available (16384K kernel code, 2471K rwdata, 6332K rodata, 3148K init, 1804K bss, 63188K reserved, 0K cma-reserved)
[    0.154004] devtmpfs: initialized
[    0.154337] x86/mm: Memory block size: 128MB
[    0.155616] clocksource: jiffies: mask: 0xffffffff max_cycles: 0xffffffff, max_idle_ns: 1911260446275000 ns
[    0.155916] futex hash table entries: 8192 (order: 7, 524288 bytes, linear)
[    0.156851] PM: RTC time: 00:07:33, date: 2024-12-07
[    0.157236] NET: Registered PF_NETLINK/PF_ROUTE protocol family
[    0.158031] thermal_sys: Registered thermal governor 'step_wise'
[    0.158032] thermal_sys: Registered thermal governor 'user_space'
[    0.158773] cpuidle: using governor menu
[    0.160100] PCI: Using configuration type 1 for base access
[    0.160915] PCI: Using configuration type 1 for extended access
[    0.161696] kprobes: kprobe jump-optimization is enabled. All kprobes are optimized if possible.
[    0.176734] HugeTLB: registered 1.00 GiB page size, pre-allocated 0 pages
[    0.176915] HugeTLB: 16380 KiB vmemmap can be freed for a 1.00 GiB page
[    0.177719] HugeTLB: registered 2.00 MiB page size, pre-allocated 0 pages
[    0.177914] HugeTLB: 28 KiB vmemmap can be freed for a 2.00 MiB page
[    0.178744] ACPI: Added _OSI(Module Device)
[    0.178915] ACPI: Added _OSI(Processor Device)
[    0.179457] ACPI: Added _OSI(3.0 _SCP Extensions)
[    0.179915] ACPI: Added _OSI(Processor Aggregator Device)
[    0.181221] ACPI: 1 ACPI AML tables successfully acquired and loaded
[    0.182254] ACPI: Interpreter enabled
[    0.182922] ACPI: PM: (supports S0 S3 S4 S5)
[    0.183437] ACPI: Using IOAPIC for interrupt routing
[    0.183921] PCI: Using host bridge windows from ACPI; if necessary, use "pci=nocrs" and report a bug
[    0.184915] PCI: Using E820 reservations for host bridge windows
[    0.185727] ACPI: Enabled 2 GPEs in block 00 to 0F
[    0.188310] ACPI: PCI Root Bridge [PCI0] (domain 0000 [bus 00-ff])
[    0.188917] acpi PNP0A03:00: _OSC: OS supports [ExtendedConfig ASPM ClockPM Segments MSI HPX-Type3]
[    0.189997] PCI host bridge to bus 0000:00
[    0.190493] pci_bus 0000:00: root bus resource [io  0x0000-0x0cf7 window]
[    0.190915] pci_bus 0000:00: root bus resource [io  0x0d00-0xffff window]
[    0.191739] pci_bus 0000:00: root bus resource [mem 0x000a0000-0x000bffff window]
[    0.191914] pci_bus 0000:00: root bus resource [mem 0x40000000-0xfebfffff window]
[    0.192817] pci_bus 0000:00: root bus resource [mem 0x100000000-0x17fffffff window]
[    0.192915] pci_bus 0000:00: root bus resource [bus 00-ff]
[    0.193657] pci 0000:00:00.0: [8086:1237] type 00 class 0x060000 conventional PCI endpoint
[    0.194146] pci 0000:00:01.0: [8086:7000] type 00 class 0x060100 conventional PCI endpoint
[    0.195210] pci 0000:00:01.1: [8086:7010] type 00 class 0x010180 conventional PCI endpoint
[    0.197026] pci 0000:00:01.1: BAR 4 [io  0xc0c0-0xc0cf]
[    0.198441] pci 0000:00:01.1: BAR 0 [io  0x01f0-0x01f7]: legacy IDE quirk
[    0.198930] pci 0000:00:01.1: BAR 1 [io  0x03f6]: legacy IDE quirk
[    0.199678] pci 0000:00:01.1: BAR 2 [io  0x0170-0x0177]: legacy IDE quirk
[    0.199914] pci 0000:00:01.1: BAR 3 [io  0x0376]: legacy IDE quirk
[    0.200747] pci 0000:00:01.3: [8086:7113] type 00 class 0x068000 conventional PCI endpoint
[    0.201139] pci 0000:00:01.3: quirk: [io  0x0600-0x063f] claimed by PIIX4 ACPI
[    0.201918] pci 0000:00:01.3: quirk: [io  0x0700-0x070f] claimed by PIIX4 SMB
[    0.202928] pci 0000:00:02.0: [1af4:1009] type 00 class 0x000200 conventional PCI endpoint
[    0.204332] pci 0000:00:02.0: BAR 0 [io  0xc000-0xc03f]
[    0.205280] pci 0000:00:02.0: BAR 1 [mem 0xfebfc000-0xfebfcfff]
[    0.207575] pci 0000:00:02.0: BAR 4 [mem 0xfebf0000-0xfebf3fff 64bit pref]
[    0.208852] pci 0000:00:03.0: [1af4:1009] type 00 class 0x000200 conventional PCI endpoint
[    0.209840] pci 0000:00:03.0: BAR 0 [io  0xc040-0xc07f]
[    0.210768] pci 0000:00:03.0: BAR 1 [mem 0xfebfd000-0xfebfdfff]
[    0.212915] pci 0000:00:03.0: BAR 4 [mem 0xfebf4000-0xfebf7fff 64bit pref]
[    0.214795] pci 0000:00:04.0: [8086:25ab] type 00 class 0x088000 conventional PCI endpoint
[    0.215080] pci 0000:00:04.0: BAR 0 [mem 0xfebfe000-0xfebfe00f]
[    0.216871] pci 0000:00:05.0: [1af4:1003] type 00 class 0x078000 conventional PCI endpoint
[    0.217306] pci 0000:00:05.0: BAR 0 [io  0xc080-0xc0bf]
[    0.218259] pci 0000:00:05.0: BAR 1 [mem 0xfebff000-0xfebfffff]
[    0.219915] pci 0000:00:05.0: BAR 4 [mem 0xfebf8000-0xfebfbfff 64bit pref]
[    0.222213] ACPI: PCI: Interrupt link LNKA configured for IRQ 10
[    0.223018] ACPI: PCI: Interrupt link LNKB configured for IRQ 10
[    0.223844] ACPI: PCI: Interrupt link LNKC configured for IRQ 11
[    0.224006] ACPI: PCI: Interrupt link LNKD configured for IRQ 11
[    0.224798] ACPI: PCI: Interrupt link LNKS configured for IRQ 9
[    0.225698] iommu: Default domain type: Translated
[    0.225915] iommu: DMA domain TLB invalidation policy: lazy mode
[    0.226683] SCSI subsystem initialized
[    0.226941] pps_core: LinuxPPS API ver. 1 registered
[    0.227542] pps_core: Software ver. 5.3.6 - Copyright 2005-2007 Rodolfo Giometti <giometti@linux.it>
[    0.227917] PTP clock support registered
[    0.228410] Advanced Linux Sound Architecture Driver Initialized.
[    0.229173] NET: Registered PF_ATMPVC protocol family
[    0.229812] NET: Registered PF_ATMSVC protocol family
[    0.229920] PCI: Using ACPI for IRQ routing
[    0.230501] vgaarb: loaded
[    0.230915] hpet0: at MMIO 0xfed00000, IRQs 2, 8, 0
[    0.231511] hpet0: 3 comparators, 64-bit 100.000000 MHz counter
[    0.235289] clocksource: Switched to clocksource kvm-clock
[    0.235840] VFS: Disk quotas dquot_6.6.0
[    0.236331] VFS: Dquot-cache hash table entries: 512 (order 0, 4096 bytes)
[    0.237201] pnp: PnP ACPI init
[    0.237734] pnp: PnP ACPI: found 5 devices
[    0.245296] clocksource: acpi_pm: mask: 0xffffff max_cycles: 0xffffff, max_idle_ns: 2085701024 ns
[    0.246393] NET: Registered PF_INET protocol family
[    0.246994] IP idents hash table entries: 16384 (order: 5, 131072 bytes, linear)
[    0.248037] tcp_listen_portaddr_hash hash table entries: 512 (order: 1, 8192 bytes, linear)
[    0.249066] Table-perturb hash table entries: 65536 (order: 6, 262144 bytes, linear)
[    0.250013] TCP established hash table entries: 8192 (order: 4, 65536 bytes, linear)
[    0.250953] TCP bind hash table entries: 8192 (order: 6, 262144 bytes, linear)
[    0.251838] TCP: Hash tables configured (established 8192 bind 8192)
[    0.252624] UDP hash table entries: 512 (order: 3, 32768 bytes, linear)
[    0.253429] UDP-Lite hash table entries: 512 (order: 3, 32768 bytes, linear)
[    0.254294] NET: Registered PF_UNIX/PF_LOCAL protocol family
[    0.254967] pci_bus 0000:00: resource 4 [io  0x0000-0x0cf7 window]
[    0.255699] pci_bus 0000:00: resource 5 [io  0x0d00-0xffff window]
[    0.256431] pci_bus 0000:00: resource 6 [mem 0x000a0000-0x000bffff window]
[    0.257244] pci_bus 0000:00: resource 7 [mem 0x40000000-0xfebfffff window]
[    0.258061] pci_bus 0000:00: resource 8 [mem 0x100000000-0x17fffffff window]
[    0.258934] pci 0000:00:01.0: PIIX3: Enabling Passive Release
[    0.259634] pci 0000:00:00.0: Limiting direct PCI/PCI transfers
[    0.260374] PCI: CLS 0 bytes, default 64
[    0.260893] kvm_intel: VMX not supported by CPU 0
[    0.261465] kvm_amd: TSC scaling supported
[    0.261949] kvm_amd: Nested Virtualization enabled
[    0.262515] kvm_amd: Nested Paging enabled
[    0.262996] kvm_amd: LBR virtualization supported
[    0.263649] kvm_amd: Virtual GIF supported
[    0.264138] kvm_amd: Virtual NMI enabled
[    0.294542] clocksource: tsc: mask: 0xffffffffffffffff max_cycles: 0x40be400eb43, max_idle_ns: 440795366972 ns
[    0.301904] Initialise system trusted keyrings
[    0.302526] workingset: timestamp_bits=56 max_order=18 bucket_order=0
[    0.303339] squashfs: version 4.0 (2009/01/31) Phillip Lougher
[    0.304054] fuse: init (API version 7.41)
[    0.304599] 9p: Installing v9fs 9p2000 file system support
[    0.311422] Key type asymmetric registered
[    0.311923] Asymmetric key parser 'x509' registered
[    0.312537] Block layer SCSI generic (bsg) driver version 0.4 loaded (major 249)
[    0.313448] io scheduler mq-deadline registered
[    0.314004] io scheduler kyber registered
[    0.316203] input: Power Button as /devices/LNXSYSTM:00/LNXPWRBN:00/input/input0
[    0.317148] ACPI: button: Power Button [PWRF]
[    0.318064] Warning: Processor Platform Limit event detected, but not handled.
[    0.318947] Consider compiling CPUfreq support into your kernel.
[    0.336521] ACPI: \_SB_.LNKB: Enabled at IRQ 10
[    0.352303] ACPI: \_SB_.LNKC: Enabled at IRQ 11
[    0.367995] ACPI: \_SB_.LNKA: Enabled at IRQ 10
[    0.369262] Serial: 8250/16550 driver, 4 ports, IRQ sharing enabled
[    0.370164] 00:03: ttyS0 at I/O 0x3f8 (irq = 4, base_baud = 115200) is a 16550A
[    0.392451] Non-volatile memory driver v1.3
[    0.393005] Linux agpgart interface v0.103
[    0.393063] ACPI: bus type drm_connector registered
[    0.394164] printk: legacy console [hvc0] enabled
[    0.394747] printk: legacy bootconsole [earlyser0] disabled
          _      _                                    
   __   _(_)_ __| |_ _ __ ___   ___       _ __   __ _ 
   \ \ / / |  __| __|  _   _ \ / _ \_____|  _ \ / _  |
    \ V /| | |  | |_| | | | | |  __/_____| | | | (_| |
     \_/ |_|_|   \__|_| |_| |_|\___|     |_| |_|\__  |
                                                |___/ 
   kernel version: 6.13.0-rc1-virtme x86_64
   (CTRL+d to exit)

root@virtme-ng:/nipa-data/kernel# PS1='xx__-> '
xx__-> env
PWD=/nipa-data/kernel
nr_open=1048576
HOME=/
TERM=xterm
SHLVL=2
XDG_RUNTIME_DIR=/run/user/0
PATH=/bin:/sbin:/usr/bin:/usr/sbin:/usr/local/bin
OLDPWD=/
_=/bin/env
xx__-> 