No EFI environment detected.
early console in extract_kernel
input_data: 0x0000000004abb2b9
input_len: 0x00000000017a9585
output: 0x0000000001000000
output_len: 0x00000000051f20ec
kernel_total_size: 0x0000000004e30000
needed_size: 0x0000000005200000
trampoline_32bit: 0x0000000000000000
Physical KASLR using RDRAND RDTSC...
Virtual KASLR using RDRAND RDTSC...

Decompressing Linux... Parsing ELF... Performing relocations... done.
Booting the kernel (entry_offset: 0x0000000000000000).
[    0.000000] Linux version 6.8.0-virtme (root@c2f141855f29) (gcc (Alpine 13.2.1_git20240309) 13.2.1 20240309, GNU ld (GNU Binutils) 2.42) #1 SMP PREEMPT_DYNAMIC Thu Mar 14 00:26:15 UTC 2024
[    0.000000] Command line: virtme_hostname=virtme-ng nr_open=1048576 virtme_link_mods=/nipa-data/kernel/.virtme_mods/lib/modules/0.0.0 virtme_initmount0=nipa-data/kernel virtme_rw_overlay0=/etc virtme_rw_overlay1=/lib virtme_rw_overlay2=/home virtme_rw_overlay3=/opt virtme_rw_overlay4=/srv virtme_rw_overlay5=/usr virtme_rw_overlay6=/var console=hvc0 earlyprintk=serial,ttyS0,115200 virtme_console=ttyS0 psmouse.proto=exps TERM=xterm virtme_chdir=nipa-data/kernel virtme_root_user=1 rootfstype=9p rootflags=version=9p2000.L,trans=virtio,access=any raid=noautodetect ro init=/usr/lib/python3.11/site-packages/virtme/guest/virtme-init
[    0.000000] BIOS-provided physical RAM map:
[    0.000000] BIOS-e820: [mem 0x0000000000000000-0x000000000009fbff] usable
[    0.000000] BIOS-e820: [mem 0x000000000009fc00-0x000000000009ffff] reserved
[    0.000000] BIOS-e820: [mem 0x00000000000f0000-0x00000000000fffff] reserved
[    0.000000] BIOS-e820: [mem 0x0000000000100000-0x000000003ffdffff] usable
[    0.000000] BIOS-e820: [mem 0x000000003ffe0000-0x000000003fffffff] reserved
[    0.000000] BIOS-e820: [mem 0x00000000feffc000-0x00000000feffffff] reserved
[    0.000000] BIOS-e820: [mem 0x00000000fffc0000-0x00000000ffffffff] reserved
[    0.000000] BIOS-e820: [mem 0x000000fd00000000-0x000000ffffffffff] reserved
[    0.000000] printk: legacy bootconsole [earlyser0] enabled
[    0.000000] NX (Execute Disable) protection: active
[    0.000000] APIC: Static calls initialized
[    0.000000] SMBIOS 3.0.0 present.
[    0.000000] DMI: QEMU Standard PC (i440FX + PIIX, 1996), BIOS rel-1.16.3-0-ga6ed6b701f0a-prebuilt.qemu.org 04/01/2014
[    0.000000] Hypervisor detected: KVM
[    0.000000] kvm-clock: Using msrs 4b564d01 and 4b564d00
[    0.000000] kvm-clock: using sched offset of 309407837 cycles
[    0.000362] clocksource: kvm-clock: mask: 0xffffffffffffffff max_cycles: 0x1cd42e4dffb, max_idle_ns: 881590591483 ns
[    0.001493] tsc: Detected 4491.556 MHz processor
[    0.002141] last_pfn = 0x3ffe0 max_arch_pfn = 0x400000000
[    0.002538] MTRR map: 4 entries (3 fixed + 1 variable; max 19), built from 8 variable MTRRs
[    0.003117] x86/PAT: Configuration [0-7]: WB  WC  UC- UC  WB  WP  UC- WT  
[    0.005021] found SMP MP-table at [mem 0x000f5470-0x000f547f]
[    0.005427] Using GB pages for direct mapping
[    0.005876] ACPI: Early table checksum verification disabled
[    0.006269] ACPI: RSDP 0x00000000000F5290 000014 (v00 BOCHS )
[    0.006669] ACPI: RSDT 0x000000003FFE27BC 000034 (v01 BOCHS  BXPC     00000001 BXPC 00000001)
[    0.007262] ACPI: FACP 0x000000003FFE2578 000074 (v01 BOCHS  BXPC     00000001 BXPC 00000001)
[    0.007853] ACPI: DSDT 0x000000003FFE0040 002538 (v01 BOCHS  BXPC     00000001 BXPC 00000001)
[    0.008444] ACPI: FACS 0x000000003FFE0000 000040
[    0.008765] ACPI: APIC 0x000000003FFE25EC 000170 (v03 BOCHS  BXPC     00000001 BXPC 00000001)
[    0.009358] ACPI: HPET 0x000000003FFE275C 000038 (v01 BOCHS  BXPC     00000001 BXPC 00000001)
[    0.009947] ACPI: WAET 0x000000003FFE2794 000028 (v01 BOCHS  BXPC     00000001 BXPC 00000001)
[    0.010537] ACPI: Reserving FACP table memory at [mem 0x3ffe2578-0x3ffe25eb]
[    0.011029] ACPI: Reserving DSDT table memory at [mem 0x3ffe0040-0x3ffe2577]
[    0.011513] ACPI: Reserving FACS table memory at [mem 0x3ffe0000-0x3ffe003f]
[    0.011998] ACPI: Reserving APIC table memory at [mem 0x3ffe25ec-0x3ffe275b]
[    0.012482] ACPI: Reserving HPET table memory at [mem 0x3ffe275c-0x3ffe2793]
[    0.012966] ACPI: Reserving WAET table memory at [mem 0x3ffe2794-0x3ffe27bb]
[    0.013636] No NUMA configuration found
[    0.013900] Faking a node at [mem 0x0000000000000000-0x000000003ffdffff]
[    0.014363] NODE_DATA(0) allocated [mem 0x3ffdb000-0x3ffdffff]
[    0.014780] Zone ranges:
[    0.014954]   DMA      [mem 0x0000000000001000-0x0000000000ffffff]
[    0.015380]   DMA32    [mem 0x0000000001000000-0x000000003ffdffff]
[    0.015806]   Normal   empty
[    0.016005]   Device   empty
[    0.016204] Movable zone start for each node
[    0.016497] Early memory node ranges
[    0.016743]   node   0: [mem 0x0000000000001000-0x000000000009efff]
[    0.017177]   node   0: [mem 0x0000000000100000-0x000000003ffdffff]
[    0.017608] Initmem setup node 0 [mem 0x0000000000001000-0x000000003ffdffff]
[    0.018097] On node 0, zone DMA: 1 pages in unavailable ranges
[    0.018552] On node 0, zone DMA: 97 pages in unavailable ranges
[    0.023071] On node 0, zone DMA32: 32 pages in unavailable ranges
[    0.031952] kasan: KernelAddressSanitizer initialized
[    0.032524] ACPI: PM-Timer IO Port: 0x608
[    0.032810] ACPI: LAPIC_NMI (acpi_id[0xff] dfl dfl lint[0x1])
[    0.033240] IOAPIC[0]: apic_id 0, version 17, address 0xfec00000, GSI 0-23
[    0.033716] ACPI: INT_SRC_OVR (bus 0 bus_irq 0 global_irq 2 dfl dfl)
[    0.034156] ACPI: INT_SRC_OVR (bus 0 bus_irq 5 global_irq 5 high level)
[    0.034613] ACPI: INT_SRC_OVR (bus 0 bus_irq 9 global_irq 9 high level)
[    0.035074] ACPI: INT_SRC_OVR (bus 0 bus_irq 10 global_irq 10 high level)
[    0.035540] ACPI: INT_SRC_OVR (bus 0 bus_irq 11 global_irq 11 high level)
[    0.036009] ACPI: Using ACPI (MADT) for SMP configuration information
[    0.036458] ACPI: HPET id: 0x8086a201 base: 0xfed00000
[    0.036815] TSC deadline timer available
[    0.037097] CPU topo: Max. logical packages:   1
[    0.037417] CPU topo: Max. logical dies:       1
[    0.037736] CPU topo: Max. dies per package:   1
[    0.038057] CPU topo: Max. threads per core:  32
[    0.038377] CPU topo: Num. cores per package:     1
[    0.038714] CPU topo: Num. threads per package:  32
[    0.039051] CPU topo: Allowing 32 present CPUs plus 0 hotplug CPUs
[    0.039494] kvm-guest: APIC: eoi() replaced with kvm_guest_apic_eoi_write()
[    0.039986] kvm-guest: KVM setup pv remote TLB flush
[    0.040329] kvm-guest: setup PV sched yield
[    0.040623] PM: hibernation: Registered nosave memory: [mem 0x00000000-0x00000fff]
[    0.041147] PM: hibernation: Registered nosave memory: [mem 0x0009f000-0x0009ffff]
[    0.041667] PM: hibernation: Registered nosave memory: [mem 0x000a0000-0x000effff]
[    0.042187] PM: hibernation: Registered nosave memory: [mem 0x000f0000-0x000fffff]
[    0.042708] [mem 0x40000000-0xfeffbfff] available for PCI devices
[    0.043127] Booting paravirtualized kernel on KVM
[    0.043452] clocksource: refined-jiffies: mask: 0xffffffff max_cycles: 0xffffffff, max_idle_ns: 1910969940391419 ns
[    0.051685] setup_percpu: NR_CPUS:64 nr_cpumask_bits:32 nr_cpu_ids:32 nr_node_ids:1
[    0.053463] percpu: Embedded 70 pages/cpu s247656 r8192 d30872 u524288
[    0.053976] Kernel command line: virtme_hostname=virtme-ng nr_open=1048576 virtme_link_mods=/nipa-data/kernel/.virtme_mods/lib/modules/0.0.0 virtme_initmount0=nipa-data/kernel virtme_rw_overlay0=/etc virtme_rw_overlay1=/lib virtme_rw_overlay2=/home virtme_rw_overlay3=/opt virtme_rw_overlay4=/srv virtme_rw_overlay5=/usr virtme_rw_overlay6=/var console=hvc0 earlyprintk=serial,ttyS0,115200 virtme_console=ttyS0 psmouse.proto=exps TERM=xterm virtme_chdir=nipa-data/kernel virtme_root_user=1 rootfstype=9p rootflags=version=9p2000.L,trans=virtio,access=any raid=noautodetect ro init=/usr/lib/python3.11/site-packages/virtme/guest/virtme-init
[    0.058093] Unknown kernel command line parameters "virtme_hostname=virtme-ng nr_open=1048576 virtme_link_mods=/nipa-data/kernel/.virtme_mods/lib/modules/0.0.0 virtme_initmount0=nipa-data/kernel virtme_rw_overlay0=/etc virtme_rw_overlay1=/lib virtme_rw_overlay2=/home virtme_rw_overlay3=/opt virtme_rw_overlay4=/srv virtme_rw_overlay5=/usr virtme_rw_overlay6=/var virtme_console=ttyS0 virtme_chdir=nipa-data/kernel virtme_root_user=1", will be passed to user space.
[    0.061200] random: crng init done
[    0.061555] Dentry cache hash table entries: 131072 (order: 8, 1048576 bytes, linear)
[    0.062124] Inode-cache hash table entries: 65536 (order: 7, 524288 bytes, linear)
[    0.063061] Fallback order for Node 0: 0 
[    0.063065] Built 1 zonelists, mobility grouping on.  Total pages: 257760
[    0.063834] Policy zone: DMA32
[    0.064051] mem auto-init: stack:all(zero), heap alloc:off, heap free:off
[    0.064533] stackdepot: allocating hash table via alloc_large_system_hash
[    0.065016] stackdepot hash table entries: 1048576 (order: 12, 16777216 bytes, linear)
[    0.072853] Memory: 781036K/1048056K available (43008K kernel code, 10929K rwdata, 9580K rodata, 5744K init, 2820K bss, 266764K reserved, 0K cma-reserved)
[    0.074014] SLUB: HWalign=64, Order=0-3, MinObjects=0, CPUs=32, Nodes=1
Poking KASLR using RDRAND RDTSC...
[    0.074730] ftrace: allocating 46650 entries in 183 pages
[    0.082817] ftrace: allocated 183 pages with 6 groups
[    0.083978] Dynamic Preempt: voluntary
[    0.084681] rcu: Preemptible hierarchical RCU implementation.
[    0.085089] rcu: RCU event tracing is enabled.
[    0.085414] rcu: RCU restricting CPUs from NR_CPUS=64 to nr_cpu_ids=32.
[    0.085889] Trampoline variant of Tasks RCU enabled.
[    0.086251] Rude variant of Tasks RCU enabled.
[    0.086570] Tracing variant of Tasks RCU enabled.
[    0.086907] rcu: RCU calculated value of scheduler-enlistment delay is 100 jiffies.
[    0.087447] rcu: Adjusting geometry for rcu_fanout_leaf=16, nr_cpu_ids=32
[    0.087960] RCU Tasks: Setting shift to 5 and lim to 1 rcu_task_cb_adjust=1.
[    0.088470] RCU Tasks Rude: Setting shift to 5 and lim to 1 rcu_task_cb_adjust=1.
[    0.089013] RCU Tasks Trace: Setting shift to 5 and lim to 1 rcu_task_cb_adjust=1.
[    0.097139] NR_IRQS: 4352, nr_irqs: 680, preallocated irqs: 16
[    0.097795] rcu: srcu_init: Setting srcu_struct sizes based on contention.
[    0.098486] Console: colour *CGA 80x25
[    0.098778] ACPI: Core revision 20230628
[    0.099214] clocksource: hpet: mask: 0xffffffff max_cycles: 0xffffffff, max_idle_ns: 19112604467 ns
[    0.099923] APIC: Switch to symmetric I/O mode setup
[    0.100288] APIC: Switched APIC routing to: physical flat
[    0.100671] kvm-guest: APIC: send_IPI_mask() replaced with kvm_send_ipi_mask()
[    0.101234] kvm-guest: APIC: send_IPI_mask_allbutself() replaced with kvm_send_ipi_mask_allbutself()
[    0.101881] kvm-guest: setup PV IPIs
[    0.102983] ..TIMER: vector=0x30 apic1=0 pin1=2 apic2=-1 pin2=-1
[    0.103742] tsc: Marking TSC unstable due to TSCs unsynchronized
[    0.104510] Calibrating delay loop (skipped) preset value.. 8983.11 BogoMIPS (lpj=4491556)
[    0.105566] x86/cpu: User Mode Instruction Prevention (UMIP) activated
[    0.106562] Last level iTLB entries: 4KB 512, 2MB 255, 4MB 127
[    0.107506] Last level dTLB entries: 4KB 512, 2MB 255, 4MB 127, 1GB 0
[    0.108510] Spectre V1 : Mitigation: usercopy/swapgs barriers and __user pointer sanitization
[    0.109510] Spectre V2 : Mitigation: Enhanced / Automatic IBRS
[    0.110226] Spectre V2 : Spectre v2 / SpectreRSB mitigation: Filling RSB on context switch
[    0.110508] Spectre V2 : mitigation: Enabling conditional Indirect Branch Prediction Barrier
[    0.111506] Spectre V2 : User space: Mitigation: STIBP always-on protection
[    0.112361] Speculative Store Bypass: Mitigation: Speculative Store Bypass disabled via prctl
[    0.112506] Speculative Return Stack Overflow: IBPB-extending microcode not applied!
[    0.113506] Speculative Return Stack Overflow: WARNING: See https://kernel.org/doc/html/latest/admin-guide/hw-vuln/srso.html for mitigation options.
[    0.113507] Speculative Return Stack Overflow: Vulnerable: Safe RET, no microcode
[    0.115521] x86/fpu: Supporting XSAVE feature 0x001: 'x87 floating point registers'
[    0.116506] x86/fpu: Supporting XSAVE feature 0x002: 'SSE registers'
[    0.117506] x86/fpu: Supporting XSAVE feature 0x004: 'AVX registers'
[    0.118506] x86/fpu: Supporting XSAVE feature 0x020: 'AVX-512 opmask'
[    0.119284] x86/fpu: Supporting XSAVE feature 0x040: 'AVX-512 Hi256'
[    0.119506] x86/fpu: Supporting XSAVE feature 0x080: 'AVX-512 ZMM_Hi256'
[    0.120506] x86/fpu: Supporting XSAVE feature 0x200: 'Protection Keys User registers'
[    0.121506] x86/fpu: xstate_offset[2]:  576, xstate_sizes[2]:  256
[    0.122506] x86/fpu: xstate_offset[5]:  832, xstate_sizes[5]:   64
[    0.123246] x86/fpu: xstate_offset[6]:  896, xstate_sizes[6]:  512
[    0.123506] x86/fpu: xstate_offset[7]: 1408, xstate_sizes[7]: 1024
[    0.124506] x86/fpu: xstate_offset[9]: 2432, xstate_sizes[9]:    8
[    0.125506] x86/fpu: Enabled xstate features 0x2e7, context size is 2440 bytes, using 'compacted' format.
[    0.144987] Freeing SMP alternatives memory: 40K
[    0.145507] pid_max: default: 32768 minimum: 301
[    0.146183] Mount-cache hash table entries: 2048 (order: 2, 16384 bytes, linear)
[    0.146508] Mountpoint-cache hash table entries: 2048 (order: 2, 16384 bytes, linear)
[    0.148714] smpboot: CPU0: AMD Ryzen 9 7950X 16-Core Processor (family: 0x19, model: 0x61, stepping: 0x2)
[    0.149927] Performance Events: Fam17h+ core perfctr, AMD PMU driver.
[    0.150511] ... version:                0
[    0.150992] ... bit width:              48
[    0.151494] ... generic registers:      6
[    0.151508] ... value mask:             0000ffffffffffff
[    0.152151] ... max period:             00007fffffffffff
[    0.152508] ... fixed-purpose events:   0
[    0.152989] ... event mask:             000000000000003f
[    0.153598] signal: max sigframe size: 3376
[    0.154142] rcu: Hierarchical SRCU implementation.
[    0.154508] rcu: Max phase no-delay instances is 400.
[    0.158817] smp: Bringing up secondary CPUs ...
[    0.159538] smpboot: x86: Booting SMP configuration:
[    0.160135] .... node  #0, CPUs:        #1  #2  #3  #4  #5  #6  #7  #8  #9 #10 #11 #12 #13 #14 #15 #16 #17 #18 #19 #20 #21 #22 #23 #24 #25 #26 #27 #28 #29 #30 #31
[    0.167607] Spectre V2 : Update user space SMT mitigation: STIBP always-on
[    0.178603] smp: Brought up 1 node, 32 CPUs
[    0.179133] smpboot: Total of 32 processors activated (287459.58 BogoMIPS)
[    0.181848] devtmpfs: initialized
[    0.182631] x86/mm: Memory block size: 128MB
[    0.188748] clocksource: jiffies: mask: 0xffffffff max_cycles: 0xffffffff, max_idle_ns: 1911260446275000 ns
[    0.189512] futex hash table entries: 8192 (order: 7, 524288 bytes, linear)
[    0.190671] PM: RTC time: 00:26:47, date: 2024-03-14
[    0.191979] NET: Registered PF_NETLINK/PF_ROUTE protocol family
[    0.193260] thermal_sys: Registered thermal governor 'step_wise'
[    0.193262] thermal_sys: Registered thermal governor 'user_space'
[    0.193531] cpuidle: using governor menu
[    0.195787] PCI: Using configuration type 1 for base access
[    0.196474] PCI: Using configuration type 1 for extended access
[    0.196580] kprobes: kprobe jump-optimization is enabled. All kprobes are optimized if possible.
[    0.197646] HugeTLB: registered 1.00 GiB page size, pre-allocated 0 pages
[    0.198508] HugeTLB: 16380 KiB vmemmap can be freed for a 1.00 GiB page
[    0.199315] HugeTLB: registered 2.00 MiB page size, pre-allocated 0 pages
[    0.199508] HugeTLB: 28 KiB vmemmap can be freed for a 2.00 MiB page
[    0.200805] ACPI: Added _OSI(Module Device)
[    0.201509] ACPI: Added _OSI(Processor Device)
[    0.202061] ACPI: Added _OSI(3.0 _SCP Extensions)
[    0.202508] ACPI: Added _OSI(Processor Aggregator Device)
[    0.225770] ACPI: 1 ACPI AML tables successfully acquired and loaded
[    0.228026] ACPI: _OSC evaluation for CPUs failed, trying _PDC
[    0.230676] ACPI: Interpreter enabled
[    0.231196] ACPI: PM: (supports S0 S3 S4 S5)
[    0.231508] ACPI: Using IOAPIC for interrupt routing
[    0.232174] PCI: Using host bridge windows from ACPI; if necessary, use "pci=nocrs" and report a bug
[    0.232508] PCI: Using E820 reservations for host bridge windows
[    0.234285] ACPI: Enabled 2 GPEs in block 00 to 0F
[    0.279924] ACPI: PCI Root Bridge [PCI0] (domain 0000 [bus 00-ff])
[    0.280522] acpi PNP0A03:00: _OSC: OS supports [ExtendedConfig ASPM ClockPM Segments MSI HPX-Type3]
[    0.281987] PCI host bridge to bus 0000:00
[    0.282493] pci_bus 0000:00: root bus resource [io  0x0000-0x0cf7 window]
[    0.282511] pci_bus 0000:00: root bus resource [io  0x0d00-0xffff window]
[    0.283346] pci_bus 0000:00: root bus resource [mem 0x000a0000-0x000bffff window]
[    0.283510] pci_bus 0000:00: root bus resource [mem 0x40000000-0xfebfffff window]
[    0.284424] pci_bus 0000:00: root bus resource [mem 0x100000000-0x17fffffff window]
[    0.284511] pci_bus 0000:00: root bus resource [bus 00-ff]
[    0.285317] pci 0000:00:00.0: [8086:1237] type 00 class 0x060000 conventional PCI endpoint
[    0.286339] pci 0000:00:01.0: [8086:7000] type 00 class 0x060100 conventional PCI endpoint
[    0.287371] pci 0000:00:01.1: [8086:7010] type 00 class 0x010180 conventional PCI endpoint
[    0.289509] pci 0000:00:01.1: BAR 4 [io  0xc0c0-0xc0cf]
[    0.290975] pci 0000:00:01.1: BAR 0 [io  0x01f0-0x01f7]: legacy IDE quirk
[    0.291509] pci 0000:00:01.1: BAR 1 [io  0x03f6]: legacy IDE quirk
[    0.292271] pci 0000:00:01.1: BAR 2 [io  0x0170-0x0177]: legacy IDE quirk
[    0.292508] pci 0000:00:01.1: BAR 3 [io  0x0376]: legacy IDE quirk
[    0.293922] pci 0000:00:01.3: [8086:7113] type 00 class 0x068000 conventional PCI endpoint
[    0.294769] pci 0000:00:01.3: quirk: [io  0x0600-0x063f] claimed by PIIX4 ACPI
[    0.295512] pci 0000:00:01.3: quirk: [io  0x0700-0x070f] claimed by PIIX4 SMB
[    0.297212] pci 0000:00:02.0: [1af4:1009] type 00 class 0x000200 conventional PCI endpoint
[    0.298508] pci 0000:00:02.0: BAR 0 [io  0xc000-0xc03f]
[    0.300148] pci 0000:00:02.0: BAR 1 [mem 0xfebfc000-0xfebfcfff]
[    0.303509] pci 0000:00:02.0: BAR 4 [mem 0xfebf0000-0xfebf3fff 64bit pref]
[    0.316483] pci 0000:00:03.0: [1af4:1009] type 00 class 0x000200 conventional PCI endpoint
[    0.317509] pci 0000:00:03.0: BAR 0 [io  0xc040-0xc07f]
[    0.319123] pci 0000:00:03.0: BAR 1 [mem 0xfebfd000-0xfebfdfff]
[    0.322938] pci 0000:00:03.0: BAR 4 [mem 0xfebf4000-0xfebf7fff 64bit pref]
[    0.335661] pci 0000:00:04.0: [8086:25ab] type 00 class 0x088000 conventional PCI endpoint
[    0.336856] pci 0000:00:04.0: BAR 0 [mem 0xfebfe000-0xfebfe00f]
[    0.350796] pci 0000:00:05.0: [1af4:1003] type 00 class 0x078000 conventional PCI endpoint
[    0.352508] pci 0000:00:05.0: BAR 0 [io  0xc080-0xc0bf]
[    0.354127] pci 0000:00:05.0: BAR 1 [mem 0xfebff000-0xfebfffff]
[    0.357509] pci 0000:00:05.0: BAR 4 [mem 0xfebf8000-0xfebfbfff 64bit pref]
[    0.372444] ACPI: PCI: Interrupt link LNKA configured for IRQ 10
[    0.373411] ACPI: PCI: Interrupt link LNKB configured for IRQ 10
[    0.374393] ACPI: PCI: Interrupt link LNKC configured for IRQ 11
[    0.375397] ACPI: PCI: Interrupt link LNKD configured for IRQ 11
[    0.375876] ACPI: PCI: Interrupt link LNKS configured for IRQ 9
[    0.394179] iommu: Default domain type: Translated
[    0.394508] iommu: DMA domain TLB invalidation policy: lazy mode
[    0.395690] SCSI subsystem initialized
[    0.396216] pps_core: LinuxPPS API ver. 1 registered
[    0.396509] pps_core: Software ver. 5.3.6 - Copyright 2005-2007 Rodolfo Giometti <giometti@linux.it>
[    0.397521] PTP clock support registered
[    0.398190] Advanced Linux Sound Architecture Driver Initialized.
[    0.399524] NET: Registered PF_ATMPVC protocol family
[    0.400154] NET: Registered PF_ATMSVC protocol family
[    0.400531] PCI: Using ACPI for IRQ routing
[    0.401178] vgaarb: loaded
[    0.401618] hpet0: at MMIO 0xfed00000, IRQs 2, 8, 0
[    0.402223] hpet0: 3 comparators, 64-bit 100.000000 MHz counter
[    0.405695] clocksource: Switched to clocksource kvm-clock
[    0.406689] VFS: Disk quotas dquot_6.6.0
[    0.407185] VFS: Dquot-cache hash table entries: 512 (order 0, 4096 bytes)
[    0.408223] pnp: PnP ACPI init
[    0.410878] pnp: PnP ACPI: found 5 devices
[    0.422675] clocksource: acpi_pm: mask: 0xffffff max_cycles: 0xffffff, max_idle_ns: 2085701024 ns
[    0.423851] NET: Registered PF_INET protocol family
[    0.424495] IP idents hash table entries: 16384 (order: 5, 131072 bytes, linear)
[    0.425772] tcp_listen_portaddr_hash hash table entries: 512 (order: 1, 8192 bytes, linear)
[    0.426805] Table-perturb hash table entries: 65536 (order: 6, 262144 bytes, linear)
[    0.427777] TCP established hash table entries: 8192 (order: 4, 65536 bytes, linear)
[    0.428731] TCP bind hash table entries: 8192 (order: 6, 262144 bytes, linear)
[    0.429627] TCP: Hash tables configured (established 8192 bind 8192)
[    0.430659] UDP hash table entries: 512 (order: 2, 16384 bytes, linear)
[    0.431483] UDP-Lite hash table entries: 512 (order: 2, 16384 bytes, linear)
[    0.432559] NET: Registered PF_UNIX/PF_LOCAL protocol family
[    0.433273] pci_bus 0000:00: resource 4 [io  0x0000-0x0cf7 window]
[    0.434026] pci_bus 0000:00: resource 5 [io  0x0d00-0xffff window]
[    0.434783] pci_bus 0000:00: resource 6 [mem 0x000a0000-0x000bffff window]
[    0.435628] pci_bus 0000:00: resource 7 [mem 0x40000000-0xfebfffff window]
[    0.436469] pci_bus 0000:00: resource 8 [mem 0x100000000-0x17fffffff window]
[    0.437525] pci 0000:00:01.0: PIIX3: Enabling Passive Release
[    0.438238] pci 0000:00:00.0: Limiting direct PCI/PCI transfers
[    0.438995] PCI: CLS 0 bytes, default 64
[    0.439532] kvm_intel: VMX not supported by CPU 0
[    0.440138] kvm_amd: TSC scaling supported
[    0.440642] kvm_amd: Nested Virtualization enabled
[    0.441233] kvm_amd: Nested Paging enabled
[    0.441744] kvm_amd: Virtual VMLOAD VMSAVE supported
[    0.442352] kvm_amd: Virtual GIF supported
[    0.442849] kvm_amd: Virtual NMI enabled
[    0.443334] kvm_amd: LBR virtualization supported
[    0.492751] workingset: timestamp_bits=56 max_order=18 bucket_order=0
[    0.493661] squashfs: version 4.0 (2009/01/31) Phillip Lougher
[    0.494405] fuse: init (API version 7.39)
[    0.495021] 9p: Installing v9fs 9p2000 file system support
[    0.495804] Key type asymmetric registered
[    0.496361] Block layer SCSI generic (bsg) driver version 0.4 loaded (major 249)
[    0.497302] io scheduler mq-deadline registered
[    0.497859] io scheduler kyber registered
[    0.500386] input: Power Button as /devices/LNXSYSTM:00/LNXPWRBN:00/input/input0
[    0.501497] ACPI: button: Power Button [PWRF]
[    0.502133] Warning: Processor Platform Limit event detected, but not handled.
[    0.503021] Consider compiling CPUfreq support into your kernel.
[    1.310073] ACPI: \_SB_.LNKB: Enabled at IRQ 10
[    2.112841] ACPI: \_SB_.LNKC: Enabled at IRQ 11
[    2.918136] ACPI: \_SB_.LNKA: Enabled at IRQ 10
[    2.919632] Serial: 8250/16550 driver, 4 ports, IRQ sharing enabled
[    2.920725] 00:03: ttyS0 at I/O 0x3f8 (irq = 4, base_baud = 115200) is a 16550A
[    2.953599] Non-volatile memory driver v1.3
[    2.954151] Linux agpgart interface v0.103
[    2.954849] ACPI: bus type drm_connector registered
[    2.955480] printk: legacy console [hvc0] enabled
[    2.956055] printk: legacy bootconsole [earlyser0] disabled
          _      _                                    
   __   _(_)_ __| |_ _ __ ___   ___       _ __   __ _ 
   \ \ / / |  __| __|  _   _ \ / _ \_____|  _ \ / _  |
    \ V /| | |  | |_| | | | | |  __/_____| | | | (_| |
     \_/ |_|_|   \__|_| |_| |_|\___|     |_| |_|\__  |
                                                |___/ 
   kernel version: 6.8.0-virtme x86_64
   (CTRL+d to exit)

virtme-ng:/nipa-data/kernel# PS1='xx__-> '
xx__-> env
PWD=/nipa-data/kernel
nr_open=1048576
HOME=/
TERM=xterm
SHLVL=2
XDG_RUNTIME_DIR=/run/user/0
PATH=/bin:/sbin:/usr/bin:/usr/sbin:/usr/local/bin
OLDPWD=/
_=/usr/bin/env
xx__-> 