No EFI environment detected.
early console in extract_kernel
input_data: 0x00000000029f82b9
input_len: 0x0000000000ad55f1
output: 0x0000000001000000
output_len: 0x0000000002488728
kernel_total_size: 0x0000000002230000
needed_size: 0x0000000002600000
trampoline_32bit: 0x0000000000000000
Physical KASLR using RDRAND RDTSC...
Virtual KASLR using RDRAND RDTSC...

Decompressing Linux... Parsing ELF... Performing relocations... done.
Booting the kernel (entry_offset: 0x0000000000000000).
[    0.000000] Linux version 6.8.0-rc5-virtme (root@39fa382fe3be) (gcc (Alpine 13.2.1_git20231014) 13.2.1 20231014, GNU ld (GNU Binutils) 2.42) #1 SMP PREEMPT_DYNAMIC Mon Feb 26 18:06:10 UTC 2024
[    0.000000] Command line: virtme_hostname=virtme-ng virtme_link_mods=/nipa-data/kernel/.virtme_mods/lib/modules/0.0.0 virtme_initmount0=nipa-data/kernel virtme_rw_overlay0=/etc virtme_rw_overlay1=/lib virtme_rw_overlay2=/home virtme_rw_overlay3=/opt virtme_rw_overlay4=/srv virtme_rw_overlay5=/usr virtme_rw_overlay6=/var earlyprintk=serial,ttyS0,115200 console=ttyS0 psmouse.proto=exps TERM=xterm virtme_chdir=nipa-data/kernel virtme_root_user=1 rootfstype=9p rootflags=version=9p2000.L,trans=virtio,access=any raid=noautodetect ro init=/usr/lib/python3.11/site-packages/virtme/guest/virtme-init
[    0.000000] BIOS-provided physical RAM map:
[    0.000000] BIOS-e820: [mem 0x0000000000000000-0x000000000009fbff] usable
[    0.000000] BIOS-e820: [mem 0x000000000009fc00-0x000000000009ffff] reserved
[    0.000000] BIOS-e820: [mem 0x00000000000f0000-0x00000000000fffff] reserved
[    0.000000] BIOS-e820: [mem 0x0000000000100000-0x000000003ffdffff] usable
[    0.000000] BIOS-e820: [mem 0x000000003ffe0000-0x000000003fffffff] reserved
[    0.000000] BIOS-e820: [mem 0x00000000feffc000-0x00000000feffffff] reserved
[    0.000000] BIOS-e820: [mem 0x00000000fffc0000-0x00000000ffffffff] reserved
[    0.000000] BIOS-e820: [mem 0x000000fd00000000-0x000000ffffffffff] reserved
[    0.000000] printk: legacy bootconsole [earlyser0] enabled
[    0.000000] NX (Execute Disable) protection: active
[    0.000000] APIC: Static calls initialized
[    0.000000] SMBIOS 3.0.0 present.
[    0.000000] DMI: QEMU Standard PC (i440FX + PIIX, 1996), BIOS rel-1.16.3-0-ga6ed6b701f0a-prebuilt.qemu.org 04/01/2014
[    0.000000] Hypervisor detected: KVM
[    0.000000] kvm-clock: Using msrs 4b564d01 and 4b564d00
[    0.000000] kvm-clock: using sched offset of 252446535 cycles
[    0.000390] clocksource: kvm-clock: mask: 0xffffffffffffffff max_cycles: 0x1cd42e4dffb, max_idle_ns: 881590591483 ns
[    0.001615] tsc: Detected 4491.536 MHz processor
[    0.002237] last_pfn = 0x3ffe0 max_arch_pfn = 0x400000000
[    0.002665] MTRR map: 4 entries (3 fixed + 1 variable; max 19), built from 8 variable MTRRs
[    0.003297] x86/PAT: Configuration [0-7]: WB  WC  UC- UC  WB  WP  UC- WT  
Memory KASLR using RDRAND RDTSC...
[    0.005408] found SMP MP-table at [mem 0x000f5470-0x000f547f]
[    0.005853] Using GB pages for direct mapping
[    0.006216] ACPI: Early table checksum verification disabled
[    0.006640] ACPI: RSDP 0x00000000000F5290 000014 (v00 BOCHS )
[    0.007082] ACPI: RSDT 0x000000003FFE27B6 000034 (v01 BOCHS  BXPC     00000001 BXPC 00000001)
[    0.007724] ACPI: FACP 0x000000003FFE2572 000074 (v01 BOCHS  BXPC     00000001 BXPC 00000001)
[    0.008372] ACPI: DSDT 0x000000003FFE0040 002532 (v01 BOCHS  BXPC     00000001 BXPC 00000001)
[    0.009018] ACPI: FACS 0x000000003FFE0000 000040
[    0.009364] ACPI: APIC 0x000000003FFE25E6 000170 (v03 BOCHS  BXPC     00000001 BXPC 00000001)
[    0.010013] ACPI: HPET 0x000000003FFE2756 000038 (v01 BOCHS  BXPC     00000001 BXPC 00000001)
[    0.010649] ACPI: WAET 0x000000003FFE278E 000028 (v01 BOCHS  BXPC     00000001 BXPC 00000001)
[    0.011295] ACPI: Reserving FACP table memory at [mem 0x3ffe2572-0x3ffe25e5]
[    0.011833] ACPI: Reserving DSDT table memory at [mem 0x3ffe0040-0x3ffe2571]
[    0.012359] ACPI: Reserving FACS table memory at [mem 0x3ffe0000-0x3ffe003f]
[    0.012898] ACPI: Reserving APIC table memory at [mem 0x3ffe25e6-0x3ffe2755]
[    0.013424] ACPI: Reserving HPET table memory at [mem 0x3ffe2756-0x3ffe278d]
[    0.013960] ACPI: Reserving WAET table memory at [mem 0x3ffe278e-0x3ffe27b5]
[    0.014631] No NUMA configuration found
[    0.014926] Faking a node at [mem 0x0000000000000000-0x000000003ffdffff]
[    0.015427] NODE_DATA(0) allocated [mem 0x3ffdb000-0x3ffdffff]
[    0.015883] Zone ranges:
[    0.016072]   DMA      [mem 0x0000000000001000-0x0000000000ffffff]
[    0.016534]   DMA32    [mem 0x0000000001000000-0x000000003ffdffff]
[    0.017008]   Normal   empty
[    0.017223]   Device   empty
[    0.017438] Movable zone start for each node
[    0.017761] Early memory node ranges
[    0.018034]   node   0: [mem 0x0000000000001000-0x000000000009efff]
[    0.018502]   node   0: [mem 0x0000000000100000-0x000000003ffdffff]
[    0.018981] Initmem setup node 0 [mem 0x0000000000001000-0x000000003ffdffff]
[    0.019509] On node 0, zone DMA: 1 pages in unavailable ranges
[    0.019964] On node 0, zone DMA: 97 pages in unavailable ranges
[    0.021390] On node 0, zone DMA32: 32 pages in unavailable ranges
[    0.022105] ACPI: PM-Timer IO Port: 0x608
[    0.022472] ACPI: LAPIC_NMI (acpi_id[0xff] dfl dfl lint[0x1])
[    0.022991] IOAPIC[0]: apic_id 0, version 17, address 0xfec00000, GSI 0-23
[    0.023505] ACPI: INT_SRC_OVR (bus 0 bus_irq 0 global_irq 2 dfl dfl)
[    0.023989] ACPI: INT_SRC_OVR (bus 0 bus_irq 5 global_irq 5 high level)
[    0.024483] ACPI: INT_SRC_OVR (bus 0 bus_irq 9 global_irq 9 high level)
[    0.024977] ACPI: INT_SRC_OVR (bus 0 bus_irq 10 global_irq 10 high level)
[    0.025483] ACPI: INT_SRC_OVR (bus 0 bus_irq 11 global_irq 11 high level)
[    0.025991] ACPI: Using ACPI (MADT) for SMP configuration information
[    0.026471] ACPI: HPET id: 0x8086a201 base: 0xfed00000
[    0.026872] TSC deadline timer available
[    0.027164] smpboot: Allowing 32 CPUs, 0 hotplug CPUs
[    0.027560] kvm-guest: APIC: eoi() replaced with kvm_guest_apic_eoi_write()
[    0.028089] kvm-guest: KVM setup pv remote TLB flush
[    0.028462] kvm-guest: setup PV sched yield
[    0.028778] PM: hibernation: Registered nosave memory: [mem 0x00000000-0x00000fff]
[    0.029343] PM: hibernation: Registered nosave memory: [mem 0x0009f000-0x0009ffff]
[    0.029909] PM: hibernation: Registered nosave memory: [mem 0x000a0000-0x000effff]
[    0.030474] PM: hibernation: Registered nosave memory: [mem 0x000f0000-0x000fffff]
[    0.031057] [mem 0x40000000-0xfeffbfff] available for PCI devices
[    0.031514] Booting paravirtualized kernel on KVM
[    0.031873] clocksource: refined-jiffies: mask: 0xffffffff max_cycles: 0xffffffff, max_idle_ns: 1910969940391419 ns
[    0.035538] setup_percpu: NR_CPUS:64 nr_cpumask_bits:32 nr_cpu_ids:32 nr_node_ids:1
[    0.036721] percpu: Embedded 56 pages/cpu s191784 r8192 d29400 u262144
[    0.037240] Kernel command line: virtme_hostname=virtme-ng virtme_link_mods=/nipa-data/kernel/.virtme_mods/lib/modules/0.0.0 virtme_initmount0=nipa-data/kernel virtme_rw_overlay0=/etc virtme_rw_overlay1=/lib virtme_rw_overlay2=/home virtme_rw_overlay3=/opt virtme_rw_overlay4=/srv virtme_rw_overlay5=/usr virtme_rw_overlay6=/var earlyprintk=serial,ttyS0,115200 console=ttyS0 psmouse.proto=exps TERM=xterm virtme_chdir=nipa-data/kernel virtme_root_user=1 rootfstype=9p rootflags=version=9p2000.L,trans=virtio,access=any raid=noautodetect ro init=/usr/lib/python3.11/site-packages/virtme/guest/virtme-init
[    0.041402] Unknown kernel command line parameters "virtme_hostname=virtme-ng virtme_link_mods=/nipa-data/kernel/.virtme_mods/lib/modules/0.0.0 virtme_initmount0=nipa-data/kernel virtme_rw_overlay0=/etc virtme_rw_overlay1=/lib virtme_rw_overlay2=/home virtme_rw_overlay3=/opt virtme_rw_overlay4=/srv virtme_rw_overlay5=/usr virtme_rw_overlay6=/var virtme_chdir=nipa-data/kernel virtme_root_user=1", will be passed to user space.
[    0.044880] random: crng init done
[    0.045172] Dentry cache hash table entries: 131072 (order: 8, 1048576 bytes, linear)
[    0.045803] Inode-cache hash table entries: 65536 (order: 7, 524288 bytes, linear)
[    0.046472] Fallback order for Node 0: 0 
[    0.046474] Built 1 zonelists, mobility grouping on.  Total pages: 257760
[    0.047315] Policy zone: DMA32
[    0.047558] mem auto-init: stack:all(zero), heap alloc:off, heap free:off
[    0.048879] Memory: 986876K/1048056K available (16384K kernel code, 2349K rwdata, 5932K rodata, 2992K init, 2336K bss, 60920K reserved, 0K cma-reserved)
[    0.049963] SLUB: HWalign=64, Order=0-3, MinObjects=0, CPUs=32, Nodes=1
Poking KASLR using RDRAND RDTSC...
[    0.050723] ftrace: allocating 46291 entries in 181 pages
[    0.057787] ftrace: allocated 181 pages with 5 groups
[    0.058988] Dynamic Preempt: voluntary
[    0.059525] rcu: Preemptible hierarchical RCU implementation.
[    0.060065] rcu: RCU event tracing is enabled.
[    0.060468] rcu: RCU restricting CPUs from NR_CPUS=64 to nr_cpu_ids=32.
[    0.060995] Trampoline variant of Tasks RCU enabled.
[    0.061382] Rude variant of Tasks RCU enabled.
[    0.061729] Tracing variant of Tasks RCU enabled.
[    0.062107] rcu: RCU calculated value of scheduler-enlistment delay is 100 jiffies.
[    0.062696] rcu: Adjusting geometry for rcu_fanout_leaf=16, nr_cpu_ids=32
[    0.064541] NR_IRQS: 4352, nr_irqs: 680, preallocated irqs: 16
[    0.065283] rcu: srcu_init: Setting srcu_struct sizes based on contention.
[    0.065955] Console: colour *CGA 80x25
[    0.066259] printk: legacy console [ttyS0] enabled
[    0.066259] printk: legacy console [ttyS0] enabled
[    0.066998] printk: legacy bootconsole [earlyser0] disabled
[    0.066998] printk: legacy bootconsole [earlyser0] disabled
[    0.067871] ACPI: Core revision 20230628
[    0.068249] clocksource: hpet: mask: 0xffffffff max_cycles: 0xffffffff, max_idle_ns: 19112604467 ns
[    0.069017] APIC: Switch to symmetric I/O mode setup
[    0.069417] APIC: Switched APIC routing to: physical flat
[    0.069845] kvm-guest: APIC: send_IPI_mask() replaced with kvm_send_ipi_mask()
[    0.070390] kvm-guest: APIC: send_IPI_mask_allbutself() replaced with kvm_send_ipi_mask_allbutself()
[    0.071105] kvm-guest: setup PV IPIs
[    0.072196] ..TIMER: vector=0x30 apic1=0 pin1=2 apic2=-1 pin2=-1
[    0.073027] tsc: Marking TSC unstable due to TSCs unsynchronized
[    0.073840] Calibrating delay loop (skipped) preset value.. 8983.07 BogoMIPS (lpj=4491536)
[    0.075858] x86/cpu: User Mode Instruction Prevention (UMIP) activated
[    0.076798] Last level iTLB entries: 4KB 512, 2MB 255, 4MB 127
[    0.076838] Last level dTLB entries: 4KB 512, 2MB 255, 4MB 127, 1GB 0
[    0.077840] Spectre V1 : Mitigation: usercopy/swapgs barriers and __user pointer sanitization
[    0.078841] Spectre V2 : Mitigation: Enhanced / Automatic IBRS
[    0.079837] Spectre V2 : Spectre v2 / SpectreRSB mitigation: Filling RSB on context switch
[    0.080839] Spectre V2 : mitigation: Enabling conditional Indirect Branch Prediction Barrier
[    0.081839] Speculative Store Bypass: Mitigation: Speculative Store Bypass disabled via prctl
[    0.082838] Speculative Return Stack Overflow: IBPB-extending microcode not applied!
[    0.083837] Speculative Return Stack Overflow: WARNING: See https://kernel.org/doc/html/latest/admin-guide/hw-vuln/srso.html for mitigation options.
[    0.083838] Speculative Return Stack Overflow: Vulnerable: Safe RET, no microcode
[    0.085853] x86/fpu: Supporting XSAVE feature 0x001: 'x87 floating point registers'
[    0.087838] x86/fpu: Supporting XSAVE feature 0x002: 'SSE registers'
[    0.088676] x86/fpu: Supporting XSAVE feature 0x004: 'AVX registers'
[    0.088837] x86/fpu: Supporting XSAVE feature 0x020: 'AVX-512 opmask'
[    0.089838] x86/fpu: Supporting XSAVE feature 0x040: 'AVX-512 Hi256'
[    0.090837] x86/fpu: Supporting XSAVE feature 0x080: 'AVX-512 ZMM_Hi256'
[    0.091838] x86/fpu: Supporting XSAVE feature 0x200: 'Protection Keys User registers'
[    0.092838] x86/fpu: xstate_offset[2]:  576, xstate_sizes[2]:  256
[    0.093838] x86/fpu: xstate_offset[5]:  832, xstate_sizes[5]:   64
[    0.094837] x86/fpu: xstate_offset[6]:  896, xstate_sizes[6]:  512
[    0.095661] x86/fpu: xstate_offset[7]: 1408, xstate_sizes[7]: 1024
[    0.095837] x86/fpu: xstate_offset[9]: 2432, xstate_sizes[9]:    8
[    0.096837] x86/fpu: Enabled xstate features 0x2e7, context size is 2440 bytes, using 'compacted' format.
[    0.113435] Freeing SMP alternatives memory: 40K
[    0.113838] pid_max: default: 32768 minimum: 301
[    0.114484] Mount-cache hash table entries: 2048 (order: 2, 16384 bytes, linear)
[    0.114838] Mountpoint-cache hash table entries: 2048 (order: 2, 16384 bytes, linear)
[    0.116951] smpboot: CPU0: AMD Ryzen 9 7950X 16-Core Processor (family: 0x19, model: 0x61, stepping: 0x2)
[    0.117929] RCU Tasks: Setting shift to 5 and lim to 1 rcu_task_cb_adjust=1.
[    0.118847] RCU Tasks Rude: Setting shift to 5 and lim to 1 rcu_task_cb_adjust=1.
[    0.119849] RCU Tasks Trace: Setting shift to 5 and lim to 1 rcu_task_cb_adjust=1.
[    0.120847] Performance Events: Fam17h+ core perfctr, AMD PMU driver.
[    0.121731] ... version:                0
[    0.121839] ... bit width:              48
[    0.122386] ... generic registers:      6
[    0.122839] ... value mask:             0000ffffffffffff
[    0.123548] ... max period:             00007fffffffffff
[    0.123839] ... fixed-purpose events:   0
[    0.124373] ... event mask:             000000000000003f
[    0.124910] signal: max sigframe size: 3376
[    0.125494] rcu: Hierarchical SRCU implementation.
[    0.125840] rcu: Max phase no-delay instances is 400.
[    0.128913] smp: Bringing up secondary CPUs ...
[    0.129585] smpboot: x86: Booting SMP configuration:
[    0.129840] .... node  #0, CPUs:        #1  #2  #3  #4  #5  #6  #7  #8  #9 #10 #11 #12 #13 #14 #15 #16 #17 #18 #19 #20 #21 #22 #23 #24 #25 #26 #27 #28 #29 #30 #31
[    0.147993] smp: Brought up 1 node, 32 CPUs
[    0.149534] smpboot: Max logical packages: 1
[    0.149840] smpboot: Total of 32 processors activated (287458.30 BogoMIPS)
[    0.152913] devtmpfs: initialized
[    0.153872] x86/mm: Memory block size: 128MB
[    0.155551] clocksource: jiffies: mask: 0xffffffff max_cycles: 0xffffffff, max_idle_ns: 1911260446275000 ns
[    0.155842] futex hash table entries: 8192 (order: 7, 524288 bytes, linear)
[    0.157021] PM: RTC time: 18:06:39, date: 2024-02-26
[    0.158250] NET: Registered PF_NETLINK/PF_ROUTE protocol family
[    0.158997] thermal_sys: Registered thermal governor 'step_wise'
[    0.158998] thermal_sys: Registered thermal governor 'user_space'
[    0.159869] cpuidle: using governor menu
[    0.162108] PCI: Using configuration type 1 for base access
[    0.162840] PCI: Using configuration type 1 for extended access
[    0.163911] kprobes: kprobe jump-optimization is enabled. All kprobes are optimized if possible.
[    0.167965] HugeTLB: registered 1.00 GiB page size, pre-allocated 0 pages
[    0.168839] HugeTLB: 16380 KiB vmemmap can be freed for a 1.00 GiB page
[    0.169716] HugeTLB: registered 2.00 MiB page size, pre-allocated 0 pages
[    0.170839] HugeTLB: 28 KiB vmemmap can be freed for a 2.00 MiB page
[    0.171883] ACPI: Added _OSI(Module Device)
[    0.172460] ACPI: Added _OSI(Processor Device)
[    0.172839] ACPI: Added _OSI(3.0 _SCP Extensions)
[    0.173468] ACPI: Added _OSI(Processor Aggregator Device)
[    0.174570] ACPI: 1 ACPI AML tables successfully acquired and loaded
[    0.180416] ACPI: _OSC evaluation for CPUs failed, trying _PDC
[    0.180942] ACPI: Interpreter enabled
[    0.181441] ACPI: PM: (supports S0 S3 S4 S5)
[    0.181839] ACPI: Using IOAPIC for interrupt routing
[    0.182507] PCI: Using host bridge windows from ACPI; if necessary, use "pci=nocrs" and report a bug
[    0.183840] PCI: Using E820 reservations for host bridge windows
[    0.184717] ACPI: Enabled 2 GPEs in block 00 to 0F
[    0.188595] ACPI: PCI Root Bridge [PCI0] (domain 0000 [bus 00-ff])
[    0.188842] acpi PNP0A03:00: _OSC: OS supports [ExtendedConfig ASPM ClockPM Segments MSI HPX-Type3]
[    0.189929] PCI host bridge to bus 0000:00
[    0.190490] pci_bus 0000:00: root bus resource [io  0x0000-0x0cf7 window]
[    0.191839] pci_bus 0000:00: root bus resource [io  0x0d00-0xffff window]
[    0.192754] pci_bus 0000:00: root bus resource [mem 0x000a0000-0x000bffff window]
[    0.193839] pci_bus 0000:00: root bus resource [mem 0x40000000-0xfebfffff window]
[    0.194839] pci_bus 0000:00: root bus resource [mem 0x100000000-0x17fffffff window]
[    0.195839] pci_bus 0000:00: root bus resource [bus 00-ff]
[    0.196664] pci 0000:00:00.0: [8086:1237] type 00 class 0x060000 conventional PCI endpoint
[    0.198105] pci 0000:00:01.0: [8086:7000] type 00 class 0x060100 conventional PCI endpoint
[    0.199151] pci 0000:00:01.1: [8086:7010] type 00 class 0x010180 conventional PCI endpoint
[    0.203070] pci 0000:00:01.1: BAR 4 [io  0xc080-0xc08f]
[    0.204528] pci 0000:00:01.1: BAR 0 [io  0x01f0-0x01f7]: legacy IDE quirk
[    0.204839] pci 0000:00:01.1: BAR 1 [io  0x03f6]: legacy IDE quirk
[    0.205645] pci 0000:00:01.1: BAR 2 [io  0x0170-0x0177]: legacy IDE quirk
[    0.207839] pci 0000:00:01.1: BAR 3 [io  0x0376]: legacy IDE quirk
[    0.208735] pci 0000:00:01.3: [8086:7113] type 00 class 0x068000 conventional PCI endpoint
[    0.210089] pci 0000:00:01.3: quirk: [io  0x0600-0x063f] claimed by PIIX4 ACPI
[    0.210843] pci 0000:00:01.3: quirk: [io  0x0700-0x070f] claimed by PIIX4 SMB
[    0.211934] pci 0000:00:02.0: [1af4:1009] type 00 class 0x000200 conventional PCI endpoint
[    0.213840] pci 0000:00:02.0: BAR 0 [io  0xc000-0xc03f]
[    0.216488] pci 0000:00:02.0: BAR 1 [mem 0xfebfd000-0xfebfdfff]
[    0.221480] pci 0000:00:02.0: BAR 4 [mem 0xfebf4000-0xfebf7fff 64bit pref]
[    0.224462] pci 0000:00:03.0: [1af4:1009] type 00 class 0x000200 conventional PCI endpoint
[    0.226840] pci 0000:00:03.0: BAR 0 [io  0xc040-0xc07f]
[    0.228468] pci 0000:00:03.0: BAR 1 [mem 0xfebfe000-0xfebfefff]
[    0.233840] pci 0000:00:03.0: BAR 4 [mem 0xfebf8000-0xfebfbfff 64bit pref]
[    0.237011] pci 0000:00:04.0: [8086:25ab] type 00 class 0x088000 conventional PCI endpoint
[    0.238345] pci 0000:00:04.0: BAR 0 [mem 0xfebff000-0xfebff00f]
[    0.243412] ACPI: PCI: Interrupt link LNKA configured for IRQ 10
[    0.244948] ACPI: PCI: Interrupt link LNKB configured for IRQ 10
[    0.245832] ACPI: PCI: Interrupt link LNKC configured for IRQ 11
[    0.246937] ACPI: PCI: Interrupt link LNKD configured for IRQ 11
[    0.247796] ACPI: PCI: Interrupt link LNKS configured for IRQ 9
[    0.248730] iommu: Default domain type: Translated
[    0.249840] iommu: DMA domain TLB invalidation policy: lazy mode
[    0.250700] SCSI subsystem initialized
[    0.250877] pps_core: LinuxPPS API ver. 1 registered
[    0.251839] pps_core: Software ver. 5.3.6 - Copyright 2005-2007 Rodolfo Giometti <giometti@linux.it>
[    0.253841] PTP clock support registered
[    0.254385] Advanced Linux Sound Architecture Driver Initialized.
[    0.255163] NET: Registered PF_ATMPVC protocol family
[    0.255827] NET: Registered PF_ATMSVC protocol family
[    0.256843] PCI: Using ACPI for IRQ routing
[    0.257463] vgaarb: loaded
[    0.257875] hpet0: at MMIO 0xfed00000, IRQs 2, 8, 0
[    0.258518] hpet0: 3 comparators, 64-bit 100.000000 MHz counter
[    0.263669] clocksource: Switched to clocksource kvm-clock
[    0.264087] VFS: Disk quotas dquot_6.6.0
[    0.264642] VFS: Dquot-cache hash table entries: 512 (order 0, 4096 bytes)
[    0.265598] pnp: PnP ACPI init
[    0.266202] pnp: PnP ACPI: found 5 devices
[    0.274216] clocksource: acpi_pm: mask: 0xffffff max_cycles: 0xffffff, max_idle_ns: 2085701024 ns
[    0.275412] NET: Registered PF_INET protocol family
[    0.276145] IP idents hash table entries: 16384 (order: 5, 131072 bytes, linear)
[    0.277249] tcp_listen_portaddr_hash hash table entries: 512 (order: 1, 8192 bytes, linear)
[    0.278348] Table-perturb hash table entries: 65536 (order: 6, 262144 bytes, linear)
[    0.279361] TCP established hash table entries: 8192 (order: 4, 65536 bytes, linear)
[    0.280375] TCP bind hash table entries: 8192 (order: 6, 262144 bytes, linear)
[    0.281326] TCP: Hash tables configured (established 8192 bind 8192)
[    0.282169] UDP hash table entries: 512 (order: 2, 16384 bytes, linear)
[    0.283024] UDP-Lite hash table entries: 512 (order: 2, 16384 bytes, linear)
[    0.283952] NET: Registered PF_UNIX/PF_LOCAL protocol family
[    0.284707] pci_bus 0000:00: resource 4 [io  0x0000-0x0cf7 window]
[    0.285508] pci_bus 0000:00: resource 5 [io  0x0d00-0xffff window]
[    0.286318] pci_bus 0000:00: resource 6 [mem 0x000a0000-0x000bffff window]
[    0.287210] pci_bus 0000:00: resource 7 [mem 0x40000000-0xfebfffff window]
[    0.288113] pci_bus 0000:00: resource 8 [mem 0x100000000-0x17fffffff window]
[    0.289043] pci 0000:00:01.0: PIIX3: Enabling Passive Release
[    0.289786] pci 0000:00:00.0: Limiting direct PCI/PCI transfers
[    0.290587] PCI: CLS 0 bytes, default 64
[    0.291125] kvm_intel: VMX not supported by CPU 5
[    0.291741] kvm_amd: TSC scaling supported
[    0.292292] kvm_amd: Nested Virtualization enabled
[    0.292906] kvm_amd: Nested Paging enabled
[    0.293449] kvm_amd: Virtual VMLOAD VMSAVE supported
[    0.294096] kvm_amd: Virtual GIF supported
[    0.294622] kvm_amd: Virtual NMI enabled
[    0.295130] kvm_amd: LBR virtualization supported
[    0.390829] workingset: timestamp_bits=56 max_order=18 bucket_order=0
[    0.391750] squashfs: version 4.0 (2009/01/31) Phillip Lougher
[    0.392537] fuse: init (API version 7.39)
[    0.393122] 9p: Installing v9fs 9p2000 file system support
[    0.393878] Key type asymmetric registered
[    0.394447] Block layer SCSI generic (bsg) driver version 0.4 loaded (major 249)
[    0.395433] io scheduler mq-deadline registered
[    0.396036] io scheduler kyber registered
[    0.397594] input: Power Button as /devices/LNXSYSTM:00/LNXPWRBN:00/input/input0
[    0.398669] ACPI: button: Power Button [PWRF]
[    0.399281] Warning: Processor Platform Limit event detected, but not handled.
[    0.400238] Consider compiling CPUfreq support into your kernel.
[    0.417606] ACPI: \_SB_.LNKB: Enabled at IRQ 10
[    0.434468] ACPI: \_SB_.LNKC: Enabled at IRQ 11
[    0.435728] Serial: 8250/16550 driver, 4 ports, IRQ sharing enabled
[    0.436677] 00:03: ttyS0 at I/O 0x3f8 (irq = 4, base_baud = 115200) is a 16550A
[    0.438060] Non-volatile memory driver v1.3
[    0.438610] Linux agpgart interface v0.103
[    0.439185] ACPI: bus type drm_connector registered
[    0.444107] loop: module loaded
[    0.445143] scsi host0: ata_piix
[    0.445708] scsi host1: ata_piix
[    0.446164] ata1: PATA max MWDMA2 cmd 0x1f0 ctl 0x3f6 bmdma 0xc080 irq 14 lpm-pol 0
[    0.447173] ata2: PATA max MWDMA2 cmd 0x170 ctl 0x376 bmdma 0xc088 irq 15 lpm-pol 0
[    0.448411] i8042: PNP: PS/2 Controller [PNP0303:KBD,PNP0f13:MOU] at 0x60,0x64 irq 1,12
[    0.450139] serio: i8042 KBD port at 0x60,0x64 irq 1
[    0.450801] serio: i8042 AUX port at 0x60,0x64 irq 12
[    0.451768] input: AT Translated Set 2 keyboard as /devices/platform/i8042/serio0/input/input1
[    0.452082] rtc_cmos 00:04: RTC can wake from S4
[    0.454674] rtc_cmos 00:04: registered as rtc0
[    0.455982] input: ImExPS/2 Generic Explorer Mouse as /devices/platform/i8042/serio1/input/input3
[    0.456045] rtc_cmos 00:04: setting system clock to 2024-02-26T18:06:39 UTC (1708970799)
[    0.458666] rtc_cmos 00:04: alarms up to one day, y3k, 242 bytes nvram, hpet irqs
[    0.460221] i6300ESB timer 0000:00:04.0: initialized. heartbeat=30 sec (nowayout=0)
[    0.461619] device-mapper: ioctl: 4.48.0-ioctl (2023-03-01) initialised: dm-devel@redhat.com
[    0.463317] NET: Registered PF_PACKET protocol family
[    0.464201] 9pnet: Installing 9P2000 support
[    0.465795] Key type dns_resolver registered
[    0.468215] IPI shorthand broadcast: enabled
[    0.471542] sched_clock: Marking stable (466001044, 5011207)->(484577248, -13564997)
[    0.473080] registered taskstats version 1
[    0.475131] PM:   Magic number: 12:902:140
[    0.475863] acpi device:11: hash matches
[    0.476543] printk: legacy console [netcon0] enabled
[    0.477390] netconsole: network logging started
[    0.478218] ALSA device list:
[    0.478727]   No soundcards found.
[    0.606339] ata2: found unknown device (class 0)
[    0.607669] ata2.00: ATAPI: QEMU DVD-ROM, 2.5+, max UDMA/100
[    0.609223] scsi 1:0:0:0: CD-ROM            QEMU     QEMU DVD-ROM     2.5+ PQ: 0 ANSI: 5
[    0.617481] scsi 1:0:0:0: Attached scsi generic sg0 type 5
[    0.618196] md: Skipping autodetection of RAID arrays. (raid=autodetect will force)
[    0.619370] 9pnet_virtio: no channels available for device 
[    0.620608] VFS: Mounted root (9p filesystem) readonly on device 0:19.
[    0.621730] devtmpfs: mounted
[    0.622954] Freeing unused kernel image (initmem) memory: 2992K
[    0.632017] Write protecting the kernel read-only data: 22528k
[    0.633197] Freeing unused kernel image (rodata/data gap) memory: 212K
[    0.668673] x86/mm: Checked W+X mappings: passed, no W+X pages found.
[    0.669434] Run /usr/lib/python3.11/site-packages/virtme/guest/virtme-init as init process
[    0.690252] mount (240) used greatest stack depth: 13480 bytes left
[    0.718911] mount (250) used greatest stack depth: 13144 bytes left
[    0.738886] mount (258) used greatest stack depth: 13064 bytes left
[    0.780862] cp (300) used greatest stack depth: 13000 bytes left
[    0.796253] mount (308) used greatest stack depth: 12984 bytes left
[    0.797282] virtme-init: basic initialization done
[    0.801857] virtme-init: udevd not found
[    0.844353] virtme-init: Setting hostname to virtme-ng...
[    0.854052] ip (333) used greatest stack depth: 12912 bytes left
          _      _                                    
   __   _(_)_ __| |_ _ __ ___   ___       _ __   __ _ 
   \ \ / / |  __| __|  _   _ \ / _ \_____|  _ \ / _  |
    \ V /| | |  | |_| | | | | |  __/_____| | | | (_| |
     \_/ |_|_|   \__|_| |_| |_|\___|     |_| |_|\__  |
                                                |___/ 
   kernel version: 6.8.0-rc5-virtme x86_64

virtme-ng:/nipa-data/kernel# PS1='xx__-> '
xx__-> env
PWD=/nipa-data/kernel
HOME=/
TERM=xterm
SHLVL=2
XDG_RUNTIME_DIR=/run/user/0
PATH=/bin:/sbin:/usr/bin:/usr/sbin:/usr/local/bin
OLDPWD=/
_=/usr/bin/env
xx__-> 