No EFI environment detected.
early console in extract_kernel
input_data: 0x0000000002be12c4
input_len: 0x0000000000b90ea7
output: 0x0000000001000000
output_len: 0x0000000002729e98
kernel_total_size: 0x0000000002430000
needed_size: 0x0000000002800000
trampoline_32bit: 0x0000000000000000
Physical KASLR using RDRAND RDTSC...
Virtual KASLR using RDRAND RDTSC...

Decompressing Linux... Parsing ELF... Performing relocations... done.
Booting the kernel (entry_offset: 0x0000000000f8be90).
[    0.000000] Linux version 6.14.0-rc3-virtme (root@134e64eaaa9a) (gcc (Ubuntu 13.3.0-6ubuntu2~24.04) 13.3.0, GNU ld (GNU Binutils for Ubuntu) 2.42) #1 SMP PREEMPT_DYNAMIC Sun Feb 23 06:06:21 UTC 2025
[    0.000000] Command line: virtme_hostname=virtme-ng nr_open=1048576 virtme_link_mods=/nipa-data/kernel/.virtme_mods/lib/modules/0.0.0 virtme_initmount0=nipa-data/kernel virtme_rw_overlay0=/etc virtme_rw_overlay1=/lib virtme_rw_overlay2=/home virtme_rw_overlay3=/opt virtme_rw_overlay4=/srv virtme_rw_overlay5=/usr virtme_rw_overlay6=/var console=hvc0 earlyprintk=serial,ttyS0,115200 virtme_console=ttyS0 psmouse.proto=exps TERM=xterm virtme_chdir=nipa-data/kernel virtme_root_user=1 rootfstype=9p rootflags=version=9p2000.L,trans=virtio,access=any raid=noautodetect ro init=/usr/lib/python3/dist-packages/virtme/guest/virtme-init
[    0.000000] BIOS-provided physical RAM map:
[    0.000000] BIOS-e820: [mem 0x0000000000000000-0x000000000009fbff] usable
[    0.000000] BIOS-e820: [mem 0x000000000009fc00-0x000000000009ffff] reserved
[    0.000000] BIOS-e820: [mem 0x00000000000f0000-0x00000000000fffff] reserved
[    0.000000] BIOS-e820: [mem 0x0000000000100000-0x000000003ffdffff] usable
[    0.000000] BIOS-e820: [mem 0x000000003ffe0000-0x000000003fffffff] reserved
[    0.000000] BIOS-e820: [mem 0x00000000feffc000-0x00000000feffffff] reserved
[    0.000000] BIOS-e820: [mem 0x00000000fffc0000-0x00000000ffffffff] reserved
[    0.000000] BIOS-e820: [mem 0x000000fd00000000-0x000000ffffffffff] reserved
[    0.000000] printk: legacy bootconsole [earlyser0] enabled
[    0.000000] NX (Execute Disable) protection: active
[    0.000000] APIC: Static calls initialized
[    0.000000] SMBIOS 3.0.0 present.
[    0.000000] DMI: QEMU Ubuntu 24.04 PC (i440FX + PIIX, 1996), BIOS 1.16.3-debian-1.16.3-2 04/01/2014
[    0.000000] DMI: Memory slots populated: 1/1
[    0.000000] Hypervisor detected: KVM
[    0.000000] kvm-clock: Using msrs 4b564d01 and 4b564d00
[    0.000000] kvm-clock: using sched offset of 221720327 cycles
[    0.000356] clocksource: kvm-clock: mask: 0xffffffffffffffff max_cycles: 0x1cd42e4dffb, max_idle_ns: 881590591483 ns
[    0.001470] tsc: Detected 4491.560 MHz processor
[    0.002040] last_pfn = 0x3ffe0 max_arch_pfn = 0x400000000
[    0.002437] MTRR map: 4 entries (3 fixed + 1 variable; max 19), built from 8 variable MTRRs
[    0.003018] x86/PAT: Configuration [0-7]: WB  WC  UC- UC  WB  WP  UC- WT  
Memory KASLR using RDRAND RDTSC...
[    0.004928] found SMP MP-table at [mem 0x000f5470-0x000f547f]
[    0.005321] Using GB pages for direct mapping
[    0.005658] ACPI: Early table checksum verification disabled
[    0.006042] ACPI: RSDP 0x00000000000F5290 000014 (v00 BOCHS )
[    0.006438] ACPI: RSDT 0x000000003FFE27BC 000034 (v01 BOCHS  BXPC     00000001 BXPC 00000001)
[    0.007016] ACPI: FACP 0x000000003FFE2578 000074 (v01 BOCHS  BXPC     00000001 BXPC 00000001)
[    0.007601] ACPI: DSDT 0x000000003FFE0040 002538 (v01 BOCHS  BXPC     00000001 BXPC 00000001)
[    0.008180] ACPI: FACS 0x000000003FFE0000 000040
[    0.008495] ACPI: APIC 0x000000003FFE25EC 000170 (v03 BOCHS  BXPC     00000001 BXPC 00000001)
[    0.009073] ACPI: HPET 0x000000003FFE275C 000038 (v01 BOCHS  BXPC     00000001 BXPC 00000001)
[    0.009659] ACPI: WAET 0x000000003FFE2794 000028 (v01 BOCHS  BXPC     00000001 BXPC 00000001)
[    0.010251] ACPI: Reserving FACP table memory at [mem 0x3ffe2578-0x3ffe25eb]
[    0.010740] ACPI: Reserving DSDT table memory at [mem 0x3ffe0040-0x3ffe2577]
[    0.011229] ACPI: Reserving FACS table memory at [mem 0x3ffe0000-0x3ffe003f]
[    0.011709] ACPI: Reserving APIC table memory at [mem 0x3ffe25ec-0x3ffe275b]
[    0.012185] ACPI: Reserving HPET table memory at [mem 0x3ffe275c-0x3ffe2793]
[    0.012661] ACPI: Reserving WAET table memory at [mem 0x3ffe2794-0x3ffe27bb]
[    0.013266] No NUMA configuration found
[    0.013528] Faking a node at [mem 0x0000000000000000-0x000000003ffdffff]
[    0.013983] NODE_DATA(0) allocated [mem 0x3ffdb780-0x3ffdffff]
[    0.014385] Zone ranges:
[    0.014556]   DMA      [mem 0x0000000000001000-0x0000000000ffffff]
[    0.014975]   DMA32    [mem 0x0000000001000000-0x000000003ffdffff]
[    0.015393]   Normal   empty
[    0.015588]   Device   empty
[    0.015783] Movable zone start for each node
[    0.016071] Early memory node ranges
[    0.016312]   node   0: [mem 0x0000000000001000-0x000000000009efff]
[    0.016737]   node   0: [mem 0x0000000000100000-0x000000003ffdffff]
[    0.017161] Initmem setup node 0 [mem 0x0000000000001000-0x000000003ffdffff]
[    0.017644] On node 0, zone DMA: 1 pages in unavailable ranges
[    0.018047] On node 0, zone DMA: 97 pages in unavailable ranges
[    0.019367] On node 0, zone DMA32: 32 pages in unavailable ranges
[    0.019966] ACPI: PM-Timer IO Port: 0x608
[    0.020241] ACPI: LAPIC_NMI (acpi_id[0xff] dfl dfl lint[0x1])
[    0.020643] IOAPIC[0]: apic_id 0, version 17, address 0xfec00000, GSI 0-23
[    0.021108] ACPI: INT_SRC_OVR (bus 0 bus_irq 0 global_irq 2 dfl dfl)
[    0.021556] ACPI: INT_SRC_OVR (bus 0 bus_irq 5 global_irq 5 high level)
[    0.022003] ACPI: INT_SRC_OVR (bus 0 bus_irq 9 global_irq 9 high level)
[    0.022454] ACPI: INT_SRC_OVR (bus 0 bus_irq 10 global_irq 10 high level)
[    0.022913] ACPI: INT_SRC_OVR (bus 0 bus_irq 11 global_irq 11 high level)
[    0.023373] ACPI: Using ACPI (MADT) for SMP configuration information
[    0.023808] ACPI: HPET id: 0x8086a201 base: 0xfed00000
[    0.024156] TSC deadline timer available
[    0.024422] CPU topo: Max. logical packages:   1
[    0.024734] CPU topo: Max. logical dies:       1
[    0.025046] CPU topo: Max. dies per package:   1
[    0.025360] CPU topo: Max. threads per core:   1
[    0.025674] CPU topo: Num. cores per package:    32
[    0.026003] CPU topo: Num. threads per package:  32
[    0.026333] CPU topo: Allowing 32 present CPUs plus 0 hotplug CPUs
[    0.026757] kvm-guest: APIC: eoi() replaced with kvm_guest_apic_eoi_write()
[    0.027233] kvm-guest: KVM setup pv remote TLB flush
[    0.027571] kvm-guest: setup PV sched yield
[    0.027856] PM: hibernation: Registered nosave memory: [mem 0x00000000-0x00000fff]
[    0.028368] PM: hibernation: Registered nosave memory: [mem 0x0009f000-0x0009ffff]
[    0.028880] PM: hibernation: Registered nosave memory: [mem 0x000a0000-0x000effff]
[    0.029391] PM: hibernation: Registered nosave memory: [mem 0x000f0000-0x000fffff]
[    0.029916] [mem 0x40000000-0xfeffbfff] available for PCI devices
[    0.030339] Booting paravirtualized kernel on KVM
[    0.030666] clocksource: refined-jiffies: mask: 0xffffffff max_cycles: 0xffffffff, max_idle_ns: 1910969940391419 ns
[    0.034010] setup_percpu: NR_CPUS:64 nr_cpumask_bits:32 nr_cpu_ids:32 nr_node_ids:1
[    0.035121] percpu: Embedded 58 pages/cpu s198296 r8192 d31080 u262144
[    0.035594] Kernel command line: virtme_hostname=virtme-ng nr_open=1048576 virtme_link_mods=/nipa-data/kernel/.virtme_mods/lib/modules/0.0.0 virtme_initmount0=nipa-data/kernel virtme_rw_overlay0=/etc virtme_rw_overlay1=/lib virtme_rw_overlay2=/home virtme_rw_overlay3=/opt virtme_rw_overlay4=/srv virtme_rw_overlay5=/usr virtme_rw_overlay6=/var console=hvc0 earlyprintk=serial,ttyS0,115200 virtme_console=ttyS0 psmouse.proto=exps TERM=xterm virtme_chdir=nipa-data/kernel virtme_root_user=1 rootfstype=9p rootflags=version=9p2000.L,trans=virtio,access=any raid=noautodetect ro init=/usr/lib/python3/dist-packages/virtme/guest/virtme-init
[    0.039541] Unknown kernel command line parameters "virtme_hostname=virtme-ng nr_open=1048576 virtme_link_mods=/nipa-data/kernel/.virtme_mods/lib/modules/0.0.0 virtme_initmount0=nipa-data/kernel virtme_rw_overlay0=/etc virtme_rw_overlay1=/lib virtme_rw_overlay2=/home virtme_rw_overlay3=/opt virtme_rw_overlay4=/srv virtme_rw_overlay5=/usr virtme_rw_overlay6=/var virtme_console=ttyS0 virtme_chdir=nipa-data/kernel virtme_root_user=1", will be passed to user space.
[    0.042568] random: crng init done
[    0.042804] printk: log buffer data + meta data: 262144 + 917504 = 1179648 bytes
[    0.043345] Dentry cache hash table entries: 131072 (order: 8, 1048576 bytes, linear)
[    0.043906] Inode-cache hash table entries: 65536 (order: 7, 524288 bytes, linear)
[    0.044516] Fallback order for Node 0: 0 
[    0.044518] Built 1 zonelists, mobility grouping on.  Total pages: 262014
[    0.045263] Policy zone: DMA32
[    0.045490] mem auto-init: stack:all(zero), heap alloc:off, heap free:off
[    0.046493] SLUB: HWalign=64, Order=0-3, MinObjects=0, CPUs=32, Nodes=1
Poking KASLR using RDRAND RDTSC...
[    0.047182] ftrace: allocating 48959 entries in 192 pages
[    0.058896] ftrace: allocated 192 pages with 2 groups
[    0.059776] Dynamic Preempt: voluntary
[    0.060162] rcu: Preemptible hierarchical RCU implementation.
[    0.060558] rcu: RCU event tracing is enabled.
[    0.060869] rcu: RCU restricting CPUs from NR_CPUS=64 to nr_cpu_ids=32.
[    0.061330] Trampoline variant of Tasks RCU enabled.
[    0.061695] Rude variant of Tasks RCU enabled.
[    0.062007] Tracing variant of Tasks RCU enabled.
[    0.062337] rcu: RCU calculated value of scheduler-enlistment delay is 100 jiffies.
[    0.062864] rcu: Adjusting geometry for rcu_fanout_leaf=16, nr_cpu_ids=32
[    0.063337] RCU Tasks: Setting shift to 5 and lim to 1 rcu_task_cb_adjust=1 rcu_task_cpu_ids=32.
[    0.063943] RCU Tasks Rude: Setting shift to 5 and lim to 1 rcu_task_cb_adjust=1 rcu_task_cpu_ids=32.
[    0.064584] RCU Tasks Trace: Setting shift to 5 and lim to 1 rcu_task_cb_adjust=1 rcu_task_cpu_ids=32.
[    0.066910] NR_IRQS: 4352, nr_irqs: 680, preallocated irqs: 16
[    0.067476] rcu: srcu_init: Setting srcu_struct sizes based on contention.
[    0.068082] Console: colour *CGA 80x25
[    0.068349] ACPI: Core revision 20240827
[    0.068684] clocksource: hpet: mask: 0xffffffff max_cycles: 0xffffffff, max_idle_ns: 19112604467 ns
[    0.069369] APIC: Switch to symmetric I/O mode setup
[    0.069729] kvm-guest: APIC: send_IPI_mask() replaced with kvm_send_ipi_mask()
[    0.070224] kvm-guest: APIC: send_IPI_mask_allbutself() replaced with kvm_send_ipi_mask_allbutself()
[    0.070833] kvm-guest: setup PV IPIs
[    0.071809] ..TIMER: vector=0x30 apic1=0 pin1=2 apic2=-1 pin2=-1
[    0.072564] clocksource: tsc-early: mask: 0xffffffffffffffff max_cycles: 0x40be4320a4d, max_idle_ns: 440795288133 ns
[    0.073866] Calibrating delay loop (skipped) preset value.. 8983.12 BogoMIPS (lpj=4491560)
[    0.074926] x86/cpu: User Mode Instruction Prevention (UMIP) activated
[    0.075911] Last level iTLB entries: 4KB 512, 2MB 255, 4MB 127
[    0.076865] Last level dTLB entries: 4KB 512, 2MB 255, 4MB 127, 1GB 0
[    0.077639] Spectre V1 : Mitigation: usercopy/swapgs barriers and __user pointer sanitization
[    0.078866] Spectre V2 : Mitigation: Enhanced / Automatic IBRS
[    0.079570] Spectre V2 : Spectre v2 / SpectreRSB mitigation: Filling RSB on context switch
[    0.079866] Spectre V2 : mitigation: Enabling conditional Indirect Branch Prediction Barrier
[    0.080866] Speculative Store Bypass: Mitigation: Speculative Store Bypass disabled via prctl
[    0.081865] Speculative Return Stack Overflow: IBPB-extending microcode not applied!
[    0.082865] Speculative Return Stack Overflow: WARNING: See https://kernel.org/doc/html/latest/admin-guide/hw-vuln/srso.html for mitigation options.
[    0.082865] Speculative Return Stack Overflow: Vulnerable: Safe RET, no microcode
[    0.084879] x86/fpu: Supporting XSAVE feature 0x001: 'x87 floating point registers'
[    0.085865] x86/fpu: Supporting XSAVE feature 0x002: 'SSE registers'
[    0.086865] x86/fpu: Supporting XSAVE feature 0x004: 'AVX registers'
[    0.087610] x86/fpu: Supporting XSAVE feature 0x020: 'AVX-512 opmask'
[    0.087865] x86/fpu: Supporting XSAVE feature 0x040: 'AVX-512 Hi256'
[    0.088865] x86/fpu: Supporting XSAVE feature 0x080: 'AVX-512 ZMM_Hi256'
[    0.089865] x86/fpu: Supporting XSAVE feature 0x200: 'Protection Keys User registers'
[    0.090865] x86/fpu: xstate_offset[2]:  576, xstate_sizes[2]:  256
[    0.091590] x86/fpu: xstate_offset[5]:  832, xstate_sizes[5]:   64
[    0.091865] x86/fpu: xstate_offset[6]:  896, xstate_sizes[6]:  512
[    0.092865] x86/fpu: xstate_offset[7]: 1408, xstate_sizes[7]: 1024
[    0.093865] x86/fpu: xstate_offset[9]: 2432, xstate_sizes[9]:    8
[    0.094609] x86/fpu: Enabled xstate features 0x2e7, context size is 2440 bytes, using 'compacted' format.
[    0.109279] Freeing SMP alternatives memory: 40K
[    0.109847] pid_max: default: 32768 minimum: 301
[    0.109883] Mount-cache hash table entries: 2048 (order: 2, 16384 bytes, linear)
[    0.110866] Mountpoint-cache hash table entries: 2048 (order: 2, 16384 bytes, linear)
[    0.111992] smpboot: CPU0: AMD Ryzen 9 7950X 16-Core Processor (family: 0x19, model: 0x61, stepping: 0x2)
[    0.112975] Performance Events: Fam17h+ core perfctr, AMD PMU driver.
[    0.113777] ... version:                0
[    0.113867] ... bit width:              48
[    0.114349] ... generic registers:      6
[    0.114822] ... value mask:             0000ffffffffffff
[    0.114866] ... max period:             00007fffffffffff
[    0.115504] ... fixed-purpose events:   0
[    0.115867] ... event mask:             000000000000003f
[    0.116579] signal: max sigframe size: 3376
[    0.116881] rcu: Hierarchical SRCU implementation.
[    0.117450] rcu: Max phase no-delay instances is 400.
[    0.117886] Timer migration: 2 hierarchy levels; 8 children per group; 2 crossnode level
[    0.120924] smp: Bringing up secondary CPUs ...
[    0.121507] smpboot: x86: Booting SMP configuration:
[    0.121868] .... node  #0, CPUs:        #1  #2  #3  #4  #5  #6  #7  #8  #9 #10 #11 #12 #13 #14 #15 #16 #17 #18 #19 #20 #21 #22 #23 #24 #25 #26 #27 #28 #29 #30 #31
[    0.141983] smp: Brought up 1 node, 32 CPUs
[    0.143379] smpboot: Total of 32 processors activated (287459.84 BogoMIPS)
[    0.149883] Memory: 970436K/1048056K available (15920K kernel code, 2462K rwdata, 6368K rodata, 3196K init, 1752K bss, 63180K reserved, 0K cma-reserved)
[    0.151000] devtmpfs: initialized
[    0.151308] x86/mm: Memory block size: 128MB
[    0.152509] clocksource: jiffies: mask: 0xffffffff max_cycles: 0xffffffff, max_idle_ns: 1911260446275000 ns
[    0.152869] futex hash table entries: 8192 (order: 7, 524288 bytes, linear)
[    0.153794] PM: RTC time: 06:06:39, date: 2025-02-23
[    0.154204] NET: Registered PF_NETLINK/PF_ROUTE protocol family
[    0.154988] thermal_sys: Registered thermal governor 'step_wise'
[    0.155001] cpuidle: using governor menu
[    0.157061] PCI: Using configuration type 1 for base access
[    0.157759] PCI: Using configuration type 1 for extended access
[    0.157930] kprobes: kprobe jump-optimization is enabled. All kprobes are optimized if possible.
[    0.181007] HugeTLB: registered 1.00 GiB page size, pre-allocated 0 pages
[    0.181868] HugeTLB: 16380 KiB vmemmap can be freed for a 1.00 GiB page
[    0.182865] HugeTLB: registered 2.00 MiB page size, pre-allocated 0 pages
[    0.183868] HugeTLB: 28 KiB vmemmap can be freed for a 2.00 MiB page
[    0.184912] ACPI: Added _OSI(Module Device)
[    0.185440] ACPI: Added _OSI(Processor Device)
[    0.185867] ACPI: Added _OSI(3.0 _SCP Extensions)
[    0.186502] ACPI: Added _OSI(Processor Aggregator Device)
[    0.187551] ACPI: 1 ACPI AML tables successfully acquired and loaded
[    0.190010] ACPI: Interpreter enabled
[    0.190010] ACPI: PM: (supports S0 S3 S4 S5)
[    0.190472] ACPI: Using IOAPIC for interrupt routing
[    0.191877] PCI: Using host bridge windows from ACPI; if necessary, use "pci=nocrs" and report a bug
[    0.192868] PCI: Using E820 reservations for host bridge windows
[    0.193707] ACPI: Enabled 2 GPEs in block 00 to 0F
[    0.197348] ACPI: PCI Root Bridge [PCI0] (domain 0000 [bus 00-ff])
[    0.197869] acpi PNP0A03:00: _OSC: OS supports [ExtendedConfig ASPM ClockPM Segments MSI HPX-Type3]
[    0.198952] PCI host bridge to bus 0000:00
[    0.199460] pci_bus 0000:00: root bus resource [io  0x0000-0x0cf7 window]
[    0.199867] pci_bus 0000:00: root bus resource [io  0x0d00-0xffff window]
[    0.200713] pci_bus 0000:00: root bus resource [mem 0x000a0000-0x000bffff window]
[    0.201867] pci_bus 0000:00: root bus resource [mem 0x40000000-0xfebfffff window]
[    0.202800] pci_bus 0000:00: root bus resource [mem 0x100000000-0x17fffffff window]
[    0.203867] pci_bus 0000:00: root bus resource [bus 00-ff]
[    0.204631] pci 0000:00:00.0: [8086:1237] type 00 class 0x060000 conventional PCI endpoint
[    0.206131] pci 0000:00:01.0: [8086:7000] type 00 class 0x060100 conventional PCI endpoint
[    0.207130] pci 0000:00:01.1: [8086:7010] type 00 class 0x010180 conventional PCI endpoint
[    0.209361] pci 0000:00:01.1: BAR 4 [io  0xc0c0-0xc0cf]
[    0.209885] pci 0000:00:01.1: BAR 0 [io  0x01f0-0x01f7]: legacy IDE quirk
[    0.210731] pci 0000:00:01.1: BAR 1 [io  0x03f6]: legacy IDE quirk
[    0.210867] pci 0000:00:01.1: BAR 2 [io  0x0170-0x0177]: legacy IDE quirk
[    0.211716] pci 0000:00:01.1: BAR 3 [io  0x0376]: legacy IDE quirk
[    0.212952] pci 0000:00:01.3: [8086:7113] type 00 class 0x068000 conventional PCI endpoint
[    0.214060] pci 0000:00:01.3: quirk: [io  0x0600-0x063f] claimed by PIIX4 ACPI
[    0.214870] pci 0000:00:01.3: quirk: [io  0x0700-0x070f] claimed by PIIX4 SMB
[    0.215926] pci 0000:00:02.0: [1af4:1009] type 00 class 0x000200 conventional PCI endpoint
[    0.217871] pci 0000:00:02.0: BAR 0 [io  0xc000-0xc03f]
[    0.218529] pci 0000:00:02.0: BAR 1 [mem 0xfebfc000-0xfebfcfff]
[    0.219882] pci 0000:00:02.0: BAR 4 [mem 0xfebf0000-0xfebf3fff 64bit pref]
[    0.221313] pci 0000:00:03.0: [1af4:1009] type 00 class 0x000200 conventional PCI endpoint
[    0.222388] pci 0000:00:03.0: BAR 0 [io  0xc040-0xc07f]
[    0.223871] pci 0000:00:03.0: BAR 1 [mem 0xfebfd000-0xfebfdfff]
[    0.224625] pci 0000:00:03.0: BAR 4 [mem 0xfebf4000-0xfebf7fff 64bit pref]
[    0.225375] pci 0000:00:04.0: [8086:25ab] type 00 class 0x088000 conventional PCI endpoint
[    0.227165] pci 0000:00:04.0: BAR 0 [mem 0xfebfe000-0xfebfe00f]
[    0.228257] pci 0000:00:05.0: [1af4:1003] type 00 class 0x078000 conventional PCI endpoint
[    0.229867] pci 0000:00:05.0: BAR 0 [io  0xc080-0xc0bf]
[    0.230524] pci 0000:00:05.0: BAR 1 [mem 0xfebff000-0xfebfffff]
[    0.231881] pci 0000:00:05.0: BAR 4 [mem 0xfebf8000-0xfebfbfff 64bit pref]
[    0.233440] ACPI: PCI: Interrupt link LNKA configured for IRQ 10
[    0.233970] ACPI: PCI: Interrupt link LNKB configured for IRQ 10
[    0.234814] ACPI: PCI: Interrupt link LNKC configured for IRQ 11
[    0.235960] ACPI: PCI: Interrupt link LNKD configured for IRQ 11
[    0.236773] ACPI: PCI: Interrupt link LNKS configured for IRQ 9
[    0.237672] iommu: Default domain type: Translated
[    0.238867] iommu: DMA domain TLB invalidation policy: lazy mode
[    0.239668] SCSI subsystem initialized
[    0.239895] pps_core: LinuxPPS API ver. 1 registered
[    0.240508] pps_core: Software ver. 5.3.6 - Copyright 2005-2007 Rodolfo Giometti <giometti@linux.it>
[    0.241869] PTP clock support registered
[    0.242369] Advanced Linux Sound Architecture Driver Initialized.
[    0.243138] NET: Registered PF_ATMPVC protocol family
[    0.243771] NET: Registered PF_ATMSVC protocol family
[    0.244873] PCI: Using ACPI for IRQ routing
[    0.245469] vgaarb: loaded
[    0.245907] hpet0: at MMIO 0xfed00000, IRQs 2, 8, 0
[    0.246515] hpet0: 3 comparators, 64-bit 100.000000 MHz counter
[    0.254024] clocksource: Switched to clocksource kvm-clock
[    0.254809] VFS: Disk quotas dquot_6.6.0
[    0.255349] VFS: Dquot-cache hash table entries: 512 (order 0, 4096 bytes)
[    0.256302] pnp: PnP ACPI init
[    0.256851] pnp: PnP ACPI: found 5 devices
[    0.263892] clocksource: acpi_pm: mask: 0xffffff max_cycles: 0xffffff, max_idle_ns: 2085701024 ns
[    0.265017] NET: Registered PF_INET protocol family
[    0.265716] IP idents hash table entries: 16384 (order: 5, 131072 bytes, linear)
[    0.266794] tcp_listen_portaddr_hash hash table entries: 512 (order: 1, 8192 bytes, linear)
[    0.267842] Table-perturb hash table entries: 65536 (order: 6, 262144 bytes, linear)
[    0.268811] TCP established hash table entries: 8192 (order: 4, 65536 bytes, linear)
[    0.269777] TCP bind hash table entries: 8192 (order: 6, 262144 bytes, linear)
[    0.270681] TCP: Hash tables configured (established 8192 bind 8192)
[    0.271488] UDP hash table entries: 512 (order: 3, 32768 bytes, linear)
[    0.272307] UDP-Lite hash table entries: 512 (order: 3, 32768 bytes, linear)
[    0.273210] NET: Registered PF_UNIX/PF_LOCAL protocol family
[    0.273918] pci_bus 0000:00: resource 4 [io  0x0000-0x0cf7 window]
[    0.274681] pci_bus 0000:00: resource 5 [io  0x0d00-0xffff window]
[    0.275448] pci_bus 0000:00: resource 6 [mem 0x000a0000-0x000bffff window]
[    0.276306] pci_bus 0000:00: resource 7 [mem 0x40000000-0xfebfffff window]
[    0.277155] pci_bus 0000:00: resource 8 [mem 0x100000000-0x17fffffff window]
[    0.278050] pci 0000:00:01.0: PIIX3: Enabling Passive Release
[    0.278763] pci 0000:00:00.0: Limiting direct PCI/PCI transfers
[    0.279535] PCI: CLS 0 bytes, default 64
[    0.280079] kvm_intel: VMX not supported by CPU 22
[    0.280742] kvm_amd: TSC scaling supported
[    0.281257] kvm_amd: Nested Virtualization enabled
[    0.281846] kvm_amd: Nested Paging enabled
[    0.282356] kvm_amd: LBR virtualization supported
[    0.282943] kvm_amd: Virtual GIF supported
[    0.283447] kvm_amd: Virtual NMI enabled
[    0.322637] clocksource: tsc: mask: 0xffffffffffffffff max_cycles: 0x40be4320a4d, max_idle_ns: 440795288133 ns
[    0.330453] Initialise system trusted keyrings
[    0.331109] workingset: timestamp_bits=56 max_order=18 bucket_order=0
[    0.331962] squashfs: version 4.0 (2009/01/31) Phillip Lougher
[    0.332705] fuse: init (API version 7.42)
[    0.333257] 9p: Installing v9fs 9p2000 file system support
[    0.340595] Key type asymmetric registered
[    0.341118] Asymmetric key parser 'x509' registered
[    0.341740] Block layer SCSI generic (bsg) driver version 0.4 loaded (major 249)
[    0.342689] io scheduler mq-deadline registered
[    0.343269] io scheduler kyber registered
[    0.345737] input: Power Button as /devices/LNXSYSTM:00/LNXPWRBN:00/input/input0
[    0.346755] ACPI: button: Power Button [PWRF]
[    0.347720] Warning: Processor Platform Limit event detected, but not handled.
[    0.348762] Consider compiling CPUfreq support into your kernel.
[    0.366487] ACPI: \_SB_.LNKB: Enabled at IRQ 10
[    0.382271] ACPI: \_SB_.LNKC: Enabled at IRQ 11
[    0.397957] ACPI: \_SB_.LNKA: Enabled at IRQ 10
[    0.399047] Serial: 8250/16550 driver, 4 ports, IRQ sharing enabled
[    0.399947] 00:03: ttyS0 at I/O 0x3f8 (irq = 4, base_baud = 115200) is a 16550A
[    0.421579] Non-volatile memory driver v1.3
[    0.422146] Linux agpgart interface v0.103
[    0.422669] printk: legacy console [hvc0] enabled
[    0.422687] ACPI: bus type drm_connector registered
[    0.423267] printk: legacy bootconsole [earlyser0] disabled
          _      _                                    
   __   _(_)_ __| |_ _ __ ___   ___       _ __   __ _ 
   \ \ / / |  __| __|  _   _ \ / _ \_____|  _ \ / _  |
    \ V /| | |  | |_| | | | | |  __/_____| | | | (_| |
     \_/ |_|_|   \__|_| |_| |_|\___|     |_| |_|\__  |
                                                |___/ 
   kernel version: 6.14.0-rc3-virtme x86_64
   (CTRL+d to exit)

root@virtme-ng:/nipa-data/kernel# PS1='xx__-> '
xx__-> env
PWD=/nipa-data/kernel
nr_open=1048576
HOME=/
TERM=xterm
SHLVL=2
XDG_RUNTIME_DIR=/run/user/0
PATH=/bin:/sbin:/usr/bin:/usr/sbin:/usr/local/bin
OLDPWD=/
_=/bin/env
xx__-> 