No EFI environment detected.
early console in extract_kernel
input_data: 0x0000000002be32c4
input_len: 0x0000000000b807d5
output: 0x0000000001000000
output_len: 0x000000000271b8d8
kernel_total_size: 0x0000000002430000
needed_size: 0x0000000002800000
trampoline_32bit: 0x0000000000000000
Physical KASLR using RDRAND RDTSC...
Virtual KASLR using RDRAND RDTSC...

Decompressing Linux... Parsing ELF... Performing relocations... done.
Booting the kernel (entry_offset: 0x0000000000000000).
[    0.000000] Linux version 6.13.0-rc1-virtme (root@4170e6e0e110) (gcc (Ubuntu 13.2.0-23ubuntu4) 13.2.0, GNU ld (GNU Binutils for Ubuntu) 2.42) #1 SMP PREEMPT_DYNAMIC Thu Dec 12 15:10:59 UTC 2024
[    0.000000] Command line: virtme_hostname=virtme-ng nr_open=1048576 virtme_link_mods=/nipa-data/kernel/.virtme_mods/lib/modules/0.0.0 virtme_initmount0=nipa-data/kernel virtme_rw_overlay0=/etc virtme_rw_overlay1=/lib virtme_rw_overlay2=/home virtme_rw_overlay3=/opt virtme_rw_overlay4=/srv virtme_rw_overlay5=/usr virtme_rw_overlay6=/var console=hvc0 earlyprintk=serial,ttyS0,115200 virtme_console=ttyS0 psmouse.proto=exps TERM=xterm virtme_chdir=nipa-data/kernel virtme_root_user=1 rootfstype=9p rootflags=version=9p2000.L,trans=virtio,access=any raid=noautodetect ro init=/usr/lib/python3/dist-packages/virtme/guest/virtme-init
[    0.000000] BIOS-provided physical RAM map:
[    0.000000] BIOS-e820: [mem 0x0000000000000000-0x000000000009fbff] usable
[    0.000000] BIOS-e820: [mem 0x000000000009fc00-0x000000000009ffff] reserved
[    0.000000] BIOS-e820: [mem 0x00000000000f0000-0x00000000000fffff] reserved
[    0.000000] BIOS-e820: [mem 0x0000000000100000-0x000000003ffdffff] usable
[    0.000000] BIOS-e820: [mem 0x000000003ffe0000-0x000000003fffffff] reserved
[    0.000000] BIOS-e820: [mem 0x00000000feffc000-0x00000000feffffff] reserved
[    0.000000] BIOS-e820: [mem 0x00000000fffc0000-0x00000000ffffffff] reserved
[    0.000000] BIOS-e820: [mem 0x000000fd00000000-0x000000ffffffffff] reserved
[    0.000000] printk: legacy bootconsole [earlyser0] enabled
[    0.000000] NX (Execute Disable) protection: active
[    0.000000] APIC: Static calls initialized
[    0.000000] SMBIOS 3.0.0 present.
[    0.000000] DMI: QEMU Ubuntu 24.04 PC (i440FX + PIIX, 1996), BIOS 1.16.3-debian-1.16.3-2 04/01/2014
[    0.000000] DMI: Memory slots populated: 1/1
[    0.000000] Hypervisor detected: KVM
[    0.000000] kvm-clock: Using msrs 4b564d01 and 4b564d00
[    0.000000] kvm-clock: using sched offset of 197280829 cycles
[    0.000343] clocksource: kvm-clock: mask: 0xffffffffffffffff max_cycles: 0x1cd42e4dffb, max_idle_ns: 881590591483 ns
[    0.001413] tsc: Detected 4491.556 MHz processor
[    0.001967] last_pfn = 0x3ffe0 max_arch_pfn = 0x400000000
[    0.002350] MTRR map: 4 entries (3 fixed + 1 variable; max 19), built from 8 variable MTRRs
[    0.002906] x86/PAT: Configuration [0-7]: WB  WC  UC- UC  WB  WP  UC- WT  
Memory KASLR using RDRAND RDTSC...
[    0.004801] found SMP MP-table at [mem 0x000f5470-0x000f547f]
[    0.005182] Using GB pages for direct mapping
[    0.005490] ACPI: Early table checksum verification disabled
[    0.005861] ACPI: RSDP 0x00000000000F5290 000014 (v00 BOCHS )
[    0.006244] ACPI: RSDT 0x000000003FFE27BC 000034 (v01 BOCHS  BXPC     00000001 BXPC 00000001)
[    0.006802] ACPI: FACP 0x000000003FFE2578 000074 (v01 BOCHS  BXPC     00000001 BXPC 00000001)
[    0.007365] ACPI: DSDT 0x000000003FFE0040 002538 (v01 BOCHS  BXPC     00000001 BXPC 00000001)
[    0.007924] ACPI: FACS 0x000000003FFE0000 000040
[    0.008227] ACPI: APIC 0x000000003FFE25EC 000170 (v03 BOCHS  BXPC     00000001 BXPC 00000001)
[    0.008790] ACPI: HPET 0x000000003FFE275C 000038 (v01 BOCHS  BXPC     00000001 BXPC 00000001)
[    0.009350] ACPI: WAET 0x000000003FFE2794 000028 (v01 BOCHS  BXPC     00000001 BXPC 00000001)
[    0.009909] ACPI: Reserving FACP table memory at [mem 0x3ffe2578-0x3ffe25eb]
[    0.010375] ACPI: Reserving DSDT table memory at [mem 0x3ffe0040-0x3ffe2577]
[    0.010834] ACPI: Reserving FACS table memory at [mem 0x3ffe0000-0x3ffe003f]
[    0.011294] ACPI: Reserving APIC table memory at [mem 0x3ffe25ec-0x3ffe275b]
[    0.011755] ACPI: Reserving HPET table memory at [mem 0x3ffe275c-0x3ffe2793]
[    0.012215] ACPI: Reserving WAET table memory at [mem 0x3ffe2794-0x3ffe27bb]
[    0.012809] No NUMA configuration found
[    0.013060] Faking a node at [mem 0x0000000000000000-0x000000003ffdffff]
[    0.013498] NODE_DATA(0) allocated [mem 0x3ffdb780-0x3ffdffff]
[    0.013887] Zone ranges:
[    0.014053]   DMA      [mem 0x0000000000001000-0x0000000000ffffff]
[    0.014457]   DMA32    [mem 0x0000000001000000-0x000000003ffdffff]
[    0.014861]   Normal   empty
[    0.015050]   Device   empty
[    0.015238] Movable zone start for each node
[    0.015516] Early memory node ranges
[    0.015749]   node   0: [mem 0x0000000000001000-0x000000000009efff]
[    0.016158]   node   0: [mem 0x0000000000100000-0x000000003ffdffff]
[    0.016570] Initmem setup node 0 [mem 0x0000000000001000-0x000000003ffdffff]
[    0.017033] On node 0, zone DMA: 1 pages in unavailable ranges
[    0.017453] On node 0, zone DMA: 97 pages in unavailable ranges
[    0.018989] On node 0, zone DMA32: 32 pages in unavailable ranges
[    0.019563] ACPI: PM-Timer IO Port: 0x608
[    0.019830] ACPI: LAPIC_NMI (acpi_id[0xff] dfl dfl lint[0x1])
[    0.020220] IOAPIC[0]: apic_id 0, version 17, address 0xfec00000, GSI 0-23
[    0.020673] ACPI: INT_SRC_OVR (bus 0 bus_irq 0 global_irq 2 dfl dfl)
[    0.021088] ACPI: INT_SRC_OVR (bus 0 bus_irq 5 global_irq 5 high level)
[    0.021520] ACPI: INT_SRC_OVR (bus 0 bus_irq 9 global_irq 9 high level)
[    0.021951] ACPI: INT_SRC_OVR (bus 0 bus_irq 10 global_irq 10 high level)
[    0.022394] ACPI: INT_SRC_OVR (bus 0 bus_irq 11 global_irq 11 high level)
[    0.022839] ACPI: Using ACPI (MADT) for SMP configuration information
[    0.023259] ACPI: HPET id: 0x8086a201 base: 0xfed00000
[    0.023596] TSC deadline timer available
[    0.023854] CPU topo: Max. logical packages:   1
[    0.024156] CPU topo: Max. logical dies:       1
[    0.024457] CPU topo: Max. dies per package:   1
[    0.024772] CPU topo: Max. threads per core:   1
[    0.025079] CPU topo: Num. cores per package:    32
[    0.025404] CPU topo: Num. threads per package:  32
[    0.025728] CPU topo: Allowing 32 present CPUs plus 0 hotplug CPUs
[    0.026146] kvm-guest: APIC: eoi() replaced with kvm_guest_apic_eoi_write()
[    0.026612] kvm-guest: KVM setup pv remote TLB flush
[    0.026938] kvm-guest: setup PV sched yield
[    0.027213] PM: hibernation: Registered nosave memory: [mem 0x00000000-0x00000fff]
[    0.027708] PM: hibernation: Registered nosave memory: [mem 0x0009f000-0x0009ffff]
[    0.028205] PM: hibernation: Registered nosave memory: [mem 0x000a0000-0x000effff]
[    0.028701] PM: hibernation: Registered nosave memory: [mem 0x000f0000-0x000fffff]
[    0.029197] [mem 0x40000000-0xfeffbfff] available for PCI devices
[    0.029595] Booting paravirtualized kernel on KVM
[    0.029902] clocksource: refined-jiffies: mask: 0xffffffff max_cycles: 0xffffffff, max_idle_ns: 1910969940391419 ns
[    0.033293] setup_percpu: NR_CPUS:64 nr_cpumask_bits:32 nr_cpu_ids:32 nr_node_ids:1
[    0.034397] percpu: Embedded 58 pages/cpu s198232 r8192 d31144 u262144
[    0.034855] Kernel command line: virtme_hostname=virtme-ng nr_open=1048576 virtme_link_mods=/nipa-data/kernel/.virtme_mods/lib/modules/0.0.0 virtme_initmount0=nipa-data/kernel virtme_rw_overlay0=/etc virtme_rw_overlay1=/lib virtme_rw_overlay2=/home virtme_rw_overlay3=/opt virtme_rw_overlay4=/srv virtme_rw_overlay5=/usr virtme_rw_overlay6=/var console=hvc0 earlyprintk=serial,ttyS0,115200 virtme_console=ttyS0 psmouse.proto=exps TERM=xterm virtme_chdir=nipa-data/kernel virtme_root_user=1 rootfstype=9p rootflags=version=9p2000.L,trans=virtio,access=any raid=noautodetect ro init=/usr/lib/python3/dist-packages/virtme/guest/virtme-init
[    0.038677] Unknown kernel command line parameters "virtme_hostname=virtme-ng nr_open=1048576 virtme_link_mods=/nipa-data/kernel/.virtme_mods/lib/modules/0.0.0 virtme_initmount0=nipa-data/kernel virtme_rw_overlay0=/etc virtme_rw_overlay1=/lib virtme_rw_overlay2=/home virtme_rw_overlay3=/opt virtme_rw_overlay4=/srv virtme_rw_overlay5=/usr virtme_rw_overlay6=/var virtme_console=ttyS0 virtme_chdir=nipa-data/kernel virtme_root_user=1", will be passed to user space.
[    0.041619] random: crng init done
[    0.041848] printk: log buffer data + meta data: 262144 + 917504 = 1179648 bytes
[    0.042373] Dentry cache hash table entries: 131072 (order: 8, 1048576 bytes, linear)
[    0.042919] Inode-cache hash table entries: 65536 (order: 7, 524288 bytes, linear)
[    0.043512] Fallback order for Node 0: 0 
[    0.043514] Built 1 zonelists, mobility grouping on.  Total pages: 262014
[    0.044240] Policy zone: DMA32
[    0.044446] mem auto-init: stack:all(zero), heap alloc:off, heap free:off
[    0.045490] SLUB: HWalign=64, Order=0-3, MinObjects=0, CPUs=32, Nodes=1
Poking KASLR using RDRAND RDTSC...
[    0.046161] ftrace: allocating 48733 entries in 191 pages
[    0.057815] ftrace: allocated 191 pages with 7 groups
[    0.058718] Dynamic Preempt: voluntary
[    0.059092] rcu: Preemptible hierarchical RCU implementation.
[    0.059477] rcu: RCU event tracing is enabled.
[    0.059778] rcu: RCU restricting CPUs from NR_CPUS=64 to nr_cpu_ids=32.
[    0.060226] Trampoline variant of Tasks RCU enabled.
[    0.060566] Rude variant of Tasks RCU enabled.
[    0.060867] Tracing variant of Tasks RCU enabled.
[    0.061186] rcu: RCU calculated value of scheduler-enlistment delay is 100 jiffies.
[    0.061695] rcu: Adjusting geometry for rcu_fanout_leaf=16, nr_cpu_ids=32
[    0.062152] RCU Tasks: Setting shift to 5 and lim to 1 rcu_task_cb_adjust=1 rcu_task_cpu_ids=32.
[    0.062740] RCU Tasks Rude: Setting shift to 5 and lim to 1 rcu_task_cb_adjust=1 rcu_task_cpu_ids=32.
[    0.063356] RCU Tasks Trace: Setting shift to 5 and lim to 1 rcu_task_cb_adjust=1 rcu_task_cpu_ids=32.
[    0.065355] NR_IRQS: 4352, nr_irqs: 680, preallocated irqs: 16
[    0.065910] rcu: srcu_init: Setting srcu_struct sizes based on contention.
[    0.066505] Console: colour *CGA 80x25
[    0.066762] ACPI: Core revision 20240827
[    0.067086] clocksource: hpet: mask: 0xffffffff max_cycles: 0xffffffff, max_idle_ns: 19112604467 ns
[    0.067748] APIC: Switch to symmetric I/O mode setup
[    0.068098] kvm-guest: APIC: send_IPI_mask() replaced with kvm_send_ipi_mask()
[    0.068581] kvm-guest: APIC: send_IPI_mask_allbutself() replaced with kvm_send_ipi_mask_allbutself()
[    0.069172] kvm-guest: setup PV IPIs
[    0.070137] ..TIMER: vector=0x30 apic1=0 pin1=2 apic2=-1 pin2=-1
[    0.070874] clocksource: tsc-early: mask: 0xffffffffffffffff max_cycles: 0x40be400eb43, max_idle_ns: 440795366972 ns
[    0.072138] Calibrating delay loop (skipped) preset value.. 8983.11 BogoMIPS (lpj=4491556)
[    0.073195] x86/cpu: User Mode Instruction Prevention (UMIP) activated
[    0.074183] Last level iTLB entries: 4KB 512, 2MB 255, 4MB 127
[    0.074871] Last level dTLB entries: 4KB 512, 2MB 255, 4MB 127, 1GB 0
[    0.075140] Spectre V1 : Mitigation: usercopy/swapgs barriers and __user pointer sanitization
[    0.076140] Spectre V2 : Mitigation: Enhanced / Automatic IBRS
[    0.077136] Spectre V2 : Spectre v2 / SpectreRSB mitigation: Filling RSB on context switch
[    0.078137] Spectre V2 : mitigation: Enabling conditional Indirect Branch Prediction Barrier
[    0.079138] Speculative Store Bypass: Mitigation: Speculative Store Bypass disabled via prctl
[    0.080137] Speculative Return Stack Overflow: IBPB-extending microcode not applied!
[    0.081136] Speculative Return Stack Overflow: WARNING: See https://kernel.org/doc/html/latest/admin-guide/hw-vuln/srso.html for mitigation options.
[    0.081137] Speculative Return Stack Overflow: Vulnerable: Safe RET, no microcode
[    0.083033] x86/fpu: Supporting XSAVE feature 0x001: 'x87 floating point registers'
[    0.083136] x86/fpu: Supporting XSAVE feature 0x002: 'SSE registers'
[    0.084136] x86/fpu: Supporting XSAVE feature 0x004: 'AVX registers'
[    0.085136] x86/fpu: Supporting XSAVE feature 0x020: 'AVX-512 opmask'
[    0.086136] x86/fpu: Supporting XSAVE feature 0x040: 'AVX-512 Hi256'
[    0.086872] x86/fpu: Supporting XSAVE feature 0x080: 'AVX-512 ZMM_Hi256'
[    0.087136] x86/fpu: Supporting XSAVE feature 0x200: 'Protection Keys User registers'
[    0.088137] x86/fpu: xstate_offset[2]:  576, xstate_sizes[2]:  256
[    0.089136] x86/fpu: xstate_offset[5]:  832, xstate_sizes[5]:   64
[    0.089852] x86/fpu: xstate_offset[6]:  896, xstate_sizes[6]:  512
[    0.090136] x86/fpu: xstate_offset[7]: 1408, xstate_sizes[7]: 1024
[    0.091136] x86/fpu: xstate_offset[9]: 2432, xstate_sizes[9]:    8
[    0.092136] x86/fpu: Enabled xstate features 0x2e7, context size is 2440 bytes, using 'compacted' format.
[    0.107105] Freeing SMP alternatives memory: 40K
[    0.107138] pid_max: default: 32768 minimum: 301
[    0.108156] Mount-cache hash table entries: 2048 (order: 2, 16384 bytes, linear)
[    0.109032] Mountpoint-cache hash table entries: 2048 (order: 2, 16384 bytes, linear)
[    0.110213] smpboot: CPU0: AMD Ryzen 9 7950X 16-Core Processor (family: 0x19, model: 0x61, stepping: 0x2)
[    0.111243] Performance Events: Fam17h+ core perfctr, AMD PMU driver.
[    0.112036] ... version:                0
[    0.112138] ... bit width:              48
[    0.112623] ... generic registers:      6
[    0.113098] ... value mask:             0000ffffffffffff
[    0.113138] ... max period:             00007fffffffffff
[    0.113768] ... fixed-purpose events:   0
[    0.114138] ... event mask:             000000000000003f
[    0.114849] signal: max sigframe size: 3376
[    0.115154] rcu: Hierarchical SRCU implementation.
[    0.115721] rcu: Max phase no-delay instances is 400.
[    0.116158] Timer migration: 2 hierarchy levels; 8 children per group; 2 crossnode level
[    0.119170] smp: Bringing up secondary CPUs ...
[    0.119759] smpboot: x86: Booting SMP configuration:
[    0.120139] .... node  #0, CPUs:        #1  #2  #3  #4  #5  #6  #7  #8  #9 #10 #11 #12 #13 #14 #15 #16 #17 #18 #19 #20 #21 #22 #23 #24 #25 #26 #27 #28 #29 #30 #31
[    0.132233] smp: Brought up 1 node, 32 CPUs
[    0.133642] smpboot: Total of 32 processors activated (287459.58 BogoMIPS)
[    0.136155] Memory: 970428K/1048056K available (16384K kernel code, 2471K rwdata, 6328K rodata, 3148K init, 1804K bss, 63192K reserved, 0K cma-reserved)
[    0.137247] devtmpfs: initialized
[    0.137559] x86/mm: Memory block size: 128MB
[    0.138797] clocksource: jiffies: mask: 0xffffffff max_cycles: 0xffffffff, max_idle_ns: 1911260446275000 ns
[    0.139140] futex hash table entries: 8192 (order: 7, 524288 bytes, linear)
[    0.140086] PM: RTC time: 15:11:20, date: 2024-12-12
[    0.140456] NET: Registered PF_NETLINK/PF_ROUTE protocol family
[    0.141248] thermal_sys: Registered thermal governor 'step_wise'
[    0.141250] thermal_sys: Registered thermal governor 'user_space'
[    0.141993] cpuidle: using governor menu
[    0.143323] PCI: Using configuration type 1 for base access
[    0.144139] PCI: Using configuration type 1 for extended access
[    0.144926] kprobes: kprobe jump-optimization is enabled. All kprobes are optimized if possible.
[    0.159945] HugeTLB: registered 1.00 GiB page size, pre-allocated 0 pages
[    0.160138] HugeTLB: 16380 KiB vmemmap can be freed for a 1.00 GiB page
[    0.160934] HugeTLB: registered 2.00 MiB page size, pre-allocated 0 pages
[    0.161138] HugeTLB: 28 KiB vmemmap can be freed for a 2.00 MiB page
[    0.161962] ACPI: Added _OSI(Module Device)
[    0.162139] ACPI: Added _OSI(Processor Device)
[    0.162678] ACPI: Added _OSI(3.0 _SCP Extensions)
[    0.163139] ACPI: Added _OSI(Processor Aggregator Device)
[    0.164445] ACPI: 1 ACPI AML tables successfully acquired and loaded
[    0.165492] ACPI: Interpreter enabled
[    0.166145] ACPI: PM: (supports S0 S3 S4 S5)
[    0.166661] ACPI: Using IOAPIC for interrupt routing
[    0.167145] PCI: Using host bridge windows from ACPI; if necessary, use "pci=nocrs" and report a bug
[    0.168138] PCI: Using E820 reservations for host bridge windows
[    0.168947] ACPI: Enabled 2 GPEs in block 00 to 0F
[    0.171654] ACPI: PCI Root Bridge [PCI0] (domain 0000 [bus 00-ff])
[    0.172140] acpi PNP0A03:00: _OSC: OS supports [ExtendedConfig ASPM ClockPM Segments MSI HPX-Type3]
[    0.173221] PCI host bridge to bus 0000:00
[    0.173717] pci_bus 0000:00: root bus resource [io  0x0000-0x0cf7 window]
[    0.174138] pci_bus 0000:00: root bus resource [io  0x0d00-0xffff window]
[    0.174961] pci_bus 0000:00: root bus resource [mem 0x000a0000-0x000bffff window]
[    0.175138] pci_bus 0000:00: root bus resource [mem 0x40000000-0xfebfffff window]
[    0.176051] pci_bus 0000:00: root bus resource [mem 0x100000000-0x17fffffff window]
[    0.176138] pci_bus 0000:00: root bus resource [bus 00-ff]
[    0.176880] pci 0000:00:00.0: [8086:1237] type 00 class 0x060000 conventional PCI endpoint
[    0.177370] pci 0000:00:01.0: [8086:7000] type 00 class 0x060100 conventional PCI endpoint
[    0.178434] pci 0000:00:01.1: [8086:7010] type 00 class 0x010180 conventional PCI endpoint
[    0.180260] pci 0000:00:01.1: BAR 4 [io  0xc0c0-0xc0cf]
[    0.181369] pci 0000:00:01.1: BAR 0 [io  0x01f0-0x01f7]: legacy IDE quirk
[    0.182138] pci 0000:00:01.1: BAR 1 [io  0x03f6]: legacy IDE quirk
[    0.182888] pci 0000:00:01.1: BAR 2 [io  0x0170-0x0177]: legacy IDE quirk
[    0.183138] pci 0000:00:01.1: BAR 3 [io  0x0376]: legacy IDE quirk
[    0.183969] pci 0000:00:01.3: [8086:7113] type 00 class 0x068000 conventional PCI endpoint
[    0.184363] pci 0000:00:01.3: quirk: [io  0x0600-0x063f] claimed by PIIX4 ACPI
[    0.185142] pci 0000:00:01.3: quirk: [io  0x0700-0x070f] claimed by PIIX4 SMB
[    0.186162] pci 0000:00:02.0: [1af4:1009] type 00 class 0x000200 conventional PCI endpoint
[    0.187475] pci 0000:00:02.0: BAR 0 [io  0xc000-0xc03f]
[    0.188385] pci 0000:00:02.0: BAR 1 [mem 0xfebfc000-0xfebfcfff]
[    0.189990] pci 0000:00:02.0: BAR 4 [mem 0xfebf0000-0xfebf3fff 64bit pref]
[    0.191240] pci 0000:00:03.0: [1af4:1009] type 00 class 0x000200 conventional PCI endpoint
[    0.193083] pci 0000:00:03.0: BAR 0 [io  0xc040-0xc07f]
[    0.194012] pci 0000:00:03.0: BAR 1 [mem 0xfebfd000-0xfebfdfff]
[    0.196139] pci 0000:00:03.0: BAR 4 [mem 0xfebf4000-0xfebf7fff 64bit pref]
[    0.197906] pci 0000:00:04.0: [8086:25ab] type 00 class 0x088000 conventional PCI endpoint
[    0.198298] pci 0000:00:04.0: BAR 0 [mem 0xfebfe000-0xfebfe00f]
[    0.199941] pci 0000:00:05.0: [1af4:1003] type 00 class 0x078000 conventional PCI endpoint
[    0.200496] pci 0000:00:05.0: BAR 0 [io  0xc080-0xc0bf]
[    0.201280] pci 0000:00:05.0: BAR 1 [mem 0xfebff000-0xfebfffff]
[    0.202898] pci 0000:00:05.0: BAR 4 [mem 0xfebf8000-0xfebfbfff 64bit pref]
[    0.204993] ACPI: PCI: Interrupt link LNKA configured for IRQ 10
[    0.205243] ACPI: PCI: Interrupt link LNKB configured for IRQ 10
[    0.206064] ACPI: PCI: Interrupt link LNKC configured for IRQ 11
[    0.206230] ACPI: PCI: Interrupt link LNKD configured for IRQ 11
[    0.207020] ACPI: PCI: Interrupt link LNKS configured for IRQ 9
[    0.207934] iommu: Default domain type: Translated
[    0.208138] iommu: DMA domain TLB invalidation policy: lazy mode
[    0.208905] SCSI subsystem initialized
[    0.209167] pps_core: LinuxPPS API ver. 1 registered
[    0.209770] pps_core: Software ver. 5.3.6 - Copyright 2005-2007 Rodolfo Giometti <giometti@linux.it>
[    0.210140] PTP clock support registered
[    0.210645] Advanced Linux Sound Architecture Driver Initialized.
[    0.211384] NET: Registered PF_ATMPVC protocol family
[    0.212017] NET: Registered PF_ATMSVC protocol family
[    0.212144] PCI: Using ACPI for IRQ routing
[    0.212724] vgaarb: loaded
[    0.213143] hpet0: at MMIO 0xfed00000, IRQs 2, 8, 0
[    0.213743] hpet0: 3 comparators, 64-bit 100.000000 MHz counter
[    0.217293] clocksource: Switched to clocksource kvm-clock
[    0.218051] VFS: Disk quotas dquot_6.6.0
[    0.218410] VFS: Dquot-cache hash table entries: 512 (order 0, 4096 bytes)
[    0.219287] pnp: PnP ACPI init
[    0.219827] pnp: PnP ACPI: found 5 devices
[    0.227121] clocksource: acpi_pm: mask: 0xffffff max_cycles: 0xffffff, max_idle_ns: 2085701024 ns
[    0.228213] NET: Registered PF_INET protocol family
[    0.228822] IP idents hash table entries: 16384 (order: 5, 131072 bytes, linear)
[    0.229876] tcp_listen_portaddr_hash hash table entries: 512 (order: 1, 8192 bytes, linear)
[    0.230897] Table-perturb hash table entries: 65536 (order: 6, 262144 bytes, linear)
[    0.231839] TCP established hash table entries: 8192 (order: 4, 65536 bytes, linear)
[    0.232765] TCP bind hash table entries: 8192 (order: 6, 262144 bytes, linear)
[    0.233733] TCP: Hash tables configured (established 8192 bind 8192)
[    0.234511] UDP hash table entries: 512 (order: 3, 32768 bytes, linear)
[    0.235304] UDP-Lite hash table entries: 512 (order: 3, 32768 bytes, linear)
[    0.236169] NET: Registered PF_UNIX/PF_LOCAL protocol family
[    0.236850] pci_bus 0000:00: resource 4 [io  0x0000-0x0cf7 window]
[    0.237586] pci_bus 0000:00: resource 5 [io  0x0d00-0xffff window]
[    0.238326] pci_bus 0000:00: resource 6 [mem 0x000a0000-0x000bffff window]
[    0.239152] pci_bus 0000:00: resource 7 [mem 0x40000000-0xfebfffff window]
[    0.239977] pci_bus 0000:00: resource 8 [mem 0x100000000-0x17fffffff window]
[    0.240844] pci 0000:00:01.0: PIIX3: Enabling Passive Release
[    0.241536] pci 0000:00:00.0: Limiting direct PCI/PCI transfers
[    0.242280] PCI: CLS 0 bytes, default 64
[    0.242797] kvm_intel: VMX not supported by CPU 0
[    0.243371] kvm_amd: TSC scaling supported
[    0.243865] kvm_amd: Nested Virtualization enabled
[    0.244435] kvm_amd: Nested Paging enabled
[    0.244927] kvm_amd: LBR virtualization supported
[    0.245530] kvm_amd: Virtual GIF supported
[    0.246028] kvm_amd: Virtual NMI enabled
[    0.273525] clocksource: tsc: mask: 0xffffffffffffffff max_cycles: 0x40be400eb43, max_idle_ns: 440795366972 ns
[    0.281000] Initialise system trusted keyrings
[    0.281601] workingset: timestamp_bits=56 max_order=18 bucket_order=0
[    0.282409] squashfs: version 4.0 (2009/01/31) Phillip Lougher
[    0.283130] fuse: init (API version 7.41)
[    0.283654] 9p: Installing v9fs 9p2000 file system support
[    0.290539] Key type asymmetric registered
[    0.291043] Asymmetric key parser 'x509' registered
[    0.291642] Block layer SCSI generic (bsg) driver version 0.4 loaded (major 249)
[    0.292554] io scheduler mq-deadline registered
[    0.293109] io scheduler kyber registered
[    0.295273] input: Power Button as /devices/LNXSYSTM:00/LNXPWRBN:00/input/input0
[    0.296223] ACPI: button: Power Button [PWRF]
[    0.297141] Warning: Processor Platform Limit event detected, but not handled.
[    0.298021] Consider compiling CPUfreq support into your kernel.
[    0.315942] ACPI: \_SB_.LNKB: Enabled at IRQ 10
[    0.331727] ACPI: \_SB_.LNKC: Enabled at IRQ 11
[    0.347460] ACPI: \_SB_.LNKA: Enabled at IRQ 10
[    0.348598] Serial: 8250/16550 driver, 4 ports, IRQ sharing enabled
[    0.349503] 00:03: ttyS0 at I/O 0x3f8 (irq = 4, base_baud = 115200) is a 16550A
[    0.372166] Non-volatile memory driver v1.3
[    0.372740] Linux agpgart interface v0.103
[    0.372825] ACPI: bus type drm_connector registered
[    0.373899] printk: legacy console [hvc0] enabled
[    0.374464] printk: legacy bootconsole [earlyser0] disabled
          _      _                                    
   __   _(_)_ __| |_ _ __ ___   ___       _ __   __ _ 
   \ \ / / |  __| __|  _   _ \ / _ \_____|  _ \ / _  |
    \ V /| | |  | |_| | | | | |  __/_____| | | | (_| |
     \_/ |_|_|   \__|_| |_| |_|\___|     |_| |_|\__  |
                                                |___/ 
   kernel version: 6.13.0-rc1-virtme x86_64
   (CTRL+d to exit)

root@virtme-ng:/nipa-data/kernel# PS1='xx__-> '
xx__-> env
PWD=/nipa-data/kernel
nr_open=1048576
HOME=/
TERM=xterm
SHLVL=2
XDG_RUNTIME_DIR=/run/user/0
PATH=/bin:/sbin:/usr/bin:/usr/sbin:/usr/local/bin
OLDPWD=/
_=/bin/env
xx__-> 