No EFI environment detected.
early console in extract_kernel
input_data: 0x0000000004ab62b9
input_len: 0x000000000181c8e6
output: 0x0000000001000000
output_len: 0x000000000525f94c
kernel_total_size: 0x0000000004e30000
needed_size: 0x0000000005400000
trampoline_32bit: 0x0000000000000000
Physical KASLR using RDRAND RDTSC...
Virtual KASLR using RDRAND RDTSC...

Decompressing Linux... Parsing ELF... Performing relocations... done.
Booting the kernel (entry_offset: 0x0000000000000000).
[    0.000000] Linux version 6.9.0-rc1-virtme (root@bb80890efbd6) (gcc (Alpine 13.2.1_git20240309) 13.2.1 20240309, GNU ld (GNU Binutils) 2.42) #1 SMP PREEMPT_DYNAMIC Sun Mar 31 12:27:03 UTC 2024
[    0.000000] Command line: virtme_hostname=virtme-ng nr_open=1048576 virtme_link_mods=/nipa-data/kernel/.virtme_mods/lib/modules/0.0.0 virtme_initmount0=nipa-data/kernel virtme_rw_overlay0=/etc virtme_rw_overlay1=/lib virtme_rw_overlay2=/home virtme_rw_overlay3=/opt virtme_rw_overlay4=/srv virtme_rw_overlay5=/usr virtme_rw_overlay6=/var console=hvc0 earlyprintk=serial,ttyS0,115200 virtme_console=ttyS0 psmouse.proto=exps TERM=xterm virtme_chdir=nipa-data/kernel virtme_root_user=1 rootfstype=9p rootflags=version=9p2000.L,trans=virtio,access=any raid=noautodetect ro init=/usr/lib/python3.11/site-packages/virtme/guest/virtme-init
[    0.000000] BIOS-provided physical RAM map:
[    0.000000] BIOS-e820: [mem 0x0000000000000000-0x000000000009fbff] usable
[    0.000000] BIOS-e820: [mem 0x000000000009fc00-0x000000000009ffff] reserved
[    0.000000] BIOS-e820: [mem 0x00000000000f0000-0x00000000000fffff] reserved
[    0.000000] BIOS-e820: [mem 0x0000000000100000-0x000000003ffdffff] usable
[    0.000000] BIOS-e820: [mem 0x000000003ffe0000-0x000000003fffffff] reserved
[    0.000000] BIOS-e820: [mem 0x00000000feffc000-0x00000000feffffff] reserved
[    0.000000] BIOS-e820: [mem 0x00000000fffc0000-0x00000000ffffffff] reserved
[    0.000000] BIOS-e820: [mem 0x000000fd00000000-0x000000ffffffffff] reserved
[    0.000000] printk: legacy bootconsole [earlyser0] enabled
[    0.000000] NX (Execute Disable) protection: active
[    0.000000] APIC: Static calls initialized
[    0.000000] SMBIOS 3.0.0 present.
[    0.000000] DMI: QEMU Standard PC (i440FX + PIIX, 1996), BIOS rel-1.16.3-0-ga6ed6b701f0a-prebuilt.qemu.org 04/01/2014
[    0.000000] Hypervisor detected: KVM
[    0.000000] kvm-clock: Using msrs 4b564d01 and 4b564d00
[    0.000000] kvm-clock: using sched offset of 354544899 cycles
[    0.000381] clocksource: kvm-clock: mask: 0xffffffffffffffff max_cycles: 0x1cd42e4dffb, max_idle_ns: 881590591483 ns
[    0.001565] tsc: Detected 4491.536 MHz processor
[    0.002256] last_pfn = 0x3ffe0 max_arch_pfn = 0x400000000
[    0.002677] MTRR map: 4 entries (3 fixed + 1 variable; max 19), built from 8 variable MTRRs
[    0.003285] x86/PAT: Configuration [0-7]: WB  WC  UC- UC  WB  WP  UC- WT  
[    0.005270] found SMP MP-table at [mem 0x000f5470-0x000f547f]
[    0.005694] Using GB pages for direct mapping
[    0.006168] ACPI: Early table checksum verification disabled
[    0.006585] ACPI: RSDP 0x00000000000F5290 000014 (v00 BOCHS )
[    0.007011] ACPI: RSDT 0x000000003FFE27BC 000034 (v01 BOCHS  BXPC     00000001 BXPC 00000001)
[    0.007640] ACPI: FACP 0x000000003FFE2578 000074 (v01 BOCHS  BXPC     00000001 BXPC 00000001)
[    0.008268] ACPI: DSDT 0x000000003FFE0040 002538 (v01 BOCHS  BXPC     00000001 BXPC 00000001)
[    0.008897] ACPI: FACS 0x000000003FFE0000 000040
[    0.009237] ACPI: APIC 0x000000003FFE25EC 000170 (v03 BOCHS  BXPC     00000001 BXPC 00000001)
[    0.009862] ACPI: HPET 0x000000003FFE275C 000038 (v01 BOCHS  BXPC     00000001 BXPC 00000001)
[    0.010488] ACPI: WAET 0x000000003FFE2794 000028 (v01 BOCHS  BXPC     00000001 BXPC 00000001)
[    0.011115] ACPI: Reserving FACP table memory at [mem 0x3ffe2578-0x3ffe25eb]
[    0.011633] ACPI: Reserving DSDT table memory at [mem 0x3ffe0040-0x3ffe2577]
[    0.012150] ACPI: Reserving FACS table memory at [mem 0x3ffe0000-0x3ffe003f]
[    0.012671] ACPI: Reserving APIC table memory at [mem 0x3ffe25ec-0x3ffe275b]
[    0.013192] ACPI: Reserving HPET table memory at [mem 0x3ffe275c-0x3ffe2793]
[    0.013713] ACPI: Reserving WAET table memory at [mem 0x3ffe2794-0x3ffe27bb]
[    0.014430] No NUMA configuration found
[    0.014721] Faking a node at [mem 0x0000000000000000-0x000000003ffdffff]
[    0.015219] NODE_DATA(0) allocated [mem 0x3ffdb000-0x3ffdffff]
[    0.015671] Zone ranges:
[    0.015859]   DMA      [mem 0x0000000000001000-0x0000000000ffffff]
[    0.016318]   DMA32    [mem 0x0000000001000000-0x000000003ffdffff]
[    0.016776]   Normal   empty
[    0.016990]   Device   empty
[    0.017203] Movable zone start for each node
[    0.017518] Early memory node ranges
[    0.017783]   node   0: [mem 0x0000000000001000-0x000000000009efff]
[    0.018248]   node   0: [mem 0x0000000000100000-0x000000003ffdffff]
[    0.018717] Initmem setup node 0 [mem 0x0000000000001000-0x000000003ffdffff]
[    0.019240] On node 0, zone DMA: 1 pages in unavailable ranges
[    0.019731] On node 0, zone DMA: 97 pages in unavailable ranges
[    0.024576] On node 0, zone DMA32: 32 pages in unavailable ranges
[    0.033959] kasan: KernelAddressSanitizer initialized
[    0.034553] ACPI: PM-Timer IO Port: 0x608
[    0.034861] ACPI: LAPIC_NMI (acpi_id[0xff] dfl dfl lint[0x1])
[    0.035304] IOAPIC[0]: apic_id 0, version 17, address 0xfec00000, GSI 0-23
[    0.035811] ACPI: INT_SRC_OVR (bus 0 bus_irq 0 global_irq 2 dfl dfl)
[    0.036275] ACPI: INT_SRC_OVR (bus 0 bus_irq 5 global_irq 5 high level)
[    0.036757] ACPI: INT_SRC_OVR (bus 0 bus_irq 9 global_irq 9 high level)
[    0.037238] ACPI: INT_SRC_OVR (bus 0 bus_irq 10 global_irq 10 high level)
[    0.037732] ACPI: INT_SRC_OVR (bus 0 bus_irq 11 global_irq 11 high level)
[    0.038228] ACPI: Using ACPI (MADT) for SMP configuration information
[    0.038700] ACPI: HPET id: 0x8086a201 base: 0xfed00000
[    0.039077] TSC deadline timer available
[    0.039365] CPU topo: Max. logical packages:   1
[    0.039702] CPU topo: Max. logical dies:       1
[    0.040039] CPU topo: Max. dies per package:   1
[    0.040377] CPU topo: Max. threads per core:  32
[    0.040714] CPU topo: Num. cores per package:     1
[    0.041070] CPU topo: Num. threads per package:  32
[    0.041425] CPU topo: Allowing 32 present CPUs plus 0 hotplug CPUs
[    0.041891] kvm-guest: APIC: eoi() replaced with kvm_guest_apic_eoi_write()
[    0.042411] kvm-guest: KVM setup pv remote TLB flush
[    0.042777] kvm-guest: setup PV sched yield
[    0.043088] PM: hibernation: Registered nosave memory: [mem 0x00000000-0x00000fff]
[    0.043641] PM: hibernation: Registered nosave memory: [mem 0x0009f000-0x0009ffff]
[    0.044195] PM: hibernation: Registered nosave memory: [mem 0x000a0000-0x000effff]
[    0.044747] PM: hibernation: Registered nosave memory: [mem 0x000f0000-0x000fffff]
[    0.045300] [mem 0x40000000-0xfeffbfff] available for PCI devices
[    0.045745] Booting paravirtualized kernel on KVM
[    0.046088] clocksource: refined-jiffies: mask: 0xffffffff max_cycles: 0xffffffff, max_idle_ns: 1910969940391419 ns
[    0.054836] setup_percpu: NR_CPUS:64 nr_cpumask_bits:32 nr_cpu_ids:32 nr_node_ids:1
[    0.056656] percpu: Embedded 70 pages/cpu s248616 r8192 d29912 u524288
[    0.057288] Kernel command line: virtme_hostname=virtme-ng nr_open=1048576 virtme_link_mods=/nipa-data/kernel/.virtme_mods/lib/modules/0.0.0 virtme_initmount0=nipa-data/kernel virtme_rw_overlay0=/etc virtme_rw_overlay1=/lib virtme_rw_overlay2=/home virtme_rw_overlay3=/opt virtme_rw_overlay4=/srv virtme_rw_overlay5=/usr virtme_rw_overlay6=/var console=hvc0 earlyprintk=serial,ttyS0,115200 virtme_console=ttyS0 psmouse.proto=exps TERM=xterm virtme_chdir=nipa-data/kernel virtme_root_user=1 rootfstype=9p rootflags=version=9p2000.L,trans=virtio,access=any raid=noautodetect ro init=/usr/lib/python3.11/site-packages/virtme/guest/virtme-init
[    0.061618] Unknown kernel command line parameters "virtme_hostname=virtme-ng nr_open=1048576 virtme_link_mods=/nipa-data/kernel/.virtme_mods/lib/modules/0.0.0 virtme_initmount0=nipa-data/kernel virtme_rw_overlay0=/etc virtme_rw_overlay1=/lib virtme_rw_overlay2=/home virtme_rw_overlay3=/opt virtme_rw_overlay4=/srv virtme_rw_overlay5=/usr virtme_rw_overlay6=/var virtme_console=ttyS0 virtme_chdir=nipa-data/kernel virtme_root_user=1", will be passed to user space.
[    0.064891] random: crng init done
[    0.065167] Dentry cache hash table entries: 131072 (order: 8, 1048576 bytes, linear)
[    0.065774] Inode-cache hash table entries: 65536 (order: 7, 524288 bytes, linear)
[    0.066867] Fallback order for Node 0: 0 
[    0.066872] Built 1 zonelists, mobility grouping on.  Total pages: 257760
[    0.067690] Policy zone: DMA32
[    0.067921] mem auto-init: stack:all(zero), heap alloc:off, heap free:off
[    0.068432] stackdepot: allocating hash table via alloc_large_system_hash
[    0.068944] stackdepot hash table entries: 1048576 (order: 12, 16777216 bytes, linear)
[    0.076881] Memory: 781052K/1048056K available (43008K kernel code, 11112K rwdata, 9732K rodata, 5828K init, 2428K bss, 266748K reserved, 0K cma-reserved)
[    0.078094] SLUB: HWalign=64, Order=0-3, MinObjects=0, CPUs=32, Nodes=1
Poking KASLR using RDRAND RDTSC...
[    0.078885] ftrace: allocating 47653 entries in 187 pages
[    0.087480] ftrace: allocated 187 pages with 6 groups
[    0.088701] Dynamic Preempt: voluntary
[    0.089454] rcu: Preemptible hierarchical RCU implementation.
[    0.089891] rcu: RCU event tracing is enabled.
[    0.090234] rcu: RCU restricting CPUs from NR_CPUS=64 to nr_cpu_ids=32.
[    0.090750] Trampoline variant of Tasks RCU enabled.
[    0.091131] Rude variant of Tasks RCU enabled.
[    0.091472] Tracing variant of Tasks RCU enabled.
[    0.091833] rcu: RCU calculated value of scheduler-enlistment delay is 100 jiffies.
[    0.092412] rcu: Adjusting geometry for rcu_fanout_leaf=16, nr_cpu_ids=32
[    0.092962] RCU Tasks: Setting shift to 5 and lim to 1 rcu_task_cb_adjust=1.
[    0.093497] RCU Tasks Rude: Setting shift to 5 and lim to 1 rcu_task_cb_adjust=1.
[    0.094067] RCU Tasks Trace: Setting shift to 5 and lim to 1 rcu_task_cb_adjust=1.
[    0.102855] NR_IRQS: 4352, nr_irqs: 680, preallocated irqs: 16
[    0.103573] rcu: srcu_init: Setting srcu_struct sizes based on contention.
[    0.104302] Console: colour *CGA 80x25
[    0.104613] ACPI: Core revision 20230628
[    0.105075] clocksource: hpet: mask: 0xffffffff max_cycles: 0xffffffff, max_idle_ns: 19112604467 ns
[    0.105837] APIC: Switch to symmetric I/O mode setup
[    0.106243] APIC: Switched APIC routing to: physical flat
[    0.106667] kvm-guest: APIC: send_IPI_mask() replaced with kvm_send_ipi_mask()
[    0.107224] kvm-guest: APIC: send_IPI_mask_allbutself() replaced with kvm_send_ipi_mask_allbutself()
[    0.107933] kvm-guest: setup PV IPIs
[    0.109099] ..TIMER: vector=0x30 apic1=0 pin1=2 apic2=-1 pin2=-1
[    0.109941] tsc: Marking TSC unstable due to TSCs unsynchronized
[    0.110761] Calibrating delay loop (skipped) preset value.. 8983.07 BogoMIPS (lpj=4491536)
[    0.111822] x86/cpu: User Mode Instruction Prevention (UMIP) activated
[    0.112817] Last level iTLB entries: 4KB 512, 2MB 255, 4MB 127
[    0.113591] Last level dTLB entries: 4KB 512, 2MB 255, 4MB 127, 1GB 0
[    0.113762] Spectre V1 : Mitigation: usercopy/swapgs barriers and __user pointer sanitization
[    0.114761] Spectre V2 : Mitigation: Enhanced / Automatic IBRS
[    0.115757] Spectre V2 : Spectre v2 / SpectreRSB mitigation: Filling RSB on context switch
[    0.116759] Spectre V2 : mitigation: Enabling conditional Indirect Branch Prediction Barrier
[    0.117757] Spectre V2 : User space: Mitigation: STIBP always-on protection
[    0.118759] Speculative Store Bypass: Mitigation: Speculative Store Bypass disabled via prctl
[    0.119757] Speculative Return Stack Overflow: IBPB-extending microcode not applied!
[    0.120757] Speculative Return Stack Overflow: WARNING: See https://kernel.org/doc/html/latest/admin-guide/hw-vuln/srso.html for mitigation options.
[    0.120758] Speculative Return Stack Overflow: Vulnerable: Safe RET, no microcode
[    0.122773] x86/fpu: Supporting XSAVE feature 0x001: 'x87 floating point registers'
[    0.123757] x86/fpu: Supporting XSAVE feature 0x002: 'SSE registers'
[    0.124757] x86/fpu: Supporting XSAVE feature 0x004: 'AVX registers'
[    0.125757] x86/fpu: Supporting XSAVE feature 0x020: 'AVX-512 opmask'
[    0.126757] x86/fpu: Supporting XSAVE feature 0x040: 'AVX-512 Hi256'
[    0.127757] x86/fpu: Supporting XSAVE feature 0x080: 'AVX-512 ZMM_Hi256'
[    0.128605] x86/fpu: Supporting XSAVE feature 0x200: 'Protection Keys User registers'
[    0.128757] x86/fpu: xstate_offset[2]:  576, xstate_sizes[2]:  256
[    0.129757] x86/fpu: xstate_offset[5]:  832, xstate_sizes[5]:   64
[    0.130757] x86/fpu: xstate_offset[6]:  896, xstate_sizes[6]:  512
[    0.131757] x86/fpu: xstate_offset[7]: 1408, xstate_sizes[7]: 1024
[    0.132757] x86/fpu: xstate_offset[9]: 2432, xstate_sizes[9]:    8
[    0.133552] x86/fpu: Enabled xstate features 0x2e7, context size is 2440 bytes, using 'compacted' format.
[    0.154606] Freeing SMP alternatives memory: 40K
[    0.154758] pid_max: default: 32768 minimum: 301
[    0.155894] Mount-cache hash table entries: 2048 (order: 2, 16384 bytes, linear)
[    0.156758] Mountpoint-cache hash table entries: 2048 (order: 2, 16384 bytes, linear)
[    0.158402] smpboot: CPU0: AMD Ryzen 9 7950X 16-Core Processor (family: 0x19, model: 0x61, stepping: 0x2)
[    0.159206] Performance Events: Fam17h+ core perfctr, AMD PMU driver.
[    0.159762] ... version:                0
[    0.160266] ... bit width:              48
[    0.160759] ... generic registers:      6
[    0.161264] ... value mask:             0000ffffffffffff
[    0.161759] ... max period:             00007fffffffffff
[    0.162427] ... fixed-purpose events:   0
[    0.162758] ... event mask:             000000000000003f
[    0.163551] signal: max sigframe size: 3376
[    0.163808] rcu: Hierarchical SRCU implementation.
[    0.164409] rcu: Max phase no-delay instances is 400.
[    0.168884] smp: Bringing up secondary CPUs ...
[    0.169647] smpboot: x86: Booting SMP configuration:
[    0.169761] .... node  #0, CPUs:        #1  #2  #3  #4  #5  #6  #7  #8  #9 #10 #11 #12 #13 #14 #15 #16 #17 #18 #19 #20 #21 #22 #23 #24 #25 #26 #27 #28 #29 #30 #31
[    0.192009] Spectre V2 : Update user space SMT mitigation: STIBP always-on
[    0.205933] smp: Brought up 1 node, 32 CPUs
[    0.206762] smpboot: Total of 32 processors activated (287458.30 BogoMIPS)
[    0.213394] devtmpfs: initialized
[    0.213896] x86/mm: Memory block size: 128MB
[    0.221033] clocksource: jiffies: mask: 0xffffffff max_cycles: 0xffffffff, max_idle_ns: 1911260446275000 ns
[    0.221767] futex hash table entries: 8192 (order: 7, 524288 bytes, linear)
[    0.223105] PM: RTC time: 12:27:40, date: 2024-03-31
[    0.224648] NET: Registered PF_NETLINK/PF_ROUTE protocol family
[    0.225620] thermal_sys: Registered thermal governor 'step_wise'
[    0.225622] thermal_sys: Registered thermal governor 'user_space'
[    0.225784] cpuidle: using governor menu
[    0.228272] PCI: Using configuration type 1 for base access
[    0.228759] PCI: Using configuration type 1 for extended access
[    0.229627] kprobes: kprobe jump-optimization is enabled. All kprobes are optimized if possible.
[    0.229931] HugeTLB: registered 1.00 GiB page size, pre-allocated 0 pages
[    0.230760] HugeTLB: 16380 KiB vmemmap can be freed for a 1.00 GiB page
[    0.231760] HugeTLB: registered 2.00 MiB page size, pre-allocated 0 pages
[    0.232759] HugeTLB: 28 KiB vmemmap can be freed for a 2.00 MiB page
[    0.234080] Demotion targets for Node 0: null
[    0.235205] ACPI: Added _OSI(Module Device)
[    0.235760] ACPI: Added _OSI(Processor Device)
[    0.236442] ACPI: Added _OSI(3.0 _SCP Extensions)
[    0.236759] ACPI: Added _OSI(Processor Aggregator Device)
[    0.261925] ACPI: 1 ACPI AML tables successfully acquired and loaded
[    0.264486] ACPI: _OSC evaluation for CPUs failed, trying _PDC
[    0.267081] ACPI: Interpreter enabled
[    0.267632] ACPI: PM: (supports S0 S3 S4 S5)
[    0.267760] ACPI: Using IOAPIC for interrupt routing
[    0.268464] PCI: Using host bridge windows from ACPI; if necessary, use "pci=nocrs" and report a bug
[    0.268759] PCI: Using E820 reservations for host bridge windows
[    0.270661] ACPI: Enabled 2 GPEs in block 00 to 0F
[    0.321076] ACPI: PCI Root Bridge [PCI0] (domain 0000 [bus 00-ff])
[    0.321775] acpi PNP0A03:00: _OSC: OS supports [ExtendedConfig ASPM ClockPM Segments MSI HPX-Type3]
[    0.323323] PCI host bridge to bus 0000:00
[    0.323763] pci_bus 0000:00: root bus resource [io  0x0000-0x0cf7 window]
[    0.324674] pci_bus 0000:00: root bus resource [io  0x0d00-0xffff window]
[    0.324762] pci_bus 0000:00: root bus resource [mem 0x000a0000-0x000bffff window]
[    0.325759] pci_bus 0000:00: root bus resource [mem 0x40000000-0xfebfffff window]
[    0.326763] pci_bus 0000:00: root bus resource [mem 0x100000000-0x17fffffff window]
[    0.327763] pci_bus 0000:00: root bus resource [bus 00-ff]
[    0.328659] pci 0000:00:00.0: [8086:1237] type 00 class 0x060000 conventional PCI endpoint
[    0.329694] pci 0000:00:01.0: [8086:7000] type 00 class 0x060100 conventional PCI endpoint
[    0.330720] pci 0000:00:01.1: [8086:7010] type 00 class 0x010180 conventional PCI endpoint
[    0.333318] pci 0000:00:01.1: BAR 4 [io  0xc0c0-0xc0cf]
[    0.334773] pci 0000:00:01.1: BAR 0 [io  0x01f0-0x01f7]: legacy IDE quirk
[    0.335697] pci 0000:00:01.1: BAR 1 [io  0x03f6]: legacy IDE quirk
[    0.335760] pci 0000:00:01.1: BAR 2 [io  0x0170-0x0177]: legacy IDE quirk
[    0.336669] pci 0000:00:01.1: BAR 3 [io  0x0376]: legacy IDE quirk
[    0.337524] pci 0000:00:01.3: [8086:7113] type 00 class 0x068000 conventional PCI endpoint
[    0.338031] pci 0000:00:01.3: quirk: [io  0x0600-0x063f] claimed by PIIX4 ACPI
[    0.338765] pci 0000:00:01.3: quirk: [io  0x0700-0x070f] claimed by PIIX4 SMB
[    0.340499] pci 0000:00:02.0: [1af4:1009] type 00 class 0x000200 conventional PCI endpoint
[    0.341760] pci 0000:00:02.0: BAR 0 [io  0xc000-0xc03f]
[    0.343468] pci 0000:00:02.0: BAR 1 [mem 0xfebfc000-0xfebfcfff]
[    0.347459] pci 0000:00:02.0: BAR 4 [mem 0xfebf0000-0xfebf3fff 64bit pref]
[    0.360906] pci 0000:00:03.0: [1af4:1009] type 00 class 0x000200 conventional PCI endpoint
[    0.362760] pci 0000:00:03.0: BAR 0 [io  0xc040-0xc07f]
[    0.364472] pci 0000:00:03.0: BAR 1 [mem 0xfebfd000-0xfebfdfff]
[    0.367759] pci 0000:00:03.0: BAR 4 [mem 0xfebf4000-0xfebf7fff 64bit pref]
[    0.381577] pci 0000:00:04.0: [8086:25ab] type 00 class 0x088000 conventional PCI endpoint
[    0.382136] pci 0000:00:04.0: BAR 0 [mem 0xfebfe000-0xfebfe00f]
[    0.397088] pci 0000:00:05.0: [1af4:1003] type 00 class 0x078000 conventional PCI endpoint
[    0.398761] pci 0000:00:05.0: BAR 0 [io  0xc080-0xc0bf]
[    0.400456] pci 0000:00:05.0: BAR 1 [mem 0xfebff000-0xfebfffff]
[    0.404475] pci 0000:00:05.0: BAR 4 [mem 0xfebf8000-0xfebfbfff 64bit pref]
[    0.420488] ACPI: PCI: Interrupt link LNKA configured for IRQ 10
[    0.421765] ACPI: PCI: Interrupt link LNKB configured for IRQ 10
[    0.423555] ACPI: PCI: Interrupt link LNKC configured for IRQ 11
[    0.424748] ACPI: PCI: Interrupt link LNKD configured for IRQ 11
[    0.425175] ACPI: PCI: Interrupt link LNKS configured for IRQ 9
[    0.449844] iommu: Default domain type: Translated
[    0.450665] iommu: DMA domain TLB invalidation policy: lazy mode
[    0.451398] SCSI subsystem initialized
[    0.452183] pps_core: LinuxPPS API ver. 1 registered
[    0.452761] pps_core: Software ver. 5.3.6 - Copyright 2005-2007 Rodolfo Giometti <giometti@linux.it>
[    0.453780] PTP clock support registered
[    0.454923] Advanced Linux Sound Architecture Driver Initialized.
[    0.457296] NET: Registered PF_ATMPVC protocol family
[    0.457760] NET: Registered PF_ATMSVC protocol family
[    0.458633] PCI: Using ACPI for IRQ routing
[    0.458946] vgaarb: loaded
[    0.459243] hpet0: at MMIO 0xfed00000, IRQs 2, 8, 0
[    0.459760] hpet0: 3 comparators, 64-bit 100.000000 MHz counter
[    0.463711] clocksource: Switched to clocksource kvm-clock
[    0.464929] VFS: Disk quotas dquot_6.6.0
[    0.465615] VFS: Dquot-cache hash table entries: 512 (order 0, 4096 bytes)
[    0.467027] pnp: PnP ACPI init
[    0.470912] pnp: PnP ACPI: found 5 devices
[    0.484581] clocksource: acpi_pm: mask: 0xffffff max_cycles: 0xffffff, max_idle_ns: 2085701024 ns
[    0.485861] NET: Registered PF_INET protocol family
[    0.486559] IP idents hash table entries: 16384 (order: 5, 131072 bytes, linear)
[    0.487966] tcp_listen_portaddr_hash hash table entries: 512 (order: 1, 8192 bytes, linear)
[    0.489084] Table-perturb hash table entries: 65536 (order: 6, 262144 bytes, linear)
[    0.490144] TCP established hash table entries: 8192 (order: 4, 65536 bytes, linear)
[    0.491278] TCP bind hash table entries: 8192 (order: 6, 262144 bytes, linear)
[    0.492250] TCP: Hash tables configured (established 8192 bind 8192)
[    0.493274] UDP hash table entries: 512 (order: 2, 16384 bytes, linear)
[    0.494167] UDP-Lite hash table entries: 512 (order: 2, 16384 bytes, linear)
[    0.495675] NET: Registered PF_UNIX/PF_LOCAL protocol family
[    0.496674] pci_bus 0000:00: resource 4 [io  0x0000-0x0cf7 window]
[    0.497598] pci_bus 0000:00: resource 5 [io  0x0d00-0xffff window]
[    0.498435] pci_bus 0000:00: resource 6 [mem 0x000a0000-0x000bffff window]
[    0.499426] pci_bus 0000:00: resource 7 [mem 0x40000000-0xfebfffff window]
[    0.500395] pci_bus 0000:00: resource 8 [mem 0x100000000-0x17fffffff window]
[    0.501552] pci 0000:00:01.0: PIIX3: Enabling Passive Release
[    0.502338] pci 0000:00:00.0: Limiting direct PCI/PCI transfers
[    0.503168] PCI: CLS 0 bytes, default 64
[    0.503750] kvm_intel: VMX not supported by CPU 0
[    0.504410] kvm_amd: TSC scaling supported
[    0.504959] kvm_amd: Nested Virtualization enabled
[    0.505596] kvm_amd: Nested Paging enabled
[    0.506182] kvm_amd: Virtual VMLOAD VMSAVE supported
[    0.506839] kvm_amd: Virtual GIF supported
[    0.507392] kvm_amd: Virtual NMI enabled
[    0.507914] kvm_amd: LBR virtualization supported
[    0.629976] Initialise system trusted keyrings
[    0.630940] workingset: timestamp_bits=56 max_order=18 bucket_order=0
[    0.631943] squashfs: version 4.0 (2009/01/31) Phillip Lougher
[    0.632747] fuse: init (API version 7.40)
[    0.633450] 9p: Installing v9fs 9p2000 file system support
[    0.645422] Key type asymmetric registered
[    0.645999] Asymmetric key parser 'x509' registered
[    0.646721] Block layer SCSI generic (bsg) driver version 0.4 loaded (major 249)
[    0.647742] io scheduler mq-deadline registered
[    0.648339] io scheduler kyber registered
[    0.650371] input: Power Button as /devices/LNXSYSTM:00/LNXPWRBN:00/input/input0
[    0.651586] ACPI: button: Power Button [PWRF]
[    0.652318] Warning: Processor Platform Limit event detected, but not handled.
[    0.653287] Consider compiling CPUfreq support into your kernel.
[    1.628110] ACPI: \_SB_.LNKB: Enabled at IRQ 10
[    2.638182] ACPI: \_SB_.LNKC: Enabled at IRQ 11
[    3.480809] ACPI: \_SB_.LNKA: Enabled at IRQ 10
[    3.482353] Serial: 8250/16550 driver, 4 ports, IRQ sharing enabled
[    3.483487] 00:03: ttyS0 at I/O 0x3f8 (irq = 4, base_baud = 115200) is a 16550A
[    3.519233] Non-volatile memory driver v1.3
[    3.519806] Linux agpgart interface v0.103
[    3.520427] printk: legacy console [hvc0] enabled
[    3.520507] ACPI: bus type drm_connector registered
[    3.521082] printk: legacy bootconsole [earlyser0] disabled
          _      _                                    
   __   _(_)_ __| |_ _ __ ___   ___       _ __   __ _ 
   \ \ / / |  __| __|  _   _ \ / _ \_____|  _ \ / _  |
    \ V /| | |  | |_| | | | | |  __/_____| | | | (_| |
     \_/ |_|_|   \__|_| |_| |_|\___|     |_| |_|\__  |
                                                |___/ 
   kernel version: 6.9.0-rc1-virtme x86_64
   (CTRL+d to exit)

virtme-ng:/nipa-data/kernel# PS1='xx__-> '
xx__-> env
PWD=/nipa-data/kernel
nr_open=1048576
HOME=/
TERM=xterm
SHLVL=2
XDG_RUNTIME_DIR=/run/user/0
PATH=/bin:/sbin:/usr/bin:/usr/sbin:/usr/local/bin
OLDPWD=/
_=/usr/bin/env
xx__-> 