No EFI environment detected.
early console in extract_kernel
input_data: 0x0000000004c872c4
input_len: 0x0000000001976e10
output: 0x0000000001000000
output_len: 0x00000000055877f4
kernel_total_size: 0x0000000005230000
needed_size: 0x0000000005600000
trampoline_32bit: 0x0000000000000000
Physical KASLR using RDRAND RDTSC...
Virtual KASLR using RDRAND RDTSC...

Decompressing Linux... Parsing ELF... Performing relocations... done.
Booting the kernel (entry_offset: 0x0000000002bc3f80).
[    0.000000] Linux version 6.15.0-rc4-virtme (root@550d54be2dcc) (gcc (Ubuntu 13.3.0-6ubuntu2~24.04) 13.3.0, GNU ld (GNU Binutils for Ubuntu) 2.42) #1 SMP PREEMPT_DYNAMIC Sun May  4 18:27:06 UTC 2025
[    0.000000] Command line: virtme_hostname=virtme-ng nr_open=1048576 virtme_link_mods=/nipa-data/kernel/.virtme_mods/lib/modules/0.0.0 virtme_initmount0=nipa-data/kernel virtme_rw_overlay0=/etc virtme_rw_overlay1=/lib virtme_rw_overlay2=/home virtme_rw_overlay3=/opt virtme_rw_overlay4=/srv virtme_rw_overlay5=/usr virtme_rw_overlay6=/var console=hvc0 earlyprintk=serial,ttyS0,115200 virtme_console=ttyS0 psmouse.proto=exps TERM=xterm virtme_chdir=nipa-data/kernel virtme_root_user=1 rootfstype=9p rootflags=version=9p2000.L,trans=virtio,access=any raid=noautodetect ro init=/usr/lib/python3/dist-packages/virtme/guest/virtme-init
[    0.000000] BIOS-provided physical RAM map:
[    0.000000] BIOS-e820: [mem 0x0000000000000000-0x000000000009fbff] usable
[    0.000000] BIOS-e820: [mem 0x000000000009fc00-0x000000000009ffff] reserved
[    0.000000] BIOS-e820: [mem 0x00000000000f0000-0x00000000000fffff] reserved
[    0.000000] BIOS-e820: [mem 0x0000000000100000-0x000000003ffdffff] usable
[    0.000000] BIOS-e820: [mem 0x000000003ffe0000-0x000000003fffffff] reserved
[    0.000000] BIOS-e820: [mem 0x00000000feffc000-0x00000000feffffff] reserved
[    0.000000] BIOS-e820: [mem 0x00000000fffc0000-0x00000000ffffffff] reserved
[    0.000000] BIOS-e820: [mem 0x000000fd00000000-0x000000ffffffffff] reserved
[    0.000000] printk: legacy bootconsole [earlyser0] enabled
[    0.000000] NX (Execute Disable) protection: active
[    0.000000] APIC: Static calls initialized
[    0.000000] SMBIOS 3.0.0 present.
[    0.000000] DMI: QEMU Ubuntu 24.04 PC (i440FX + PIIX, 1996), BIOS 1.16.3-debian-1.16.3-2 04/01/2014
[    0.000000] DMI: Memory slots populated: 1/1
[    0.000000] Hypervisor detected: KVM
[    0.000000] kvm-clock: Using msrs 4b564d01 and 4b564d00
[    0.000000] kvm-clock: using sched offset of 242095683 cycles
[    0.000374] clocksource: kvm-clock: mask: 0xffffffffffffffff max_cycles: 0x1cd42e4dffb, max_idle_ns: 881590591483 ns
[    0.001526] tsc: Detected 4491.540 MHz processor
[    0.002201] last_pfn = 0x3ffe0 max_arch_pfn = 0x400000000
[    0.002607] MTRR map: 4 entries (3 fixed + 1 variable; max 19), built from 8 variable MTRRs
[    0.003209] x86/PAT: Configuration [0-7]: WB  WC  UC- UC  WB  WP  UC- WT  
[    0.005151] found SMP MP-table at [mem 0x000f5470-0x000f547f]
[    0.005564] Using GB pages for direct mapping
[    0.006023] ACPI: Early table checksum verification disabled
[    0.006426] ACPI: RSDP 0x00000000000F5290 000014 (v00 BOCHS )
[    0.006833] ACPI: RSDT 0x000000003FFE27BC 000034 (v01 BOCHS  BXPC     00000001 BXPC 00000001)
[    0.007440] ACPI: FACP 0x000000003FFE2578 000074 (v01 BOCHS  BXPC     00000001 BXPC 00000001)
[    0.008044] ACPI: DSDT 0x000000003FFE0040 002538 (v01 BOCHS  BXPC     00000001 BXPC 00000001)
[    0.008649] ACPI: FACS 0x000000003FFE0000 000040
[    0.008976] ACPI: APIC 0x000000003FFE25EC 000170 (v03 BOCHS  BXPC     00000001 BXPC 00000001)
[    0.009585] ACPI: HPET 0x000000003FFE275C 000038 (v01 BOCHS  BXPC     00000001 BXPC 00000001)
[    0.010191] ACPI: WAET 0x000000003FFE2794 000028 (v01 BOCHS  BXPC     00000001 BXPC 00000001)
[    0.010793] ACPI: Reserving FACP table memory at [mem 0x3ffe2578-0x3ffe25eb]
[    0.011293] ACPI: Reserving DSDT table memory at [mem 0x3ffe0040-0x3ffe2577]
[    0.011789] ACPI: Reserving FACS table memory at [mem 0x3ffe0000-0x3ffe003f]
[    0.012288] ACPI: Reserving APIC table memory at [mem 0x3ffe25ec-0x3ffe275b]
[    0.012784] ACPI: Reserving HPET table memory at [mem 0x3ffe275c-0x3ffe2793]
[    0.013282] ACPI: Reserving WAET table memory at [mem 0x3ffe2794-0x3ffe27bb]
[    0.013974] No NUMA configuration found
[    0.014247] Faking a node at [mem 0x0000000000000000-0x000000003ffdffff]
[    0.014720] NODE_DATA(0) allocated [mem 0x3ffdb600-0x3ffdffff]
[    0.015147] Zone ranges:
[    0.015329]   DMA      [mem 0x0000000000001000-0x0000000000ffffff]
[    0.015766]   DMA32    [mem 0x0000000001000000-0x000000003ffdffff]
[    0.016204]   Normal   empty
[    0.016408]   Device   empty
[    0.016611] Movable zone start for each node
[    0.016911] Early memory node ranges
[    0.017166]   node   0: [mem 0x0000000000001000-0x000000000009efff]
[    0.017607]   node   0: [mem 0x0000000000100000-0x000000003ffdffff]
[    0.018049] Initmem setup node 0 [mem 0x0000000000001000-0x000000003ffdffff]
[    0.018552] On node 0, zone DMA: 1 pages in unavailable ranges
[    0.019018] On node 0, zone DMA: 97 pages in unavailable ranges
[    0.023653] On node 0, zone DMA32: 32 pages in unavailable ranges
[    0.033006] kasan: KernelAddressSanitizer initialized
[    0.033601] ACPI: PM-Timer IO Port: 0x608
[    0.033896] ACPI: LAPIC_NMI (acpi_id[0xff] dfl dfl lint[0x1])
[    0.034326] IOAPIC[0]: apic_id 0, version 17, address 0xfec00000, GSI 0-23
[    0.034810] ACPI: INT_SRC_OVR (bus 0 bus_irq 0 global_irq 2 dfl dfl)
[    0.035261] ACPI: INT_SRC_OVR (bus 0 bus_irq 5 global_irq 5 high level)
[    0.035726] ACPI: INT_SRC_OVR (bus 0 bus_irq 9 global_irq 9 high level)
[    0.036195] ACPI: INT_SRC_OVR (bus 0 bus_irq 10 global_irq 10 high level)
[    0.036672] ACPI: INT_SRC_OVR (bus 0 bus_irq 11 global_irq 11 high level)
[    0.037152] ACPI: Using ACPI (MADT) for SMP configuration information
[    0.037607] ACPI: HPET id: 0x8086a201 base: 0xfed00000
[    0.037970] TSC deadline timer available
[    0.038251] CPU topo: Max. logical packages:   1
[    0.038576] CPU topo: Max. logical dies:       1
[    0.038900] CPU topo: Max. dies per package:   1
[    0.039229] CPU topo: Max. threads per core:   1
[    0.039554] CPU topo: Num. cores per package:    32
[    0.039897] CPU topo: Num. threads per package:  32
[    0.040245] CPU topo: Allowing 32 present CPUs plus 0 hotplug CPUs
[    0.040697] kvm-guest: APIC: eoi() replaced with kvm_guest_apic_eoi_write()
[    0.041204] kvm-guest: KVM setup pv remote TLB flush
[    0.041556] kvm-guest: setup PV sched yield
[    0.041856] PM: hibernation: Registered nosave memory: [mem 0x00000000-0x00000fff]
[    0.042394] PM: hibernation: Registered nosave memory: [mem 0x0009f000-0x000fffff]
[    0.042928] [mem 0x40000000-0xfeffbfff] available for PCI devices
[    0.043360] Booting paravirtualized kernel on KVM
[    0.043692] clocksource: refined-jiffies: mask: 0xffffffff max_cycles: 0xffffffff, max_idle_ns: 1910969940391419 ns
[    0.052484] setup_percpu: NR_CPUS:64 nr_cpumask_bits:32 nr_cpu_ids:32 nr_node_ids:1
[    0.054277] percpu: Embedded 65 pages/cpu s228056 r8192 d29992 u524288
[    0.054808] Kernel command line: virtme_hostname=virtme-ng nr_open=1048576 virtme_link_mods=/nipa-data/kernel/.virtme_mods/lib/modules/0.0.0 virtme_initmount0=nipa-data/kernel virtme_rw_overlay0=/etc virtme_rw_overlay1=/lib virtme_rw_overlay2=/home virtme_rw_overlay3=/opt virtme_rw_overlay4=/srv virtme_rw_overlay5=/usr virtme_rw_overlay6=/var console=hvc0 earlyprintk=serial,ttyS0,115200 virtme_console=ttyS0 psmouse.proto=exps TERM=xterm virtme_chdir=nipa-data/kernel virtme_root_user=1 rootfstype=9p rootflags=version=9p2000.L,trans=virtio,access=any raid=noautodetect ro init=/usr/lib/python3/dist-packages/virtme/guest/virtme-init
[    0.058994] Unknown kernel command line parameters "virtme_hostname=virtme-ng nr_open=1048576 virtme_link_mods=/nipa-data/kernel/.virtme_mods/lib/modules/0.0.0 virtme_initmount0=nipa-data/kernel virtme_rw_overlay0=/etc virtme_rw_overlay1=/lib virtme_rw_overlay2=/home virtme_rw_overlay3=/opt virtme_rw_overlay4=/srv virtme_rw_overlay5=/usr virtme_rw_overlay6=/var virtme_console=ttyS0 virtme_chdir=nipa-data/kernel virtme_root_user=1", will be passed to user space.
[    0.062139] random: crng init done
[    0.062389] printk: log buffer data + meta data: 262144 + 917504 = 1179648 bytes
[    0.062942] Dentry cache hash table entries: 131072 (order: 8, 1048576 bytes, linear)
[    0.063524] Inode-cache hash table entries: 65536 (order: 7, 524288 bytes, linear)
[    0.064478] Fallback order for Node 0: 0 
[    0.064482] Built 1 zonelists, mobility grouping on.  Total pages: 262014
[    0.065268] Policy zone: DMA32
[    0.065489] mem auto-init: stack:all(zero), heap alloc:off, heap free:off
[    0.065980] stackdepot: allocating hash table via alloc_large_system_hash
[    0.066474] stackdepot hash table entries: 1048576 (order: 12, 16777216 bytes, linear)
[    0.074535] SLUB: HWalign=64, Order=0-3, MinObjects=0, CPUs=32, Nodes=1
Poking KASLR using RDRAND RDTSC...
[    0.084008] ftrace: allocating 48941 entries in 192 pages
[    0.084403] ftrace: allocated 192 pages with 2 groups
[    0.085661] Dynamic Preempt: voluntary
[    0.086410] rcu: Preemptible hierarchical RCU implementation.
[    0.086825] rcu: RCU event tracing is enabled.
[    0.087152] rcu: RCU restricting CPUs from NR_CPUS=64 to nr_cpu_ids=32.
[    0.087640] Trampoline variant of Tasks RCU enabled.
[    0.088004] Rude variant of Tasks RCU enabled.
[    0.088332] Tracing variant of Tasks RCU enabled.
[    0.088677] rcu: RCU calculated value of scheduler-enlistment delay is 100 jiffies.
[    0.089231] rcu: Adjusting geometry for rcu_fanout_leaf=16, nr_cpu_ids=32
[    0.089790] RCU Tasks: Setting shift to 5 and lim to 1 rcu_task_cb_adjust=1 rcu_task_cpu_ids=32.
[    0.090429] RCU Tasks Rude: Setting shift to 5 and lim to 1 rcu_task_cb_adjust=1 rcu_task_cpu_ids=32.
[    0.091096] RCU Tasks Trace: Setting shift to 5 and lim to 1 rcu_task_cb_adjust=1 rcu_task_cpu_ids=32.
[    0.101341] NR_IRQS: 4352, nr_irqs: 680, preallocated irqs: 16
[    0.102015] rcu: srcu_init: Setting srcu_struct sizes based on contention.
[    0.102975] Console: colour *CGA 80x25
[    0.103286] ACPI: Core revision 20240827
[    0.103731] clocksource: hpet: mask: 0xffffffff max_cycles: 0xffffffff, max_idle_ns: 19112604467 ns
[    0.104467] APIC: Switch to symmetric I/O mode setup
[    0.104957] x2apic enabled
[    0.105346] APIC: Switched APIC routing to: physical x2apic
[    0.105924] kvm-guest: APIC: send_IPI_mask() replaced with kvm_send_ipi_mask()
[    0.106517] kvm-guest: APIC: send_IPI_mask_allbutself() replaced with kvm_send_ipi_mask_allbutself()
[    0.107178] kvm-guest: setup PV IPIs
[    0.108282] ..TIMER: vector=0x30 apic1=0 pin1=2 apic2=-1 pin2=-1
[    0.109066] clocksource: tsc-early: mask: 0xffffffffffffffff max_cycles: 0x40be2faf0ae, max_idle_ns: 440795257074 ns
[    0.110424] Calibrating delay loop (skipped) preset value.. 8983.08 BogoMIPS (lpj=4491540)
[    0.111489] x86/cpu: User Mode Instruction Prevention (UMIP) activated
[    0.112424] Last level iTLB entries: 4KB 512, 2MB 255, 4MB 127
[    0.113164] Last level dTLB entries: 4KB 512, 2MB 255, 4MB 127, 1GB 0
[    0.113428] Spectre V1 : Mitigation: usercopy/swapgs barriers and __user pointer sanitization
[    0.114427] Spectre V2 : Mitigation: Enhanced / Automatic IBRS
[    0.115426] Spectre V2 : mitigation: Enabling conditional Indirect Branch Prediction Barrier
[    0.116425] Speculative Store Bypass: Mitigation: Speculative Store Bypass disabled via prctl
[    0.117423] Speculative Return Stack Overflow: IBPB-extending microcode not applied!
[    0.118423] Speculative Return Stack Overflow: WARNING: See https://kernel.org/doc/html/latest/admin-guide/hw-vuln/srso.html for mitigation options.
[    0.118425] Speculative Return Stack Overflow: Vulnerable: Safe RET, no microcode
[    0.120438] x86/fpu: Supporting XSAVE feature 0x001: 'x87 floating point registers'
[    0.121423] x86/fpu: Supporting XSAVE feature 0x002: 'SSE registers'
[    0.122423] x86/fpu: Supporting XSAVE feature 0x004: 'AVX registers'
[    0.123211] x86/fpu: Supporting XSAVE feature 0x020: 'AVX-512 opmask'
[    0.123423] x86/fpu: Supporting XSAVE feature 0x040: 'AVX-512 Hi256'
[    0.124423] x86/fpu: Supporting XSAVE feature 0x080: 'AVX-512 ZMM_Hi256'
[    0.125423] x86/fpu: Supporting XSAVE feature 0x200: 'Protection Keys User registers'
[    0.126423] x86/fpu: xstate_offset[2]:  576, xstate_sizes[2]:  256
[    0.127423] x86/fpu: xstate_offset[5]:  832, xstate_sizes[5]:   64
[    0.128190] x86/fpu: xstate_offset[6]:  896, xstate_sizes[6]:  512
[    0.128423] x86/fpu: xstate_offset[7]: 1408, xstate_sizes[7]: 1024
[    0.129423] x86/fpu: xstate_offset[9]: 2432, xstate_sizes[9]:    8
[    0.130423] x86/fpu: Enabled xstate features 0x2e7, context size is 2440 bytes, using 'compacted' format.
[    0.152830] Freeing SMP alternatives memory: 40K
[    0.153419] pid_max: default: 32768 minimum: 301
[    0.154124] Mount-cache hash table entries: 2048 (order: 2, 16384 bytes, linear)
[    0.154424] Mountpoint-cache hash table entries: 2048 (order: 2, 16384 bytes, linear)
[    0.156748] smpboot: CPU0: AMD Ryzen 9 7950X 16-Core Processor (family: 0x19, model: 0x61, stepping: 0x2)
[    0.157883] Performance Events: Fam17h+ core perfctr, AMD PMU driver.
[    0.158427] ... version:                0
[    0.158924] ... bit width:              48
[    0.159425] ... generic registers:      6
[    0.159921] ... value mask:             0000ffffffffffff
[    0.160424] ... max period:             00007fffffffffff
[    0.161081] ... fixed-purpose events:   0
[    0.161425] ... event mask:             000000000000003f
[    0.162238] signal: max sigframe size: 3376
[    0.162471] rcu: Hierarchical SRCU implementation.
[    0.163069] rcu: Max phase no-delay instances is 400.
[    0.163510] Timer migration: 2 hierarchy levels; 8 children per group; 2 crossnode level
[    0.168346] smp: Bringing up secondary CPUs ...
[    0.168615] smpboot: x86: Booting SMP configuration:
[    0.169236] .... node  #0, CPUs:        #1  #2  #3  #4  #5  #6  #7  #8  #9 #10 #11 #12 #13 #14 #15 #16 #17 #18 #19 #20 #21 #22 #23 #24 #25 #26 #27 #28 #29 #30 #31
[    0.195461] smp: Brought up 1 node, 32 CPUs
[    0.196962] smpboot: Total of 32 processors activated (287458.56 BogoMIPS)
[    0.201543] Memory: 761612K/1048056K available (44816K kernel code, 11587K rwdata, 10272K rodata, 6156K init, 1324K bss, 270664K reserved, 0K cma-reserved)
[    0.202563] devtmpfs: initialized
[    0.203485] x86/mm: Memory block size: 128MB
[    0.210683] clocksource: jiffies: mask: 0xffffffff max_cycles: 0xffffffff, max_idle_ns: 1911260446275000 ns
[    0.211428] posixtimers hash table entries: 16384 (order: 6, 262144 bytes, linear)
[    0.212392] futex hash table entries: 8192 (order: 7, 524288 bytes, linear)
[    0.212808] PM: RTC time: 18:27:27, date: 2025-05-04
[    0.214193] NET: Registered PF_NETLINK/PF_ROUTE protocol family
[    0.215321] thermal_sys: Registered thermal governor 'step_wise'
[    0.215352] cpuidle: using governor menu
[    0.217515] PCI: Using configuration type 1 for base access
[    0.218229] PCI: Using configuration type 1 for extended access
[    0.218570] kprobes: kprobe jump-optimization is enabled. All kprobes are optimized if possible.
[    0.234671] HugeTLB: allocation took 0ms with hugepage_allocation_threads=8
[    0.235459] HugeTLB: registered 1.00 GiB page size, pre-allocated 0 pages
[    0.236427] HugeTLB: 16380 KiB vmemmap can be freed for a 1.00 GiB page
[    0.236429] HugeTLB: registered 2.00 MiB page size, pre-allocated 0 pages
[    0.237265] HugeTLB: 28 KiB vmemmap can be freed for a 2.00 MiB page
[    0.238822] ACPI: Added _OSI(Module Device)
[    0.239426] ACPI: Added _OSI(Processor Device)
[    0.239979] ACPI: Added _OSI(3.0 _SCP Extensions)
[    0.240425] ACPI: Added _OSI(Processor Aggregator Device)
[    0.265672] ACPI: 1 ACPI AML tables successfully acquired and loaded
[    0.271415] ACPI: Interpreter enabled
[    0.271488] ACPI: PM: (supports S0 S3 S4 S5)
[    0.272018] ACPI: Using IOAPIC for interrupt routing
[    0.272480] PCI: Using host bridge windows from ACPI; if necessary, use "pci=nocrs" and report a bug
[    0.274425] PCI: Using E820 reservations for host bridge windows
[    0.276286] ACPI: Enabled 2 GPEs in block 00 to 0F
[    0.325831] ACPI: PCI Root Bridge [PCI0] (domain 0000 [bus 00-ff])
[    0.326440] acpi PNP0A03:00: _OSC: OS supports [ExtendedConfig ASPM ClockPM Segments MSI HPX-Type3]
[    0.327935] PCI host bridge to bus 0000:00
[    0.328481] pci_bus 0000:00: root bus resource [io  0x0000-0x0cf7 window]
[    0.329320] pci_bus 0000:00: root bus resource [io  0x0d00-0xffff window]
[    0.330427] pci_bus 0000:00: root bus resource [mem 0x000a0000-0x000bffff window]
[    0.331373] pci_bus 0000:00: root bus resource [mem 0x40000000-0xfebfffff window]
[    0.332428] pci_bus 0000:00: root bus resource [mem 0x100000000-0x17fffffff window]
[    0.333373] pci_bus 0000:00: root bus resource [bus 00-ff]
[    0.334524] pci 0000:00:00.0: [8086:1237] type 00 class 0x060000 conventional PCI endpoint
[    0.336362] pci 0000:00:01.0: [8086:7000] type 00 class 0x060100 conventional PCI endpoint
[    0.338338] pci 0000:00:01.1: [8086:7010] type 00 class 0x010180 conventional PCI endpoint
[    0.339867] pci 0000:00:01.1: BAR 4 [io  0xc0c0-0xc0cf]
[    0.340444] pci 0000:00:01.1: BAR 0 [io  0x01f0-0x01f7]: legacy IDE quirk
[    0.341285] pci 0000:00:01.1: BAR 1 [io  0x03f6]: legacy IDE quirk
[    0.341425] pci 0000:00:01.1: BAR 2 [io  0x0170-0x0177]: legacy IDE quirk
[    0.342260] pci 0000:00:01.1: BAR 3 [io  0x0376]: legacy IDE quirk
[    0.344152] pci 0000:00:01.3: [8086:7113] type 00 class 0x068000 conventional PCI endpoint
[    0.345649] pci 0000:00:01.3: quirk: [io  0x0600-0x063f] claimed by PIIX4 ACPI
[    0.346429] pci 0000:00:01.3: quirk: [io  0x0700-0x070f] claimed by PIIX4 SMB
[    0.348091] pci 0000:00:02.0: [1af4:1009] type 00 class 0x000200 conventional PCI endpoint
[    0.350422] pci 0000:00:02.0: BAR 0 [io  0xc000-0xc03f]
[    0.350430] pci 0000:00:02.0: BAR 1 [mem 0xfebfc000-0xfebfcfff]
[    0.351170] pci 0000:00:02.0: BAR 4 [mem 0xfebf0000-0xfebf3fff 64bit pref]
[    0.364536] pci 0000:00:03.0: [1af4:1009] type 00 class 0x000200 conventional PCI endpoint
[    0.366422] pci 0000:00:03.0: BAR 0 [io  0xc040-0xc07f]
[    0.367429] pci 0000:00:03.0: BAR 1 [mem 0xfebfd000-0xfebfdfff]
[    0.368173] pci 0000:00:03.0: BAR 4 [mem 0xfebf4000-0xfebf7fff 64bit pref]
[    0.380564] pci 0000:00:04.0: [8086:25ab] type 00 class 0x088000 conventional PCI endpoint
[    0.381784] pci 0000:00:04.0: BAR 0 [mem 0xfebfe000-0xfebfe00f]
[    0.394272] pci 0000:00:05.0: [1af4:1003] type 00 class 0x078000 conventional PCI endpoint
[    0.396164] pci 0000:00:05.0: BAR 0 [io  0xc080-0xc0bf]
[    0.397430] pci 0000:00:05.0: BAR 1 [mem 0xfebff000-0xfebfffff]
[    0.398172] pci 0000:00:05.0: BAR 4 [mem 0xfebf8000-0xfebfbfff 64bit pref]
[    0.412827] ACPI: PCI: Interrupt link LNKA configured for IRQ 10
[    0.414405] ACPI: PCI: Interrupt link LNKB configured for IRQ 10
[    0.416389] ACPI: PCI: Interrupt link LNKC configured for IRQ 11
[    0.418385] ACPI: PCI: Interrupt link LNKD configured for IRQ 11
[    0.419827] ACPI: PCI: Interrupt link LNKS configured for IRQ 9
[    0.439589] iommu: Default domain type: Translated
[    0.440181] iommu: DMA domain TLB invalidation policy: lazy mode
[    0.440898] SCSI subsystem initialized
[    0.441658] pps_core: LinuxPPS API ver. 1 registered
[    0.442286] pps_core: Software ver. 5.3.6 - Copyright 2005-2007 Rodolfo Giometti <giometti@linux.it>
[    0.443441] PTP clock support registered
[    0.444553] Advanced Linux Sound Architecture Driver Initialized.
[    0.446591] NET: Registered PF_ATMPVC protocol family
[    0.447214] NET: Registered PF_ATMSVC protocol family
[    0.447463] PCI: Using ACPI for IRQ routing
[    0.448461] vgaarb: loaded
[    0.449548] hpet0: at MMIO 0xfed00000, IRQs 2, 8, 0
[    0.450160] hpet0: 3 comparators, 64-bit 100.000000 MHz counter
[    0.456632] clocksource: Switched to clocksource kvm-clock
[    0.457984] VFS: Disk quotas dquot_6.6.0
[    0.458482] VFS: Dquot-cache hash table entries: 512 (order 0, 4096 bytes)
[    0.461540] pnp: PnP ACPI init
[    0.464750] pnp: PnP ACPI: found 5 devices
[    0.476793] clocksource: acpi_pm: mask: 0xffffff max_cycles: 0xffffff, max_idle_ns: 2085701024 ns
[    0.477970] NET: Registered PF_INET protocol family
[    0.478714] IP idents hash table entries: 16384 (order: 5, 131072 bytes, linear)
[    0.480072] tcp_listen_portaddr_hash hash table entries: 512 (order: 1, 8192 bytes, linear)
[    0.481134] Table-perturb hash table entries: 65536 (order: 6, 262144 bytes, linear)
[    0.482123] TCP established hash table entries: 8192 (order: 4, 65536 bytes, linear)
[    0.483102] TCP bind hash table entries: 8192 (order: 6, 262144 bytes, linear)
[    0.484016] TCP: Hash tables configured (established 8192 bind 8192)
[    0.484990] UDP hash table entries: 512 (order: 3, 32768 bytes, linear)
[    0.485822] UDP-Lite hash table entries: 512 (order: 3, 32768 bytes, linear)
[    0.486936] NET: Registered PF_UNIX/PF_LOCAL protocol family
[    0.487661] pci_bus 0000:00: resource 4 [io  0x0000-0x0cf7 window]
[    0.488438] pci_bus 0000:00: resource 5 [io  0x0d00-0xffff window]
[    0.489214] pci_bus 0000:00: resource 6 [mem 0x000a0000-0x000bffff window]
[    0.490075] pci_bus 0000:00: resource 7 [mem 0x40000000-0xfebfffff window]
[    0.490936] pci_bus 0000:00: resource 8 [mem 0x100000000-0x17fffffff window]
[    0.492032] pci 0000:00:01.0: PIIX3: Enabling Passive Release
[    0.492752] pci 0000:00:00.0: Limiting direct PCI/PCI transfers
[    0.493536] PCI: CLS 0 bytes, default 64
[    0.494152] kvm_intel: VMX not supported by CPU 0
[    0.494759] kvm_amd: TSC scaling supported
[    0.495282] kvm_amd: Nested Virtualization enabled
[    0.495885] kvm_amd: Nested Paging enabled
[    0.496394] kvm_amd: LBR virtualization supported
[    0.496998] kvm_amd: Virtual GIF supported
[    0.497505] kvm_amd: Virtual NMI enabled
[    0.536461] clocksource: tsc: mask: 0xffffffffffffffff max_cycles: 0x40be2faf0ae, max_idle_ns: 440795257074 ns
[    0.553908] Initialise system trusted keyrings
[    0.554605] workingset: timestamp_bits=56 max_order=18 bucket_order=0
[    0.555519] squashfs: version 4.0 (2009/01/31) Phillip Lougher
[    0.556262] fuse: init (API version 7.43)
[    0.556894] 9p: Installing v9fs 9p2000 file system support
[    0.566327] Key type asymmetric registered
[    0.566830] Asymmetric key parser 'x509' registered
[    0.567497] Block layer SCSI generic (bsg) driver version 0.4 loaded (major 249)
[    0.568438] io scheduler mq-deadline registered
[    0.569002] io scheduler kyber registered
[    0.571479] input: Power Button as /devices/LNXSYSTM:00/LNXPWRBN:00/input/input0
[    0.572610] ACPI: button: Power Button [PWRF]
[    0.574510] Warning: Processor Platform Limit event detected, but not handled.
[    0.575398] Consider compiling CPUfreq support into your kernel.
[    1.451752] ACPI: \_SB_.LNKB: Enabled at IRQ 10
[    2.320389] ACPI: \_SB_.LNKC: Enabled at IRQ 11
[    3.187234] ACPI: \_SB_.LNKA: Enabled at IRQ 10
[    3.188576] Serial: 8250/16550 driver, 4 ports, IRQ sharing enabled
[    3.189682] 00:03: ttyS0 at I/O 0x3f8 (irq = 4, base_baud = 115200) is a 16550A
[    3.204110] Non-volatile memory driver v1.3
[    3.204647] Linux agpgart interface v0.103
[    3.205419] ACPI: bus type drm_connector registered
[    3.206046] printk: legacy console [hvc0] enabled
[    3.206650] printk: legacy bootconsole [earlyser0] disabled
          _      _                                    
   __   _(_)_ __| |_ _ __ ___   ___       _ __   __ _ 
   \ \ / / |  __| __|  _   _ \ / _ \_____|  _ \ / _  |
    \ V /| | |  | |_| | | | | |  __/_____| | | | (_| |
     \_/ |_|_|   \__|_| |_| |_|\___|     |_| |_|\__  |
                                                |___/ 
   kernel version: 6.15.0-rc4-virtme x86_64
   (CTRL+d to exit)

root@virtme-ng:/nipa-data/kernel# PS1='xx__-> '
xx__-> env
PWD=/nipa-data/kernel
nr_open=1048576
HOME=/
TERM=xterm
SHLVL=2
XDG_RUNTIME_DIR=/run/user/0
PATH=/bin:/sbin:/usr/bin:/usr/sbin:/usr/local/bin
OLDPWD=/
_=/bin/env
xx__-> 