[    1.423166] GACT probability on
[    1.467833] Mirror/redirect action on
[    1.610443] Simple TC action Loaded
[    1.918716] u32 classifier
[    1.918751]     Performance counters on
[    1.918784]     input device check on
[    1.918817]     Actions configured
[    4.128920] netem: version 1.3
[    4.548194] tc (775) used greatest stack depth: 12128 bytes left
[    6.839240] tc (1610) used greatest stack depth: 11784 bytes left
[    6.881226] sch_tbf: burst 1500 is lower than device dummy1id6430 mtu (1514) !
[    6.915959] sch_tbf: burst 1500 is lower than device dummy1id0518 mtu (1514) !
[    6.953124] sch_tbf: burst 1500 is lower than device dummy1id320a mtu (1514) !
[    6.993855] sch_tbf: burst 1500 is lower than device dummy1id239b mtu (1514) !
[    7.032797] sch_tbf: burst 1500 is lower than device dummy1idc975 mtu (1514) !
[    7.069217] sch_tbf: burst 1500 is lower than device dummy1id948c mtu (1514) !
[    7.109070] sch_tbf: burst 1500 is lower than device dummy1id3549 mtu (1514) !
[    7.118699] sch_tbf: burst 1500 is lower than device dummy1id3549 mtu (1514) !
[    7.164767] sch_tbf: burst 1500 is lower than device dummy1idf948 mtu (1514) !
[    7.176115] sch_tbf: burst 1500 is lower than device dummy1idf948 mtu (1514) !
[    9.430536] v0p0id5993: entered promiscuous mode
[    9.471275] v0p0id5993: left promiscuous mode
[    9.497511] v0p0id5993: entered promiscuous mode
[    9.520635] v0p0id5993: left promiscuous mode
[    9.538503] v0p0id5993: entered promiscuous mode
[    9.570663] v0p0id5993: left promiscuous mode
[    9.589512] v0p0id5993: entered promiscuous mode
[    9.617367] v0p0id5993: left promiscuous mode
[    9.639315] v0p0id5993: entered promiscuous mode
[    9.658505] v0p0id5993: left promiscuous mode
[    9.678487] v0p0id5993: entered promiscuous mode
[    9.705425] v0p0id5993: left promiscuous mode
[    9.725300] v0p0id5993: entered promiscuous mode
[    9.746380] v0p0id5993: left promiscuous mode
[    9.767300] v0p0id5993: entered promiscuous mode
[    9.793421] v0p0id5993: left promiscuous mode
[    9.815526] v0p0id5993: entered promiscuous mode
[    9.846575] v0p0id5993: left promiscuous mode
[    9.869317] v0p0id5993: entered promiscuous mode
[    9.874010] v0p0id5993: left promiscuous mode
[    9.895001] v0p0id5993: entered promiscuous mode
[    9.923805] v0p0id5993: left promiscuous mode
[    9.938818] v0p0id5993: entered promiscuous mode
[    9.960812] v0p0id5993: left promiscuous mode
[    9.982331] v0p0id5993: entered promiscuous mode
[   10.012771] v0p0id5993: left promiscuous mode
[   10.032832] v0p0id5993: entered promiscuous mode
[   10.054419] v0p0id5993: left promiscuous mode
[   10.075607] v0p0id5993: entered promiscuous mode
[   10.104777] v0p0id5993: left promiscuous mode
[   10.121291] v0p0id5993: entered promiscuous mode
[   10.149870] v0p0id5993: left promiscuous mode
[   10.167322] v0p0id5993: entered promiscuous mode
[   10.198181] v0p0id5993: left promiscuous mode
[   10.212678] v0p0id5993: entered promiscuous mode
[   10.233505] v0p0id5993: left promiscuous mode
[   10.255337] v0p0id5993: entered promiscuous mode
[   10.285430] v0p0id5993: left promiscuous mode
[   10.308613] v0p0id5993: entered promiscuous mode
[   10.340327] v0p0id5993: left promiscuous mode
[   10.364544] v0p0id5993: entered promiscuous mode
[   10.394655] v0p0id5993: left promiscuous mode
[   10.415380] v0p0id5993: entered promiscuous mode
[   10.438946] v0p0id5993: left promiscuous mode
[   18.776223] v0p0id3992: entered promiscuous mode
[   18.814834] v0p0id3992: left promiscuous mode
[   18.835614] v0p0id3992: entered promiscuous mode
[   18.858723] v0p0id3992: left promiscuous mode
[   20.565226] unregister_netdevice: waiting for lo to become free. Usage count = 7
[   22.132460] python3 invoked oom-killer: gfp_mask=0xcc2(GFP_KERNEL|__GFP_HIGHMEM), order=0, oom_score_adj=0
[   22.132528] CPU: 11 PID: 6408 Comm: python3 Not tainted 6.9.0-rc6-virtme #1
[   22.132569] Hardware name: QEMU Standard PC (i440FX + PIIX, 1996), BIOS rel-1.16.3-0-ga6ed6b701f0a-prebuilt.qemu.org 04/01/2014
[   22.132640] Call Trace:
[   22.132666]  <TASK>
[   22.132690]  dump_stack_lvl+0x53/0x70
[   22.132719]  dump_header+0x50/0x3a0
[   22.132738]  ? srso_alias_return_thunk+0x5/0xfbef5
[   22.132764]  ? ___ratelimit+0xa7/0x110
[   22.132797]  oom_kill_process+0x2f3/0x4b0
[   22.132822]  ? srso_alias_return_thunk+0x5/0xfbef5
[   22.132849]  out_of_memory+0xf1/0x700
[   22.132876]  __alloc_pages+0xdbc/0x10d0
[   22.132903]  pcpu_populate_chunk+0xd1/0x440
[   22.132936]  pcpu_alloc+0x46f/0x790
[   22.132972]  ipv4_mib_init_net+0x89/0x1e0
[   22.132996]  ops_init+0x37/0x130
[   22.133022]  setup_net+0x139/0x2e0
[   22.133048]  copy_net_ns+0xd7/0x190
[   22.133066]  create_new_namespaces+0x113/0x2e0
[   22.133106]  unshare_nsproxy_namespaces+0x5f/0x90
[   22.133141]  ksys_unshare+0x168/0x390
[   22.133173]  ? do_user_addr_fault+0x308/0x640
[   22.133222]  __x64_sys_unshare+0x12/0x20
[   22.133246]  do_syscall_64+0x9d/0x1a0
[   22.133271]  entry_SYSCALL_64_after_hwframe+0x77/0x7f
[   22.133311] RIP: 0033:0x7ffa94403e2a
[   22.133339] Code: Unable to access opcode bytes at 0x7ffa94403e00.
[   22.133371] RSP: 002b:00007ffe5ec26ed0 EFLAGS: 00000202 ORIG_RAX: 0000000000000110
[   22.133422] RAX: ffffffffffffffda RBX: 0000000000000000 RCX: 00007ffa94403e2a
[   22.133471] RDX: 00007ffe5ec26e58 RSI: 00007ffa93dccdb0 RDI: 0000000040000000
[   22.133509] RBP: 00007ffe5ec26ee0 R08: 00007ffa92ee75c0 R09: 00007ffa93f769bc
[   22.133545] R10: 0000000000000000 R11: 0000000000000202 R12: 00007ffe5ec26e20
[   22.133581] R13: 00007ffe5ec270c0 R14: 0000000000000004 R15: 0000000000000001
[   22.133626]  </TASK>
[   22.133652] Mem-Info:
[   22.133677] active_anon:22 inactive_anon:42898 isolated_anon:0
[   22.133677]  active_file:103 inactive_file:117 isolated_file:0
[   22.133677]  unevictable:0 dirty:0 writeback:0
[   22.133677]  slab_reclaimable:4952 slab_unreclaimable:65817
[   22.133677]  mapped:114 shmem:9 pagetables:549
[   22.133677]  sec_pagetables:0 bounce:0
[   22.133677]  kernel_misc_reclaimable:0
[   22.133677]  free:3448 free_pcp:62 free_cma:0
[   22.133885] Node 0 active_anon:88kB inactive_anon:171592kB active_file:412kB inactive_file:468kB unevictable:0kB isolated(anon):0kB isolated(file):0kB mapped:260kB dirty:0kB writeback:0kB shmem:36kB writeback_tmp:0kB kernel_stack:6388kB pagetables:2196kB sec_pagetables:0kB all_unreclaimable? no
[   22.134024] Node 0 DMA free:3852kB boost:0kB min:60kB low:72kB high:84kB reserved_highatomic:0KB active_anon:0kB inactive_anon:144kB active_file:0kB inactive_file:0kB unevictable:0kB writepending:0kB present:15992kB managed:15360kB mlocked:0kB bounce:0kB free_pcp:0kB local_pcp:0kB free_cma:0kB
[   22.134170] lowmem_reserve[]: 0 948 948 948 948
[   22.134215] Node 0 DMA32 free:9940kB boost:0kB min:3908kB low:4884kB high:5860kB reserved_highatomic:0KB active_anon:88kB inactive_anon:171688kB active_file:176kB inactive_file:52kB unevictable:0kB writepending:0kB present:1032064kB managed:974636kB mlocked:0kB bounce:0kB free_pcp:504kB local_pcp:0kB free_cma:0kB
[   22.134362] lowmem_reserve[]: 0 0 0 0 0
[   22.134388] Node 0 DMA: 23*4kB (UM) 18*8kB (UM) 10*16kB (UM) 4*32kB (M) 2*64kB (M) 5*128kB (UM) 2*256kB (UM) 2*512kB (UM) 1*1024kB (U) 0*2048kB 0*4096kB = 3852kB
[   22.134499] Node 0 DMA32: 993*4kB (UME) 555*8kB (UME) 81*16kB (UME) 6*32kB (UE) 1*64kB (U) 0*128kB 0*256kB 0*512kB 0*1024kB 0*2048kB 0*4096kB = 9964kB
[   22.134576] Node 0 hugepages_total=0 hugepages_free=0 hugepages_surp=0 hugepages_size=1048576kB
[   22.134627] Node 0 hugepages_total=0 hugepages_free=0 hugepages_surp=0 hugepages_size=2048kB
[   22.134683] 188 total pagecache pages
[   22.134712] 0 pages in swap cache
[   22.134734] Free swap  = 0kB
[   22.134757] Total swap = 0kB
[   22.134780] 262014 pages RAM
[   22.134800] 0 pages HighMem/MovableOnly
[   22.134827] 14515 pages reserved
[   22.134866] Unreclaimable slab info:
[   22.134899] Name                      Used          Total
[   22.134927] nf_conntrack               8KB          8KB
[   22.134957] p9_req_t                 255KB        255KB
[   22.135000] bio-120                    4KB          4KB
[   22.135037] bio-248                    8KB          8KB
[   22.135077] mqueue_inode_cache         31KB         31KB
[   22.135114] RAW                       95KB         95KB
[   22.135154] TCP                      336KB        336KB
[   22.135190] hugetlbfs_inode_cache         31KB         31KB
[   22.135237] bio-240                    8KB          8KB
[   22.135276] request_queue             31KB         31KB
[   22.135307] bio-184                    7KB          7KB
[   22.135345] skbuff_small_head        504KB        504KB
[   22.135383] skbuff_head_cache        256KB        256KB
[   22.135422] seq_file                 127KB        127KB
[   22.135463] shmem_inode_cache       1183KB       1183KB
[   22.135505] kernfs_node_cache      30527KB      30552KB
[   22.135543] filp                     264KB        264KB
[   22.135581] net_namespace           1887KB       1887KB
[   22.135621] vma_lock                 418KB        418KB
[   22.135656] vm_area_struct          1252KB       1252KB
[   22.135691] files_cache              980KB        980KB
[   22.135723] signal_cache            1561KB       1561KB
[   22.135768] sighand_cache           1670KB       1670KB
[   22.135810] task_struct             3318KB       3318KB
[   22.135849] anon_vma                 621KB        621KB
[   22.135893] Acpi-State               135KB        135KB
[   22.135933] shared_policy_node         27KB         27KB
[   22.135972] ftrace_event_field        223KB        223KB
[   22.136015] task_group              1338KB       1338KB
[   22.136061] mm_struct               1008KB       1008KB
[   22.136104] vmap_area                460KB        559KB
[   22.136131] kmalloc-8k             22376KB      22376KB
[   22.136165] kmalloc-4k             42764KB      42768KB
[   22.136203] kmalloc-2k             31488KB      31488KB
[   22.136233] kmalloc-1k              5504KB       5504KB
[   22.136260] kmalloc-512            28841KB      29008KB
[   22.136288] kmalloc-256             4661KB       4728KB
[   22.136321] kmalloc-192             7717KB       7717KB
[   22.136360] kmalloc-128              988KB        988KB
[   22.136395] kmalloc-96               839KB        846KB
[   22.136429] kmalloc-64              1664KB       1664KB
[   22.136465] kmalloc-32               378KB        392KB
[   22.136498] kmalloc-16               444KB        444KB
[   22.136531] kmalloc-8                227KB        228KB
[   22.136558] kmem_cache_node           16KB         16KB
[   22.136593] kmem_cache                48KB         48KB
[   22.136632] Tasks state (memory values in pages):
[   22.136667] [  pid  ]   uid  tgid total_vm      rss rss_anon rss_file rss_shmem pgtables_bytes swapents oom_score_adj name
[   22.136739] [    363]     0   363      654      192      128       64         0    45056        0             0 bash
[   22.136794] [    368]     0   368      323      128       64       64         0    45056        0             0 make
[   22.136854] [    380]     0   380      407        0        0        0         0    36864        0             0 sh
[   22.136915] [    382]     0   382      314      128       64       64         0    45056        0             0 make
[   22.136983] [    383]     0   383      413       64        0       64         0    36864        0             0 sh
[   22.137042] [    404]     0   404      413       64        0       64         0    36864        0             0 sh
[   22.137100] [    405]     0   405      413       64        0       64         0    36864        0             0 sh
[   22.137152] [    406]     0   406      413       64        0       64         0    36864        0             0 sh
[   22.137209] [    407]     0   407      413       64        0       64         0    36864        0             0 sh
[   22.137269] [    408]     0   408      413       64        0       64         0    36864        0             0 sh
[   22.137330] [    409]     0   409      413       64        0       64         0    36864        0             0 sh
[   22.137384] [    410]     0   410     1633      128      128        0         0    53248        0             0 /usr/bin/timeou
[   22.137450] [    411]     0   411     1588      512      384      128         0    57344        0             0 perl
[   22.137510] [    413]     0   413     1633      128      128        0         0    49152        0             0 /usr/bin/timeou
[   22.137564] [    414]     0   414      412       64        0       64         0    45056        0             0 tdc.sh
[   22.137625] [    534]     0   534    18560    13164    12908      256         0   188416        0             0 python3
[   22.137689] [    538]     0   538    17689    13685    13429      256         0   176128        0             0 python3
[   22.137744] [    539]     0   539    17343    13109    12981      128         0   172032        0             0 python3
[   22.137804] [    540]     0   540    17407    13109    13045       64         0   172032        0             0 python3
[   22.137864] [    541]     0   541    17736    13621    13365      256         0   176128        0             0 python3
[   22.137929] [    550]     0   550      776       64        0       64         0    49152        0             0 ip
[   22.137995] [    551]     0   551      776       64        0       64         0    45056        0             0 ip
[   22.138058] [    553]     0   553      776       64        0       64         0    49152        0             0 ip
[   22.138105] [    677]     0   677      776       64        0       64         0    40960        0             0 ip
[   22.138165] [   6407]     0  6407    17736    13896    13704      192         0   176128        0             0 python3
[   22.138226] [   6408]     0  6408    17689    13840    13648      192         0   176128        0             0 python3
[   22.138275] oom-kill:constraint=CONSTRAINT_NONE,nodemask=(null),cpuset=/,mems_allowed=0,task=python3,pid=6407,uid=0
[   22.138341] Out of memory: Killed process 6407 (python3) total-vm:70944kB, anon-rss:54816kB, file-rss:768kB, shmem-rss:0kB, UID:0 pgtables:172kB oom_score_adj:0
[   22.470968] sh invoked oom-killer: gfp_mask=0x440dc0(GFP_KERNEL_ACCOUNT|__GFP_COMP|__GFP_ZERO), order=0, oom_score_adj=0
[   22.471049] CPU: 6 PID: 6422 Comm: sh Not tainted 6.9.0-rc6-virtme #1
[   22.471091] Hardware name: QEMU Standard PC (i440FX + PIIX, 1996), BIOS rel-1.16.3-0-ga6ed6b701f0a-prebuilt.qemu.org 04/01/2014
[   22.471160] Call Trace:
[   22.471186]  <TASK>
[   22.471209]  dump_stack_lvl+0x53/0x70
[   22.471241]  dump_header+0x50/0x3a0
[   22.471266]  ? srso_alias_return_thunk+0x5/0xfbef5
[   22.471294]  ? __free_one_page+0x59/0x420
[   22.471319]  ? srso_alias_return_thunk+0x5/0xfbef5
[   22.471354]  ? srso_alias_return_thunk+0x5/0xfbef5
[   22.471388]  ? srso_alias_return_thunk+0x5/0xfbef5
[   22.471422]  ? ___ratelimit+0xa7/0x110
[   22.471455]  oom_kill_process+0x2f3/0x4b0
[   22.471487]  ? srso_alias_return_thunk+0x5/0xfbef5
[   22.471522]  out_of_memory+0xf1/0x700
[   22.471555]  __alloc_pages+0xdbc/0x10d0
[   22.471589]  alloc_pages_mpol+0x4c/0xf0
[   22.471616]  __pud_alloc+0x30/0x1c0
[   22.471634]  __handle_mm_fault+0x43e/0xd40
[   22.471652]  ? srso_alias_return_thunk+0x5/0xfbef5
[   22.471697]  handle_mm_fault+0xbb/0x1e0
[   22.471728]  __get_user_pages+0x16b/0x6f0
[   22.471761]  get_user_pages_remote+0xf3/0x4b0
[   22.471793]  ? __entry_text_end+0x1020c5/0x1020c9
[   22.471821]  get_arg_page+0x76/0x230
[   22.471852]  copy_string_kernel+0xcf/0x210
[   22.471884]  do_execveat_common.isra.0+0x149/0x220
[   22.471924]  __x64_sys_execve+0x36/0x40
[   22.471955]  do_syscall_64+0x9d/0x1a0
[   22.471987]  entry_SYSCALL_64_after_hwframe+0x77/0x7f
[   22.472020] RIP: 0033:0x7f6a76a1fc91
[   22.472045] Code: d6 49 c7 04 ca 00 00 00 00 e8 d9 01 00 00 c9 c3 48 8b 05 22 b3 05 00 48 8b 10 e9 00 00 00 00 48 83 ec 08 b8 3b 00 00 00 0f 05 <48> 89 c7 e8 ed b2 fd ff 48 83 c4 08 c3 55 48 89 e5 41 57 41 56 49
[   22.472149] RSP: 002b:00007ffc91f48ad0 EFLAGS: 00000202 ORIG_RAX: 000000000000003b
[   22.472200] RAX: ffffffffffffffda RBX: 00007f6a76a7e4d0 RCX: 00007f6a76a1fc91
[   22.472244] RDX: 00007f6a76a7e520 RSI: 00007f6a76a7e4d0 RDI: 00007f6a76a7e3b8
[   22.472292] RBP: 00007f6a76a7e3b8 R08: 2f2f2f2f2f2f2f2f R09: 8080808080808080
[   22.472337] R10: 00007f6a769d27fc R11: 0000000000000202 R12: 00007f6a76a7e520
[   22.472373] R13: 00005611d247d747 R14: 00007f6a76a7e520 R15: 0000000000000000
[   22.472420]  </TASK>
[   22.472454] Mem-Info:
[   22.472476] active_anon:21 inactive_anon:42484 isolated_anon:0
[   22.472476]  active_file:67 inactive_file:73 isolated_file:0
[   22.472476]  unevictable:0 dirty:0 writeback:0
[   22.472476]  slab_reclaimable:4992 slab_unreclaimable:66139
[   22.472476]  mapped:270 shmem:9 pagetables:459
[   22.472476]  sec_pagetables:0 bounce:0
[   22.472476]  kernel_misc_reclaimable:0
[   22.472476]  free:3041 free_pcp:16 free_cma:0
[   22.472672] Node 0 active_anon:84kB inactive_anon:169936kB active_file:268kB inactive_file:292kB unevictable:0kB isolated(anon):0kB isolated(file):0kB mapped:1080kB dirty:0kB writeback:0kB shmem:36kB writeback_tmp:0kB kernel_stack:6360kB pagetables:1836kB sec_pagetables:0kB all_unreclaimable? no
[   22.472802] Node 0 DMA free:3852kB boost:0kB min:60kB low:72kB high:84kB reserved_highatomic:0KB active_anon:0kB inactive_anon:144kB active_file:0kB inactive_file:0kB unevictable:0kB writepending:0kB present:15992kB managed:15360kB mlocked:0kB bounce:0kB free_pcp:0kB local_pcp:0kB free_cma:0kB
[   22.472938] lowmem_reserve[]: 0 948 948 948 948
[   22.472976] Node 0 DMA32 free:8312kB boost:0kB min:3908kB low:4884kB high:5860kB reserved_highatomic:0KB active_anon:84kB inactive_anon:169884kB active_file:204kB inactive_file:428kB unevictable:0kB writepending:0kB present:1032064kB managed:974636kB mlocked:0kB bounce:0kB free_pcp:64kB local_pcp:0kB free_cma:0kB
[   22.473104] lowmem_reserve[]: 0 0 0 0 0
[   22.473131] Node 0 DMA: 23*4kB (UM) 18*8kB (UM) 10*16kB (UM) 4*32kB (M) 2*64kB (M) 5*128kB (UM) 2*256kB (UM) 2*512kB (UM) 1*1024kB (U) 0*2048kB 0*4096kB = 3852kB
[   22.473224] Node 0 DMA32: 1005*4kB (UME) 292*8kB (UME) 55*16kB (UME) 4*32kB (U) 3*64kB (U) 2*128kB (U) 2*256kB (U) 0*512kB 0*1024kB 0*2048kB 0*4096kB = 8324kB
[   22.473311] Node 0 hugepages_total=0 hugepages_free=0 hugepages_surp=0 hugepages_size=1048576kB
[   22.473356] Node 0 hugepages_total=0 hugepages_free=0 hugepages_surp=0 hugepages_size=2048kB
[   22.473415] 289 total pagecache pages
[   22.473440] 0 pages in swap cache
[   22.473465] Free swap  = 0kB
[   22.473491] Total swap = 0kB
[   22.473509] 262014 pages RAM
[   22.473527] 0 pages HighMem/MovableOnly
[   22.473551] 14515 pages reserved
[   22.473578] Unreclaimable slab info:
[   22.473602] Name                      Used          Total
[   22.473636] nf_conntrack               8KB          8KB
[   22.473662] p9_req_t                 255KB        255KB
[   22.473697] bio-120                    4KB          4KB
[   22.473732] bio-248                    8KB          8KB
[   22.473771] mqueue_inode_cache         31KB         31KB
[   22.473811] RAW                       95KB         95KB
[   22.473845] TCP                      336KB        336KB
[   22.473879] hugetlbfs_inode_cache         31KB         31KB
[   22.473913] bio-240                    8KB          8KB
[   22.473948] request_queue             31KB         31KB
[   22.473987] bio-184                    7KB          7KB
[   22.474027] skbuff_small_head        504KB        504KB
[   22.474061] skbuff_head_cache        256KB        256KB
[   22.474101] seq_file                 127KB        127KB
[   22.474140] shmem_inode_cache       1183KB       1183KB
[   22.474180] kernfs_node_cache      30771KB      30771KB
[   22.474225] filp                     264KB        264KB
[   22.474261] net_namespace           1920KB       1920KB
[   22.474296] vma_lock                 406KB        410KB
[   22.474330] vm_area_struct          1201KB       1224KB
[   22.474364] files_cache              980KB        980KB
[   22.474398] signal_cache            1565KB       1565KB
[   22.474432] sighand_cache           1670KB       1670KB
[   22.474467] task_struct             3318KB       3318KB
[   22.474500] anon_vma                 594KB        594KB
[   22.474527] Acpi-State               135KB        135KB
[   22.474567] shared_policy_node         27KB         27KB
[   22.474600] ftrace_event_field        223KB        223KB
[   22.474627] task_group              1338KB       1338KB
[   22.474667] mm_struct               1008KB       1008KB
[   22.474713] vmap_area                460KB        559KB
[   22.474751] kmalloc-8k             22512KB      22512KB
[   22.474784] kmalloc-4k             42920KB      42924KB
[   22.474811] kmalloc-2k             31660KB      31660KB
[   22.474838] kmalloc-1k              5536KB       5536KB
[   22.474871] kmalloc-512            29083KB      29140KB
[   22.474900] kmalloc-256             4637KB       4728KB
[   22.474924] kmalloc-192             7749KB       7749KB
[   22.474958] kmalloc-128              988KB        988KB
[   22.474999] kmalloc-96               839KB        846KB
[   22.475037] kmalloc-64              1616KB       1652KB
[   22.475068] kmalloc-32               379KB        392KB
[   22.475101] kmalloc-16               444KB        444KB
[   22.475135] kmalloc-8                227KB        228KB
[   22.475161] kmem_cache_node           16KB         16KB
[   22.475203] kmem_cache                48KB         48KB
[   22.475241] Tasks state (memory values in pages):
[   22.475281] [  pid  ]   uid  tgid total_vm      rss rss_anon rss_file rss_shmem pgtables_bytes swapents oom_score_adj name
[   22.475352] [    363]     0   363      654      192      128       64         0    45056        0             0 bash
[   22.475412] [    368]     0   368      323      128       64       64         0    45056        0             0 make
[   22.475465] [    380]     0   380      407        0        0        0         0    36864        0             0 sh
[   22.475519] [    382]     0   382      314      128       64       64         0    45056        0             0 make
[   22.475580] [    383]     0   383      413       64        0       64         0    36864        0             0 sh
[   22.475640] [    404]     0   404      413       64        0       64         0    36864        0             0 sh
[   22.475705] [    405]     0   405      413       64        0       64         0    36864        0             0 sh
[   22.475766] [    406]     0   406      413       64        0       64         0    36864        0             0 sh
[   22.475820] [    407]     0   407      413       64        0       64         0    36864        0             0 sh
[   22.475872] [    408]     0   408      413       64        0       64         0    36864        0             0 sh
[   22.475924] [    409]     0   409      413       64        0       64         0    36864        0             0 sh
[   22.475990] [    410]     0   410     1633      128      128        0         0    53248        0             0 /usr/bin/timeou
[   22.476058] [    411]     0   411     1588      512      384      128         0    57344        0             0 perl
[   22.476119] [    413]     0   413     1633      128      128        0         0    49152        0             0 /usr/bin/timeou
[   22.476187] [    414]     0   414      412       64        0       64         0    45056        0             0 tdc.sh
[   22.476251] [    534]     0   534    18560    13164    12908      256         0   188416        0             0 python3
[   22.476325] [    538]     0   538    17689    13749    13429      320         0   176128        0             0 python3
[   22.476385] [    539]     0   539    17343    13109    12981      128         0   172032        0             0 python3
[   22.476451] [    540]     0   540    17407    13109    13045       64         0   172032        0             0 python3
[   22.476512] [    541]     0   541    17736    13557    13365      192         0   176128        0             0 python3
[   22.476572] [    550]     0   550      776       64        0       64         0    49152        0             0 ip
[   22.476632] [    551]     0   551      776       64        0       64         0    45056        0             0 ip
[   22.476686] [    553]     0   553      776       64        0       64         0    49152        0             0 ip
[   22.476733] [    677]     0   677      776       64        0       64         0    40960        0             0 ip
[   22.476787] [   6422]     0  6422      407       64        0       64         0    49152        0             0 sh
[   22.476846] oom-kill:constraint=CONSTRAINT_NONE,nodemask=(null),cpuset=/,mems_allowed=0,task=python3,pid=538,uid=0
[   22.476913] Out of memory: Killed process 538 (python3) total-vm:70756kB, anon-rss:53716kB, file-rss:1280kB, shmem-rss:0kB, UID:0 pgtables:172kB oom_score_adj:0
[   22.478828] python3 (538) used greatest stack depth: 11392 bytes left
[   30.757255] unregister_netdevice: waiting for lo to become free. Usage count = 7
[   40.997259] unregister_netdevice: waiting for lo to become free. Usage count = 7
[   51.237249] unregister_netdevice: waiting for lo to become free. Usage count = 7
[   61.477222] unregister_netdevice: waiting for lo to become free. Usage count = 7
[   71.717260] unregister_netdevice: waiting for lo to become free. Usage count = 7
[   81.957256] unregister_netdevice: waiting for lo to become free. Usage count = 7
[   92.197242] unregister_netdevice: waiting for lo to become free. Usage count = 7
[  102.437255] unregister_netdevice: waiting for lo to become free. Usage count = 7
[  112.677246] unregister_netdevice: waiting for lo to become free. Usage count = 7
[  122.917266] unregister_netdevice: waiting for lo to become free. Usage count = 7
[  133.157237] unregister_netdevice: waiting for lo to become free. Usage count = 7
[  143.397242] unregister_netdevice: waiting for lo to become free. Usage count = 7
[  153.637275] unregister_netdevice: waiting for lo to become free. Usage count = 7
[  163.877243] unregister_netdevice: waiting for lo to become free. Usage count = 7
[  174.117237] unregister_netdevice: waiting for lo to become free. Usage count = 7
[  184.357251] unregister_netdevice: waiting for lo to become free. Usage count = 7
[  194.597254] unregister_netdevice: waiting for lo to become free. Usage count = 7
[  204.837217] unregister_netdevice: waiting for lo to become free. Usage count = 7
[  215.077252] unregister_netdevice: waiting for lo to become free. Usage count = 7
[  225.317254] unregister_netdevice: waiting for lo to become free. Usage count = 7
[  235.557239] unregister_netdevice: waiting for lo to become free. Usage count = 7
[  245.797255] unregister_netdevice: waiting for lo to become free. Usage count = 7
[  256.037253] unregister_netdevice: waiting for lo to become free. Usage count = 7
[  266.277247] unregister_netdevice: waiting for lo to become free. Usage count = 7
[  276.517230] unregister_netdevice: waiting for lo to become free. Usage count = 7
[  286.757248] unregister_netdevice: waiting for lo to become free. Usage count = 7
[  296.997266] unregister_netdevice: waiting for lo to become free. Usage count = 7
[  307.237237] unregister_netdevice: waiting for lo to become free. Usage count = 7
[  317.477250] unregister_netdevice: waiting for lo to become free. Usage count = 7
[  327.717256] unregister_netdevice: waiting for lo to become free. Usage count = 7
[  337.965239] unregister_netdevice: waiting for lo to become free. Usage count = 7
[  348.205234] unregister_netdevice: waiting for lo to become free. Usage count = 7
[  358.445254] unregister_netdevice: waiting for lo to become free. Usage count = 7
[  368.685249] unregister_netdevice: waiting for lo to become free. Usage count = 7
[  378.925256] unregister_netdevice: waiting for lo to become free. Usage count = 7
[  389.165259] unregister_netdevice: waiting for lo to become free. Usage count = 7
[  399.405232] unregister_netdevice: waiting for lo to become free. Usage count = 7
[  409.645264] unregister_netdevice: waiting for lo to become free. Usage count = 7
[  419.885235] unregister_netdevice: waiting for lo to become free. Usage count = 7
[  430.125222] unregister_netdevice: waiting for lo to become free. Usage count = 7
[  440.365256] unregister_netdevice: waiting for lo to become free. Usage count = 7
[  450.605235] unregister_netdevice: waiting for lo to become free. Usage count = 7
[  460.845262] unregister_netdevice: waiting for lo to become free. Usage count = 7
[  471.085251] unregister_netdevice: waiting for lo to become free. Usage count = 7
[  481.325254] unregister_netdevice: waiting for lo to become free. Usage count = 7
[  491.565234] unregister_netdevice: waiting for lo to become free. Usage count = 7
[  501.805255] unregister_netdevice: waiting for lo to become free. Usage count = 7
[  512.045255] unregister_netdevice: waiting for lo to become free. Usage count = 7
[  522.285242] unregister_netdevice: waiting for lo to become free. Usage count = 7
[  532.525247] unregister_netdevice: waiting for lo to become free. Usage count = 7
[  542.765258] unregister_netdevice: waiting for lo to become free. Usage count = 7
[  553.005243] unregister_netdevice: waiting for lo to become free. Usage count = 7
[  563.245237] unregister_netdevice: waiting for lo to become free. Usage count = 7
[  573.485261] unregister_netdevice: waiting for lo to become free. Usage count = 7
[  583.725257] unregister_netdevice: waiting for lo to become free. Usage count = 7
[  593.965250] unregister_netdevice: waiting for lo to become free. Usage count = 7
[  604.205258] unregister_netdevice: waiting for lo to become free. Usage count = 7
[  614.445252] unregister_netdevice: waiting for lo to become free. Usage count = 7
[  624.685230] unregister_netdevice: waiting for lo to become free. Usage count = 7
[  634.925242] unregister_netdevice: waiting for lo to become free. Usage count = 7
[  645.165274] unregister_netdevice: waiting for lo to become free. Usage count = 7
[  655.405251] unregister_netdevice: waiting for lo to become free. Usage count = 7
[  665.645233] unregister_netdevice: waiting for lo to become free. Usage count = 7
[  675.885251] unregister_netdevice: waiting for lo to become free. Usage count = 7
[  686.125249] unregister_netdevice: waiting for lo to become free. Usage count = 7
[  696.365247] unregister_netdevice: waiting for lo to become free. Usage count = 7
[  706.605252] unregister_netdevice: waiting for lo to become free. Usage count = 7
[  716.845256] unregister_netdevice: waiting for lo to become free. Usage count = 7
[  727.085255] unregister_netdevice: waiting for lo to become free. Usage count = 7
[  737.325245] unregister_netdevice: waiting for lo to become free. Usage count = 7
[  747.565273] unregister_netdevice: waiting for lo to become free. Usage count = 7
[  757.805257] unregister_netdevice: waiting for lo to become free. Usage count = 7
[  768.045254] unregister_netdevice: waiting for lo to become free. Usage count = 7
[  778.285239] unregister_netdevice: waiting for lo to become free. Usage count = 7
[  788.525253] unregister_netdevice: waiting for lo to become free. Usage count = 7
[  798.765254] unregister_netdevice: waiting for lo to become free. Usage count = 7
[  809.005242] unregister_netdevice: waiting for lo to become free. Usage count = 7
[  819.245236] unregister_netdevice: waiting for lo to become free. Usage count = 7
[  829.485252] unregister_netdevice: waiting for lo to become free. Usage count = 7
[  839.725263] unregister_netdevice: waiting for lo to become free. Usage count = 7
[  849.965231] unregister_netdevice: waiting for lo to become free. Usage count = 7
[  860.205255] unregister_netdevice: waiting for lo to become free. Usage count = 7
[  870.445250] unregister_netdevice: waiting for lo to become free. Usage count = 7
[  880.685241] unregister_netdevice: waiting for lo to become free. Usage count = 7
[  890.925254] unregister_netdevice: waiting for lo to become free. Usage count = 7
[  901.165259] unregister_netdevice: waiting for lo to become free. Usage count = 7
[  901.195822] python3 (541) used greatest stack depth: 11344 bytes left
