No EFI environment detected.
early console in extract_kernel
input_data: 0x0000000002be82c4
input_len: 0x0000000000b3a5a4
output: 0x0000000001000000
output_len: 0x00000000026db468
kernel_total_size: 0x0000000002430000
needed_size: 0x0000000002800000
trampoline_32bit: 0x0000000000000000
Physical KASLR using RDRAND RDTSC...
Virtual KASLR using RDRAND RDTSC...

Decompressing Linux... Parsing ELF... Performing relocations... done.
Booting the kernel (entry_offset: 0x0000000000000000).
[    0.000000] Linux version 6.9.0-virtme (root@749b05be3239) (gcc (Alpine 13.2.1_git20240309) 13.2.1 20240309, GNU ld (GNU Binutils) 2.42) #1 SMP PREEMPT_DYNAMIC Mon May 20 21:06:21 UTC 2024
[    0.000000] Command line: virtme_hostname=virtme-ng nr_open=1048576 virtme_link_mods=/nipa-data/kernel/.virtme_mods/lib/modules/0.0.0 virtme_initmount0=nipa-data/kernel virtme_rw_overlay0=/etc virtme_rw_overlay1=/lib virtme_rw_overlay2=/home virtme_rw_overlay3=/opt virtme_rw_overlay4=/srv virtme_rw_overlay5=/usr virtme_rw_overlay6=/var console=hvc0 earlyprintk=serial,ttyS0,115200 virtme_console=ttyS0 psmouse.proto=exps TERM=xterm virtme_chdir=nipa-data/kernel virtme_root_user=1 rootfstype=9p rootflags=version=9p2000.L,trans=virtio,access=any raid=noautodetect ro init=/usr/lib/python3.12/site-packages/virtme/guest/virtme-init
[    0.000000] BIOS-provided physical RAM map:
[    0.000000] BIOS-e820: [mem 0x0000000000000000-0x000000000009fbff] usable
[    0.000000] BIOS-e820: [mem 0x000000000009fc00-0x000000000009ffff] reserved
[    0.000000] BIOS-e820: [mem 0x00000000000f0000-0x00000000000fffff] reserved
[    0.000000] BIOS-e820: [mem 0x0000000000100000-0x000000003ffdffff] usable
[    0.000000] BIOS-e820: [mem 0x000000003ffe0000-0x000000003fffffff] reserved
[    0.000000] BIOS-e820: [mem 0x00000000feffc000-0x00000000feffffff] reserved
[    0.000000] BIOS-e820: [mem 0x00000000fffc0000-0x00000000ffffffff] reserved
[    0.000000] BIOS-e820: [mem 0x000000fd00000000-0x000000ffffffffff] reserved
[    0.000000] printk: legacy bootconsole [earlyser0] enabled
[    0.000000] NX (Execute Disable) protection: active
[    0.000000] APIC: Static calls initialized
[    0.000000] SMBIOS 2.8 present.
[    0.000000] DMI: QEMU Standard PC (i440FX + PIIX, 1996), BIOS rel-1.16.3-0-ga6ed6b701f0a-prebuilt.qemu.org 04/01/2014
[    0.000000] Hypervisor detected: KVM
[    0.000000] kvm-clock: Using msrs 4b564d01 and 4b564d00
[    0.000000] kvm-clock: using sched offset of 241032008 cycles
[    0.000390] clocksource: kvm-clock: mask: 0xffffffffffffffff max_cycles: 0x1cd42e4dffb, max_idle_ns: 881590591483 ns
[    0.001607] tsc: Detected 4491.556 MHz processor
[    0.002216] last_pfn = 0x3ffe0 max_arch_pfn = 0x400000000
[    0.002643] MTRR map: 4 entries (3 fixed + 1 variable; max 19), built from 8 variable MTRRs
[    0.003265] x86/PAT: Configuration [0-7]: WB  WC  UC- UC  WB  WP  UC- WT  
Memory KASLR using RDRAND RDTSC...
[    0.005331] found SMP MP-table at [mem 0x000f5470-0x000f547f]
[    0.005762] Using GB pages for direct mapping
[    0.006147] ACPI: Early table checksum verification disabled
[    0.006569] ACPI: RSDP 0x00000000000F5290 000014 (v00 BOCHS )
[    0.006998] ACPI: RSDT 0x000000003FFE27BC 000034 (v01 BOCHS  BXPC     00000001 BXPC 00000001)
[    0.007635] ACPI: FACP 0x000000003FFE2578 000074 (v01 BOCHS  BXPC     00000001 BXPC 00000001)
[    0.008271] ACPI: DSDT 0x000000003FFE0040 002538 (v01 BOCHS  BXPC     00000001 BXPC 00000001)
[    0.008908] ACPI: FACS 0x000000003FFE0000 000040
[    0.009252] ACPI: APIC 0x000000003FFE25EC 000170 (v03 BOCHS  BXPC     00000001 BXPC 00000001)
[    0.009886] ACPI: HPET 0x000000003FFE275C 000038 (v01 BOCHS  BXPC     00000001 BXPC 00000001)
[    0.010520] ACPI: WAET 0x000000003FFE2794 000028 (v01 BOCHS  BXPC     00000001 BXPC 00000001)
[    0.011154] ACPI: Reserving FACP table memory at [mem 0x3ffe2578-0x3ffe25eb]
[    0.011678] ACPI: Reserving DSDT table memory at [mem 0x3ffe0040-0x3ffe2577]
[    0.012201] ACPI: Reserving FACS table memory at [mem 0x3ffe0000-0x3ffe003f]
[    0.012727] ACPI: Reserving APIC table memory at [mem 0x3ffe25ec-0x3ffe275b]
[    0.013250] ACPI: Reserving HPET table memory at [mem 0x3ffe275c-0x3ffe2793]
[    0.013775] ACPI: Reserving WAET table memory at [mem 0x3ffe2794-0x3ffe27bb]
[    0.014445] No NUMA configuration found
[    0.014730] Faking a node at [mem 0x0000000000000000-0x000000003ffdffff]
[    0.015228] NODE_DATA(0) allocated [mem 0x3ffdb000-0x3ffdffff]
[    0.015671] Zone ranges:
[    0.015859]   DMA      [mem 0x0000000000001000-0x0000000000ffffff]
[    0.016319]   DMA32    [mem 0x0000000001000000-0x000000003ffdffff]
[    0.016782]   Normal   empty
[    0.016996]   Device   empty
[    0.017210] Movable zone start for each node
[    0.017529] Early memory node ranges
[    0.017795]   node   0: [mem 0x0000000000001000-0x000000000009efff]
[    0.018264]   node   0: [mem 0x0000000000100000-0x000000003ffdffff]
[    0.018730] Initmem setup node 0 [mem 0x0000000000001000-0x000000003ffdffff]
[    0.019256] On node 0, zone DMA: 1 pages in unavailable ranges
[    0.019701] On node 0, zone DMA: 97 pages in unavailable ranges
[    0.021109] On node 0, zone DMA32: 32 pages in unavailable ranges
[    0.021767] ACPI: PM-Timer IO Port: 0x608
[    0.022068] ACPI: LAPIC_NMI (acpi_id[0xff] dfl dfl lint[0x1])
[    0.022510] IOAPIC[0]: apic_id 0, version 17, address 0xfec00000, GSI 0-23
[    0.023024] ACPI: INT_SRC_OVR (bus 0 bus_irq 0 global_irq 2 dfl dfl)
[    0.023499] ACPI: INT_SRC_OVR (bus 0 bus_irq 5 global_irq 5 high level)
[    0.023994] ACPI: INT_SRC_OVR (bus 0 bus_irq 9 global_irq 9 high level)
[    0.024488] ACPI: INT_SRC_OVR (bus 0 bus_irq 10 global_irq 10 high level)
[    0.024999] ACPI: INT_SRC_OVR (bus 0 bus_irq 11 global_irq 11 high level)
[    0.025507] ACPI: Using ACPI (MADT) for SMP configuration information
[    0.025988] ACPI: HPET id: 0x8086a201 base: 0xfed00000
[    0.026371] TSC deadline timer available
[    0.026666] CPU topo: Max. logical packages:   1
[    0.027010] CPU topo: Max. logical dies:       1
[    0.027354] CPU topo: Max. dies per package:   1
[    0.027700] CPU topo: Max. threads per core:   1
[    0.028043] CPU topo: Num. cores per package:    32
[    0.028406] CPU topo: Num. threads per package:  32
[    0.028772] CPU topo: Allowing 32 present CPUs plus 0 hotplug CPUs
[    0.029240] kvm-guest: APIC: eoi() replaced with kvm_guest_apic_eoi_write()
[    0.029767] kvm-guest: KVM setup pv remote TLB flush
[    0.030139] kvm-guest: setup PV sched yield
[    0.030455] PM: hibernation: Registered nosave memory: [mem 0x00000000-0x00000fff]
[    0.031018] PM: hibernation: Registered nosave memory: [mem 0x0009f000-0x0009ffff]
[    0.031581] PM: hibernation: Registered nosave memory: [mem 0x000a0000-0x000effff]
[    0.032142] PM: hibernation: Registered nosave memory: [mem 0x000f0000-0x000fffff]
[    0.032715] [mem 0x40000000-0xfeffbfff] available for PCI devices
[    0.033171] Booting paravirtualized kernel on KVM
[    0.033521] clocksource: refined-jiffies: mask: 0xffffffff max_cycles: 0xffffffff, max_idle_ns: 1910969940391419 ns
[    0.037159] setup_percpu: NR_CPUS:64 nr_cpumask_bits:32 nr_cpu_ids:32 nr_node_ids:1
[    0.038320] percpu: Embedded 58 pages/cpu s198952 r8192 d30424 u262144
[    0.038835] Kernel command line: virtme_hostname=virtme-ng nr_open=1048576 virtme_link_mods=/nipa-data/kernel/.virtme_mods/lib/modules/0.0.0 virtme_initmount0=nipa-data/kernel virtme_rw_overlay0=/etc virtme_rw_overlay1=/lib virtme_rw_overlay2=/home virtme_rw_overlay3=/opt virtme_rw_overlay4=/srv virtme_rw_overlay5=/usr virtme_rw_overlay6=/var console=hvc0 earlyprintk=serial,ttyS0,115200 virtme_console=ttyS0 psmouse.proto=exps TERM=xterm virtme_chdir=nipa-data/kernel virtme_root_user=1 rootfstype=9p rootflags=version=9p2000.L,trans=virtio,access=any raid=noautodetect ro init=/usr/lib/python3.12/site-packages/virtme/guest/virtme-init
[    0.043188] Unknown kernel command line parameters "virtme_hostname=virtme-ng nr_open=1048576 virtme_link_mods=/nipa-data/kernel/.virtme_mods/lib/modules/0.0.0 virtme_initmount0=nipa-data/kernel virtme_rw_overlay0=/etc virtme_rw_overlay1=/lib virtme_rw_overlay2=/home virtme_rw_overlay3=/opt virtme_rw_overlay4=/srv virtme_rw_overlay5=/usr virtme_rw_overlay6=/var virtme_console=ttyS0 virtme_chdir=nipa-data/kernel virtme_root_user=1", will be passed to user space.
[    0.046522] random: crng init done
[    0.046815] Dentry cache hash table entries: 131072 (order: 8, 1048576 bytes, linear)
[    0.047439] Inode-cache hash table entries: 65536 (order: 7, 524288 bytes, linear)
[    0.048110] Fallback order for Node 0: 0 
[    0.048112] Built 1 zonelists, mobility grouping on.  Total pages: 257760
[    0.048943] Policy zone: DMA32
[    0.049176] mem auto-init: stack:all(zero), heap alloc:off, heap free:off
[    0.050492] Memory: 984568K/1048056K available (16384K kernel code, 2411K rwdata, 6148K rodata, 3080K init, 2036K bss, 63228K reserved, 0K cma-reserved)
[    0.051566] SLUB: HWalign=64, Order=0-3, MinObjects=0, CPUs=32, Nodes=1
Poking KASLR using RDRAND RDTSC...
[    0.052335] ftrace: allocating 47706 entries in 187 pages
[    0.059533] ftrace: allocated 187 pages with 6 groups
[    0.060605] Dynamic Preempt: voluntary
[    0.061045] rcu: Preemptible hierarchical RCU implementation.
[    0.061491] rcu: RCU event tracing is enabled.
[    0.061841] rcu: RCU restricting CPUs from NR_CPUS=64 to nr_cpu_ids=32.
[    0.062363] Trampoline variant of Tasks RCU enabled.
[    0.062751] Rude variant of Tasks RCU enabled.
[    0.063099] Tracing variant of Tasks RCU enabled.
[    0.063468] rcu: RCU calculated value of scheduler-enlistment delay is 100 jiffies.
[    0.064061] rcu: Adjusting geometry for rcu_fanout_leaf=16, nr_cpu_ids=32
[    0.064591] RCU Tasks: Setting shift to 5 and lim to 1 rcu_task_cb_adjust=1.
[    0.065141] RCU Tasks Rude: Setting shift to 5 and lim to 1 rcu_task_cb_adjust=1.
[    0.065727] RCU Tasks Trace: Setting shift to 5 and lim to 1 rcu_task_cb_adjust=1.
[    0.067769] NR_IRQS: 4352, nr_irqs: 680, preallocated irqs: 16
[    0.068392] rcu: srcu_init: Setting srcu_struct sizes based on contention.
[    0.069062] Console: colour *CGA 80x25
[    0.069358] ACPI: Core revision 20240322
[    0.069730] clocksource: hpet: mask: 0xffffffff max_cycles: 0xffffffff, max_idle_ns: 19112604467 ns
[    0.070489] APIC: Switch to symmetric I/O mode setup
[    0.070899] APIC: Switched APIC routing to: physical flat
[    0.071313] kvm-guest: APIC: send_IPI_mask() replaced with kvm_send_ipi_mask()
[    0.071864] kvm-guest: APIC: send_IPI_mask_allbutself() replaced with kvm_send_ipi_mask_allbutself()
[    0.072572] kvm-guest: setup PV IPIs
[    0.073638] ..TIMER: vector=0x30 apic1=0 pin1=2 apic2=-1 pin2=-1
[    0.074449] tsc: Marking TSC unstable due to TSCs unsynchronized
[    0.075266] Calibrating delay loop (skipped) preset value.. 8983.11 BogoMIPS (lpj=4491556)
[    0.076326] x86/cpu: User Mode Instruction Prevention (UMIP) activated
[    0.077315] Last level iTLB entries: 4KB 512, 2MB 255, 4MB 127
[    0.078265] Last level dTLB entries: 4KB 512, 2MB 255, 4MB 127, 1GB 0
[    0.079268] Spectre V1 : Mitigation: usercopy/swapgs barriers and __user pointer sanitization
[    0.080268] Spectre V2 : Mitigation: Enhanced / Automatic IBRS
[    0.081265] Spectre V2 : Spectre v2 / SpectreRSB mitigation: Filling RSB on context switch
[    0.082266] Spectre V2 : mitigation: Enabling conditional Indirect Branch Prediction Barrier
[    0.083266] Speculative Store Bypass: Mitigation: Speculative Store Bypass disabled via prctl
[    0.084265] Speculative Return Stack Overflow: IBPB-extending microcode not applied!
[    0.085265] Speculative Return Stack Overflow: WARNING: See https://kernel.org/doc/html/latest/admin-guide/hw-vuln/srso.html for mitigation options.
[    0.085265] Speculative Return Stack Overflow: Vulnerable: Safe RET, no microcode
[    0.087280] x86/fpu: Supporting XSAVE feature 0x001: 'x87 floating point registers'
[    0.088265] x86/fpu: Supporting XSAVE feature 0x002: 'SSE registers'
[    0.089265] x86/fpu: Supporting XSAVE feature 0x004: 'AVX registers'
[    0.090265] x86/fpu: Supporting XSAVE feature 0x020: 'AVX-512 opmask'
[    0.091265] x86/fpu: Supporting XSAVE feature 0x040: 'AVX-512 Hi256'
[    0.092265] x86/fpu: Supporting XSAVE feature 0x080: 'AVX-512 ZMM_Hi256'
[    0.093265] x86/fpu: Supporting XSAVE feature 0x200: 'Protection Keys User registers'
[    0.094265] x86/fpu: xstate_offset[2]:  576, xstate_sizes[2]:  256
[    0.095265] x86/fpu: xstate_offset[5]:  832, xstate_sizes[5]:   64
[    0.096080] x86/fpu: xstate_offset[6]:  896, xstate_sizes[6]:  512
[    0.096265] x86/fpu: xstate_offset[7]: 1408, xstate_sizes[7]: 1024
[    0.097265] x86/fpu: xstate_offset[9]: 2432, xstate_sizes[9]:    8
[    0.098265] x86/fpu: Enabled xstate features 0x2e7, context size is 2440 bytes, using 'compacted' format.
[    0.114997] Freeing SMP alternatives memory: 40K
[    0.115265] pid_max: default: 32768 minimum: 301
[    0.115888] Mount-cache hash table entries: 2048 (order: 2, 16384 bytes, linear)
[    0.117238] Mountpoint-cache hash table entries: 2048 (order: 2, 16384 bytes, linear)
[    0.118429] smpboot: CPU0: AMD Ryzen 9 7950X 16-Core Processor (family: 0x19, model: 0x61, stepping: 0x2)
[    0.119382] Performance Events: Fam17h+ core perfctr, AMD PMU driver.
[    0.120247] ... version:                0
[    0.120267] ... bit width:              48
[    0.120798] ... generic registers:      6
[    0.121266] ... value mask:             0000ffffffffffff
[    0.121961] ... max period:             00007fffffffffff
[    0.122266] ... fixed-purpose events:   0
[    0.122782] ... event mask:             000000000000003f
[    0.123349] signal: max sigframe size: 3376
[    0.123912] rcu: Hierarchical SRCU implementation.
[    0.124266] rcu: Max phase no-delay instances is 400.
[    0.127202] smp: Bringing up secondary CPUs ...
[    0.127325] smpboot: x86: Booting SMP configuration:
[    0.127970] .... node  #0, CPUs:        #1  #2  #3  #4  #5  #6  #7  #8  #9 #10 #11 #12 #13 #14 #15 #16 #17 #18 #19 #20 #21 #22 #23 #24 #25 #26 #27 #28 #29 #30 #31
[    0.144414] smp: Brought up 1 node, 32 CPUs
[    0.145987] smpboot: Total of 32 processors activated (287459.58 BogoMIPS)
[    0.149341] devtmpfs: initialized
[    0.150299] x86/mm: Memory block size: 128MB
[    0.152003] clocksource: jiffies: mask: 0xffffffff max_cycles: 0xffffffff, max_idle_ns: 1911260446275000 ns
[    0.152270] futex hash table entries: 8192 (order: 7, 524288 bytes, linear)
[    0.153460] PM: RTC time: 21:06:54, date: 2024-05-20
[    0.154692] NET: Registered PF_NETLINK/PF_ROUTE protocol family
[    0.155436] thermal_sys: Registered thermal governor 'step_wise'
[    0.155437] thermal_sys: Registered thermal governor 'user_space'
[    0.156280] cpuidle: using governor menu
[    0.158597] PCI: Using configuration type 1 for base access
[    0.159270] PCI: Using configuration type 1 for extended access
[    0.160355] kprobes: kprobe jump-optimization is enabled. All kprobes are optimized if possible.
[    0.179514] HugeTLB: registered 1.00 GiB page size, pre-allocated 0 pages
[    0.180268] HugeTLB: 16380 KiB vmemmap can be freed for a 1.00 GiB page
[    0.181136] HugeTLB: registered 2.00 MiB page size, pre-allocated 0 pages
[    0.181267] HugeTLB: 28 KiB vmemmap can be freed for a 2.00 MiB page
[    0.182158] Demotion targets for Node 0: null
[    0.182303] ACPI: Added _OSI(Module Device)
[    0.182864] ACPI: Added _OSI(Processor Device)
[    0.183267] ACPI: Added _OSI(3.0 _SCP Extensions)
[    0.183905] ACPI: Added _OSI(Processor Aggregator Device)
[    0.184978] ACPI: 1 ACPI AML tables successfully acquired and loaded
[    0.185864] ACPI: _OSC evaluation for CPUs failed, trying _PDC
[    0.186404] ACPI: Interpreter enabled
[    0.186888] ACPI: PM: (supports S0 S3 S4 S5)
[    0.187267] ACPI: Using IOAPIC for interrupt routing
[    0.187938] PCI: Using host bridge windows from ACPI; if necessary, use "pci=nocrs" and report a bug
[    0.188266] PCI: Using E820 reservations for host bridge windows
[    0.189155] ACPI: Enabled 2 GPEs in block 00 to 0F
[    0.191931] ACPI: PCI Root Bridge [PCI0] (domain 0000 [bus 00-ff])
[    0.192270] acpi PNP0A03:00: _OSC: OS supports [ExtendedConfig ASPM ClockPM Segments MSI HPX-Type3]
[    0.193358] PCI host bridge to bus 0000:00
[    0.193911] pci_bus 0000:00: root bus resource [io  0x0000-0x0cf7 window]
[    0.194267] pci_bus 0000:00: root bus resource [io  0x0d00-0xffff window]
[    0.195158] pci_bus 0000:00: root bus resource [mem 0x000a0000-0x000bffff window]
[    0.195267] pci_bus 0000:00: root bus resource [mem 0x40000000-0xfebfffff window]
[    0.196254] pci_bus 0000:00: root bus resource [mem 0x100000000-0x17fffffff window]
[    0.196267] pci_bus 0000:00: root bus resource [bus 00-ff]
[    0.197085] pci 0000:00:00.0: [8086:1237] type 00 class 0x060000 conventional PCI endpoint
[    0.197540] pci 0000:00:01.0: [8086:7000] type 00 class 0x060100 conventional PCI endpoint
[    0.198589] pci 0000:00:01.1: [8086:7010] type 00 class 0x010180 conventional PCI endpoint
[    0.201811] pci 0000:00:01.1: BAR 4 [io  0xc0c0-0xc0cf]
[    0.203280] pci 0000:00:01.1: BAR 0 [io  0x01f0-0x01f7]: legacy IDE quirk
[    0.204200] pci 0000:00:01.1: BAR 1 [io  0x03f6]: legacy IDE quirk
[    0.204267] pci 0000:00:01.1: BAR 2 [io  0x0170-0x0177]: legacy IDE quirk
[    0.205264] pci 0000:00:01.1: BAR 3 [io  0x0376]: legacy IDE quirk
[    0.205361] pci 0000:00:01.3: [8086:7113] type 00 class 0x068000 conventional PCI endpoint
[    0.206539] pci 0000:00:01.3: quirk: [io  0x0600-0x063f] claimed by PIIX4 ACPI
[    0.207271] pci 0000:00:01.3: quirk: [io  0x0700-0x070f] claimed by PIIX4 SMB
[    0.208494] pci 0000:00:02.0: [1af4:1009] type 00 class 0x000200 conventional PCI endpoint
[    0.210267] pci 0000:00:02.0: BAR 0 [io  0xc000-0xc03f]
[    0.212267] pci 0000:00:02.0: BAR 1 [mem 0xfebfc000-0xfebfcfff]
[    0.218267] pci 0000:00:02.0: BAR 4 [mem 0xfebf0000-0xfebf3fff 64bit pref]
[    0.222047] pci 0000:00:03.0: [1af4:1009] type 00 class 0x000200 conventional PCI endpoint
[    0.223267] pci 0000:00:03.0: BAR 0 [io  0xc040-0xc07f]
[    0.225267] pci 0000:00:03.0: BAR 1 [mem 0xfebfd000-0xfebfdfff]
[    0.231966] pci 0000:00:03.0: BAR 4 [mem 0xfebf4000-0xfebf7fff 64bit pref]
[    0.233825] pci 0000:00:04.0: [8086:25ab] type 00 class 0x088000 conventional PCI endpoint
[    0.234846] pci 0000:00:04.0: BAR 0 [mem 0xfebfe000-0xfebfe00f]
[    0.238201] pci 0000:00:05.0: [1af4:1003] type 00 class 0x078000 conventional PCI endpoint
[    0.239267] pci 0000:00:05.0: BAR 0 [io  0xc080-0xc0bf]
[    0.241248] pci 0000:00:05.0: BAR 1 [mem 0xfebff000-0xfebfffff]
[    0.244267] pci 0000:00:05.0: BAR 4 [mem 0xfebf8000-0xfebfbfff 64bit pref]
[    0.247051] ACPI: PCI: Interrupt link LNKA configured for IRQ 10
[    0.247389] ACPI: PCI: Interrupt link LNKB configured for IRQ 10
[    0.248300] ACPI: PCI: Interrupt link LNKC configured for IRQ 11
[    0.249192] ACPI: PCI: Interrupt link LNKD configured for IRQ 11
[    0.249343] ACPI: PCI: Interrupt link LNKS configured for IRQ 9
[    0.251154] iommu: Default domain type: Translated
[    0.251267] iommu: DMA domain TLB invalidation policy: lazy mode
[    0.252123] SCSI subsystem initialized
[    0.252297] pps_core: LinuxPPS API ver. 1 registered
[    0.252972] pps_core: Software ver. 5.3.6 - Copyright 2005-2007 Rodolfo Giometti <giometti@linux.it>
[    0.253269] PTP clock support registered
[    0.253807] Advanced Linux Sound Architecture Driver Initialized.
[    0.254555] NET: Registered PF_ATMPVC protocol family
[    0.255244] NET: Registered PF_ATMSVC protocol family
[    0.255271] PCI: Using ACPI for IRQ routing
[    0.255918] vgaarb: loaded
[    0.256304] hpet0: at MMIO 0xfed00000, IRQs 2, 8, 0
[    0.256965] hpet0: 3 comparators, 64-bit 100.000000 MHz counter
[    0.262611] clocksource: Switched to clocksource kvm-clock
[    0.263441] VFS: Disk quotas dquot_6.6.0
[    0.263609] VFS: Dquot-cache hash table entries: 512 (order 0, 4096 bytes)
[    0.264987] pnp: PnP ACPI init
[    0.265583] pnp: PnP ACPI: found 5 devices
[    0.273269] clocksource: acpi_pm: mask: 0xffffff max_cycles: 0xffffff, max_idle_ns: 2085701024 ns
[    0.274456] NET: Registered PF_INET protocol family
[    0.275112] IP idents hash table entries: 16384 (order: 5, 131072 bytes, linear)
[    0.276232] tcp_listen_portaddr_hash hash table entries: 512 (order: 1, 8192 bytes, linear)
[    0.277341] Table-perturb hash table entries: 65536 (order: 6, 262144 bytes, linear)
[    0.278366] TCP established hash table entries: 8192 (order: 4, 65536 bytes, linear)
[    0.279386] TCP bind hash table entries: 8192 (order: 6, 262144 bytes, linear)
[    0.280344] TCP: Hash tables configured (established 8192 bind 8192)
[    0.281285] UDP hash table entries: 512 (order: 2, 16384 bytes, linear)
[    0.282161] UDP-Lite hash table entries: 512 (order: 2, 16384 bytes, linear)
[    0.283112] NET: Registered PF_UNIX/PF_LOCAL protocol family
[    0.283864] pci_bus 0000:00: resource 4 [io  0x0000-0x0cf7 window]
[    0.284678] pci_bus 0000:00: resource 5 [io  0x0d00-0xffff window]
[    0.285490] pci_bus 0000:00: resource 6 [mem 0x000a0000-0x000bffff window]
[    0.286419] pci_bus 0000:00: resource 7 [mem 0x40000000-0xfebfffff window]
[    0.287323] pci_bus 0000:00: resource 8 [mem 0x100000000-0x17fffffff window]
[    0.288275] pci 0000:00:01.0: PIIX3: Enabling Passive Release
[    0.289042] pci 0000:00:00.0: Limiting direct PCI/PCI transfers
[    0.289866] PCI: CLS 0 bytes, default 64
[    0.290457] kvm_intel: VMX not supported by CPU 0
[    0.291081] kvm_amd: TSC scaling supported
[    0.291631] kvm_amd: Nested Virtualization enabled
[    0.292255] kvm_amd: Nested Paging enabled
[    0.292803] kvm_amd: Virtual VMLOAD VMSAVE supported
[    0.293455] kvm_amd: Virtual GIF supported
[    0.293992] kvm_amd: Virtual NMI enabled
[    0.294509] kvm_amd: LBR virtualization supported
[    0.382851] Initialise system trusted keyrings
[    0.383540] workingset: timestamp_bits=56 max_order=18 bucket_order=0
[    0.384428] squashfs: version 4.0 (2009/01/31) Phillip Lougher
[    0.385203] fuse: init (API version 7.40)
[    0.385785] 9p: Installing v9fs 9p2000 file system support
[    0.393153] Key type asymmetric registered
[    0.393699] Asymmetric key parser 'x509' registered
[    0.394358] Block layer SCSI generic (bsg) driver version 0.4 loaded (major 249)
[    0.395343] io scheduler mq-deadline registered
[    0.395938] io scheduler kyber registered
[    0.397483] input: Power Button as /devices/LNXSYSTM:00/LNXPWRBN:00/input/input0
[    0.398530] ACPI: button: Power Button [PWRF]
[    0.399125] Warning: Processor Platform Limit event detected, but not handled.
[    0.400081] Consider compiling CPUfreq support into your kernel.
[    0.417439] ACPI: \_SB_.LNKB: Enabled at IRQ 10
[    0.434408] ACPI: \_SB_.LNKC: Enabled at IRQ 11
[    0.451387] ACPI: \_SB_.LNKA: Enabled at IRQ 10
[    0.452681] Serial: 8250/16550 driver, 4 ports, IRQ sharing enabled
[    0.453643] 00:03: ttyS0 at I/O 0x3f8 (irq = 4, base_baud = 115200) is a 16550A
[    0.492543] Non-volatile memory driver v1.3
[    0.493203] Linux agpgart interface v0.103
[    0.493250] ACPI: bus type drm_connector registered
[    0.494456] printk: legacy console [hvc0] enabled
[    0.495067] printk: legacy bootconsole [earlyser0] disabled
          _      _                                    
   __   _(_)_ __| |_ _ __ ___   ___       _ __   __ _ 
   \ \ / / |  __| __|  _   _ \ / _ \_____|  _ \ / _  |
    \ V /| | |  | |_| | | | | |  __/_____| | | | (_| |
     \_/ |_|_|   \__|_| |_| |_|\___|     |_| |_|\__  |
                                                |___/ 
   kernel version: 6.9.0-virtme x86_64
   (CTRL+d to exit)

virtme-ng:/nipa-data/kernel# PS1='xx__-> '
xx__-> env
PWD=/nipa-data/kernel
nr_open=1048576
HOME=/root
TERM=xterm
SHLVL=2
XDG_RUNTIME_DIR=/run/user/0
PATH=/bin:/sbin:/usr/bin:/usr/sbin:/usr/local/bin
OLDPWD=/
_=/usr/bin/env
xx__-> 