No EFI environment detected.
early console in extract_kernel
input_data: 0x0000000004ab12c4
input_len: 0x00000000019004b5
output: 0x0000000001000000
output_len: 0x000000000533da88
kernel_total_size: 0x0000000005030000
needed_size: 0x0000000005400000
trampoline_32bit: 0x0000000000000000
Physical KASLR using RDRAND RDTSC...
Virtual KASLR using RDRAND RDTSC...

Decompressing Linux... Parsing ELF... Performing relocations... done.
Booting the kernel (entry_offset: 0x0000000000000000).
[    0.000000] Linux version 6.13.0-rc6-virtme (root@8ccb408457dd) (gcc (Ubuntu 13.3.0-6ubuntu2~24.04) 13.3.0, GNU ld (GNU Binutils for Ubuntu) 2.42) #1 SMP PREEMPT_DYNAMIC Thu Jan 16 06:27:53 UTC 2025
[    0.000000] Command line: virtme_hostname=virtme-ng nr_open=1048576 virtme_link_mods=/nipa-data/kernel/.virtme_mods/lib/modules/0.0.0 virtme_initmount0=nipa-data/kernel virtme_rw_overlay0=/etc virtme_rw_overlay1=/lib virtme_rw_overlay2=/home virtme_rw_overlay3=/opt virtme_rw_overlay4=/srv virtme_rw_overlay5=/usr virtme_rw_overlay6=/var console=hvc0 earlyprintk=serial,ttyS0,115200 virtme_console=ttyS0 psmouse.proto=exps TERM=xterm virtme_chdir=nipa-data/kernel virtme_root_user=1 rootfstype=9p rootflags=version=9p2000.L,trans=virtio,access=any raid=noautodetect ro init=/usr/lib/python3/dist-packages/virtme/guest/virtme-init
[    0.000000] BIOS-provided physical RAM map:
[    0.000000] BIOS-e820: [mem 0x0000000000000000-0x000000000009fbff] usable
[    0.000000] BIOS-e820: [mem 0x000000000009fc00-0x000000000009ffff] reserved
[    0.000000] BIOS-e820: [mem 0x00000000000f0000-0x00000000000fffff] reserved
[    0.000000] BIOS-e820: [mem 0x0000000000100000-0x000000003ffdffff] usable
[    0.000000] BIOS-e820: [mem 0x000000003ffe0000-0x000000003fffffff] reserved
[    0.000000] BIOS-e820: [mem 0x00000000feffc000-0x00000000feffffff] reserved
[    0.000000] BIOS-e820: [mem 0x00000000fffc0000-0x00000000ffffffff] reserved
[    0.000000] BIOS-e820: [mem 0x000000fd00000000-0x000000ffffffffff] reserved
[    0.000000] printk: legacy bootconsole [earlyser0] enabled
[    0.000000] NX (Execute Disable) protection: active
[    0.000000] APIC: Static calls initialized
[    0.000000] SMBIOS 3.0.0 present.
[    0.000000] DMI: QEMU Ubuntu 24.04 PC (i440FX + PIIX, 1996), BIOS 1.16.3-debian-1.16.3-2 04/01/2014
[    0.000000] DMI: Memory slots populated: 1/1
[    0.000000] Hypervisor detected: KVM
[    0.000000] kvm-clock: Using msrs 4b564d01 and 4b564d00
[    0.000000] kvm-clock: using sched offset of 300217735 cycles
[    0.000374] clocksource: kvm-clock: mask: 0xffffffffffffffff max_cycles: 0x1cd42e4dffb, max_idle_ns: 881590591483 ns
[    0.001521] tsc: Detected 4491.556 MHz processor
[    0.002189] last_pfn = 0x3ffe0 max_arch_pfn = 0x400000000
[    0.002593] MTRR map: 4 entries (3 fixed + 1 variable; max 19), built from 8 variable MTRRs
[    0.003183] x86/PAT: Configuration [0-7]: WB  WC  UC- UC  WB  WP  UC- WT  
[    0.005136] found SMP MP-table at [mem 0x000f5470-0x000f547f]
[    0.005548] Using GB pages for direct mapping
[    0.006050] ACPI: Early table checksum verification disabled
[    0.006451] ACPI: RSDP 0x00000000000F5290 000014 (v00 BOCHS )
[    0.006858] ACPI: RSDT 0x000000003FFE27BC 000034 (v01 BOCHS  BXPC     00000001 BXPC 00000001)
[    0.007465] ACPI: FACP 0x000000003FFE2578 000074 (v01 BOCHS  BXPC     00000001 BXPC 00000001)
[    0.008069] ACPI: DSDT 0x000000003FFE0040 002538 (v01 BOCHS  BXPC     00000001 BXPC 00000001)
[    0.008672] ACPI: FACS 0x000000003FFE0000 000040
[    0.009000] ACPI: APIC 0x000000003FFE25EC 000170 (v03 BOCHS  BXPC     00000001 BXPC 00000001)
[    0.009603] ACPI: HPET 0x000000003FFE275C 000038 (v01 BOCHS  BXPC     00000001 BXPC 00000001)
[    0.010206] ACPI: WAET 0x000000003FFE2794 000028 (v01 BOCHS  BXPC     00000001 BXPC 00000001)
[    0.010809] ACPI: Reserving FACP table memory at [mem 0x3ffe2578-0x3ffe25eb]
[    0.011308] ACPI: Reserving DSDT table memory at [mem 0x3ffe0040-0x3ffe2577]
[    0.011805] ACPI: Reserving FACS table memory at [mem 0x3ffe0000-0x3ffe003f]
[    0.012302] ACPI: Reserving APIC table memory at [mem 0x3ffe25ec-0x3ffe275b]
[    0.012799] ACPI: Reserving HPET table memory at [mem 0x3ffe275c-0x3ffe2793]
[    0.013296] ACPI: Reserving WAET table memory at [mem 0x3ffe2794-0x3ffe27bb]
[    0.013985] No NUMA configuration found
[    0.014256] Faking a node at [mem 0x0000000000000000-0x000000003ffdffff]
[    0.014729] NODE_DATA(0) allocated [mem 0x3ffdb780-0x3ffdffff]
[    0.015157] Zone ranges:
[    0.015348]   DMA      [mem 0x0000000000001000-0x0000000000ffffff]
[    0.015785]   DMA32    [mem 0x0000000001000000-0x000000003ffdffff]
[    0.016221]   Normal   empty
[    0.016425]   Device   empty
[    0.016629] Movable zone start for each node
[    0.016930] Early memory node ranges
[    0.017183]   node   0: [mem 0x0000000000001000-0x000000000009efff]
[    0.017626]   node   0: [mem 0x0000000000100000-0x000000003ffdffff]
[    0.018068] Initmem setup node 0 [mem 0x0000000000001000-0x000000003ffdffff]
[    0.018570] On node 0, zone DMA: 1 pages in unavailable ranges
[    0.019037] On node 0, zone DMA: 97 pages in unavailable ranges
[    0.023665] On node 0, zone DMA32: 32 pages in unavailable ranges
[    0.032725] kasan: KernelAddressSanitizer initialized
[    0.033310] ACPI: PM-Timer IO Port: 0x608
[    0.033603] ACPI: LAPIC_NMI (acpi_id[0xff] dfl dfl lint[0x1])
[    0.034029] IOAPIC[0]: apic_id 0, version 17, address 0xfec00000, GSI 0-23
[    0.034514] ACPI: INT_SRC_OVR (bus 0 bus_irq 0 global_irq 2 dfl dfl)
[    0.034961] ACPI: INT_SRC_OVR (bus 0 bus_irq 5 global_irq 5 high level)
[    0.035432] ACPI: INT_SRC_OVR (bus 0 bus_irq 9 global_irq 9 high level)
[    0.035899] ACPI: INT_SRC_OVR (bus 0 bus_irq 10 global_irq 10 high level)
[    0.036377] ACPI: INT_SRC_OVR (bus 0 bus_irq 11 global_irq 11 high level)
[    0.036857] ACPI: Using ACPI (MADT) for SMP configuration information
[    0.037311] ACPI: HPET id: 0x8086a201 base: 0xfed00000
[    0.037675] TSC deadline timer available
[    0.037955] CPU topo: Max. logical packages:   1
[    0.038280] CPU topo: Max. logical dies:       1
[    0.038605] CPU topo: Max. dies per package:   1
[    0.038933] CPU topo: Max. threads per core:   1
[    0.039259] CPU topo: Num. cores per package:    32
[    0.039606] CPU topo: Num. threads per package:  32
[    0.039950] CPU topo: Allowing 32 present CPUs plus 0 hotplug CPUs
[    0.040400] kvm-guest: APIC: eoi() replaced with kvm_guest_apic_eoi_write()
[    0.040904] kvm-guest: KVM setup pv remote TLB flush
[    0.041256] kvm-guest: setup PV sched yield
[    0.041557] PM: hibernation: Registered nosave memory: [mem 0x00000000-0x00000fff]
[    0.042091] PM: hibernation: Registered nosave memory: [mem 0x0009f000-0x0009ffff]
[    0.042624] PM: hibernation: Registered nosave memory: [mem 0x000a0000-0x000effff]
[    0.043157] PM: hibernation: Registered nosave memory: [mem 0x000f0000-0x000fffff]
[    0.043693] [mem 0x40000000-0xfeffbfff] available for PCI devices
[    0.044122] Booting paravirtualized kernel on KVM
[    0.044454] clocksource: refined-jiffies: mask: 0xffffffff max_cycles: 0xffffffff, max_idle_ns: 1910969940391419 ns
[    0.053235] setup_percpu: NR_CPUS:64 nr_cpumask_bits:32 nr_cpu_ids:32 nr_node_ids:1
[    0.055030] percpu: Embedded 70 pages/cpu s247832 r8192 d30696 u524288
[    0.055558] Kernel command line: virtme_hostname=virtme-ng nr_open=1048576 virtme_link_mods=/nipa-data/kernel/.virtme_mods/lib/modules/0.0.0 virtme_initmount0=nipa-data/kernel virtme_rw_overlay0=/etc virtme_rw_overlay1=/lib virtme_rw_overlay2=/home virtme_rw_overlay3=/opt virtme_rw_overlay4=/srv virtme_rw_overlay5=/usr virtme_rw_overlay6=/var console=hvc0 earlyprintk=serial,ttyS0,115200 virtme_console=ttyS0 psmouse.proto=exps TERM=xterm virtme_chdir=nipa-data/kernel virtme_root_user=1 rootfstype=9p rootflags=version=9p2000.L,trans=virtio,access=any raid=noautodetect ro init=/usr/lib/python3/dist-packages/virtme/guest/virtme-init
[    0.059725] Unknown kernel command line parameters "virtme_hostname=virtme-ng nr_open=1048576 virtme_link_mods=/nipa-data/kernel/.virtme_mods/lib/modules/0.0.0 virtme_initmount0=nipa-data/kernel virtme_rw_overlay0=/etc virtme_rw_overlay1=/lib virtme_rw_overlay2=/home virtme_rw_overlay3=/opt virtme_rw_overlay4=/srv virtme_rw_overlay5=/usr virtme_rw_overlay6=/var virtme_console=ttyS0 virtme_chdir=nipa-data/kernel virtme_root_user=1", will be passed to user space.
[    0.062874] random: crng init done
[    0.063121] printk: log buffer data + meta data: 262144 + 917504 = 1179648 bytes
[    0.063706] Dentry cache hash table entries: 131072 (order: 8, 1048576 bytes, linear)
[    0.064296] Inode-cache hash table entries: 65536 (order: 7, 524288 bytes, linear)
[    0.065267] Fallback order for Node 0: 0 
[    0.065271] Built 1 zonelists, mobility grouping on.  Total pages: 262014
[    0.066054] Policy zone: DMA32
[    0.066276] mem auto-init: stack:all(zero), heap alloc:off, heap free:off
[    0.066769] stackdepot: allocating hash table via alloc_large_system_hash
[    0.067262] stackdepot hash table entries: 1048576 (order: 12, 16777216 bytes, linear)
[    0.075331] SLUB: HWalign=64, Order=0-3, MinObjects=0, CPUs=32, Nodes=1
Poking KASLR using RDRAND RDTSC...
[    0.076119] ftrace: allocating 48845 entries in 191 pages
[    0.093686] ftrace: allocated 191 pages with 7 groups
[    0.094901] Dynamic Preempt: voluntary
[    0.095620] rcu: Preemptible hierarchical RCU implementation.
[    0.096036] rcu: RCU event tracing is enabled.
[    0.096363] rcu: RCU restricting CPUs from NR_CPUS=64 to nr_cpu_ids=32.
[    0.096854] Trampoline variant of Tasks RCU enabled.
[    0.097223] Rude variant of Tasks RCU enabled.
[    0.097554] Tracing variant of Tasks RCU enabled.
[    0.097900] rcu: RCU calculated value of scheduler-enlistment delay is 100 jiffies.
[    0.098451] rcu: Adjusting geometry for rcu_fanout_leaf=16, nr_cpu_ids=32
[    0.099006] RCU Tasks: Setting shift to 5 and lim to 1 rcu_task_cb_adjust=1 rcu_task_cpu_ids=32.
[    0.099646] RCU Tasks Rude: Setting shift to 5 and lim to 1 rcu_task_cb_adjust=1 rcu_task_cpu_ids=32.
[    0.100313] RCU Tasks Trace: Setting shift to 5 and lim to 1 rcu_task_cb_adjust=1 rcu_task_cpu_ids=32.
[    0.109815] NR_IRQS: 4352, nr_irqs: 680, preallocated irqs: 16
[    0.110483] rcu: srcu_init: Setting srcu_struct sizes based on contention.
[    0.111187] Console: colour *CGA 80x25
[    0.111497] ACPI: Core revision 20240827
[    0.111928] clocksource: hpet: mask: 0xffffffff max_cycles: 0xffffffff, max_idle_ns: 19112604467 ns
[    0.112652] APIC: Switch to symmetric I/O mode setup
[    0.113021] kvm-guest: APIC: send_IPI_mask() replaced with kvm_send_ipi_mask()
[    0.113542] kvm-guest: APIC: send_IPI_mask_allbutself() replaced with kvm_send_ipi_mask_allbutself()
[    0.114183] kvm-guest: setup PV IPIs
[    0.115298] ..TIMER: vector=0x30 apic1=0 pin1=2 apic2=-1 pin2=-1
[    0.116098] clocksource: tsc-early: mask: 0xffffffffffffffff max_cycles: 0x40be400eb43, max_idle_ns: 440795366972 ns
[    0.117450] Calibrating delay loop (skipped) preset value.. 8983.11 BogoMIPS (lpj=4491556)
[    0.118515] x86/cpu: User Mode Instruction Prevention (UMIP) activated
[    0.119506] Last level iTLB entries: 4KB 512, 2MB 255, 4MB 127
[    0.120448] Last level dTLB entries: 4KB 512, 2MB 255, 4MB 127, 1GB 0
[    0.121453] Spectre V1 : Mitigation: usercopy/swapgs barriers and __user pointer sanitization
[    0.122453] Spectre V2 : Mitigation: Enhanced / Automatic IBRS
[    0.123448] Spectre V2 : Spectre v2 / SpectreRSB mitigation: Filling RSB on context switch
[    0.124450] Spectre V2 : mitigation: Enabling conditional Indirect Branch Prediction Barrier
[    0.125450] Speculative Store Bypass: Mitigation: Speculative Store Bypass disabled via prctl
[    0.126449] Speculative Return Stack Overflow: IBPB-extending microcode not applied!
[    0.127448] Speculative Return Stack Overflow: WARNING: See https://kernel.org/doc/html/latest/admin-guide/hw-vuln/srso.html for mitigation options.
[    0.127450] Speculative Return Stack Overflow: Vulnerable: Safe RET, no microcode
[    0.129463] x86/fpu: Supporting XSAVE feature 0x001: 'x87 floating point registers'
[    0.130448] x86/fpu: Supporting XSAVE feature 0x002: 'SSE registers'
[    0.131243] x86/fpu: Supporting XSAVE feature 0x004: 'AVX registers'
[    0.131448] x86/fpu: Supporting XSAVE feature 0x020: 'AVX-512 opmask'
[    0.132448] x86/fpu: Supporting XSAVE feature 0x040: 'AVX-512 Hi256'
[    0.133448] x86/fpu: Supporting XSAVE feature 0x080: 'AVX-512 ZMM_Hi256'
[    0.134448] x86/fpu: Supporting XSAVE feature 0x200: 'Protection Keys User registers'
[    0.135449] x86/fpu: xstate_offset[2]:  576, xstate_sizes[2]:  256
[    0.136206] x86/fpu: xstate_offset[5]:  832, xstate_sizes[5]:   64
[    0.136448] x86/fpu: xstate_offset[6]:  896, xstate_sizes[6]:  512
[    0.137448] x86/fpu: xstate_offset[7]: 1408, xstate_sizes[7]: 1024
[    0.138448] x86/fpu: xstate_offset[9]: 2432, xstate_sizes[9]:    8
[    0.139448] x86/fpu: Enabled xstate features 0x2e7, context size is 2440 bytes, using 'compacted' format.
[    0.160598] Freeing SMP alternatives memory: 40K
[    0.161171] pid_max: default: 32768 minimum: 301
[    0.161570] Mount-cache hash table entries: 2048 (order: 2, 16384 bytes, linear)
[    0.162450] Mountpoint-cache hash table entries: 2048 (order: 2, 16384 bytes, linear)
[    0.164072] smpboot: CPU0: AMD Ryzen 9 7950X 16-Core Processor (family: 0x19, model: 0x61, stepping: 0x2)
[    0.164906] Performance Events: Fam17h+ core perfctr, AMD PMU driver.
[    0.165453] ... version:                0
[    0.165958] ... bit width:              48
[    0.166450] ... generic registers:      6
[    0.166942] ... value mask:             0000ffffffffffff
[    0.167450] ... max period:             00007fffffffffff
[    0.168103] ... fixed-purpose events:   0
[    0.168450] ... event mask:             000000000000003f
[    0.169210] signal: max sigframe size: 3376
[    0.169495] rcu: Hierarchical SRCU implementation.
[    0.170085] rcu: Max phase no-delay instances is 400.
[    0.170523] Timer migration: 2 hierarchy levels; 8 children per group; 2 crossnode level
[    0.175202] smp: Bringing up secondary CPUs ...
[    0.175628] smpboot: x86: Booting SMP configuration:
[    0.176239] .... node  #0, CPUs:        #1  #2  #3  #4  #5  #6  #7  #8  #9 #10 #11 #12 #13 #14 #15 #16 #17 #18 #19 #20 #21 #22 #23 #24 #25 #26 #27 #28 #29 #30 #31
[    0.203559] smp: Brought up 1 node, 32 CPUs
[    0.204979] smpboot: Total of 32 processors activated (287459.58 BogoMIPS)
[    0.208581] Memory: 763400K/1048056K available (45056K kernel code, 11471K rwdata, 10092K rodata, 6048K init, 1632K bss, 269012K reserved, 0K cma-reserved)
[    0.210573] devtmpfs: initialized
[    0.211030] x86/mm: Memory block size: 128MB
[    0.217522] clocksource: jiffies: mask: 0xffffffff max_cycles: 0xffffffff, max_idle_ns: 1911260446275000 ns
[    0.218461] futex hash table entries: 8192 (order: 7, 524288 bytes, linear)
[    0.219686] PM: RTC time: 06:28:18, date: 2025-01-16
[    0.220988] NET: Registered PF_NETLINK/PF_ROUTE protocol family
[    0.222291] thermal_sys: Registered thermal governor 'step_wise'
[    0.222293] thermal_sys: Registered thermal governor 'user_space'
[    0.222476] cpuidle: using governor menu
[    0.224774] PCI: Using configuration type 1 for base access
[    0.225451] PCI: Using configuration type 1 for extended access
[    0.226316] kprobes: kprobe jump-optimization is enabled. All kprobes are optimized if possible.
[    0.238700] HugeTLB: registered 1.00 GiB page size, pre-allocated 0 pages
[    0.239451] HugeTLB: 16380 KiB vmemmap can be freed for a 1.00 GiB page
[    0.240256] HugeTLB: registered 2.00 MiB page size, pre-allocated 0 pages
[    0.241450] HugeTLB: 28 KiB vmemmap can be freed for a 2.00 MiB page
[    0.242785] ACPI: Added _OSI(Module Device)
[    0.243451] ACPI: Added _OSI(Processor Device)
[    0.243991] ACPI: Added _OSI(3.0 _SCP Extensions)
[    0.244450] ACPI: Added _OSI(Processor Aggregator Device)
[    0.266951] ACPI: 1 ACPI AML tables successfully acquired and loaded
[    0.271354] ACPI: Interpreter enabled
[    0.272508] ACPI: PM: (supports S0 S3 S4 S5)
[    0.273034] ACPI: Using IOAPIC for interrupt routing
[    0.273501] PCI: Using host bridge windows from ACPI; if necessary, use "pci=nocrs" and report a bug
[    0.274450] PCI: Using E820 reservations for host bridge windows
[    0.276180] ACPI: Enabled 2 GPEs in block 00 to 0F
[    0.321647] ACPI: PCI Root Bridge [PCI0] (domain 0000 [bus 00-ff])
[    0.322421] acpi PNP0A03:00: _OSC: OS supports [ExtendedConfig ASPM ClockPM Segments MSI HPX-Type3]
[    0.323928] PCI host bridge to bus 0000:00
[    0.324476] pci_bus 0000:00: root bus resource [io  0x0000-0x0cf7 window]
[    0.325310] pci_bus 0000:00: root bus resource [io  0x0d00-0xffff window]
[    0.325453] pci_bus 0000:00: root bus resource [mem 0x000a0000-0x000bffff window]
[    0.326369] pci_bus 0000:00: root bus resource [mem 0x40000000-0xfebfffff window]
[    0.327453] pci_bus 0000:00: root bus resource [mem 0x100000000-0x17fffffff window]
[    0.328389] pci_bus 0000:00: root bus resource [bus 00-ff]
[    0.329544] pci 0000:00:00.0: [8086:1237] type 00 class 0x060000 conventional PCI endpoint
[    0.331266] pci 0000:00:01.0: [8086:7000] type 00 class 0x060100 conventional PCI endpoint
[    0.333310] pci 0000:00:01.1: [8086:7010] type 00 class 0x010180 conventional PCI endpoint
[    0.335928] pci 0000:00:01.1: BAR 4 [io  0xc0c0-0xc0cf]
[    0.337112] pci 0000:00:01.1: BAR 0 [io  0x01f0-0x01f7]: legacy IDE quirk
[    0.337451] pci 0000:00:01.1: BAR 1 [io  0x03f6]: legacy IDE quirk
[    0.338207] pci 0000:00:01.1: BAR 2 [io  0x0170-0x0177]: legacy IDE quirk
[    0.339450] pci 0000:00:01.1: BAR 3 [io  0x0376]: legacy IDE quirk
[    0.340866] pci 0000:00:01.3: [8086:7113] type 00 class 0x068000 conventional PCI endpoint
[    0.342701] pci 0000:00:01.3: quirk: [io  0x0600-0x063f] claimed by PIIX4 ACPI
[    0.343454] pci 0000:00:01.3: quirk: [io  0x0700-0x070f] claimed by PIIX4 SMB
[    0.345022] pci 0000:00:02.0: [1af4:1009] type 00 class 0x000200 conventional PCI endpoint
[    0.345812] pci 0000:00:02.0: BAR 0 [io  0xc000-0xc03f]
[    0.346777] pci 0000:00:02.0: BAR 1 [mem 0xfebfc000-0xfebfcfff]
[    0.350451] pci 0000:00:02.0: BAR 4 [mem 0xfebf0000-0xfebf3fff 64bit pref]
[    0.362784] pci 0000:00:03.0: [1af4:1009] type 00 class 0x000200 conventional PCI endpoint
[    0.363769] pci 0000:00:03.0: BAR 0 [io  0xc040-0xc07f]
[    0.364578] pci 0000:00:03.0: BAR 1 [mem 0xfebfd000-0xfebfdfff]
[    0.367100] pci 0000:00:03.0: BAR 4 [mem 0xfebf4000-0xfebf7fff 64bit pref]
[    0.378504] pci 0000:00:04.0: [8086:25ab] type 00 class 0x088000 conventional PCI endpoint
[    0.379592] pci 0000:00:04.0: BAR 0 [mem 0xfebfe000-0xfebfe00f]
[    0.391490] pci 0000:00:05.0: [1af4:1003] type 00 class 0x078000 conventional PCI endpoint
[    0.392733] pci 0000:00:05.0: BAR 0 [io  0xc080-0xc0bf]
[    0.393562] pci 0000:00:05.0: BAR 1 [mem 0xfebff000-0xfebfffff]
[    0.394924] pci 0000:00:05.0: BAR 4 [mem 0xfebf8000-0xfebfbfff 64bit pref]
[    0.409670] ACPI: PCI: Interrupt link LNKA configured for IRQ 10
[    0.411311] ACPI: PCI: Interrupt link LNKB configured for IRQ 10
[    0.413326] ACPI: PCI: Interrupt link LNKC configured for IRQ 11
[    0.414319] ACPI: PCI: Interrupt link LNKD configured for IRQ 11
[    0.415813] ACPI: PCI: Interrupt link LNKS configured for IRQ 9
[    0.433690] iommu: Default domain type: Translated
[    0.434285] iommu: DMA domain TLB invalidation policy: lazy mode
[    0.435900] SCSI subsystem initialized
[    0.436738] pps_core: LinuxPPS API ver. 1 registered
[    0.437352] pps_core: Software ver. 5.3.6 - Copyright 2005-2007 Rodolfo Giometti <giometti@linux.it>
[    0.438465] PTP clock support registered
[    0.439028] Advanced Linux Sound Architecture Driver Initialized.
[    0.440556] NET: Registered PF_ATMPVC protocol family
[    0.441186] NET: Registered PF_ATMSVC protocol family
[    0.442486] PCI: Using ACPI for IRQ routing
[    0.443131] vgaarb: loaded
[    0.443573] hpet0: at MMIO 0xfed00000, IRQs 2, 8, 0
[    0.444177] hpet0: 3 comparators, 64-bit 100.000000 MHz counter
[    0.447868] clocksource: Switched to clocksource kvm-clock
[    0.448755] VFS: Disk quotas dquot_6.6.0
[    0.449256] VFS: Dquot-cache hash table entries: 512 (order 0, 4096 bytes)
[    0.450782] pnp: PnP ACPI init
[    0.457368] pnp: PnP ACPI: found 5 devices
[    0.469612] clocksource: acpi_pm: mask: 0xffffff max_cycles: 0xffffff, max_idle_ns: 2085701024 ns
[    0.470761] NET: Registered PF_INET protocol family
[    0.471410] IP idents hash table entries: 16384 (order: 5, 131072 bytes, linear)
[    0.472724] tcp_listen_portaddr_hash hash table entries: 512 (order: 1, 8192 bytes, linear)
[    0.473759] Table-perturb hash table entries: 65536 (order: 6, 262144 bytes, linear)
[    0.474722] TCP established hash table entries: 8192 (order: 4, 65536 bytes, linear)
[    0.475680] TCP bind hash table entries: 8192 (order: 6, 262144 bytes, linear)
[    0.476663] TCP: Hash tables configured (established 8192 bind 8192)
[    0.477608] UDP hash table entries: 512 (order: 3, 32768 bytes, linear)
[    0.478451] UDP-Lite hash table entries: 512 (order: 3, 32768 bytes, linear)
[    0.479531] NET: Registered PF_UNIX/PF_LOCAL protocol family
[    0.480241] pci_bus 0000:00: resource 4 [io  0x0000-0x0cf7 window]
[    0.480995] pci_bus 0000:00: resource 5 [io  0x0d00-0xffff window]
[    0.481748] pci_bus 0000:00: resource 6 [mem 0x000a0000-0x000bffff window]
[    0.482589] pci_bus 0000:00: resource 7 [mem 0x40000000-0xfebfffff window]
[    0.483423] pci_bus 0000:00: resource 8 [mem 0x100000000-0x17fffffff window]
[    0.484479] pci 0000:00:01.0: PIIX3: Enabling Passive Release
[    0.485181] pci 0000:00:00.0: Limiting direct PCI/PCI transfers
[    0.485939] PCI: CLS 0 bytes, default 64
[    0.486628] kvm_intel: VMX not supported by CPU 19
[    0.487236] kvm_amd: TSC scaling supported
[    0.487746] kvm_amd: Nested Virtualization enabled
[    0.488344] kvm_amd: Nested Paging enabled
[    0.488848] kvm_amd: LBR virtualization supported
[    0.489440] kvm_amd: Virtual GIF supported
[    0.489938] kvm_amd: Virtual NMI enabled
[    0.521832] clocksource: tsc: mask: 0xffffffffffffffff max_cycles: 0x40be400eb43, max_idle_ns: 440795366972 ns
[    0.540490] Initialise system trusted keyrings
[    0.541158] workingset: timestamp_bits=56 max_order=18 bucket_order=0
[    0.542069] squashfs: version 4.0 (2009/01/31) Phillip Lougher
[    0.542806] fuse: init (API version 7.41)
[    0.543429] 9p: Installing v9fs 9p2000 file system support
[    0.553103] Key type asymmetric registered
[    0.553618] Asymmetric key parser 'x509' registered
[    0.554279] Block layer SCSI generic (bsg) driver version 0.4 loaded (major 249)
[    0.555220] io scheduler mq-deadline registered
[    0.555781] io scheduler kyber registered
[    0.558545] input: Power Button as /devices/LNXSYSTM:00/LNXPWRBN:00/input/input0
[    0.559685] ACPI: button: Power Button [PWRF]
[    0.561567] Warning: Processor Platform Limit event detected, but not handled.
[    0.562483] Consider compiling CPUfreq support into your kernel.
[    1.356714] ACPI: \_SB_.LNKB: Enabled at IRQ 10
[    2.156357] ACPI: \_SB_.LNKC: Enabled at IRQ 11
[    2.959438] ACPI: \_SB_.LNKA: Enabled at IRQ 10
[    2.960792] Serial: 8250/16550 driver, 4 ports, IRQ sharing enabled
[    2.961900] 00:03: ttyS0 at I/O 0x3f8 (irq = 4, base_baud = 115200) is a 16550A
[    2.986657] Non-volatile memory driver v1.3
[    2.987221] Linux agpgart interface v0.103
[    2.987892] ACPI: bus type drm_connector registered
[    2.988521] printk: legacy console [hvc0] enabled
[    2.989111] printk: legacy bootconsole [earlyser0] disabled
          _      _                                    
   __   _(_)_ __| |_ _ __ ___   ___       _ __   __ _ 
   \ \ / / |  __| __|  _   _ \ / _ \_____|  _ \ / _  |
    \ V /| | |  | |_| | | | | |  __/_____| | | | (_| |
     \_/ |_|_|   \__|_| |_| |_|\___|     |_| |_|\__  |
                                                |___/ 
   kernel version: 6.13.0-rc6-virtme x86_64
   (CTRL+d to exit)

root@virtme-ng:/nipa-data/kernel# PS1='xx__-> '
xx__-> env
PWD=/nipa-data/kernel
nr_open=1048576
HOME=/
TERM=xterm
SHLVL=2
XDG_RUNTIME_DIR=/run/user/0
PATH=/bin:/sbin:/usr/bin:/usr/sbin:/usr/local/bin
OLDPWD=/
_=/bin/env
xx__-> 